This is pdfTeX, Version 3.141592653-2.6-1.40.26 (TeX Live 2024) (preloaded format=pdflatex 2024.12.19)  28 SEP 2026 20:07
entering extended mode
 restricted \write18 enabled.
 %&-line parsing enabled.
**main.tex
(./main.tex
LaTeX2e <2024-11-01> patch level 1
L3 programming layer <2024-11-02>

(/global/common/software/nersc9/texlive/2024-17c650b50c05ee823c6093081103ed0ab7
6a21df/texmf-dist/tex/latex/acmart/acmart.cls
Document Class: acmart 2024/10/19 v2.10 Typesetting articles for the Associatio
n for Computing Machinery

(/global/common/software/nersc9/texlive/2024-17c650b50c05ee823c6093081103ed0ab7
6a21df/texmf-dist/tex/latex/xkeyval/xkeyval.sty
Package: xkeyval 2022/06/16 v2.9 package option processing (HA)

(/global/common/software/nersc9/texlive/2024-17c650b50c05ee823c6093081103ed0ab7
6a21df/texmf-dist/tex/generic/xkeyval/xkeyval.tex
(/global/common/software/nersc9/texlive/2024-17c650b50c05ee823c6093081103ed0ab7
6a21df/texmf-dist/tex/generic/xkeyval/xkvutils.tex
\XKV@toks=\toks17
\XKV@tempa@toks=\toks18

(/global/common/software/nersc9/texlive/2024-17c650b50c05ee823c6093081103ed0ab7
6a21df/texmf-dist/tex/generic/xkeyval/keyval.tex))
\XKV@depth=\count196
File: xkeyval.tex 2014/12/03 v2.7a key=value parser (HA)
))
(/global/common/software/nersc9/texlive/2024-17c650b50c05ee823c6093081103ed0ab7
6a21df/texmf-dist/tex/generic/xstring/xstring.sty
(/global/common/software/nersc9/texlive/2024-17c650b50c05ee823c6093081103ed0ab7
6a21df/texmf-dist/tex/generic/xstring/xstring.tex
\xs_counta=\count197
\xs_countb=\count198
)
Package: xstring 2023/08/22 v1.86 String manipulations (CT)
)
(/global/common/software/nersc9/texlive/2024-17c650b50c05ee823c6093081103ed0ab7
6a21df/texmf-dist/tex/generic/iftex/iftex.sty
Package: iftex 2024/12/12 v1.0g TeX engine tests
)
Package acmart Info: Not using screen mode on input line 76.
Package acmart Info: Using breaking urls on hyphens on input line 84.
Package acmart Info: Requiring acmthm on input line 92.
Package acmart Info: Not using review mode on input line 101.
Package acmart Info: Not using authorversion mode on input line 109.
Package acmart Info: Not using nonacm mode on input line 121.
Package acmart Info: Explicitly selecting natbib mode on input line 137.
Package acmart Info: Not using anonymous mode on input line 145.
Package acmart Info: Not using timestamp mode on input line 153.
Package acmart Info: Not using authordraft mode on input line 163.
Package acmart Info: Using screen mode on input line 178.
Package acmart Info: Using review mode on input line 178.
Package acmart Info: Using anonymous mode on input line 178.
Class acmart Info: Using format acmsmall, number 1 on input line 178.
Class acmart Info: Using fontsize 10pt on input line 280.

(/global/common/software/nersc9/texlive/2024-17c650b50c05ee823c6093081103ed0ab7
6a21df/texmf-dist/tex/latex/amscls/amsart.cls
Document Class: amsart 2020/05/29 v2.20.6
\linespacing=\dimen141
\normalparindent=\dimen142
\normaltopskip=\skip49

(/global/common/software/nersc9/texlive/2024-17c650b50c05ee823c6093081103ed0ab7
6a21df/texmf-dist/tex/latex/amsmath/amsmath.sty
Package: amsmath 2024/11/05 v2.17t AMS math features
\@mathmargin=\skip50

For additional information on amsmath, use the `?' option.

(/global/common/software/nersc9/texlive/2024-17c650b50c05ee823c6093081103ed0ab7
6a21df/texmf-dist/tex/latex/amsmath/amstext.sty
Package: amstext 2021/08/26 v2.01 AMS text

(/global/common/software/nersc9/texlive/2024-17c650b50c05ee823c6093081103ed0ab7
6a21df/texmf-dist/tex/latex/amsmath/amsgen.sty
File: amsgen.sty 1999/11/30 v2.0 generic functions
\@emptytoks=\toks19
\ex@=\dimen143
))
(/global/common/software/nersc9/texlive/2024-17c650b50c05ee823c6093081103ed0ab7
6a21df/texmf-dist/tex/latex/amsmath/amsbsy.sty
Package: amsbsy 1999/11/29 v1.2d Bold Symbols
\pmbraise@=\dimen144
)
(/global/common/software/nersc9/texlive/2024-17c650b50c05ee823c6093081103ed0ab7
6a21df/texmf-dist/tex/latex/amsmath/amsopn.sty
Package: amsopn 2022/04/08 v2.04 operator names
)
\inf@bad=\count199
LaTeX Info: Redefining \frac on input line 233.
\uproot@=\count266
\leftroot@=\count267
LaTeX Info: Redefining \overline on input line 398.
LaTeX Info: Redefining \colon on input line 409.
\classnum@=\count268
\DOTSCASE@=\count269
LaTeX Info: Redefining \ldots on input line 495.
LaTeX Info: Redefining \dots on input line 498.
LaTeX Info: Redefining \cdots on input line 619.
\Mathstrutbox@=\box52
\strutbox@=\box53
LaTeX Info: Redefining \big on input line 721.
LaTeX Info: Redefining \Big on input line 722.
LaTeX Info: Redefining \bigg on input line 723.
LaTeX Info: Redefining \Bigg on input line 724.
\big@size=\dimen145
LaTeX Font Info:    Redeclaring font encoding OML on input line 742.
LaTeX Font Info:    Redeclaring font encoding OMS on input line 743.
\macc@depth=\count270
LaTeX Info: Redefining \bmod on input line 904.
LaTeX Info: Redefining \pmod on input line 909.
LaTeX Info: Redefining \smash on input line 939.
LaTeX Info: Redefining \relbar on input line 969.
LaTeX Info: Redefining \Relbar on input line 970.
\c@MaxMatrixCols=\count271
\dotsspace@=\muskip17
\c@parentequation=\count272
\dspbrk@lvl=\count273
\tag@help=\toks20
\row@=\count274
\column@=\count275
\maxfields@=\count276
\andhelp@=\toks21
\eqnshift@=\dimen146
\alignsep@=\dimen147
\tagshift@=\dimen148
\tagwidth@=\dimen149
\totwidth@=\dimen150
\lineht@=\dimen151
\@envbody=\toks22
\multlinegap=\skip51
\multlinetaggap=\skip52
\mathdisplay@stack=\toks23
LaTeX Info: Redefining \[ on input line 2953.
LaTeX Info: Redefining \] on input line 2954.
)
LaTeX Font Info:    Trying to load font information for U+msa on input line 397
.

(/global/common/software/nersc9/texlive/2024-17c650b50c05ee823c6093081103ed0ab7
6a21df/texmf-dist/tex/latex/amsfonts/umsa.fd
File: umsa.fd 2013/01/14 v3.01 AMS symbols A
)
(/global/common/software/nersc9/texlive/2024-17c650b50c05ee823c6093081103ed0ab7
6a21df/texmf-dist/tex/latex/amsfonts/amsfonts.sty
Package: amsfonts 2013/01/14 v3.01 Basic AMSFonts support
\symAMSa=\mathgroup4
\symAMSb=\mathgroup5
LaTeX Font Info:    Redeclaring math symbol \hbar on input line 98.
LaTeX Font Info:    Overwriting math alphabet `\mathfrak' in version `bold'
(Font)                  U/euf/m/n --> U/euf/b/n on input line 106.
)
\copyins=\insert252
\abstractbox=\box54
\listisep=\skip53
\c@part=\count277
\c@section=\count278
\c@subsection=\count279
\c@subsubsection=\count280
\c@paragraph=\count281
\c@subparagraph=\count282
\c@figure=\count283
\c@table=\count284
\abovecaptionskip=\skip54
\belowcaptionskip=\skip55
\captionindent=\dimen152
\thm@style=\toks24
\thm@bodyfont=\toks25
\thm@headfont=\toks26
\thm@notefont=\toks27
\thm@headpunct=\toks28
\thm@preskip=\skip56
\thm@postskip=\skip57
\thm@headsep=\skip58
\dth@everypar=\toks29
)
(/global/common/software/nersc9/texlive/2024-17c650b50c05ee823c6093081103ed0ab7
6a21df/texmf-dist/tex/latex/microtype/microtype.sty
Package: microtype 2024/12/12 v3.2 Micro-typographical refinements (RS)

(/global/common/software/nersc9/texlive/2024-17c650b50c05ee823c6093081103ed0ab7
6a21df/texmf-dist/tex/latex/etoolbox/etoolbox.sty
Package: etoolbox 2020/10/05 v2.5k e-TeX tools for LaTeX (JAW)
\etb@tempcnta=\count285
)
\MT@toks=\toks30
\MT@tempbox=\box55
\MT@count=\count286
LaTeX Info: Redefining \noprotrusionifhmode on input line 1075.
LaTeX Info: Redefining \leftprotrusion on input line 1076.
\MT@prot@toks=\toks31
LaTeX Info: Redefining \rightprotrusion on input line 1095.
LaTeX Info: Redefining \textls on input line 1437.
\MT@outer@kern=\dimen153
LaTeX Info: Redefining \microtypecontext on input line 2041.
LaTeX Info: Redefining \textmicrotypecontext on input line 2058.
\MT@listname@count=\count287

(/global/common/software/nersc9/texlive/2024-17c650b50c05ee823c6093081103ed0ab7
6a21df/texmf-dist/tex/latex/microtype/microtype-pdftex.def
File: microtype-pdftex.def 2024/12/12 v3.2 Definitions specific to pdftex (RS)
LaTeX Info: Redefining \lsstyle on input line 944.
LaTeX Info: Redefining \lslig on input line 944.
\MT@outer@space=\skip59
)
Package microtype Info: Loading configuration file microtype.cfg.

(/global/common/software/nersc9/texlive/2024-17c650b50c05ee823c6093081103ed0ab7
6a21df/texmf-dist/tex/latex/microtype/microtype.cfg
File: microtype.cfg 2024/12/12 v3.2 microtype main configuration file (RS)
)
LaTeX Info: Redefining \microtypesetup on input line 3053.
)
(/global/common/software/nersc9/texlive/2024-17c650b50c05ee823c6093081103ed0ab7
6a21df/texmf-dist/tex/latex/booktabs/booktabs.sty
Package: booktabs 2020/01/12 v1.61803398 Publication quality tables
\heavyrulewidth=\dimen154
\lightrulewidth=\dimen155
\cmidrulewidth=\dimen156
\belowrulesep=\dimen157
\belowbottomsep=\dimen158
\aboverulesep=\dimen159
\abovetopsep=\dimen160
\cmidrulesep=\dimen161
\cmidrulekern=\dimen162
\defaultaddspace=\dimen163
\@cmidla=\count288
\@cmidlb=\count289
\@aboverulesep=\dimen164
\@belowrulesep=\dimen165
\@thisruleclass=\count290
\@lastruleclass=\count291
\@thisrulewidth=\dimen166
)
(/global/common/software/nersc9/texlive/2024-17c650b50c05ee823c6093081103ed0ab7
6a21df/texmf-dist/tex/latex/refcount/refcount.sty
Package: refcount 2019/12/15 v3.6 Data extraction from label references (HO)

(/global/common/software/nersc9/texlive/2024-17c650b50c05ee823c6093081103ed0ab7
6a21df/texmf-dist/tex/generic/ltxcmds/ltxcmds.sty
Package: ltxcmds 2023-12-04 v1.26 LaTeX kernel commands for general use (HO)
)
(/global/common/software/nersc9/texlive/2024-17c650b50c05ee823c6093081103ed0ab7
6a21df/texmf-dist/tex/generic/infwarerr/infwarerr.sty
Package: infwarerr 2019/12/03 v1.5 Providing info/warning/error messages (HO)
))
(/global/common/software/nersc9/texlive/2024-17c650b50c05ee823c6093081103ed0ab7
6a21df/texmf-dist/tex/latex/totpages/totpages.sty
Package: totpages 2005/09/19 v2.00 Totpages Package (muewi)

(/global/common/software/nersc9/texlive/2024-17c650b50c05ee823c6093081103ed0ab7
6a21df/texmf-dist/tex/latex/everyshi/everyshi.sty
Package: everyshi 2020/11/18 v4.00 EveryShipout Package
))
(/global/common/software/nersc9/texlive/2024-17c650b50c05ee823c6093081103ed0ab7
6a21df/texmf-dist/tex/latex/environ/environ.sty
Package: environ 2014/05/04 v0.3 A new way to define environments

(/global/common/software/nersc9/texlive/2024-17c650b50c05ee823c6093081103ed0ab7
6a21df/texmf-dist/tex/latex/trimspaces/trimspaces.sty
Package: trimspaces 2009/09/17 v1.1 Trim spaces around a token list
))
(/global/common/software/nersc9/texlive/2024-17c650b50c05ee823c6093081103ed0ab7
6a21df/texmf-dist/tex/latex/textcase/textcase.sty
Package: textcase 2023/07/27 v1.04 Text only upper/lower case changing (DPC)
Package textcase Info: Defining Legacy names on input line 20.
)
\@ACM@acmcp@delta=\dimen167

(/global/common/software/nersc9/texlive/2024-17c650b50c05ee823c6093081103ed0ab7
6a21df/texmf-dist/tex/latex/natbib/natbib.sty
Package: natbib 2010/09/13 8.31b (PWD, AO)
\bibhang=\skip60
\bibsep=\skip61
LaTeX Info: Redefining \cite on input line 694.
\c@NAT@ctr=\count292
)
(/global/common/software/nersc9/texlive/2024-17c650b50c05ee823c6093081103ed0ab7
6a21df/texmf-dist/tex/latex/hyperref/hyperref.sty
Package: hyperref 2024-11-05 v7.01l Hypertext links for LaTeX

(/global/common/software/nersc9/texlive/2024-17c650b50c05ee823c6093081103ed0ab7
6a21df/texmf-dist/tex/latex/kvsetkeys/kvsetkeys.sty
Package: kvsetkeys 2022-10-05 v1.19 Key value parser (HO)
)
(/global/common/software/nersc9/texlive/2024-17c650b50c05ee823c6093081103ed0ab7
6a21df/texmf-dist/tex/generic/kvdefinekeys/kvdefinekeys.sty
Package: kvdefinekeys 2019-12-19 v1.6 Define keys (HO)
)
(/global/common/software/nersc9/texlive/2024-17c650b50c05ee823c6093081103ed0ab7
6a21df/texmf-dist/tex/generic/pdfescape/pdfescape.sty
Package: pdfescape 2019/12/09 v1.15 Implements pdfTeX's escape features (HO)

(/global/common/software/nersc9/texlive/2024-17c650b50c05ee823c6093081103ed0ab7
6a21df/texmf-dist/tex/generic/pdftexcmds/pdftexcmds.sty
Package: pdftexcmds 2020-06-27 v0.33 Utility functions of pdfTeX for LuaTeX (HO
)
Package pdftexcmds Info: \pdf@primitive is available.
Package pdftexcmds Info: \pdf@ifprimitive is available.
Package pdftexcmds Info: \pdfdraftmode found.
))
(/global/common/software/nersc9/texlive/2024-17c650b50c05ee823c6093081103ed0ab7
6a21df/texmf-dist/tex/latex/hycolor/hycolor.sty
Package: hycolor 2020-01-27 v1.10 Color options for hyperref/bookmark (HO)
)
(/global/common/software/nersc9/texlive/2024-17c650b50c05ee823c6093081103ed0ab7
6a21df/texmf-dist/tex/latex/hyperref/nameref.sty
Package: nameref 2023-11-26 v2.56 Cross-referencing by name of section

(/global/common/software/nersc9/texlive/2024-17c650b50c05ee823c6093081103ed0ab7
6a21df/texmf-dist/tex/generic/gettitlestring/gettitlestring.sty
Package: gettitlestring 2019/12/15 v1.6 Cleanup title references (HO)

(/global/common/software/nersc9/texlive/2024-17c650b50c05ee823c6093081103ed0ab7
6a21df/texmf-dist/tex/latex/kvoptions/kvoptions.sty
Package: kvoptions 2022-06-15 v3.15 Key value format for package options (HO)
))
\c@section@level=\count293
)
(/global/common/software/nersc9/texlive/2024-17c650b50c05ee823c6093081103ed0ab7
6a21df/texmf-dist/tex/generic/stringenc/stringenc.sty
Package: stringenc 2019/11/29 v1.12 Convert strings between diff. encodings (HO
)
)
\@linkdim=\dimen168
\Hy@linkcounter=\count294
\Hy@pagecounter=\count295

(/global/common/software/nersc9/texlive/2024-17c650b50c05ee823c6093081103ed0ab7
6a21df/texmf-dist/tex/latex/hyperref/pd1enc.def
File: pd1enc.def 2024-11-05 v7.01l Hyperref: PDFDocEncoding definition (HO)
Now handling font encoding PD1 ...
... no UTF-8 mapping file for font encoding PD1
)
(/global/common/software/nersc9/texlive/2024-17c650b50c05ee823c6093081103ed0ab7
6a21df/texmf-dist/tex/generic/intcalc/intcalc.sty
Package: intcalc 2019/12/15 v1.3 Expandable calculations with integers (HO)
)
\Hy@SavedSpaceFactor=\count296

(/global/common/software/nersc9/texlive/2024-17c650b50c05ee823c6093081103ed0ab7
6a21df/texmf-dist/tex/latex/hyperref/puenc.def
File: puenc.def 2024-11-05 v7.01l Hyperref: PDF Unicode definition (HO)
Now handling font encoding PU ...
... no UTF-8 mapping file for font encoding PU
)
Package hyperref Info: Option `bookmarksnumbered' set `true' on input line 4040
.
Package hyperref Info: Option `unicode' set `true' on input line 4040.
Package hyperref Info: Hyper figures OFF on input line 4157.
Package hyperref Info: Link nesting OFF on input line 4162.
Package hyperref Info: Hyper index ON on input line 4165.
Package hyperref Info: Plain pages OFF on input line 4172.
Package hyperref Info: Backreferencing OFF on input line 4177.
Package hyperref Info: Implicit mode ON; LaTeX internals redefined.
Package hyperref Info: Bookmarks ON on input line 4424.
\c@Hy@tempcnt=\count297

(/global/common/software/nersc9/texlive/2024-17c650b50c05ee823c6093081103ed0ab7
6a21df/texmf-dist/tex/latex/url/url.sty
\Urlmuskip=\muskip18
Package: url 2013/09/16  ver 3.4  Verb mode for urls, etc.
)
LaTeX Info: Redefining \url on input line 4763.
\XeTeXLinkMargin=\dimen169

(/global/common/software/nersc9/texlive/2024-17c650b50c05ee823c6093081103ed0ab7
6a21df/texmf-dist/tex/generic/bitset/bitset.sty
Package: bitset 2019/12/09 v1.3 Handle bit-vector datatype (HO)

(/global/common/software/nersc9/texlive/2024-17c650b50c05ee823c6093081103ed0ab7
6a21df/texmf-dist/tex/generic/bigintcalc/bigintcalc.sty
Package: bigintcalc 2019/12/15 v1.5 Expandable calculations on big integers (HO
)
))
\Fld@menulength=\count298
\Field@Width=\dimen170
\Fld@charsize=\dimen171
Package hyperref Info: Hyper figures OFF on input line 6042.
Package hyperref Info: Link nesting OFF on input line 6047.
Package hyperref Info: Hyper index ON on input line 6050.
Package hyperref Info: backreferencing OFF on input line 6057.
Package hyperref Info: Link coloring OFF on input line 6062.
Package hyperref Info: Link coloring with OCG OFF on input line 6067.
Package hyperref Info: PDF/A mode OFF on input line 6072.

(/global/common/software/nersc9/texlive/2024-17c650b50c05ee823c6093081103ed0ab7
6a21df/texmf-dist/tex/latex/base/atbegshi-ltx.sty
Package: atbegshi-ltx 2021/01/10 v1.0c Emulation of the original atbegshi
package with kernel methods
)
\Hy@abspage=\count299
\c@Item=\count300
\c@Hfootnote=\count301
)
Package hyperref Info: Driver (autodetected): hpdftex.

(/global/common/software/nersc9/texlive/2024-17c650b50c05ee823c6093081103ed0ab7
6a21df/texmf-dist/tex/latex/hyperref/hpdftex.def
File: hpdftex.def 2024-11-05 v7.01l Hyperref driver for pdfTeX

(/global/common/software/nersc9/texlive/2024-17c650b50c05ee823c6093081103ed0ab7
6a21df/texmf-dist/tex/latex/base/atveryend-ltx.sty
Package: atveryend-ltx 2020/08/19 v1.0a Emulation of the original atveryend pac
kage
with kernel methods
)
\Fld@listcount=\count302
\c@bookmark@seq@number=\count303

(/global/common/software/nersc9/texlive/2024-17c650b50c05ee823c6093081103ed0ab7
6a21df/texmf-dist/tex/latex/rerunfilecheck/rerunfilecheck.sty
Package: rerunfilecheck 2022-07-10 v1.10 Rerun checks for auxiliary files (HO)

(/global/common/software/nersc9/texlive/2024-17c650b50c05ee823c6093081103ed0ab7
6a21df/texmf-dist/tex/generic/uniquecounter/uniquecounter.sty
Package: uniquecounter 2019/12/15 v1.4 Provide unlimited unique counter (HO)
)
Package uniquecounter Info: New unique counter `rerunfilecheck' on input line 2
85.
)
\Hy@SectionHShift=\skip62
)
(/global/common/software/nersc9/texlive/2024-17c650b50c05ee823c6093081103ed0ab7
6a21df/texmf-dist/tex/latex/hyperxmp/hyperxmp.sty
Package: hyperxmp 2024/03/17 v5.13 Store hyperref metadata in XMP format
\hyxmp@aep@toks=\toks32

(/global/common/software/nersc9/texlive/2024-17c650b50c05ee823c6093081103ed0ab7
6a21df/texmf-dist/tex/latex/ifmtarg/ifmtarg.sty
Package: ifmtarg 2018/04/16 v1.2b check for an empty argument
)
(/global/common/software/nersc9/texlive/2024-17c650b50c05ee823c6093081103ed0ab7
6a21df/texmf-dist/tex/latex/base/ifthen.sty
Package: ifthen 2024/03/16 v1.1e Standard LaTeX ifthen package (DPC)
)
\@hyxmp@count=\count304

(/global/common/software/nersc9/texlive/2024-17c650b50c05ee823c6093081103ed0ab7
6a21df/texmf-dist/tex/latex/oberdiek/ifdraft.sty
Package: ifdraft 2016/05/16 v1.4 Detect class options draft and final (HO)
)
(/global/common/software/nersc9/texlive/2024-17c650b50c05ee823c6093081103ed0ab7
6a21df/texmf-dist/tex/generic/iftex/ifluatex.sty
Package: ifluatex 2019/10/25 v1.5 ifluatex legacy package. Use iftex instead.
))
(/global/common/software/nersc9/texlive/2024-17c650b50c05ee823c6093081103ed0ab7
6a21df/texmf-dist/tex/latex/graphics/graphicx.sty
Package: graphicx 2021/09/16 v1.2d Enhanced LaTeX Graphics (DPC,SPQR)

(/global/common/software/nersc9/texlive/2024-17c650b50c05ee823c6093081103ed0ab7
6a21df/texmf-dist/tex/latex/graphics/graphics.sty
Package: graphics 2024/08/06 v1.4g Standard LaTeX Graphics (DPC,SPQR)

(/global/common/software/nersc9/texlive/2024-17c650b50c05ee823c6093081103ed0ab7
6a21df/texmf-dist/tex/latex/graphics/trig.sty
Package: trig 2023/12/02 v1.11 sin cos tan (DPC)
)
(/global/common/software/nersc9/texlive/2024-17c650b50c05ee823c6093081103ed0ab7
6a21df/texmf-dist/tex/latex/graphics-cfg/graphics.cfg
File: graphics.cfg 2016/06/04 v1.11 sample graphics configuration
)
Package graphics Info: Driver file: pdftex.def on input line 106.

(/global/common/software/nersc9/texlive/2024-17c650b50c05ee823c6093081103ed0ab7
6a21df/texmf-dist/tex/latex/graphics-def/pdftex.def
File: pdftex.def 2024/04/13 v1.2c Graphics/color driver for pdftex
))
\Gin@req@height=\dimen172
\Gin@req@width=\dimen173
)
(/global/common/software/nersc9/texlive/2024-17c650b50c05ee823c6093081103ed0ab7
6a21df/texmf-dist/tex/latex/xcolor/xcolor.sty
Package: xcolor 2024/09/29 v3.02 LaTeX color extensions (UK)

(/global/common/software/nersc9/texlive/2024-17c650b50c05ee823c6093081103ed0ab7
6a21df/texmf-dist/tex/latex/graphics-cfg/color.cfg
File: color.cfg 2016/01/02 v1.6 sample color configuration
)
Package xcolor Info: Driver file: pdftex.def on input line 274.

(/global/common/software/nersc9/texlive/2024-17c650b50c05ee823c6093081103ed0ab7
6a21df/texmf-dist/tex/latex/graphics/mathcolor.ltx)
Package xcolor Info: Model `cmy' substituted by `cmy0' on input line 1349.
Package xcolor Info: Model `hsb' substituted by `rgb' on input line 1353.
Package xcolor Info: Model `RGB' extended on input line 1365.
Package xcolor Info: Model `HTML' substituted by `rgb' on input line 1367.
Package xcolor Info: Model `Hsb' substituted by `hsb' on input line 1368.
Package xcolor Info: Model `tHsb' substituted by `hsb' on input line 1369.
Package xcolor Info: Model `HSB' substituted by `hsb' on input line 1370.
Package xcolor Info: Model `Gray' substituted by `gray' on input line 1371.
Package xcolor Info: Model `wave' substituted by `hsb' on input line 1372.
)
(/global/common/software/nersc9/texlive/2024-17c650b50c05ee823c6093081103ed0ab7
6a21df/texmf-dist/tex/latex/geometry/geometry.sty
Package: geometry 2020/01/02 v5.9 Page Geometry

(/global/common/software/nersc9/texlive/2024-17c650b50c05ee823c6093081103ed0ab7
6a21df/texmf-dist/tex/generic/iftex/ifvtex.sty
Package: ifvtex 2019/10/25 v1.7 ifvtex legacy package. Use iftex instead.
)
\Gm@cnth=\count305
\Gm@cntv=\count306
\c@Gm@tempcnt=\count307
\Gm@bindingoffset=\dimen174
\Gm@wd@mp=\dimen175
\Gm@odd@mp=\dimen176
\Gm@even@mp=\dimen177
\Gm@layoutwidth=\dimen178
\Gm@layoutheight=\dimen179
\Gm@layouthoffset=\dimen180
\Gm@layoutvoffset=\dimen181
\Gm@dimlist=\toks33
)
(/global/common/software/nersc9/texlive/2024-17c650b50c05ee823c6093081103ed0ab7
6a21df/texmf-dist/tex/latex/ncctools/manyfoot.sty
Package: manyfoot 2019/08/03 v1.11 Many Footnote Levels Package (NCC)

(/global/common/software/nersc9/texlive/2024-17c650b50c05ee823c6093081103ed0ab7
6a21df/texmf-dist/tex/latex/ncctools/nccfoots.sty
Package: nccfoots 2005/02/03 v1.2 NCC Footnotes Package (NCC)
)
\MFL@columnwidth=\dimen182
)
\footinsauthorsaddresses=\insert251
\c@footnoteauthorsaddresses=\count308
\footinscopyrightpermission=\insert250
\c@footnotecopyrightpermission=\count309

(/global/common/software/nersc9/texlive/2024-17c650b50c05ee823c6093081103ed0ab7
6a21df/texmf-dist/tex/generic/pdftex/glyphtounicode.tex)
(/global/common/software/nersc9/texlive/2024-17c650b50c05ee823c6093081103ed0ab7
6a21df/texmf-dist/tex/latex/cmap/cmap.sty
Package: cmap 2021/02/06 v1.0j CMap support: searchable PDF
)
(/global/common/software/nersc9/texlive/2024-17c650b50c05ee823c6093081103ed0ab7
6a21df/texmf-dist/tex/latex/base/fontenc.sty
Package: fontenc 2021/04/29 v2.0v Standard LaTeX package
<<t1.cmap>>)
(/global/common/software/nersc9/texlive/2024-17c650b50c05ee823c6093081103ed0ab7
6a21df/texmf-dist/tex/latex/libertine/libertine.sty
Package: libertine 2024/04/23 (Bob Tennent) Supports Libertine and Biolinum fon
ts for all LaTeX engines.

(/global/common/software/nersc9/texlive/2024-17c650b50c05ee823c6093081103ed0ab7
6a21df/texmf-dist/tex/generic/iftex/ifxetex.sty
Package: ifxetex 2019/10/25 v0.7 ifxetex legacy package. Use iftex instead.
)
(/global/common/software/nersc9/texlive/2024-17c650b50c05ee823c6093081103ed0ab7
6a21df/texmf-dist/tex/latex/base/textcomp.sty
Package: textcomp 2024/04/24 v2.1b Standard LaTeX package
)
(/global/common/software/nersc9/texlive/2024-17c650b50c05ee823c6093081103ed0ab7
6a21df/texmf-dist/tex/latex/base/fontenc.sty
Package: fontenc 2021/04/29 v2.0v Standard LaTeX package
)
(/global/common/software/nersc9/texlive/2024-17c650b50c05ee823c6093081103ed0ab7
6a21df/texmf-dist/tex/latex/fontaxes/fontaxes.sty
Package: fontaxes 2020/07/21 v1.0e Font selection axes
LaTeX Info: Redefining \upshape on input line 29.
LaTeX Info: Redefining \itshape on input line 31.
LaTeX Info: Redefining \slshape on input line 33.
LaTeX Info: Redefining \swshape on input line 35.
LaTeX Info: Redefining \scshape on input line 37.
LaTeX Info: Redefining \sscshape on input line 39.
LaTeX Info: Redefining \ulcshape on input line 41.
LaTeX Info: Redefining \textsw on input line 47.
LaTeX Info: Redefining \textssc on input line 48.
LaTeX Info: Redefining \textulc on input line 49.
)
LaTeX Info: Redefining \oldstylenums on input line 485.

(/global/common/software/nersc9/texlive/2024-17c650b50c05ee823c6093081103ed0ab7
6a21df/texmf-dist/tex/latex/libertine/LinLibertine_I.tex))
(/global/common/software/nersc9/texlive/2024-17c650b50c05ee823c6093081103ed0ab7
6a21df/texmf-dist/tex/latex/inconsolata/zi4.sty
Package: zi4 2019/05/17 v1.12

`inconsolata-zi4' v1.12, 2019/05/17 Text macros for Inconsolata (msharpe)
\zifour@ocount=\count310
)
(/global/common/software/nersc9/texlive/2024-17c650b50c05ee823c6093081103ed0ab7
6a21df/texmf-dist/tex/latex/newtx/newtxmath.sty
Package: newtxmath 2024/09/22 v1.754

`newtxmath' v1.754, 2024/09/22 Math macros based originally on txfonts (msharpe
)
(/global/common/software/nersc9/texlive/2024-17c650b50c05ee823c6093081103ed0ab7
6a21df/texmf-dist/tex/latex/oberdiek/centernot.sty
Package: centernot 2016/05/16 v1.4 Centers the not symbol horizontally (HO)
)
\tx@cntz=\count311

(/global/common/software/nersc9/texlive/2024-17c650b50c05ee823c6093081103ed0ab7
6a21df/texmf-dist/tex/generic/kastrup/binhex.tex)
\tx@Isdigit=\count312
\tx@IsAlNum=\count313
\tx@tA=\toks34
\tx@tB=\toks35
\tx@su=\read2

amsthm NOT loaded
LaTeX Font Info:    Redeclaring symbol font `operators' on input line 402.
LaTeX Font Info:    Overwriting symbol font `operators' in version `normal'
(Font)                  OT1/cmr/m/n --> OT1/LinuxLibertineT-TLF/m/n on input li
ne 402.
LaTeX Font Info:    Overwriting symbol font `operators' in version `bold'
(Font)                  OT1/cmr/bx/n --> OT1/LinuxLibertineT-TLF/m/n on input l
ine 402.
LaTeX Font Info:    Overwriting symbol font `operators' in version `bold'
(Font)                  OT1/LinuxLibertineT-TLF/m/n --> OT1/LinuxLibertineT-TLF
/sb/n on input line 403.
LaTeX Font Info:    Redeclaring math alphabet \mathsf on input line 410.
LaTeX Font Info:    Overwriting math alphabet `\mathsf' in version `normal'
(Font)                  OT1/cmss/m/n --> OT1/LinuxBiolinumT-TLF/m/n on input li
ne 410.
LaTeX Font Info:    Overwriting math alphabet `\mathsf' in version `bold'
(Font)                  OT1/cmss/bx/n --> OT1/LinuxBiolinumT-TLF/m/n on input l
ine 410.
LaTeX Font Info:    Overwriting math alphabet `\mathsf' in version `bold'
(Font)                  OT1/LinuxBiolinumT-TLF/m/n --> OT1/LinuxBiolinumT-TLF/b
/n on input line 412.
LaTeX Font Info:    Redeclaring math alphabet \mathit on input line 419.
LaTeX Font Info:    Overwriting math alphabet `\mathit' in version `normal'
(Font)                  OT1/cmr/m/it --> OT1/LinuxLibertineT-TLF/m/it on input 
line 419.
LaTeX Font Info:    Overwriting math alphabet `\mathit' in version `bold'
(Font)                  OT1/cmr/bx/it --> OT1/LinuxLibertineT-TLF/m/it on input
 line 419.
LaTeX Font Info:    Redeclaring math alphabet \mathtt on input line 420.
LaTeX Font Info:    Overwriting math alphabet `\mathtt' in version `normal'
(Font)                  OT1/cmtt/m/n --> T1/zi4/m/n on input line 420.
LaTeX Font Info:    Overwriting math alphabet `\mathtt' in version `bold'
(Font)                  OT1/cmtt/m/n --> T1/zi4/m/n on input line 420.
LaTeX Font Info:    Redeclaring math alphabet \mathbf on input line 422.
LaTeX Font Info:    Overwriting math alphabet `\mathbf' in version `normal'
(Font)                  OT1/cmr/bx/n --> OT1/LinuxLibertineT-TLF/sb/n on input 
line 422.
LaTeX Font Info:    Overwriting math alphabet `\mathbf' in version `bold'
(Font)                  OT1/cmr/bx/n --> OT1/LinuxLibertineT-TLF/sb/n on input 
line 422.
LaTeX Font Info:    Overwriting math alphabet `\mathit' in version `bold'
(Font)                  OT1/LinuxLibertineT-TLF/m/it --> OT1/LinuxLibertineT-TL
F/sb/it on input line 423.
LaTeX Font Info:    Overwriting math alphabet `\mathtt' in version `bold'
(Font)                  T1/zi4/m/n --> T1/zi4/b/n on input line 426.
LaTeX Font Info:    Redeclaring symbol font `letters' on input line 444.
LaTeX Font Info:    Overwriting symbol font `letters' in version `normal'
(Font)                  OML/cmm/m/it --> OML/nxlmi/m/it on input line 444.
LaTeX Font Info:    Overwriting symbol font `letters' in version `bold'
(Font)                  OML/cmm/b/it --> OML/nxlmi/m/it on input line 444.
LaTeX Font Info:    Overwriting symbol font `letters' in version `bold'
(Font)                  OML/nxlmi/m/it --> OML/nxlmi/b/it on input line 445.
\symlettersA=\mathgroup6
LaTeX Font Info:    Overwriting symbol font `lettersA' in version `bold'
(Font)                  U/ntxmia/m/it --> U/ntxmia/b/it on input line 582.
LaTeX Font Info:    Redeclaring math alphabet \mathfrak on input line 584.
Now handling font encoding LMS ...
... no UTF-8 mapping file for font encoding LMS
LaTeX Font Info:    Redeclaring symbol font `symbols' on input line 604.
LaTeX Font Info:    Encoding `OMS' has changed to `LMS' for symbol font
(Font)              `symbols' in the math version `normal' on input line 604.
LaTeX Font Info:    Overwriting symbol font `symbols' in version `normal'
(Font)                  OMS/cmsy/m/n --> LMS/ntxsy/m/n on input line 604.
LaTeX Font Info:    Encoding `OMS' has changed to `LMS' for symbol font
(Font)              `symbols' in the math version `bold' on input line 604.
LaTeX Font Info:    Overwriting symbol font `symbols' in version `bold'
(Font)                  OMS/cmsy/b/n --> LMS/ntxsy/m/n on input line 604.
LaTeX Font Info:    Overwriting symbol font `symbols' in version `bold'
(Font)                  LMS/ntxsy/m/n --> LMS/ntxsy/b/n on input line 605.
\symAMSm=\mathgroup7
LaTeX Font Info:    Overwriting symbol font `AMSm' in version `bold'
(Font)                  U/ntxsym/m/n --> U/ntxsym/b/n on input line 630.
\symsymbolsC=\mathgroup8
LaTeX Font Info:    Overwriting symbol font `symbolsC' in version `bold'
(Font)                  U/ntxsyc/m/n --> U/ntxsyc/b/n on input line 651.
Now handling font encoding LMX ...
... no UTF-8 mapping file for font encoding LMX
LaTeX Font Info:    Redeclaring symbol font `largesymbols' on input line 664.
LaTeX Font Info:    Encoding `OMX' has changed to `LMX' for symbol font
(Font)              `largesymbols' in the math version `normal' on input line 6
64.
LaTeX Font Info:    Overwriting symbol font `largesymbols' in version `normal'
(Font)                  OMX/cmex/m/n --> LMX/ntxexx/m/n on input line 664.
LaTeX Font Info:    Encoding `OMX' has changed to `LMX' for symbol font
(Font)              `largesymbols' in the math version `bold' on input line 664
.
LaTeX Font Info:    Overwriting symbol font `largesymbols' in version `bold'
(Font)                  OMX/cmex/m/n --> LMX/ntxexx/m/n on input line 664.
LaTeX Font Info:    Overwriting symbol font `largesymbols' in version `bold'
(Font)                  LMX/ntxexx/m/n --> LMX/ntxexx/b/n on input line 665.
\symlargesymbolsTXA=\mathgroup9
LaTeX Font Info:    Overwriting symbol font `largesymbolsTXA' in version `bold'

(Font)                  U/ntxexa/m/n --> U/ntxexa/b/n on input line 679.
\tx@sbptoks=\toks36
LaTeX Font Info:    Redeclaring math delimiter \lfloor on input line 902.
LaTeX Font Info:    Redeclaring math delimiter \rfloor on input line 903.
LaTeX Font Info:    Redeclaring math delimiter \lceil on input line 904.
LaTeX Font Info:    Redeclaring math delimiter \rceil on input line 905.
LaTeX Font Info:    Redeclaring math delimiter \lbrace on input line 910.
LaTeX Font Info:    Redeclaring math delimiter \rbrace on input line 911.
LaTeX Font Info:    Redeclaring math delimiter \langle on input line 913.
LaTeX Font Info:    Redeclaring math delimiter \rangle on input line 915.
LaTeX Font Info:    Redeclaring math delimiter \arrowvert on input line 919.
LaTeX Font Info:    Redeclaring math delimiter \vert on input line 920.
LaTeX Font Info:    Redeclaring math accent \dot on input line 991.
LaTeX Font Info:    Redeclaring math accent \ddot on input line 992.
LaTeX Font Info:    Redeclaring math accent \vec on input line 2057.
LaTeX Info: Redefining \Bbbk on input line 2847.
LaTeX Info: Redefining \not on input line 2995.
LaTeX Info: Redefining \textsquare on input line 3025.
LaTeX Info: Redefining \openbox on input line 3027.
)
(/global/common/software/nersc9/texlive/2024-17c650b50c05ee823c6093081103ed0ab7
6a21df/texmf-dist/tex/latex/caption/caption.sty
Package: caption 2023/08/05 v3.6o Customizing captions (AR)

(/global/common/software/nersc9/texlive/2024-17c650b50c05ee823c6093081103ed0ab7
6a21df/texmf-dist/tex/latex/caption/caption3.sty
Package: caption3 2023/07/31 v2.4d caption3 kernel (AR)
\caption@tempdima=\dimen183
\captionmargin=\dimen184
\caption@leftmargin=\dimen185
\caption@rightmargin=\dimen186
\caption@width=\dimen187
\caption@indent=\dimen188
\caption@parindent=\dimen189
\caption@hangindent=\dimen190
Package caption Info: AMS or SMF document class detected.

(/global/common/software/nersc9/texlive/2024-17c650b50c05ee823c6093081103ed0ab7
6a21df/texmf-dist/tex/latex/caption/caption-ams-smf.sto
File: caption-ams-smf.sto 2020/08/22 v2.0 Adaption of the caption package to th
e AMS and SMF document classes (AR)
))
\c@caption@flags=\count314
\c@continuedfloat=\count315
Package caption Info: hyperref package is loaded.
)
(/global/common/software/nersc9/texlive/2024-17c650b50c05ee823c6093081103ed0ab7
6a21df/texmf-dist/tex/latex/float/float.sty
Package: float 2001/11/08 v1.3d Float enhancements (AL)
\c@float@type=\count316
\float@exts=\toks37
\float@box=\box56
\@float@everytoks=\toks38
\@floatcapt=\box57
)
\@float@every@sidebar=\toks39
\c@sidebar=\count317
\fulltextwidth=\dimen191
\@ACM@labelwidth=\dimen192
\listisep=\skip63
\num@authorgroups=\count318
\num@authors=\count319
\@ACM@badge@width=\skip64
\@ACM@title@width=\skip65
\@ACM@badge@skip=\skip66
Class acmart Info: Printing CCS on input line 1805.
Class acmart Info: Printing bibformat on input line 1805.
Class acmart Info: Printing folios on input line 1810.
Class acmart Info: Setting authorsperrow to 0 on input line 1815.

(/global/common/software/nersc9/texlive/2024-17c650b50c05ee823c6093081103ed0ab7
6a21df/texmf-dist/tex/latex/comment/comment.sty
\CommentStream=\write3
 Excluding comment 'comment')
Excluding comment 'CCSXML'
\c@@concepts=\count320
\mktitle@bx=\box58
\@ACM@acmcpbox=\box59
\@ACM@commabox=\box60
\author@bx=\box61
\author@bx@wd=\dimen193
\author@bx@sep=\skip67

(/global/common/software/nersc9/texlive/2024-17c650b50c05ee823c6093081103ed0ab7
6a21df/texmf-dist/tex/latex/fancyhdr/fancyhdr.sty
Package: fancyhdr 2024/12/09 v4.5 Extensive control of page headers and footers

\f@nch@headwidth=\skip68
\f@nch@O@elh=\skip69
\f@nch@O@erh=\skip70
\f@nch@O@olh=\skip71
\f@nch@O@orh=\skip72
\f@nch@O@elf=\skip73
\f@nch@O@erf=\skip74
\f@nch@O@olf=\skip75
\f@nch@O@orf=\skip76
)
\ACM@linecount@bx=\box62
\ACM@linecount@bxht=\skip77
\ACM@linecount=\count321
 Special comment 'acks'
LaTeX Font Info:    Trying to load font information for T1+LinuxLibertineT-TLF 
on input line 3584.

(/global/common/software/nersc9/texlive/2024-17c650b50c05ee823c6093081103ed0ab7
6a21df/texmf-dist/tex/latex/libertine/T1LinuxLibertineT-TLF.fd
File: T1LinuxLibertineT-TLF.fd 2017/03/20 (autoinst) Font definitions for T1/Li
nuxLibertineT-TLF.
)
LaTeX Font Info:    Font shape `T1/LinuxLibertineT-TLF/m/n' will be
(Font)              scaled to size 10.0pt on input line 3584.
)
(/global/common/software/nersc9/texlive/2024-17c650b50c05ee823c6093081103ed0ab7
6a21df/texmf-dist/tex/latex/enumitem/enumitem.sty
Package: enumitem 2019/06/20 v3.9 Customized lists
\enitkv@toks@=\toks40
\labelindent=\skip78
\enit@outerparindent=\dimen194
\enit@toks=\toks41
\enit@inbox=\box63
\enit@count@id=\count322
\enitdp@description=\count323
)
(/global/common/software/nersc9/texlive/2024-17c650b50c05ee823c6093081103ed0ab7
6a21df/texmf-dist/tex/latex/psnfss/pifont.sty
Package: pifont 2020/03/25 PSNFSS-v9.3 Pi font support (SPQR) 
LaTeX Font Info:    Trying to load font information for U+pzd on input line 63.


(/global/common/software/nersc9/texlive/2024-17c650b50c05ee823c6093081103ed0ab7
6a21df/texmf-dist/tex/latex/psnfss/upzd.fd
File: upzd.fd 2001/06/04 font definitions for U/pzd.
)
LaTeX Font Info:    Trying to load font information for U+psy on input line 64.


(/global/common/software/nersc9/texlive/2024-17c650b50c05ee823c6093081103ed0ab7
6a21df/texmf-dist/tex/latex/psnfss/upsy.fd
File: upsy.fd 2001/06/04 font definitions for U/psy.
))
(/global/common/software/nersc9/texlive/2024-17c650b50c05ee823c6093081103ed0ab7
6a21df/texmf-dist/tex/latex/tools/tabularx.sty
Package: tabularx 2023/12/11 v2.12a `tabularx' package (DPC)

(/global/common/software/nersc9/texlive/2024-17c650b50c05ee823c6093081103ed0ab7
6a21df/texmf-dist/tex/latex/tools/array.sty
Package: array 2024/10/17 v2.6g Tabular extension package (FMi)
\col@sep=\dimen195
\ar@mcellbox=\box64
\extrarowheight=\dimen196
\NC@list=\toks42
\extratabsurround=\skip79
\backup@length=\skip80
\ar@cellbox=\box65
)
\TX@col@width=\dimen197
\TX@old@table=\dimen198
\TX@old@col=\dimen199
\TX@target=\dimen256
\TX@delta=\dimen257
\TX@cols=\count324
\TX@ftn=\toks43
)
(/global/common/software/nersc9/texlive/2024-17c650b50c05ee823c6093081103ed0ab7
6a21df/texmf-dist/tex/latex/pgf/frontendlayer/tikz.sty
(/global/common/software/nersc9/texlive/2024-17c650b50c05ee823c6093081103ed0ab7
6a21df/texmf-dist/tex/latex/pgf/basiclayer/pgf.sty
(/global/common/software/nersc9/texlive/2024-17c650b50c05ee823c6093081103ed0ab7
6a21df/texmf-dist/tex/latex/pgf/utilities/pgfrcs.sty
(/global/common/software/nersc9/texlive/2024-17c650b50c05ee823c6093081103ed0ab7
6a21df/texmf-dist/tex/generic/pgf/utilities/pgfutil-common.tex
\pgfutil@everybye=\toks44
\pgfutil@tempdima=\dimen258
\pgfutil@tempdimb=\dimen259
)
(/global/common/software/nersc9/texlive/2024-17c650b50c05ee823c6093081103ed0ab7
6a21df/texmf-dist/tex/generic/pgf/utilities/pgfutil-latex.def
\pgfutil@abb=\box66
)
(/global/common/software/nersc9/texlive/2024-17c650b50c05ee823c6093081103ed0ab7
6a21df/texmf-dist/tex/generic/pgf/utilities/pgfrcs.code.tex
(/global/common/software/nersc9/texlive/2024-17c650b50c05ee823c6093081103ed0ab7
6a21df/texmf-dist/tex/generic/pgf/pgf.revision.tex)
Package: pgfrcs 2023-01-15 v3.1.10 (3.1.10)
))
Package: pgf 2023-01-15 v3.1.10 (3.1.10)

(/global/common/software/nersc9/texlive/2024-17c650b50c05ee823c6093081103ed0ab7
6a21df/texmf-dist/tex/latex/pgf/basiclayer/pgfcore.sty
(/global/common/software/nersc9/texlive/2024-17c650b50c05ee823c6093081103ed0ab7
6a21df/texmf-dist/tex/latex/pgf/systemlayer/pgfsys.sty
(/global/common/software/nersc9/texlive/2024-17c650b50c05ee823c6093081103ed0ab7
6a21df/texmf-dist/tex/generic/pgf/systemlayer/pgfsys.code.tex
Package: pgfsys 2023-01-15 v3.1.10 (3.1.10)

(/global/common/software/nersc9/texlive/2024-17c650b50c05ee823c6093081103ed0ab7
6a21df/texmf-dist/tex/generic/pgf/utilities/pgfkeys.code.tex
\pgfkeys@pathtoks=\toks45
\pgfkeys@temptoks=\toks46

(/global/common/software/nersc9/texlive/2024-17c650b50c05ee823c6093081103ed0ab7
6a21df/texmf-dist/tex/generic/pgf/utilities/pgfkeyslibraryfiltered.code.tex
\pgfkeys@tmptoks=\toks47
))
\pgf@x=\dimen260
\pgf@y=\dimen261
\pgf@xa=\dimen262
\pgf@ya=\dimen263
\pgf@xb=\dimen264
\pgf@yb=\dimen265
\pgf@xc=\dimen266
\pgf@yc=\dimen267
\pgf@xd=\dimen268
\pgf@yd=\dimen269
\w@pgf@writea=\write4
\r@pgf@reada=\read3
\c@pgf@counta=\count325
\c@pgf@countb=\count326
\c@pgf@countc=\count327
\c@pgf@countd=\count328
\t@pgf@toka=\toks48
\t@pgf@tokb=\toks49
\t@pgf@tokc=\toks50
\pgf@sys@id@count=\count329

(/global/common/software/nersc9/texlive/2024-17c650b50c05ee823c6093081103ed0ab7
6a21df/texmf-dist/tex/generic/pgf/systemlayer/pgf.cfg
File: pgf.cfg 2023-01-15 v3.1.10 (3.1.10)
)
Driver file for pgf: pgfsys-pdftex.def

(/global/common/software/nersc9/texlive/2024-17c650b50c05ee823c6093081103ed0ab7
6a21df/texmf-dist/tex/generic/pgf/systemlayer/pgfsys-pdftex.def
File: pgfsys-pdftex.def 2023-01-15 v3.1.10 (3.1.10)

(/global/common/software/nersc9/texlive/2024-17c650b50c05ee823c6093081103ed0ab7
6a21df/texmf-dist/tex/generic/pgf/systemlayer/pgfsys-common-pdf.def
File: pgfsys-common-pdf.def 2023-01-15 v3.1.10 (3.1.10)
)))
(/global/common/software/nersc9/texlive/2024-17c650b50c05ee823c6093081103ed0ab7
6a21df/texmf-dist/tex/generic/pgf/systemlayer/pgfsyssoftpath.code.tex
File: pgfsyssoftpath.code.tex 2023-01-15 v3.1.10 (3.1.10)
\pgfsyssoftpath@smallbuffer@items=\count330
\pgfsyssoftpath@bigbuffer@items=\count331
)
(/global/common/software/nersc9/texlive/2024-17c650b50c05ee823c6093081103ed0ab7
6a21df/texmf-dist/tex/generic/pgf/systemlayer/pgfsysprotocol.code.tex
File: pgfsysprotocol.code.tex 2023-01-15 v3.1.10 (3.1.10)
))
(/global/common/software/nersc9/texlive/2024-17c650b50c05ee823c6093081103ed0ab7
6a21df/texmf-dist/tex/generic/pgf/basiclayer/pgfcore.code.tex
Package: pgfcore 2023-01-15 v3.1.10 (3.1.10)

(/global/common/software/nersc9/texlive/2024-17c650b50c05ee823c6093081103ed0ab7
6a21df/texmf-dist/tex/generic/pgf/math/pgfmath.code.tex
(/global/common/software/nersc9/texlive/2024-17c650b50c05ee823c6093081103ed0ab7
6a21df/texmf-dist/tex/generic/pgf/math/pgfmathutil.code.tex)
(/global/common/software/nersc9/texlive/2024-17c650b50c05ee823c6093081103ed0ab7
6a21df/texmf-dist/tex/generic/pgf/math/pgfmathparser.code.tex
\pgfmath@dimen=\dimen270
\pgfmath@count=\count332
\pgfmath@box=\box67
\pgfmath@toks=\toks51
\pgfmath@stack@operand=\toks52
\pgfmath@stack@operation=\toks53
)
(/global/common/software/nersc9/texlive/2024-17c650b50c05ee823c6093081103ed0ab7
6a21df/texmf-dist/tex/generic/pgf/math/pgfmathfunctions.code.tex)
(/global/common/software/nersc9/texlive/2024-17c650b50c05ee823c6093081103ed0ab7
6a21df/texmf-dist/tex/generic/pgf/math/pgfmathfunctions.basic.code.tex)
(/global/common/software/nersc9/texlive/2024-17c650b50c05ee823c6093081103ed0ab7
6a21df/texmf-dist/tex/generic/pgf/math/pgfmathfunctions.trigonometric.code.tex)

(/global/common/software/nersc9/texlive/2024-17c650b50c05ee823c6093081103ed0ab7
6a21df/texmf-dist/tex/generic/pgf/math/pgfmathfunctions.random.code.tex)
(/global/common/software/nersc9/texlive/2024-17c650b50c05ee823c6093081103ed0ab7
6a21df/texmf-dist/tex/generic/pgf/math/pgfmathfunctions.comparison.code.tex)
(/global/common/software/nersc9/texlive/2024-17c650b50c05ee823c6093081103ed0ab7
6a21df/texmf-dist/tex/generic/pgf/math/pgfmathfunctions.base.code.tex)
(/global/common/software/nersc9/texlive/2024-17c650b50c05ee823c6093081103ed0ab7
6a21df/texmf-dist/tex/generic/pgf/math/pgfmathfunctions.round.code.tex)
(/global/common/software/nersc9/texlive/2024-17c650b50c05ee823c6093081103ed0ab7
6a21df/texmf-dist/tex/generic/pgf/math/pgfmathfunctions.misc.code.tex)
(/global/common/software/nersc9/texlive/2024-17c650b50c05ee823c6093081103ed0ab7
6a21df/texmf-dist/tex/generic/pgf/math/pgfmathfunctions.integerarithmetics.code
.tex)
(/global/common/software/nersc9/texlive/2024-17c650b50c05ee823c6093081103ed0ab7
6a21df/texmf-dist/tex/generic/pgf/math/pgfmathcalc.code.tex)
(/global/common/software/nersc9/texlive/2024-17c650b50c05ee823c6093081103ed0ab7
6a21df/texmf-dist/tex/generic/pgf/math/pgfmathfloat.code.tex
\c@pgfmathroundto@lastzeros=\count333
))
(/global/common/software/nersc9/texlive/2024-17c650b50c05ee823c6093081103ed0ab7
6a21df/texmf-dist/tex/generic/pgf/math/pgfint.code.tex)
(/global/common/software/nersc9/texlive/2024-17c650b50c05ee823c6093081103ed0ab7
6a21df/texmf-dist/tex/generic/pgf/basiclayer/pgfcorepoints.code.tex
File: pgfcorepoints.code.tex 2023-01-15 v3.1.10 (3.1.10)
\pgf@picminx=\dimen271
\pgf@picmaxx=\dimen272
\pgf@picminy=\dimen273
\pgf@picmaxy=\dimen274
\pgf@pathminx=\dimen275
\pgf@pathmaxx=\dimen276
\pgf@pathminy=\dimen277
\pgf@pathmaxy=\dimen278
\pgf@xx=\dimen279
\pgf@xy=\dimen280
\pgf@yx=\dimen281
\pgf@yy=\dimen282
\pgf@zx=\dimen283
\pgf@zy=\dimen284
)
(/global/common/software/nersc9/texlive/2024-17c650b50c05ee823c6093081103ed0ab7
6a21df/texmf-dist/tex/generic/pgf/basiclayer/pgfcorepathconstruct.code.tex
File: pgfcorepathconstruct.code.tex 2023-01-15 v3.1.10 (3.1.10)
\pgf@path@lastx=\dimen285
\pgf@path@lasty=\dimen286
)
(/global/common/software/nersc9/texlive/2024-17c650b50c05ee823c6093081103ed0ab7
6a21df/texmf-dist/tex/generic/pgf/basiclayer/pgfcorepathusage.code.tex
File: pgfcorepathusage.code.tex 2023-01-15 v3.1.10 (3.1.10)
\pgf@shorten@end@additional=\dimen287
\pgf@shorten@start@additional=\dimen288
)
(/global/common/software/nersc9/texlive/2024-17c650b50c05ee823c6093081103ed0ab7
6a21df/texmf-dist/tex/generic/pgf/basiclayer/pgfcorescopes.code.tex
File: pgfcorescopes.code.tex 2023-01-15 v3.1.10 (3.1.10)
\pgfpic=\box68
\pgf@hbox=\box69
\pgf@layerbox@main=\box70
\pgf@picture@serial@count=\count334
)
(/global/common/software/nersc9/texlive/2024-17c650b50c05ee823c6093081103ed0ab7
6a21df/texmf-dist/tex/generic/pgf/basiclayer/pgfcoregraphicstate.code.tex
File: pgfcoregraphicstate.code.tex 2023-01-15 v3.1.10 (3.1.10)
\pgflinewidth=\dimen289
)
(/global/common/software/nersc9/texlive/2024-17c650b50c05ee823c6093081103ed0ab7
6a21df/texmf-dist/tex/generic/pgf/basiclayer/pgfcoretransformations.code.tex
File: pgfcoretransformations.code.tex 2023-01-15 v3.1.10 (3.1.10)
\pgf@pt@x=\dimen290
\pgf@pt@y=\dimen291
\pgf@pt@temp=\dimen292
)
(/global/common/software/nersc9/texlive/2024-17c650b50c05ee823c6093081103ed0ab7
6a21df/texmf-dist/tex/generic/pgf/basiclayer/pgfcorequick.code.tex
File: pgfcorequick.code.tex 2023-01-15 v3.1.10 (3.1.10)
)
(/global/common/software/nersc9/texlive/2024-17c650b50c05ee823c6093081103ed0ab7
6a21df/texmf-dist/tex/generic/pgf/basiclayer/pgfcoreobjects.code.tex
File: pgfcoreobjects.code.tex 2023-01-15 v3.1.10 (3.1.10)
)
(/global/common/software/nersc9/texlive/2024-17c650b50c05ee823c6093081103ed0ab7
6a21df/texmf-dist/tex/generic/pgf/basiclayer/pgfcorepathprocessing.code.tex
File: pgfcorepathprocessing.code.tex 2023-01-15 v3.1.10 (3.1.10)
)
(/global/common/software/nersc9/texlive/2024-17c650b50c05ee823c6093081103ed0ab7
6a21df/texmf-dist/tex/generic/pgf/basiclayer/pgfcorearrows.code.tex
File: pgfcorearrows.code.tex 2023-01-15 v3.1.10 (3.1.10)
\pgfarrowsep=\dimen293
)
(/global/common/software/nersc9/texlive/2024-17c650b50c05ee823c6093081103ed0ab7
6a21df/texmf-dist/tex/generic/pgf/basiclayer/pgfcoreshade.code.tex
File: pgfcoreshade.code.tex 2023-01-15 v3.1.10 (3.1.10)
\pgf@max=\dimen294
\pgf@sys@shading@range@num=\count335
\pgf@shadingcount=\count336
)
(/global/common/software/nersc9/texlive/2024-17c650b50c05ee823c6093081103ed0ab7
6a21df/texmf-dist/tex/generic/pgf/basiclayer/pgfcoreimage.code.tex
File: pgfcoreimage.code.tex 2023-01-15 v3.1.10 (3.1.10)
)
(/global/common/software/nersc9/texlive/2024-17c650b50c05ee823c6093081103ed0ab7
6a21df/texmf-dist/tex/generic/pgf/basiclayer/pgfcoreexternal.code.tex
File: pgfcoreexternal.code.tex 2023-01-15 v3.1.10 (3.1.10)
\pgfexternal@startupbox=\box71
)
(/global/common/software/nersc9/texlive/2024-17c650b50c05ee823c6093081103ed0ab7
6a21df/texmf-dist/tex/generic/pgf/basiclayer/pgfcorelayers.code.tex
File: pgfcorelayers.code.tex 2023-01-15 v3.1.10 (3.1.10)
)
(/global/common/software/nersc9/texlive/2024-17c650b50c05ee823c6093081103ed0ab7
6a21df/texmf-dist/tex/generic/pgf/basiclayer/pgfcoretransparency.code.tex
File: pgfcoretransparency.code.tex 2023-01-15 v3.1.10 (3.1.10)
)
(/global/common/software/nersc9/texlive/2024-17c650b50c05ee823c6093081103ed0ab7
6a21df/texmf-dist/tex/generic/pgf/basiclayer/pgfcorepatterns.code.tex
File: pgfcorepatterns.code.tex 2023-01-15 v3.1.10 (3.1.10)
)
(/global/common/software/nersc9/texlive/2024-17c650b50c05ee823c6093081103ed0ab7
6a21df/texmf-dist/tex/generic/pgf/basiclayer/pgfcorerdf.code.tex
File: pgfcorerdf.code.tex 2023-01-15 v3.1.10 (3.1.10)
)))
(/global/common/software/nersc9/texlive/2024-17c650b50c05ee823c6093081103ed0ab7
6a21df/texmf-dist/tex/generic/pgf/modules/pgfmoduleshapes.code.tex
File: pgfmoduleshapes.code.tex 2023-01-15 v3.1.10 (3.1.10)
\pgfnodeparttextbox=\box72
)
(/global/common/software/nersc9/texlive/2024-17c650b50c05ee823c6093081103ed0ab7
6a21df/texmf-dist/tex/generic/pgf/modules/pgfmoduleplot.code.tex
File: pgfmoduleplot.code.tex 2023-01-15 v3.1.10 (3.1.10)
)
(/global/common/software/nersc9/texlive/2024-17c650b50c05ee823c6093081103ed0ab7
6a21df/texmf-dist/tex/latex/pgf/compatibility/pgfcomp-version-0-65.sty
Package: pgfcomp-version-0-65 2023-01-15 v3.1.10 (3.1.10)
\pgf@nodesepstart=\dimen295
\pgf@nodesepend=\dimen296
)
(/global/common/software/nersc9/texlive/2024-17c650b50c05ee823c6093081103ed0ab7
6a21df/texmf-dist/tex/latex/pgf/compatibility/pgfcomp-version-1-18.sty
Package: pgfcomp-version-1-18 2023-01-15 v3.1.10 (3.1.10)
))
(/global/common/software/nersc9/texlive/2024-17c650b50c05ee823c6093081103ed0ab7
6a21df/texmf-dist/tex/latex/pgf/utilities/pgffor.sty
(/global/common/software/nersc9/texlive/2024-17c650b50c05ee823c6093081103ed0ab7
6a21df/texmf-dist/tex/latex/pgf/utilities/pgfkeys.sty
(/global/common/software/nersc9/texlive/2024-17c650b50c05ee823c6093081103ed0ab7
6a21df/texmf-dist/tex/generic/pgf/utilities/pgfkeys.code.tex))
(/global/common/software/nersc9/texlive/2024-17c650b50c05ee823c6093081103ed0ab7
6a21df/texmf-dist/tex/latex/pgf/math/pgfmath.sty
(/global/common/software/nersc9/texlive/2024-17c650b50c05ee823c6093081103ed0ab7
6a21df/texmf-dist/tex/generic/pgf/math/pgfmath.code.tex))
(/global/common/software/nersc9/texlive/2024-17c650b50c05ee823c6093081103ed0ab7
6a21df/texmf-dist/tex/generic/pgf/utilities/pgffor.code.tex
Package: pgffor 2023-01-15 v3.1.10 (3.1.10)
\pgffor@iter=\dimen297
\pgffor@skip=\dimen298
\pgffor@stack=\toks54
\pgffor@toks=\toks55
))
(/global/common/software/nersc9/texlive/2024-17c650b50c05ee823c6093081103ed0ab7
6a21df/texmf-dist/tex/generic/pgf/frontendlayer/tikz/tikz.code.tex
Package: tikz 2023-01-15 v3.1.10 (3.1.10)

(/global/common/software/nersc9/texlive/2024-17c650b50c05ee823c6093081103ed0ab7
6a21df/texmf-dist/tex/generic/pgf/libraries/pgflibraryplothandlers.code.tex
File: pgflibraryplothandlers.code.tex 2023-01-15 v3.1.10 (3.1.10)
\pgf@plot@mark@count=\count337
\pgfplotmarksize=\dimen299
)
\tikz@lastx=\dimen300
\tikz@lasty=\dimen301
\tikz@lastxsaved=\dimen302
\tikz@lastysaved=\dimen303
\tikz@lastmovetox=\dimen304
\tikz@lastmovetoy=\dimen305
\tikzleveldistance=\dimen306
\tikzsiblingdistance=\dimen307
\tikz@figbox=\box73
\tikz@figbox@bg=\box74
\tikz@tempbox=\box75
\tikz@tempbox@bg=\box76
\tikztreelevel=\count338
\tikznumberofchildren=\count339
\tikznumberofcurrentchild=\count340
\tikz@fig@count=\count341

(/global/common/software/nersc9/texlive/2024-17c650b50c05ee823c6093081103ed0ab7
6a21df/texmf-dist/tex/generic/pgf/modules/pgfmodulematrix.code.tex
File: pgfmodulematrix.code.tex 2023-01-15 v3.1.10 (3.1.10)
\pgfmatrixcurrentrow=\count342
\pgfmatrixcurrentcolumn=\count343
\pgf@matrix@numberofcolumns=\count344
)
\tikz@expandcount=\count345

(/global/common/software/nersc9/texlive/2024-17c650b50c05ee823c6093081103ed0ab7
6a21df/texmf-dist/tex/generic/pgf/frontendlayer/tikz/libraries/tikzlibrarytopat
hs.code.tex
File: tikzlibrarytopaths.code.tex 2023-01-15 v3.1.10 (3.1.10)
)))
(/global/common/software/nersc9/texlive/2024-17c650b50c05ee823c6093081103ed0ab7
6a21df/texmf-dist/tex/latex/tools/xspace.sty
Package: xspace 2014/10/28 v1.13 Space after command names (DPC,MH)
)
(/global/common/software/nersc9/texlive/2024-17c650b50c05ee823c6093081103ed0ab7
6a21df/texmf-dist/tex/generic/pgf/libraries/pgflibraryarrows.meta.code.tex
File: pgflibraryarrows.meta.code.tex 2023-01-15 v3.1.10 (3.1.10)
\pgfarrowinset=\dimen308
\pgfarrowlength=\dimen309
\pgfarrowwidth=\dimen310
\pgfarrowlinewidth=\dimen311
)
(/global/common/software/nersc9/texlive/2024-17c650b50c05ee823c6093081103ed0ab7
6a21df/texmf-dist/tex/generic/pgf/frontendlayer/tikz/libraries/tikzlibraryposit
ioning.code.tex
File: tikzlibrarypositioning.code.tex 2023-01-15 v3.1.10 (3.1.10)
)
(/global/common/software/nersc9/texlive/2024-17c650b50c05ee823c6093081103ed0ab7
6a21df/texmf-dist/tex/generic/pgf/frontendlayer/tikz/libraries/tikzlibraryfit.c
ode.tex
File: tikzlibraryfit.code.tex 2023-01-15 v3.1.10 (3.1.10)
)
(/global/common/software/nersc9/texlive/2024-17c650b50c05ee823c6093081103ed0ab7
6a21df/texmf-dist/tex/generic/pgf/frontendlayer/tikz/libraries/tikzlibrarycalc.
code.tex
File: tikzlibrarycalc.code.tex 2023-01-15 v3.1.10 (3.1.10)
)
(/global/common/software/nersc9/texlive/2024-17c650b50c05ee823c6093081103ed0ab7
6a21df/texmf-dist/tex/generic/pgf/frontendlayer/tikz/libraries/tikzlibrarypatte
rns.code.tex
File: tikzlibrarypatterns.code.tex 2023-01-15 v3.1.10 (3.1.10)

(/global/common/software/nersc9/texlive/2024-17c650b50c05ee823c6093081103ed0ab7
6a21df/texmf-dist/tex/generic/pgf/libraries/pgflibrarypatterns.code.tex
File: pgflibrarypatterns.code.tex 2023-01-15 v3.1.10 (3.1.10)
))
(/global/common/software/nersc9/texlive/2024-17c650b50c05ee823c6093081103ed0ab7
6a21df/texmf-dist/tex/generic/pgf/frontendlayer/tikz/libraries/tikzlibraryshape
s.geometric.code.tex
File: tikzlibraryshapes.geometric.code.tex 2023-01-15 v3.1.10 (3.1.10)

(/global/common/software/nersc9/texlive/2024-17c650b50c05ee823c6093081103ed0ab7
6a21df/texmf-dist/tex/generic/pgf/libraries/shapes/pgflibraryshapes.geometric.c
ode.tex
File: pgflibraryshapes.geometric.code.tex 2023-01-15 v3.1.10 (3.1.10)
)) (./figures/softwall_tikz_style.tex)
Class acmart Info: Printing bibformat on input line 17.
Class acmart Info: Printing CCS on input line 17.
Class acmart Info: Printing folios on input line 17.
\c@invariant=\count346
\c@proposition=\count347
Package hyperref Info: Option `colorlinks' set `true' on input line 31.
Package hyperref Info: Option `pdfdisplaydoctitle' set `true' on input line 31.

\c@theorem=\count348
 Include comment 'screenonly'
Excluding comment 'printonly' Excluding comment 'anonsuppress'
Excluding comment 'acks'
(/global/common/software/nersc9/texlive/2024-17c650b50c05ee823c6093081103ed0ab7
6a21df/texmf-dist/tex/latex/l3backend/l3backend-pdftex.def
File: l3backend-pdftex.def 2024-05-08 L3 backend support: PDF output (pdfTeX)
\l__color_backend_stack_int=\count349
\l__pdf_internal_box=\box77
) (./main.aux)
\openout1 = `main.aux'.

LaTeX Font Info:    Checking defaults for OML/nxlmi/m/it on input line 31.
LaTeX Font Info:    Trying to load font information for OML+nxlmi on input line
 31.

(/global/common/software/nersc9/texlive/2024-17c650b50c05ee823c6093081103ed0ab7
6a21df/texmf-dist/tex/latex/newtx/omlnxlmi.fd
File: omlnxlmi.fd 2013/11/19 Fontinst v1.933 font definitions for OML/nxlmi.
)
LaTeX Font Info:    ... okay on input line 31.
LaTeX Font Info:    Checking defaults for OMS/cmsy/m/n on input line 31.
LaTeX Font Info:    ... okay on input line 31.
LaTeX Font Info:    Checking defaults for OT1/cmr/m/n on input line 31.
LaTeX Font Info:    ... okay on input line 31.
LaTeX Font Info:    Checking defaults for T1/cmr/m/n on input line 31.
LaTeX Font Info:    ... okay on input line 31.
LaTeX Font Info:    Checking defaults for TS1/cmr/m/n on input line 31.
LaTeX Font Info:    ... okay on input line 31.
LaTeX Font Info:    Checking defaults for OMX/cmex/m/n on input line 31.
LaTeX Font Info:    ... okay on input line 31.
LaTeX Font Info:    Checking defaults for U/ntxexa/m/n on input line 31.
LaTeX Font Info:    Trying to load font information for U+ntxexa on input line 
31.

(/global/common/software/nersc9/texlive/2024-17c650b50c05ee823c6093081103ed0ab7
6a21df/texmf-dist/tex/latex/newtx/untxexa.fd
File: untxexa.fd 2012/04/16 Fontinst v1.933 font definitions for U/ntxexa.
)
LaTeX Font Info:    ... okay on input line 31.
LaTeX Font Info:    Checking defaults for PD1/pdf/m/n on input line 31.
LaTeX Font Info:    ... okay on input line 31.
LaTeX Font Info:    Checking defaults for PU/pdf/m/n on input line 31.
LaTeX Font Info:    ... okay on input line 31.
LaTeX Font Info:    Checking defaults for LMS/ntxsy/m/n on input line 31.
LaTeX Font Info:    Trying to load font information for LMS+ntxsy on input line
 31.

(/global/common/software/nersc9/texlive/2024-17c650b50c05ee823c6093081103ed0ab7
6a21df/texmf-dist/tex/latex/newtx/lmsntxsy.fd
File: lmsntxsy.fd 2016/07/02 Fontinst v1.933 font definitions for LMS/ntxsy.
)
LaTeX Font Info:    ... okay on input line 31.
LaTeX Font Info:    Checking defaults for LMX/ntxexx/m/n on input line 31.
LaTeX Font Info:    Trying to load font information for LMX+ntxexx on input lin
e 31.

(/global/common/software/nersc9/texlive/2024-17c650b50c05ee823c6093081103ed0ab7
6a21df/texmf-dist/tex/latex/newtx/lmxntxexx.fd
File: lmxntxexx.fd 2016/07/03 Fontinst v1.933 font definitions for LMX/ntxexx.
)
LaTeX Font Info:    ... okay on input line 31.
LaTeX Font Info:    Font shape `T1/LinuxLibertineT-TLF/m/n' will be
(Font)              scaled to size 8.0pt on input line 31.
LaTeX Font Info:    Trying to load font information for OT1+LinuxLibertineT-TLF
 on input line 31.

(/global/common/software/nersc9/texlive/2024-17c650b50c05ee823c6093081103ed0ab7
6a21df/texmf-dist/tex/latex/libertine/OT1LinuxLibertineT-TLF.fd
File: OT1LinuxLibertineT-TLF.fd 2017/03/20 (autoinst) Font definitions for OT1/
LinuxLibertineT-TLF.
)
LaTeX Font Info:    Font shape `OT1/LinuxLibertineT-TLF/m/n' will be
(Font)              scaled to size 8.0pt on input line 31.
<<ot1.cmap>>
LaTeX Font Info:    Font shape `OT1/LinuxLibertineT-TLF/m/n' will be
(Font)              scaled to size 6.0pt on input line 31.
LaTeX Font Info:    Font shape `OT1/LinuxLibertineT-TLF/m/n' will be
(Font)              scaled to size 5.5pt on input line 31.
LaTeX Font Info:    Font shape `OML/nxlmi/m/it' will be
(Font)              scaled to size 8.0pt on input line 31.
<<oml.cmap>>
LaTeX Font Info:    Font shape `OML/nxlmi/m/it' will be
(Font)              scaled to size 6.0pt on input line 31.
LaTeX Font Info:    Font shape `OML/nxlmi/m/it' will be
(Font)              scaled to size 5.5pt on input line 31.
LaTeX Font Info:    Font shape `LMS/ntxsy/m/n' will be
(Font)              scaled to size 8.0pt on input line 31.
LaTeX Font Info:    Font shape `LMS/ntxsy/m/n' will be
(Font)              scaled to size 6.0pt on input line 31.
LaTeX Font Info:    Font shape `LMS/ntxsy/m/n' will be
(Font)              scaled to size 5.5pt on input line 31.
LaTeX Font Info:    Font shape `LMX/ntxexx/m/n' will be
(Font)              scaled to size 8.0pt on input line 31.
LaTeX Font Info:    Font shape `LMX/ntxexx/m/n' will be
(Font)              scaled to size 6.0pt on input line 31.
LaTeX Font Info:    Font shape `LMX/ntxexx/m/n' will be
(Font)              scaled to size 5.5pt on input line 31.
LaTeX Font Info:    Trying to load font information for U+msa on input line 31.


(/global/common/software/nersc9/texlive/2024-17c650b50c05ee823c6093081103ed0ab7
6a21df/texmf-dist/tex/latex/amsfonts/umsa.fd
File: umsa.fd 2013/01/14 v3.01 AMS symbols A
)
LaTeX Font Info:    Trying to load font information for U+msb on input line 31.


(/global/common/software/nersc9/texlive/2024-17c650b50c05ee823c6093081103ed0ab7
6a21df/texmf-dist/tex/latex/amsfonts/umsb.fd
File: umsb.fd 2013/01/14 v3.01 AMS symbols B
)
LaTeX Font Info:    Trying to load font information for U+ntxmia on input line 
31.

(/global/common/software/nersc9/texlive/2024-17c650b50c05ee823c6093081103ed0ab7
6a21df/texmf-dist/tex/latex/gelasiomath/untxmia.fd
File: untxmia.fd 2024/04/09 Fontinst v1.933 font definitions for U/ntxmia.
)
LaTeX Font Info:    Font shape `U/ntxmia/m/it' will be
(Font)              scaled to size 8.0pt on input line 31.
LaTeX Font Info:    Font shape `U/ntxmia/m/it' will be
(Font)              scaled to size 6.0pt on input line 31.
LaTeX Font Info:    Font shape `U/ntxmia/m/it' will be
(Font)              scaled to size 5.5pt on input line 31.
LaTeX Font Info:    Trying to load font information for U+ntxsym on input line 
31.

(/global/common/software/nersc9/texlive/2024-17c650b50c05ee823c6093081103ed0ab7
6a21df/texmf-dist/tex/latex/newtx/untxsym.fd
File: untxsym.fd 2023/08/16 Fontinst v1.933 font definitions for U/ntxsym.
)
LaTeX Font Info:    Font shape `U/ntxsym/m/n' will be
(Font)              scaled to size 8.0pt on input line 31.
LaTeX Font Info:    Font shape `U/ntxsym/m/n' will be
(Font)              scaled to size 6.0pt on input line 31.
LaTeX Font Info:    Font shape `U/ntxsym/m/n' will be
(Font)              scaled to size 5.5pt on input line 31.
LaTeX Font Info:    Trying to load font information for U+ntxsyc on input line 
31.

(/global/common/software/nersc9/texlive/2024-17c650b50c05ee823c6093081103ed0ab7
6a21df/texmf-dist/tex/latex/newtx/untxsyc.fd
File: untxsyc.fd 2012/04/12 Fontinst v1.933 font definitions for U/ntxsyc.
)
LaTeX Font Info:    Font shape `U/ntxsyc/m/n' will be
(Font)              scaled to size 8.0pt on input line 31.
LaTeX Font Info:    Font shape `U/ntxsyc/m/n' will be
(Font)              scaled to size 6.0pt on input line 31.
LaTeX Font Info:    Font shape `U/ntxsyc/m/n' will be
(Font)              scaled to size 5.5pt on input line 31.
LaTeX Font Info:    Font shape `U/ntxexa/m/n' will be
(Font)              scaled to size 8.0pt on input line 31.
LaTeX Font Info:    Font shape `U/ntxexa/m/n' will be
(Font)              scaled to size 6.0pt on input line 31.
LaTeX Font Info:    Font shape `U/ntxexa/m/n' will be
(Font)              scaled to size 5.5pt on input line 31.
LaTeX Info: Command `\dddot' is already robust on input line 31.
LaTeX Info: Command `\ddddot' is already robust on input line 31.
LaTeX Info: Redefining \microtypecontext on input line 31.
Package microtype Info: Applying patch `item' on input line 31.
Package microtype Info: Applying patch `toc' on input line 31.
Package microtype Info: Applying patch `eqnum' on input line 31.
Package microtype Info: Applying patch `footnote' on input line 31.
Package microtype Info: Applying patch `verbatim' on input line 31.
LaTeX Info: Redefining \microtypesetup on input line 31.
Package microtype Info: Generating PDF output.
Package microtype Info: Character protrusion enabled (level 2).
Package microtype Info: Using default protrusion set `alltext'.
Package microtype Info: Automatic font expansion enabled (level 2),
(microtype)             stretch: 20, shrink: 20, step: 1, non-selected.
Package microtype Info: Using default expansion set `alltext-nott'.
LaTeX Info: Redefining \showhyphens on input line 31.
Package microtype Info: No adjustment of tracking.
Package microtype Info: No adjustment of interword spacing.
Package microtype Info: No adjustment of character kerning.
Package microtype Info: Loading generic protrusion settings for font family
(microtype)             `LinuxLibertineT-TLF' (encoding: T1).
(microtype)             For optimal results, create family-specific settings.
(microtype)             See the microtype manual for details.
Package hyperref Info: Link coloring ON on input line 31.
 (./main.out) (./main.out)
\@outlinefile=\write5
\openout5 = `main.out'.


(/global/common/software/nersc9/texlive/2024-17c650b50c05ee823c6093081103ed0ab7
6a21df/texmf-dist/tex/context/base/mkii/supp-pdf.mkii
[Loading MPS to PDF converter (version 2006.09.02).]
\scratchcounter=\count350
\scratchdimen=\dimen312
\scratchbox=\box78
\nofMPsegments=\count351
\nofMParguments=\count352
\everyMPshowfont=\toks56
\MPscratchCnt=\count353
\MPscratchDim=\dimen313
\MPnumerator=\count354
\makeMPintoPDFobject=\count355
\everyMPtoPDFconversion=\toks57
)
(/global/common/software/nersc9/texlive/2024-17c650b50c05ee823c6093081103ed0ab7
6a21df/texmf-dist/tex/latex/epstopdf-pkg/epstopdf-base.sty
Package: epstopdf-base 2020-01-24 v2.11 Base part for package epstopdf
Package epstopdf-base Info: Redefining graphics rule for `.eps' on input line 4
85.

(/global/common/software/nersc9/texlive/2024-17c650b50c05ee823c6093081103ed0ab7
6a21df/texmf-dist/tex/latex/latexconfig/epstopdf-sys.cfg
File: epstopdf-sys.cfg 2010/07/13 v1.3 Configuration of (r)epstopdf for TeX Liv
e
))
*geometry* driver: auto-detecting
*geometry* detected driver: pdftex
*geometry* verbose mode - [ preamble ] result:
* driver: pdftex
* paper: custom
* layout: <same size as paper>
* layoutoffset:(h,v)=(0.0pt,0.0pt)
* modes: includehead includefoot twoside heightrounded 
* h-part:(L,W,R)=(46.0pt, 395.8225pt, 46.0pt)
* v-part:(T,H,B)=(58.0pt, 620.7pt, 44.0pt)
* \paperwidth=487.8225pt
* \paperheight=722.7pt
* \textwidth=395.8225pt
* \textheight=574.0pt
* \oddsidemargin=-26.26999pt
* \evensidemargin=-26.26999pt
* \topmargin=-14.26999pt
* \headheight=13.0pt
* \headsep=14.0pt
* \topskip=10.0pt
* \footskip=24.0pt
* \marginparwidth=24.0pt
* \marginparsep=11.0pt
* \columnsep=10.0pt
* \skip\footins=7.0pt plus 11.0pt
* \hoffset=0.0pt
* \voffset=0.0pt
* \mag=1000
* \@twocolumnfalse
* \@twosidetrue
* \@mparswitchtrue
* \@reversemarginfalse
* (1in=72.27pt=25.4mm, 1cm=28.453pt)

\c@mv@tabular=\count356
\c@mv@boldtabular=\count357

(/global/common/software/nersc9/texlive/2024-17c650b50c05ee823c6093081103ed0ab7
6a21df/texmf-dist/tex/latex/upquote/upquote.sty
Package: upquote 2012/04/19 v1.3 upright-quote and grave-accent glyphs in verba
tim
)
Package caption Info: Begin \AtBeginDocument code.
Package caption Info: float package is loaded.
Package caption Info: End \AtBeginDocument code.
 Excluding 'CCSXML' comment.
LaTeX Font Info:    Font shape `T1/LinuxLibertineT-TLF/m/n' will be
(Font)              scaled to size 14.4pt on input line 80.
LaTeX Font Info:    Trying to load font information for T1+LinuxBiolinumT-TLF o
n input line 80.

(/global/common/software/nersc9/texlive/2024-17c650b50c05ee823c6093081103ed0ab7
6a21df/texmf-dist/tex/latex/libertine/T1LinuxBiolinumT-TLF.fd
File: T1LinuxBiolinumT-TLF.fd 2017/03/20 (autoinst) Font definitions for T1/Lin
uxBiolinumT-TLF.
)
LaTeX Font Info:    Font shape `T1/LinuxBiolinumT-TLF/m/n' will be
(Font)              scaled to size 14.4pt on input line 80.
Package microtype Info: Loading generic protrusion settings for font family
(microtype)             `LinuxBiolinumT-TLF' (encoding: T1).
(microtype)             For optimal results, create family-specific settings.
(microtype)             See the microtype manual for details.
LaTeX Font Info:    Font shape `T1/LinuxBiolinumT-TLF/b/n' will be
(Font)              scaled to size 14.4pt on input line 80.
LaTeX Font Info:    Font shape `T1/LinuxLibertineT-TLF/m/n' will be
(Font)              scaled to size 10.95pt on input line 80.
LaTeX Font Info:    Font shape `T1/LinuxBiolinumT-TLF/m/n' will be
(Font)              scaled to size 10.95pt on input line 80.
LaTeX Font Info:    Font shape `T1/LinuxLibertineT-TLF/m/n' will be
(Font)              scaled to size 9.0pt on input line 80.
LaTeX Font Info:    Trying to load font information for TS1+LinuxLibertineT-TLF
 on input line 80.

(/global/common/software/nersc9/texlive/2024-17c650b50c05ee823c6093081103ed0ab7
6a21df/texmf-dist/tex/latex/libertine/TS1LinuxLibertineT-TLF.fd
File: TS1LinuxLibertineT-TLF.fd 2017/03/20 (autoinst) Font definitions for TS1/
LinuxLibertineT-TLF.
)
LaTeX Font Info:    Font shape `TS1/LinuxLibertineT-TLF/m/n' will be
(Font)              scaled to size 9.0pt on input line 80.
Package microtype Info: Loading generic protrusion settings for font family
(microtype)             `LinuxLibertineT-TLF' (encoding: TS1).
(microtype)             For optimal results, create family-specific settings.
(microtype)             See the microtype manual for details.
LaTeX Font Info:    Font shape `T1/LinuxLibertineT-TLF/b/n' will be
(Font)              scaled to size 9.0pt on input line 80.
LaTeX Font Info:    Font shape `OT1/LinuxLibertineT-TLF/m/n' will be
(Font)              scaled to size 9.0pt on input line 80.
Package microtype Info: Loading generic protrusion settings for font family
(microtype)             `LinuxLibertineT-TLF' (encoding: OT1).
(microtype)             For optimal results, create family-specific settings.
(microtype)             See the microtype manual for details.
LaTeX Font Info:    Font shape `OT1/LinuxLibertineT-TLF/m/n' will be
(Font)              scaled to size 6.6pt on input line 80.
LaTeX Font Info:    Font shape `OML/nxlmi/m/it' will be
(Font)              scaled to size 9.0pt on input line 80.
LaTeX Font Info:    Font shape `OML/nxlmi/m/it' will be
(Font)              scaled to size 6.6pt on input line 80.
LaTeX Font Info:    Font shape `LMS/ntxsy/m/n' will be
(Font)              scaled to size 9.0pt on input line 80.
LaTeX Font Info:    Font shape `LMS/ntxsy/m/n' will be
(Font)              scaled to size 6.6pt on input line 80.
LaTeX Font Info:    Font shape `LMX/ntxexx/m/n' will be
(Font)              scaled to size 9.0pt on input line 80.
LaTeX Font Info:    Font shape `LMX/ntxexx/m/n' will be
(Font)              scaled to size 6.6pt on input line 80.

(/global/common/software/nersc9/texlive/2024-17c650b50c05ee823c6093081103ed0ab7
6a21df/texmf-dist/tex/latex/microtype/mt-msa.cfg
File: mt-msa.cfg 2006/02/04 v1.1 microtype config. file: AMS symbols (a) (RS)
)
(/global/common/software/nersc9/texlive/2024-17c650b50c05ee823c6093081103ed0ab7
6a21df/texmf-dist/tex/latex/microtype/mt-msb.cfg
File: mt-msb.cfg 2005/06/01 v1.0 microtype config. file: AMS symbols (b) (RS)
)
LaTeX Font Info:    Font shape `U/ntxmia/m/it' will be
(Font)              scaled to size 9.0pt on input line 80.
LaTeX Font Info:    Font shape `U/ntxmia/m/it' will be
(Font)              scaled to size 6.6pt on input line 80.
LaTeX Font Info:    Font shape `U/ntxsym/m/n' will be
(Font)              scaled to size 9.0pt on input line 80.
LaTeX Font Info:    Font shape `U/ntxsym/m/n' will be
(Font)              scaled to size 6.6pt on input line 80.
LaTeX Font Info:    Font shape `U/ntxsyc/m/n' will be
(Font)              scaled to size 9.0pt on input line 80.
LaTeX Font Info:    Font shape `U/ntxsyc/m/n' will be
(Font)              scaled to size 6.6pt on input line 80.
LaTeX Font Info:    Font shape `U/ntxexa/m/n' will be
(Font)              scaled to size 9.0pt on input line 80.
LaTeX Font Info:    Font shape `U/ntxexa/m/n' will be
(Font)              scaled to size 6.6pt on input line 80.
LaTeX Font Info:    Font shape `T1/LinuxLibertineT-TLF/m/it' will be
(Font)              scaled to size 9.0pt on input line 80.
LaTeX Font Info:    Font shape `T1/LinuxBiolinumT-TLF/m/n' will be
(Font)              scaled to size 10.0pt on input line 82.
LaTeX Font Info:    Font shape `T1/LinuxBiolinumT-TLF/b/n' will be
(Font)              scaled to size 10.0pt on input line 82.
LaTeX Font Info:    Font shape `T1/LinuxBiolinumT-TLF/m/n' will be
(Font)              scaled to size 9.0pt on input line 108.


LaTeX Font Info:    Font shape `T1/LinuxLibertineT-TLF/m/n' will be
(Font)              scaled to size 7.0pt on input line 134.
[1.1{/global/common/software/nersc9/texlive/2024-17c650b50c05ee823c6093081103ed
0ab76a21df/texmf-var/fonts/map/pdftex/updmap/pdftex.map}{/global/common/softwar
e/nersc9/texlive/2024-17c650b50c05ee823c6093081103ed0ab76a21df/texmf-dist/fonts
/enc/dvips/libertine/lbtn_76gpa5.enc}{/global/common/software/nersc9/texlive/20
24-17c650b50c05ee823c6093081103ed0ab76a21df/texmf-dist/fonts/enc/dvips/libertin
e/lbtn_25tcsq.enc}{/global/common/software/nersc9/texlive/2024-17c650b50c05ee82
3c6093081103ed0ab76a21df/texmf-dist/fonts/enc/dvips/libertine/lbtn_naooyc.enc}{
/global/common/software/nersc9/texlive/2024-17c650b50c05ee823c6093081103ed0ab76
a21df/texmf-dist/fonts/enc/dvips/libertine/lbtn_nh77jq.enc}{/global/common/soft
ware/nersc9/texlive/2024-17c650b50c05ee823c6093081103ed0ab76a21df/texmf-dist/fo
nts/enc/dvips/libertine/lbtn_7grukw.enc}]
LaTeX Font Info:    Font shape `T1/LinuxLibertineT-TLF/m/it' will be
(Font)              scaled to size 10.0pt on input line 137.
LaTeX Font Info:    Font shape `T1/LinuxLibertineT-TLF/m/sc' will be
(Font)              scaled to size 10.0pt on input line 144.

(./figures/softwall_airan_background.tex
LaTeX Font Info:    Font shape `T1/LinuxLibertineT-TLF/b/n' will be
(Font)              scaled to size 10.0pt on input line 66.
LaTeX Font Info:    Font shape `T1/LinuxLibertineT-TLF/b/n' will be
(Font)              scaled to size 7.0pt on input line 66.
LaTeX Font Info:    Font shape `T1/LinuxLibertineT-TLF/m/it' will be
(Font)              scaled to size 6.0pt on input line 66.
LaTeX Font Info:    Font shape `OT1/LinuxLibertineT-TLF/m/n' will be
(Font)              scaled to size 7.3pt on input line 66.
LaTeX Font Info:    Font shape `OML/nxlmi/m/it' will be
(Font)              scaled to size 7.3pt on input line 66.
LaTeX Font Info:    Font shape `LMS/ntxsy/m/n' will be
(Font)              scaled to size 7.3pt on input line 66.
LaTeX Font Info:    Font shape `LMX/ntxexx/m/n' will be
(Font)              scaled to size 7.3pt on input line 66.
LaTeX Font Info:    Font shape `U/ntxmia/m/it' will be
(Font)              scaled to size 7.3pt on input line 66.
LaTeX Font Info:    Font shape `U/ntxsym/m/n' will be
(Font)              scaled to size 7.3pt on input line 66.
LaTeX Font Info:    Font shape `U/ntxsyc/m/n' will be
(Font)              scaled to size 7.3pt on input line 66.
LaTeX Font Info:    Font shape `U/ntxexa/m/n' will be
(Font)              scaled to size 7.3pt on input line 66.
LaTeX Font Info:    Font shape `T1/LinuxLibertineT-TLF/m/it' will be
(Font)              scaled to size 7.0pt on input line 66.
LaTeX Font Info:    Font shape `T1/LinuxLibertineT-TLF/m/n' will be
(Font)              scaled to size 6.0pt on input line 66.
)

LaTeX Font Info:    Font shape `T1/LinuxBiolinumT-TLF/m/n' will be
(Font)              scaled to size 8.0pt on input line 187.
[2.2{/global/common/software/nersc9/texlive/2024-17c650b50c05ee823c6093081103ed
0ab76a21df/texmf-dist/fonts/enc/dvips/libertine/lbtn_ncsllp.enc}]
<figures/softwall_debt.pdf, id=185, 345.38597pt x 144.67938pt>
File: figures/softwall_debt.pdf Graphic file (type pdf)
<use figures/softwall_debt.pdf>
Package pdftex.def Info: figures/softwall_debt.pdf  used on input line 190.
(pdftex.def)             Requested size: 356.23782pt x 149.22893pt.


[3.3 <./figures/softwall_debt.pdf>]
<figures/softwall_execution.pdf, id=224, 346.59048pt x 135.88087pt>
File: figures/softwall_execution.pdf Graphic file (type pdf)
<use figures/softwall_execution.pdf>
Package pdftex.def Info: figures/softwall_execution.pdf  used on input line 219
.
(pdftex.def)             Requested size: 356.23782pt x 139.67273pt.
LaTeX Font Info:    Font shape `OT1/LinuxLibertineT-TLF/m/n' will be
(Font)              scaled to size 10.0pt on input line 257.
LaTeX Font Info:    Font shape `OML/nxlmi/m/it' will be
(Font)              scaled to size 10.0pt on input line 257.
LaTeX Font Info:    Font shape `LMS/ntxsy/m/n' will be
(Font)              scaled to size 10.0pt on input line 257.
LaTeX Font Info:    Font shape `LMX/ntxexx/m/n' will be
(Font)              scaled to size 10.0pt on input line 257.
LaTeX Font Info:    Font shape `U/ntxmia/m/it' will be
(Font)              scaled to size 10.0pt on input line 257.
LaTeX Font Info:    Font shape `U/ntxsym/m/n' will be
(Font)              scaled to size 10.0pt on input line 257.
LaTeX Font Info:    Font shape `U/ntxsyc/m/n' will be
(Font)              scaled to size 10.0pt on input line 257.
LaTeX Font Info:    Font shape `U/ntxexa/m/n' will be
(Font)              scaled to size 10.0pt on input line 257.
 (./figures/softwall_scheduling_problem.tex)

[4.4{/global/common/software/nersc9/texlive/2024-17c650b50c05ee823c6093081103ed
0ab76a21df/texmf-dist/fonts/enc/dvips/libertine/lbtn_oexx6f.enc} <./figures/sof
twall_execution.pdf>]
Underfull \vbox (badness 10000) has occurred while \output is active []



[5.5] (./figures/softwall_overall_architecture.tex
LaTeX Font Info:    Font shape `T1/LinuxLibertineT-TLF/b/n' will be
(Font)              scaled to size 8.0pt on input line 231.
LaTeX Font Info:    Font shape `T1/LinuxLibertineT-TLF/b/n' will be
(Font)              scaled to size 6.0pt on input line 231.
LaTeX Font Info:    Font shape `OT1/LinuxLibertineT-TLF/m/n' will be
(Font)              scaled to size 6.5pt on input line 231.
LaTeX Font Info:    Font shape `OML/nxlmi/m/it' will be
(Font)              scaled to size 6.5pt on input line 231.
LaTeX Font Info:    Font shape `LMS/ntxsy/m/n' will be
(Font)              scaled to size 6.5pt on input line 231.
LaTeX Font Info:    Font shape `LMX/ntxexx/m/n' will be
(Font)              scaled to size 6.5pt on input line 231.
LaTeX Font Info:    Font shape `U/ntxmia/m/it' will be
(Font)              scaled to size 6.5pt on input line 231.
LaTeX Font Info:    Font shape `U/ntxsym/m/n' will be
(Font)              scaled to size 6.5pt on input line 231.
LaTeX Font Info:    Font shape `U/ntxsyc/m/n' will be
(Font)              scaled to size 6.5pt on input line 231.
LaTeX Font Info:    Font shape `U/ntxexa/m/n' will be
(Font)              scaled to size 6.5pt on input line 231.
LaTeX Font Info:    Font shape `T1/LinuxLibertineT-TLF/b/it' will be
(Font)              scaled to size 10.0pt on input line 231.
LaTeX Font Info:    Font shape `T1/LinuxLibertineT-TLF/b/it' will be
(Font)              scaled to size 7.0pt on input line 231.
)

[6.6]
LaTeX Font Info:    Font shape `T1/LinuxLibertineT-TLF/m/n' will be
(Font)              scaled to size 7.3pt on input line 392.
LaTeX Font Info:    Font shape `T1/LinuxLibertineT-TLF/m/n' will be
(Font)              scaled to size 5.5pt on input line 392.


[7.7{/global/common/software/nersc9/texlive/2024-17c650b50c05ee823c6093081103ed
0ab76a21df/texmf-dist/fonts/enc/dvips/libertine/lbtn_ki75ao.enc}]
(./figures/softwall_atomic_replan.tex)

[8.8] (./figures/softwall_physical_refinement.tex)
Underfull \vbox (badness 10000) has occurred while \output is active []



[9.9]
LaTeX Font Info:    Trying to load font information for T1+zi4 on input line 51
7.

(/global/common/software/nersc9/texlive/2024-17c650b50c05ee823c6093081103ed0ab7
6a21df/texmf-dist/tex/latex/inconsolata/t1zi4.fd
File: t1zi4.fd 2018/01/14 T1/zi4 (Inconsolata)
)
LaTeX Font Info:    Font shape `T1/zi4/m/n' will be
(Font)              scaled to size 10.0pt on input line 517.
Package microtype Info: Loading generic protrusion settings for font family
(microtype)             `zi4' (encoding: T1).
(microtype)             For optimal results, create family-specific settings.
(microtype)             See the microtype manual for details.
LaTeX Font Info:    Font shape `T1/LinuxLibertineT-TLF/b/sc' will be
(Font)              scaled to size 9.0pt on input line 571.
LaTeX Font Info:    Font shape `T1/LinuxLibertineT-TLF/m/sc' will be
(Font)              scaled to size 9.0pt on input line 571.

Underfull \vbox (badness 10000) has occurred while \output is active []



[10.10{/global/common/software/nersc9/texlive/2024-17c650b50c05ee823c6093081103
ed0ab76a21df/texmf-dist/fonts/enc/dvips/inconsolata/i4-t1-4.enc}]

[11.11{/global/common/software/nersc9/texlive/2024-17c650b50c05ee823c6093081103
ed0ab76a21df/texmf-dist/fonts/enc/dvips/libertine/lbtn_tlukpt.enc}]

[12.12]

[13.13]
<figures/softwall_eval_capacity.pdf, id=349, 360.5053pt x 132.1053pt>
File: figures/softwall_eval_capacity.pdf Graphic file (type pdf)
<use figures/softwall_eval_capacity.pdf>
Package pdftex.def Info: figures/softwall_eval_capacity.pdf  used on input line
 780.
(pdftex.def)             Requested size: 356.23782pt x 130.54274pt.
<figures/softwall_eval_drivers.pdf, id=351, 366.57883pt x 132.16803pt>
File: figures/softwall_eval_drivers.pdf Graphic file (type pdf)
<use figures/softwall_eval_drivers.pdf>
Package pdftex.def Info: figures/softwall_eval_drivers.pdf  used on input line 
812.
(pdftex.def)             Requested size: 356.23782pt x 128.44482pt.


[14.14]

[15.15 <./figures/softwall_eval_capacity.pdf> <./figures/softwall_eval_drivers.
pdf>]
<figures/softwall_eval_trace.pdf, id=400, 357.0044pt x 137.95126pt>
File: figures/softwall_eval_trace.pdf Graphic file (type pdf)
<use figures/softwall_eval_trace.pdf>
Package pdftex.def Info: figures/softwall_eval_trace.pdf  used on input line 85
0.
(pdftex.def)             Requested size: 356.23782pt x 137.6562pt.


[16.16 <./figures/softwall_eval_trace.pdf>]
<figures/softwall_eval_online.pdf, id=416, 368.62155pt x 149.65698pt>
File: figures/softwall_eval_online.pdf Graphic file (type pdf)
<use figures/softwall_eval_online.pdf>
Package pdftex.def Info: figures/softwall_eval_online.pdf  used on input line 9
13.
(pdftex.def)             Requested size: 356.23782pt x 144.63959pt.


[17.17 <./figures/softwall_eval_online.pdf>]
<figures/softwall_eval_safety.pdf, id=439, 352.22089pt x 151.15321pt>
File: figures/softwall_eval_safety.pdf Graphic file (type pdf)
<use figures/softwall_eval_safety.pdf>
Package pdftex.def Info: figures/softwall_eval_safety.pdf  used on input line 9
66.
(pdftex.def)             Requested size: 356.23782pt x 152.87572pt.


[18.18 <./figures/softwall_eval_safety.pdf>]
<figures/softwall_eval_refinement.pdf, id=462, 356.47427pt x 169.27527pt>
File: figures/softwall_eval_refinement.pdf Graphic file (type pdf)
<use figures/softwall_eval_refinement.pdf>
Package pdftex.def Info: figures/softwall_eval_refinement.pdf  used on input li
ne 1005.
(pdftex.def)             Requested size: 356.23782pt x 169.16377pt.
<figures/softwall_envelope.pdf, id=465, 355.86905pt x 135.88087pt>
File: figures/softwall_envelope.pdf Graphic file (type pdf)
<use figures/softwall_envelope.pdf>
Package pdftex.def Info: figures/softwall_envelope.pdf  used on input line 1052
.
(pdftex.def)             Requested size: 356.23782pt x 136.02982pt.


[19.19 <./figures/softwall_eval_refinement.pdf>]
<figures/softwall_eval_sensitivity.pdf, id=483, 361.72647pt x 146.44098pt>
File: figures/softwall_eval_sensitivity.pdf Graphic file (type pdf)
<use figures/softwall_eval_sensitivity.pdf>
Package pdftex.def Info: figures/softwall_eval_sensitivity.pdf  used on input l
ine 1092.
(pdftex.def)             Requested size: 356.23782pt x 144.2195pt.


[20.20 <./figures/softwall_envelope.pdf>]

[21.21 <./figures/softwall_eval_sensitivity.pdf>]

[22.22] (./main.bbl
LaTeX Font Info:    Font shape `T1/LinuxLibertineT-TLF/m/it' will be
(Font)              scaled to size 8.0pt on input line 44.
LaTeX Info: Redefining \tempurl on input line 62.
LaTeX Info: Redefining \tempurl on input line 82.
LaTeX Info: Redefining \tempurl on input line 97.
LaTeX Info: Redefining \tempurl on input line 112.
LaTeX Info: Redefining \tempurl on input line 140.
LaTeX Info: Redefining \tempurl on input line 155.
LaTeX Info: Redefining \tempurl on input line 170.
LaTeX Info: Redefining \tempurl on input line 187.

Underfull \vbox (badness 2189) has occurred while \output is active []



[23.23]
LaTeX Info: Redefining \tempurl on input line 203.
LaTeX Info: Redefining \tempurl on input line 217.
LaTeX Info: Redefining \tempurl on input line 233.
LaTeX Info: Redefining \tempurl on input line 246.
LaTeX Info: Redefining \tempurl on input line 259.
LaTeX Info: Redefining \tempurl on input line 274.
LaTeX Info: Redefining \tempurl on input line 287.
LaTeX Info: Redefining \tempurl on input line 304.
LaTeX Info: Redefining \tempurl on input line 321.
LaTeX Info: Redefining \tempurl on input line 338.
LaTeX Info: Redefining \tempurl on input line 352.
LaTeX Info: Redefining \tempurl on input line 368.
LaTeX Info: Redefining \tempurl on input line 383.
LaTeX Info: Redefining \tempurl on input line 403.
LaTeX Info: Redefining \tempurl on input line 417.
)


(/global/common/software/nersc9/texlive/2024-17c650b50c05ee823c6093081103ed0ab7
6a21df/texmf-dist/tex/generic/stringenc/se-pdfdoc.def
File: se-pdfdoc.def 2019/11/29 v1.12 stringenc: PDFDocEncoding
)
(/global/common/software/nersc9/texlive/2024-17c650b50c05ee823c6093081103ed0ab7
6a21df/texmf-dist/tex/generic/stringenc/se-utf8.def
File: se-utf8.def 2019/11/29 v1.12 stringenc: UTF-8
) [24.24] (./main.aux)
 ***********
LaTeX2e <2024-11-01> patch level 1
L3 programming layer <2024-11-02>
 ***********
Package rerunfilecheck Info: File `main.out' has not changed.
(rerunfilecheck)             Checksum: 745ECF25AFF9067C22062460D9E74015;4750.
 ) 
Here is how much of TeX's memory you used:
 33840 strings out of 473330
 652526 string characters out of 5676676
 1100112 words of memory out of 5000000
 55277 multiletter control sequences out of 15000+600000
 831767 words of font info for 642 fonts, out of 8000000 for 9000
 1302 hyphenation exceptions out of 8191
 90i,17n,131p,1385b,857s stack positions out of 10000i,1000n,20000p,200000b,200000s
</global/common/software/nersc9/texlive/2024-17c650b50c05ee823c6093081103ed0a
b76a21df/texmf-dist/fonts/type1/public/inconsolata/Inconsolata-zi4r.pfb></globa
l/common/software/nersc9/texlive/2024-17c650b50c05ee823c6093081103ed0ab76a21df/
texmf-dist/fonts/type1/public/newtx/LibertineMathMI.pfb></global/common/softwar
e/nersc9/texlive/2024-17c650b50c05ee823c6093081103ed0ab76a21df/texmf-dist/fonts
/type1/public/newtx/LibertineMathMI5.pfb></global/common/software/nersc9/texliv
e/2024-17c650b50c05ee823c6093081103ed0ab76a21df/texmf-dist/fonts/type1/public/n
ewtx/LibertineMathMI7.pfb></global/common/software/nersc9/texlive/2024-17c650b5
0c05ee823c6093081103ed0ab76a21df/texmf-dist/fonts/type1/public/libertine/LinBio
linumT.pfb></global/common/software/nersc9/texlive/2024-17c650b50c05ee823c60930
81103ed0ab76a21df/texmf-dist/fonts/type1/public/libertine/LinBiolinumTB.pfb></g
lobal/common/software/nersc9/texlive/2024-17c650b50c05ee823c6093081103ed0ab76a2
1df/texmf-dist/fonts/type1/public/libertine/LinLibertineT.pfb></global/common/s
oftware/nersc9/texlive/2024-17c650b50c05ee823c6093081103ed0ab76a21df/texmf-dist
/fonts/type1/public/libertine/LinLibertineTB.pfb></global/common/software/nersc
9/texlive/2024-17c650b50c05ee823c6093081103ed0ab76a21df/texmf-dist/fonts/type1/
public/libertine/LinLibertineTBI.pfb></global/common/software/nersc9/texlive/20
24-17c650b50c05ee823c6093081103ed0ab76a21df/texmf-dist/fonts/type1/public/liber
tine/LinLibertineTI.pfb></global/common/software/nersc9/texlive/2024-17c650b50c
05ee823c6093081103ed0ab76a21df/texmf-dist/fonts/type1/public/newtx/NewTXMI.pfb>
</global/common/software/nersc9/texlive/2024-17c650b50c05ee823c6093081103ed0ab7
6a21df/texmf-dist/fonts/type1/public/newtx/txexs.pfb></global/common/software/n
ersc9/texlive/2024-17c650b50c05ee823c6093081103ed0ab76a21df/texmf-dist/fonts/ty
pe1/public/newtx/txmiaX.pfb></global/common/software/nersc9/texlive/2024-17c650
b50c05ee823c6093081103ed0ab76a21df/texmf-dist/fonts/type1/public/newtx/txsym.pf
b></global/common/software/nersc9/texlive/2024-17c650b50c05ee823c6093081103ed0a
b76a21df/texmf-dist/fonts/type1/public/newtx/txsys.pfb></global/common/software
/nersc9/texlive/2024-17c650b50c05ee823c6093081103ed0ab76a21df/texmf-dist/fonts/
type1/urw/zapfding/uzdr.pfb>
Output written on main.pdf (24 pages, 839046 bytes).
PDF statistics:
 706 PDF objects out of 1000 (max. 8388607)
 544 compressed objects within 6 object streams
 116 named destinations out of 1000 (max. 500000)
 144155 words of extra memory for PDF output out of 154059 (max. 10000000)

