[07:53:47] GPU UUID: GPU-e2ec2194-60f2-f197-1708-9ea8d2e1167c
[07:53:47] === START matrix_v2 (cells=[4 10 20 40 60] workloads=[nrx chanpred hbm resnet] trials=3) ===
[07:53:47] Compute mode: Default
[07:53:47] ===== TS mode =====
[07:53:47] --- TS_c4_alone (3 trials) ---
[07:54:14] --- TS_c4_nrx (3 trials) ---
86daa4fb1d7f
ca04618d166d
3dffd57d4c37
[07:56:49] --- TS_c4_chanpred (3 trials) ---
3abed1f0503a
9c3e9aed5f91
b8ca80698811
[07:58:35] --- TS_c4_hbm (3 trials) ---
b7c2a197e587
13ee6a5a476d
c55f4bc3b9d7
[08:01:12] --- TS_c4_resnet (3 trials) ---
734d4fc9091e
213dbef54555
6e00fd894db9
[08:03:48] --- TS_c10_alone (3 trials) ---
[08:04:20] --- TS_c10_nrx (3 trials) ---
290121fea62a
520126269a47
dfb4028debf8
[08:06:55] --- TS_c10_chanpred (3 trials) ---
057b799a554d
24e20665b02e
94ceedd473e4
[08:09:05] --- TS_c10_hbm (3 trials) ---
0ea8b9351f33
fe9f54eb46c0
db9d8546c3ba
[08:11:42] --- TS_c10_resnet (3 trials) ---
466aa617c580
67754114e61c
48246bdbace4
[08:14:18] --- TS_c20_alone (3 trials) ---
[08:14:54] --- TS_c20_nrx (3 trials) ---
0f3415e92403
dfde2bc5d721
e4dad44b33fe
[08:17:29] --- TS_c20_chanpred (3 trials) ---
ea88fd4e12af
281ce316185a
b8829ed19314
[08:19:57] --- TS_c20_hbm (3 trials) ---
620b4a7ae41f
5b66b3e7e34d
287b0f159053
[08:22:33] --- TS_c20_resnet (3 trials) ---
48eb232aa3e9
8242328b9c72
d1866ab2a4fe
[08:25:09] --- TS_c40_alone (3 trials) ---
[08:25:56] --- TS_c40_nrx (3 trials) ---
22cb5524a3ae
a1e2c428f36d
f666bdebbbaa
[08:28:31] --- TS_c40_chanpred (3 trials) ---
016e73facc12
ade6174411af
39a07af41ddd
[08:31:09] --- TS_c40_hbm (3 trials) ---
11c93ae98b84
c7f9740c86ff
3febb81c3148
[08:33:46] --- TS_c40_resnet (3 trials) ---
8c90f8894d02
2e6afc27e75e
55fe8e993d13
[08:36:22] --- TS_c60_alone (3 trials) ---
[08:37:16] --- TS_c60_nrx (3 trials) ---
bb2a281b53b8
12f19b748469
5e11d656aa6b
[08:39:51] --- TS_c60_chanpred (3 trials) ---
cc5c3e3c0100
b8eb22ccff0b
7a12c26ddbba
[08:42:29] --- TS_c60_hbm (3 trials) ---
f3ff3483b761
3366de43a412
0ac66e708860
[08:45:06] --- TS_c60_resnet (3 trials) ---
9f3ec500f0dc
21e09ac71259
b848d1f3b01e
[08:47:42] Compute mode: Exclusive_Process
[08:47:42] Starting MPS server (in container) for GPU 0
53f7ff25b0edb7c22c97bfd4a300171eee0c60f2dd0314731e12aa8500fc4aa8
[08:47:47] ===== MPS mode =====
[08:47:47] --- MPS_c4_alone (3 trials) ---
[08:48:12] --- MPS_c4_nrx (3 trials) ---
678bdd21102d
9b45a0b50e99
364ec26afc0d
[08:49:27] --- MPS_c4_chanpred (3 trials) ---
6c030d1e8e8e
dca98ef3979e
[08:50:42] --- MPS_c4_hbm (3 trials) ---
04ffe16a15db
2063c5a3b00c
[08:52:51] --- MPS_c4_resnet (3 trials) ---
9fad375f7da3
