[00:53:37] === chain19 Exp 1 (Config B diverse) START ===
[00:53:42]   UUID_L1(Full GPU)=GPU-b90e7b7d-98a6-26b1-43de-c1c5b3fd4d5a
[00:53:42] --- e1_baseline_t1 ---
[00:53:52] --- e1_baseline_t2 ---
[00:54:03] --- e1_baseline_t3 ---
[00:54:13] --- e1_cfgB_diverseN1_t1 ---
[00:55:08] --- e1_cfgB_diverseN1_t2 ---
[00:56:00] --- e1_cfgB_diverseN1_t3 ---
[00:56:53] --- e1_cfgB_diverseN3_t1 ---
[00:57:47] --- e1_cfgB_diverseN3_t2 ---
[00:58:40] --- e1_cfgB_diverseN3_t3 ---
[00:59:33] --- e1_cfgB_diverseN6_t1 ---
[01:00:29] --- e1_cfgB_diverseN6_t2 ---
[01:01:24] --- e1_cfgB_diverseN6_t3 ---
[01:02:16] --- e1_cfgB_diverseN8_t1 ---
[01:03:08] --- e1_cfgB_diverseN8_t2 ---
[01:03:59] --- e1_cfgB_diverseN8_t3 ---
[01:04:51] --- e1_cfgB_diverseN10_t1 ---
[01:05:43] --- e1_cfgB_diverseN10_t2 ---
[01:06:36] --- e1_cfgB_diverseN10_t3 ---
[01:07:29] --- e1_cfgB_diverseN12_t1 ---
[01:08:27] --- e1_cfgB_diverseN12_t2 ---
[01:09:21] --- e1_cfgB_diverseN12_t3 ---
[01:10:14] === chain19 Exp 1 DONE ===
