[07:53:47] GPU UUID: GPU-e2ec2194-60f2-f197-1708-9ea8d2e1167c
[07:53:47] === START matrix_v2 (cells=[4 10 20 40 60] workloads=[nrx chanpred hbm resnet] trials=3) ===
[07:53:47] Compute mode: Default
[07:53:47] ===== TS mode =====
[07:53:47] --- TS_c4_alone (3 trials) ---
[07:54:14] --- TS_c4_nrx (3 trials) ---
[07:56:49] --- TS_c4_chanpred (3 trials) ---
[07:58:35] --- TS_c4_hbm (3 trials) ---
[08:01:12] --- TS_c4_resnet (3 trials) ---
[08:03:48] --- TS_c10_alone (3 trials) ---
[08:04:20] --- TS_c10_nrx (3 trials) ---
[08:06:55] --- TS_c10_chanpred (3 trials) ---
[08:09:05] --- TS_c10_hbm (3 trials) ---
[08:11:42] --- TS_c10_resnet (3 trials) ---
[08:14:18] --- TS_c20_alone (3 trials) ---
[08:14:54] --- TS_c20_nrx (3 trials) ---
[08:17:29] --- TS_c20_chanpred (3 trials) ---
[08:19:57] --- TS_c20_hbm (3 trials) ---
[08:22:33] --- TS_c20_resnet (3 trials) ---
[08:25:09] --- TS_c40_alone (3 trials) ---
[08:25:56] --- TS_c40_nrx (3 trials) ---
[08:28:31] --- TS_c40_chanpred (3 trials) ---
[08:31:09] --- TS_c40_hbm (3 trials) ---
[08:33:46] --- TS_c40_resnet (3 trials) ---
[08:36:22] --- TS_c60_alone (3 trials) ---
[08:37:16] --- TS_c60_nrx (3 trials) ---
[08:39:51] --- TS_c60_chanpred (3 trials) ---
[08:42:29] --- TS_c60_hbm (3 trials) ---
[08:45:06] --- TS_c60_resnet (3 trials) ---
[08:47:42] Compute mode: Exclusive_Process
[08:47:42] Starting MPS server (in container) for GPU 0
[08:47:47] ===== MPS mode =====
[08:47:47] --- MPS_c4_alone (3 trials) ---
[08:48:12] --- MPS_c4_nrx (3 trials) ---
[08:49:27] --- MPS_c4_chanpred (3 trials) ---
[08:50:42] --- MPS_c4_hbm (3 trials) ---
[08:52:51] --- MPS_c4_resnet (3 trials) ---
