
==========
== CUDA ==
==========
[e2_shim] FINAL skipped 0 cudaFree calls
[e2_shim] FINAL skipped 0 cudaFree calls
[e2_shim] FINAL skipped 0 cudaFree calls
[e2_shim] FINAL skipped 0 cudaFree calls

CUDA Version 12.9.1

Container image Copyright (c) 2016-2023, NVIDIA CORPORATION & AFFILIATES. All rights reserved.

This container image and its contents are governed by the NVIDIA Deep Learning Container License.
By pulling and using the container, you accept the terms and conditions of this license:
https://developer.nvidia.com/ngc/nvidia-deep-learning-container-license

A copy of this license is made available in this container at /NGC-DL-CONTAINER-LICENSE for your convenience.
[e2_shim] FINAL skipped 0 cudaFree calls
[e2_shim] FINAL skipped 0 cudaFree calls
[e2_shim] FINAL skipped 0 cudaFree calls
[e2_shim] FINAL skipped 0 cudaFree calls

[e2_shim] FINAL skipped 0 cudaFree calls
[e2_shim] FINAL skipped 0 cudaFree calls
Collecting data...
Generating '/tmp/nsys-report-62d5.qdstrm'
[1/1] [0%                          ] e2_defer_L1.nsys-rep[1/1] [0%                          ] e2_defer_L1.nsys-rep[1/1] [====26%                     ] e2_defer_L1.nsys-rep[1/1] [==20%                       ] e2_defer_L1.nsys-rep[1/1] [==18%                       ] e2_defer_L1.nsys-rep[1/1] [=======37%                  ] e2_defer_L1.nsys-rep[1/1] [============55%             ] e2_defer_L1.nsys-rep[1/1] [=================73%        ] e2_defer_L1.nsys-rep[1/1] [===================79%      ] e2_defer_L1.nsys-rep[1/1] [========================100%] e2_defer_L1.nsys-rep[1/1] [========================100%] e2_defer_L1.nsys-rep
Generated:
	/results/cudafree_h1h2/e2_defer_L1.nsys-rep
[e2_shim] FINAL skipped 0 cudaFree calls
[e2_shim] FINAL skipped 0 cudaFree calls
