[06:57:55] === chain18 parts 3-7 START ===
[06:57:55] ===== PART 3: N-sweep extension =====
[06:57:55] == config A: 4g.20gb + 3g.20gb ==
Successfully created compute instance ID  0 on GPU  0 GPU instance ID  2 using profile MIG 4g.20gb (ID  3)
Successfully created GPU instance ID  1 on GPU  0 using profile MIG 3g.20gb (ID  9)
Successfully created compute instance ID  0 on GPU  0 GPU instance ID  1 using profile MIG 3g.20gb (ID  2)
[06:58:08]   UUID_L1=MIG-dae3f173-7b15-594b-bc80-6cef80687a56 UUID_CROSS=MIG-80a4659b-f06f-540b-9f4b-1c91f78aaaf3
[06:58:08] --- p3_nrxN5_MPSoff ---
[07:02:03] --- p3_nrxN5_MPSon ---
[07:05:10] --- p3_nrxN7_MPSoff ---
[07:09:15] --- p3_nrxN7_MPSon ---
[07:12:48] --- p3_nrxN10_MPSoff ---
[07:16:59] --- p3_nrxN10_MPSon ---
[07:21:04] --- p3_nrxN12_MPSoff ---
[07:25:22] --- p3_nrxN12_MPSon ---
[07:29:33] --- p3_nrxN16_MPSoff ---
[07:34:05] --- p3_nrxN16_MPSon ---
[07:36:54] --- p3_memcpyN1_MPSoff ---
[07:39:45] --- p3_memcpyN1_MPSon ---
[07:42:12] --- p3_memcpyN2_MPSoff ---
[07:45:31] --- p3_memcpyN2_MPSon ---
[07:47:59] --- p3_memcpyN4_MPSoff ---
[07:51:57] --- p3_memcpyN4_MPSon ---
[07:54:30] --- p3_memcpyN6_MPSoff ---
[07:58:32] --- p3_memcpyN6_MPSon ---
[08:01:11] --- p3_memcpyN8_MPSoff ---
[08:05:17] --- p3_memcpyN8_MPSon ---
[08:08:01] --- p3_embedN1_MPSoff ---
[08:10:50] --- p3_embedN1_MPSon ---
[08:13:16] --- p3_embedN2_MPSoff ---
[08:15:37] --- p3_embedN2_MPSon ---
[08:17:49] --- p3_embedN4_MPSoff ---
[08:20:13] --- p3_embedN4_MPSon ---
[08:22:27] --- p3_embedN6_MPSoff ---
[08:24:55] --- p3_embedN6_MPSon ---
[08:27:14] --- p3_embedN8_MPSoff ---
[08:29:46] --- p3_embedN8_MPSon ---
[08:32:08] ===== PART 4: Fine MPS thread% sweep =====
[08:32:08] == config A: 4g.20gb + 3g.20gb ==
Successfully created compute instance ID  0 on GPU  0 GPU instance ID  2 using profile MIG 4g.20gb (ID  3)
Successfully created GPU instance ID  1 on GPU  0 using profile MIG 3g.20gb (ID  9)
Successfully created compute instance ID  0 on GPU  0 GPU instance ID  1 using profile MIG 3g.20gb (ID  2)
[08:32:51]   UUID_L1=MIG-dae3f173-7b15-594b-bc80-6cef80687a56 UUID_CROSS=MIG-80a4659b-f06f-540b-9f4b-1c91f78aaaf3
[08:32:57] --- p4_nrx4_pct100 ---
[08:35:50] --- p4_ranai_pct100 ---
[08:38:22] --- p4_memcpy4_pct100 ---
[08:41:01] --- p4_embed4_pct100 ---
[08:43:20] --- p4_nrx4_pct90 ---
[08:46:07] --- p4_ranai_pct90 ---
[08:48:38] --- p4_memcpy4_pct90 ---
[08:51:18] --- p4_embed4_pct90 ---
[08:53:37] --- p4_nrx4_pct80 ---
[08:56:25] --- p4_ranai_pct80 ---
[08:58:56] --- p4_memcpy4_pct80 ---
[09:01:36] --- p4_embed4_pct80 ---
[09:03:55] --- p4_nrx4_pct70 ---
[09:06:41] --- p4_ranai_pct70 ---
[09:09:12] --- p4_memcpy4_pct70 ---
[09:11:51] --- p4_embed4_pct70 ---
[09:14:10] --- p4_nrx4_pct60 ---
