/usr/local/lib/python3.10/dist-packages/transformers/utils/hub.py:127: FutureWarning: Using `TRANSFORMERS_CACHE` is deprecated and will be removed in v5 of Transformers. Use `HF_HOME` instead.
  warnings.warn(
[19:44:45] loading bert-large-uncased batch=4
/usr/local/lib/python3.10/dist-packages/transformers/tokenization_utils_base.py:1601: FutureWarning: `clean_up_tokenization_spaces` was not set. It will be set to `True` by default. This behavior will be depracted in transformers v4.45, and will be then set to `False` by default. For more details check this issue: https://github.com/huggingface/transformers/issues/31884
  warnings.warn(
[19:44:46] model ready
[19:44:48] loaded 128 SST-2 texts
[19:44:49] warmup done, batch=4 loop
[19:44:49] iter=20 fwd/s=49.7 samples/s=199
[19:44:50] iter=40 fwd/s=49.4 samples/s=198
[19:44:50] iter=60 fwd/s=49.4 samples/s=198
[19:44:50] iter=80 fwd/s=49.4 samples/s=197
[19:44:51] iter=100 fwd/s=49.3 samples/s=197
[19:44:51] iter=120 fwd/s=49.9 samples/s=200
[19:44:52] iter=140 fwd/s=51.6 samples/s=206
[19:44:52] iter=160 fwd/s=53.0 samples/s=212
[19:44:52] iter=180 fwd/s=54.1 samples/s=216
[19:44:52] iter=200 fwd/s=55.0 samples/s=220
[19:44:53] iter=220 fwd/s=55.8 samples/s=223
[19:44:53] iter=240 fwd/s=56.5 samples/s=226
[19:44:53] iter=260 fwd/s=57.0 samples/s=228
[19:44:54] iter=280 fwd/s=57.5 samples/s=230
[19:44:54] iter=300 fwd/s=57.9 samples/s=232
