/usr/local/lib/python3.10/dist-packages/transformers/utils/hub.py:127: FutureWarning: Using `TRANSFORMERS_CACHE` is deprecated and will be removed in v5 of Transformers. Use `HF_HOME` instead.
  warnings.warn(
[19:40:34] loading bert-large-uncased batch=1
/usr/local/lib/python3.10/dist-packages/transformers/tokenization_utils_base.py:1601: FutureWarning: `clean_up_tokenization_spaces` was not set. It will be set to `True` by default. This behavior will be depracted in transformers v4.45, and will be then set to `False` by default. For more details check this issue: https://github.com/huggingface/transformers/issues/31884
  warnings.warn(
[19:40:36] model ready
[19:40:37] loaded 128 SST-2 texts
[19:40:38] warmup done, batch=1 loop
[19:40:39] iter=20 fwd/s=72.0 samples/s=72
[19:40:39] iter=40 fwd/s=76.7 samples/s=77
[19:40:39] iter=60 fwd/s=77.6 samples/s=78
[19:40:39] iter=80 fwd/s=78.7 samples/s=79
[19:40:40] iter=100 fwd/s=79.4 samples/s=79
[19:40:40] iter=120 fwd/s=79.8 samples/s=80
[19:40:40] iter=140 fwd/s=79.9 samples/s=80
[19:40:40] iter=160 fwd/s=80.2 samples/s=80
[19:40:41] iter=180 fwd/s=80.4 samples/s=80
[19:40:41] iter=200 fwd/s=80.6 samples/s=81
[19:40:41] iter=220 fwd/s=80.8 samples/s=81
[19:40:41] iter=240 fwd/s=80.8 samples/s=81
[19:40:41] iter=260 fwd/s=80.9 samples/s=81
