/usr/local/lib/python3.10/dist-packages/transformers/utils/hub.py:127: FutureWarning: Using `TRANSFORMERS_CACHE` is deprecated and will be removed in v5 of Transformers. Use `HF_HOME` instead.
  warnings.warn(
[21:56:52] loading bert-large-uncased batch=1
/usr/local/lib/python3.10/dist-packages/transformers/tokenization_utils_base.py:1601: FutureWarning: `clean_up_tokenization_spaces` was not set. It will be set to `True` by default. This behavior will be depracted in transformers v4.45, and will be then set to `False` by default. For more details check this issue: https://github.com/huggingface/transformers/issues/31884
  warnings.warn(
[21:56:54] model ready
[21:56:55] loaded 128 SST-2 texts
[21:56:56] warmup done, batch=1 loop
[21:56:56] iter=20 fwd/s=69.5 samples/s=69
[21:56:57] iter=40 fwd/s=70.1 samples/s=70
[21:56:57] iter=60 fwd/s=70.3 samples/s=70
[21:56:57] iter=80 fwd/s=72.0 samples/s=72
[21:56:57] iter=100 fwd/s=73.2 samples/s=73
[21:56:58] iter=120 fwd/s=74.3 samples/s=74
[21:56:58] iter=140 fwd/s=74.9 samples/s=75
[21:56:58] iter=160 fwd/s=75.5 samples/s=76
[21:56:58] iter=180 fwd/s=76.0 samples/s=76
[21:56:59] iter=200 fwd/s=76.2 samples/s=76
[21:56:59] iter=220 fwd/s=76.6 samples/s=77
[21:56:59] iter=240 fwd/s=76.9 samples/s=77
[21:56:59] iter=260 fwd/s=77.1 samples/s=77
[21:57:00] iter=280 fwd/s=77.2 samples/s=77
[21:57:00] iter=300 fwd/s=77.4 samples/s=77
