/usr/local/lib/python3.10/dist-packages/transformers/utils/hub.py:127: FutureWarning: Using `TRANSFORMERS_CACHE` is deprecated and will be removed in v5 of Transformers. Use `HF_HOME` instead.
  warnings.warn(
[21:58:31] loading bert-large-uncased batch=4
/usr/local/lib/python3.10/dist-packages/transformers/tokenization_utils_base.py:1601: FutureWarning: `clean_up_tokenization_spaces` was not set. It will be set to `True` by default. This behavior will be depracted in transformers v4.45, and will be then set to `False` by default. For more details check this issue: https://github.com/huggingface/transformers/issues/31884
  warnings.warn(
[21:58:33] model ready
[21:58:34] loaded 128 SST-2 texts
[21:58:35] warmup done, batch=4 loop
[21:58:36] iter=20 fwd/s=41.2 samples/s=165
[21:58:36] iter=40 fwd/s=41.4 samples/s=165
[21:58:37] iter=60 fwd/s=41.5 samples/s=166
[21:58:37] iter=80 fwd/s=41.5 samples/s=166
[21:58:38] iter=100 fwd/s=41.5 samples/s=166
[21:58:38] iter=120 fwd/s=41.5 samples/s=166
[21:58:39] iter=140 fwd/s=41.4 samples/s=166
[21:58:39] iter=160 fwd/s=41.5 samples/s=166
[21:58:40] iter=180 fwd/s=41.5 samples/s=166
[21:58:40] iter=200 fwd/s=42.0 samples/s=168
[21:58:41] iter=220 fwd/s=42.8 samples/s=171
[21:58:41] iter=240 fwd/s=43.4 samples/s=174
[21:58:41] iter=260 fwd/s=44.0 samples/s=176
[21:58:42] iter=280 fwd/s=44.5 samples/s=178
[21:58:42] iter=300 fwd/s=45.0 samples/s=180
[21:58:42] iter=320 fwd/s=45.4 samples/s=181
[21:58:43] iter=340 fwd/s=45.7 samples/s=183
