[05:20:47] === chain12 START ===
[05:20:47] ===== MODE=TS =====
[05:20:47]   TARGET_UUID=GPU-b90e7b7d-98a6-26b1-43de-c1c5b3fd4d5a
[05:20:47] --- baseL1_TS_alone ---
[05:21:17] --- baseL1_TS_nrx ---
dfb36dc876ae
565925dad5d5
77d5aa51506e
[05:23:52] --- baseL1_arena_TS_alone ---
[05:24:20] --- baseL1_arena_TS_nrx ---
528c5e5c68fd
aa803c31b6c8
4f375cbee3e8
[05:26:55] --- multiBase_TS_alone ---
[05:27:11] --- multiBase_TS_nrx ---
2d3b3bcfb88d
e521ad810f03
f37d10c3efc1
[05:28:20] --- multiMega_TS_alone ---
[05:28:30] --- multiMega_TS_nrx ---
3a5a8fd39b40
079539479c10
6f3e898321e0
[05:29:31] --- persistMega_TS_alone ---
[05:29:41] --- persistMega_TS_nrx ---
4b0af17c5379
aa70e9f8df89
7fdb86bfde0a
[05:30:44] ===== MODE=MPS100 =====
d4b44a55fea90ac8ec483e8b7e2306d026b41567eac02a73d82f61feb356e1a1
[05:30:49]   TARGET_UUID=GPU-b90e7b7d-98a6-26b1-43de-c1c5b3fd4d5a
[05:30:49] --- baseL1_MPS100_alone ---
[05:31:20] --- baseL1_MPS100_nrx ---
a988c92b8e17
08a96f6e8d0b
[05:32:40] --- baseL1_arena_MPS100_alone ---
[05:33:07] --- baseL1_arena_MPS100_nrx ---
e89555c61f1b
0f9e4e05849c
[05:34:25] --- multiBase_MPS100_alone ---
[05:34:40] --- multiBase_MPS100_nrx ---
681f72e680e5
2acd09fd18f3
[05:35:47] --- multiMega_MPS100_alone ---
[05:35:58] --- multiMega_MPS100_nrx ---
a6c32eadfa13
a37fa543cc24
[05:36:58] --- persistMega_MPS100_alone ---
[05:37:09] --- persistMega_MPS100_nrx ---
8195c45f44aa
734ed3ea1111
mps_srv
[05:38:13] === chain12 DONE ===
60
