[03:47:56] === chain10 persist ===
[03:47:56] --- persistBase_TS_alone ---
[03:48:08] --- persistBase_TS_nrx ---
50f4a75273d5
568347950ee8
8b005dba2af3
[03:49:16] --- persistMega_TS_alone ---
[03:49:26] --- persistMega_TS_nrx ---
92076cd21d50
3d8e31082402
01e7b08d93c4
a233bacc129939db6195301d73c994cfa0ebd0f568019be052850c7b580f6118
[03:50:35] --- persistBase_MPS_alone ---
[03:50:47] --- persistBase_MPS_nrx ---
fedd91f824e7
816a563f6a6b
[03:51:49] --- persistMega_MPS_alone ---
[03:52:00] --- persistMega_MPS_nrx ---
c4ba7ea8900b
de30410fb981
f56ee4a80f96
mps_srv
[03:53:03] === chain10 persist DONE ===
202
