[03:06:11] === START chain10 ===
[03:06:11] Approach A: baseL1 × TS/MPS × alone/nrx × 3
[03:06:11] --- baseL1_TS_alone ---
[03:06:41] --- baseL1_TS_nrx ---
c4663e550a8e
58cc34d8bba3
d85572a2cf29
30bff2d8cac0f9b328ec32b9efb52c7786ec577450a4e66ede400d37f1ab9077
[03:09:24] --- baseL1_MPS_alone ---
[03:09:54] --- baseL1_MPS_nrx ---
e0b9010131ed
3afde6c9e8d4
mps_srv
[03:11:17] Approach B: graphL1 × TS/MPS × alone/nrx × 3
[03:11:17] --- graphL1_TS_alone ---
[03:11:47] --- graphL1_TS_nrx ---
3f33a91a071e
c9b4cf35f135
a3f93190a1f9
74883dc2448b745d66e41626dfe88531950153c8d0af1ddeb9ff0ba6021cbf1f
[03:14:30] --- graphL1_MPS_alone ---
[03:15:01] --- graphL1_MPS_nrx ---
e77270380ee4
bcf9c5798cb6
d28e28180ab9
mps_srv
[03:16:24] Approach C: MPS thread% sweep (30, 50, 70) × alone/nrx × 3
af3a2efff187d99fc6428ad4eb72c970259f368c13e34f3cce95b072a3bba588
[03:16:29] --- mpsP30_alone ---
[03:17:00] --- mpsP30_nrx ---
5051c8e87fd8
224f66cdd546
64334dc6c3a8
mps_srv
98de8e3b263bc2d8f3608a6c149586a72cbe9a0d1b9df47d584b8633109c3d46
[03:18:31] --- mpsP50_alone ---
[03:19:02] --- mpsP50_nrx ---
cd500d54cab7
50b24f6665fa
a37daa82538f
mps_srv
97314fb39daaf1499af8dd4b61444c6bef91fa982d34bad1e9b153a734d1bf86
[03:20:30] --- mpsP70_alone ---
[03:21:00] --- mpsP70_nrx ---
cd22132c4e1b
a16728f06ddc
mps_srv
[03:22:24] === chain10 DONE ===
100
