[04:10:22] === CHAIN 11 START ===
[04:10:22] =========== MODE=TS ===========
No MIG-enabled devices found.
No MIG-enabled devices found.
[04:10:24]   TARGET_UUID=GPU-b90e7b7d-98a6-26b1-43de-c1c5b3fd4d5a  AI_UUID=GPU-b90e7b7d-98a6-26b1-43de-c1c5b3fd4d5a
[04:10:24] --- baseL1_TS_alone (3) ---
[04:10:55] --- baseL1_TS_nrx (3) ---
ebbd08bdf5eb
00efa25e1e0c
011f84463709
[04:13:30] --- persistBase_TS_alone (3) ---
[04:13:42] --- persistBase_TS_nrx (3) ---
204b068f0bbd
15cae1e39a68
fa55aafe32da
[04:14:50] --- persistMega_TS_alone (3) ---
[04:15:00] --- persistMega_TS_nrx (3) ---
6aa833695f55
4aa5cb5d74aa
d184bc318946
No MIG-enabled devices found.
No MIG-enabled devices found.
[04:16:04] =========== MODE=MPS100 ===========
No MIG-enabled devices found.
No MIG-enabled devices found.
da74d63d8da6f332a224a914757b6df66e3e3d690b0e0d3cf2abb9cad42c47da
[04:16:12]   TARGET_UUID=GPU-b90e7b7d-98a6-26b1-43de-c1c5b3fd4d5a  AI_UUID=GPU-b90e7b7d-98a6-26b1-43de-c1c5b3fd4d5a
[04:16:12] --- baseL1_MPS100_alone (3) ---
[04:16:42] --- baseL1_MPS100_nrx (3) ---
b66e6be93bf6
57598eb90e30
[04:18:03] --- persistBase_MPS100_alone (3) ---
[04:18:15] --- persistBase_MPS100_nrx (3) ---
cbef349e25e8
f5425bcc7ba6
[04:19:17] --- persistMega_MPS100_alone (3) ---
[04:19:28] --- persistMega_MPS100_nrx (3) ---
c47887101f5e
d9d199a1f8c3
mps_srv
No MIG-enabled devices found.
No MIG-enabled devices found.
[04:20:33] =========== MODE=MPS30 ===========
No MIG-enabled devices found.
No MIG-enabled devices found.
c6a241785ee54f381390003a46afe18bf4b08f4081405c3a247f2e7cdfaccb3a
[04:20:41]   TARGET_UUID=GPU-b90e7b7d-98a6-26b1-43de-c1c5b3fd4d5a  AI_UUID=GPU-b90e7b7d-98a6-26b1-43de-c1c5b3fd4d5a
[04:20:41] --- baseL1_MPS30_alone (3) ---
[04:21:12] --- baseL1_MPS30_nrx (3) ---
78624b4d7bb8
638786f954ac
[04:22:35] --- persistBase_MPS30_alone (3) ---
[04:22:46] --- persistBase_MPS30_nrx (3) ---
46aaaad2760a
bca7315ce387
[04:23:49] --- persistMega_MPS30_alone (3) ---
[04:24:00] --- persistMega_MPS30_nrx (3) ---
4af1ddafe385
e32c4c17b41f
5e70b183f0d0
mps_srv
No MIG-enabled devices found.
No MIG-enabled devices found.
[04:25:05] =========== MODE=MIGsamepart ===========
No MIG-enabled devices found.
No MIG-enabled devices found.
[04:25:12] ERROR MIG samepart UUID
[04:25:12] MIGsamepart setup failed, skipping
[04:25:12] =========== MODE=MIGcrosspart ===========
No MIG-enabled devices found.
No MIG-enabled devices found.
[04:25:18] ERROR MIG crosspart needs 2 UUIDs
[04:25:18] MIGcrosspart setup failed, skipping
[04:25:18] === CHAIN 11 DONE ===
54
