[01:57:17] === START chain9 shim matrix ===
[01:57:17] SHIMS=[baseline cudaFreeAsync cudaMemPool defer arena] MODES=[TS MPS MIG4g] CELLS=[20] TRIALS=3
[01:57:17] ===== MODE=TS =====
No MIG-enabled devices found.
No MIG-enabled devices found.
[01:57:19]   TARGET_UUID=GPU-b90e7b7d-98a6-26b1-43de-c1c5b3fd4d5a
[01:57:19] --- baseline_TS_c20_alone (3 trials) ---
[01:57:50] --- baseline_TS_c20_nrx (3 trials) ---
7c304315997f
55b5c9dace3d
24760a55a92e
[02:00:24] --- cudaFreeAsync_TS_c20_alone (3 trials) ---
[02:00:54] --- cudaFreeAsync_TS_c20_nrx (3 trials) ---
2d491186a319
a627c0d5fd24
ee5a389bf578
[02:03:29] --- cudaMemPool_TS_c20_alone (3 trials) ---
[02:03:56] --- cudaMemPool_TS_c20_nrx (3 trials) ---
e779cf66a1f9
5d42018752d5
d9da797268e4
[02:06:31] --- defer_TS_c20_alone (3 trials) ---
[02:06:59] --- defer_TS_c20_nrx (3 trials) ---
4096fbf2c0a2
0982fac5e553
7d35761a78a6
[02:09:34] --- arena_TS_c20_alone (3 trials) ---
[02:10:01] --- arena_TS_c20_nrx (3 trials) ---
94f248903eb0
ed10e8e47c28
445ae6d7d523
No MIG-enabled devices found.
No MIG-enabled devices found.
[02:12:40] ===== MODE=MPS =====
No MIG-enabled devices found.
No MIG-enabled devices found.
a12a6044d80f4a0d83c6db1dd0f4f4025d9704a1e4c686ce7f7a02e4128a437c
[02:12:48]   TARGET_UUID=GPU-b90e7b7d-98a6-26b1-43de-c1c5b3fd4d5a
[02:12:48] --- baseline_MPS_c20_alone (3 trials) ---
[02:13:18] --- baseline_MPS_c20_nrx (3 trials) ---
7ce24ee68110
66bc4e303958
65b065227a82
[02:14:39] --- cudaFreeAsync_MPS_c20_alone (3 trials) ---
[02:15:02] --- cudaFreeAsync_MPS_c20_nrx (3 trials) ---
7255cd584f97
7fe96a52ecef
337df5156960
[02:16:19] --- cudaMemPool_MPS_c20_alone (3 trials) ---
[02:16:48] --- cudaMemPool_MPS_c20_nrx (3 trials) ---
0957db60ab96
fe150f8c809f
7a16ae6ceed0
[02:18:06] --- defer_MPS_c20_alone (3 trials) ---
[02:18:30] --- defer_MPS_c20_nrx (3 trials) ---
7dd3f8443c23
dea562a75ebc
[02:19:48] --- arena_MPS_c20_alone (3 trials) ---
[02:20:14] --- arena_MPS_c20_nrx (3 trials) ---
403b695a1f33
605e980c4194
11ea3b5ede7d
mps_srv
No MIG-enabled devices found.
No MIG-enabled devices found.
[02:21:37] ===== MODE=MIG4g =====
No MIG-enabled devices found.
No MIG-enabled devices found.
[02:21:42] ERROR: MIG UUID not created
[02:21:42] skip MIG4g (setup failed)
[02:21:42] === chain9 DONE ===
134
