[09:14:50] === chain18 Part 8 (Realistic Stack) START ===
Successfully created compute instance ID  0 on GPU  0 GPU instance ID  2 using profile MIG 4g.20gb (ID  3)
Successfully created GPU instance ID  1 on GPU  0 using profile MIG 3g.20gb (ID  9)
Successfully created compute instance ID  0 on GPU  0 GPU instance ID  1 using profile MIG 3g.20gb (ID  2)
[09:15:33]   UUID_L1=MIG-dae3f173-7b15-594b-bc80-6cef80687a56 UUID_AI=MIG-80a4659b-f06f-540b-9f4b-1c91f78aaaf3
[09:15:33] --- p8_baseline_t1 ---
[09:15:44] --- p8_baseline_t2 ---
[09:15:54] --- p8_baseline_t3 ---
[09:16:05] --- p8_CPdiverse_t1 ---
[09:17:00] --- p8_CPdiverse_t2 ---
[09:17:53] --- p8_CPdiverse_t3 ---
[09:18:47] --- p8_CPuniform_t1 ---
[09:19:31] --- p8_CPuniform_t2 ---
[09:20:14] --- p8_CPuniform_t3 ---
[09:20:56] --- p8_SPdiverse_t1 ---
[09:21:55] --- p8_SPdiverse_t2 ---
[09:22:53] --- p8_SPdiverse_t3 ---
[09:23:52] --- p8_SPuniform_t1 ---
[09:24:48] --- p8_SPuniform_t2 ---
[09:25:42] --- p8_SPuniform_t3 ---
[09:26:38] === chain18 Part 8 DONE ===
