[NeuralRx] Building TRT engine from /opt/nvidia/cuBB/pyaerial/models/neural_rx.onnx...
[NeuralRx] TRT engine built.
Traceback (most recent call last):
  File "/workspace/AIRAN_Changjong/experiments/run_neural_rx_stress.py", line 87, in <module>
    trt_engine.run(input_tensors)
  File "/opt/nvidia/cuBB/pyaerial/src/aerial/phy5g/algorithms/trt_engine.py", line 173, in run
    trt_output[name] = trt_output[name].get(order='F')
  File "cupy/_core/core.pyx", line 1820, in cupy._core.core._ndarray_base.get
  File "cupy/_core/core.pyx", line 1910, in cupy._core.core._ndarray_base.get
  File "cupy/cuda/memory.pyx", line 586, in cupy.cuda.memory.MemoryPointer.copy_to_host_async
  File "cupy_backends/cuda/api/runtime.pyx", line 607, in cupy_backends.cuda.api.runtime.memcpyAsync
  File "cupy_backends/cuda/api/runtime.pyx", line 146, in cupy_backends.cuda.api.runtime.check_status
cupy_backends.cuda.api.runtime.CUDARuntimeError: cudaErrorIllegalAddress: an illegal memory access was encountered
[graphContext.cpp::~MyelinGraphContext::90] Error Code 1: Myelin ([impl.cpp:unload_cuda:637] Error 700 destroying event '0x55ac2d560590'.)
[graphContext.cpp::~MyelinGraphContext::90] Error Code 1: Myelin ([impl.cpp:unload_cuda:637] Error 700 destroying event '0x55ac2d88db10'.)
[graphContext.cpp::~MyelinGraphContext::90] Error Code 1: Myelin ([impl.cpp:unload_cuda:637] Error 700 destroying event '0x55ac2d9a68f0'.)
[graphContext.cpp::~MyelinGraphContext::90] Error Code 1: Myelin ([impl.cpp:unload_cuda:637] Error 700 destroying event '0x55ac2db8b330'.)
[multiStreamContext.cpp::maybeDestroyAuxStream::266] Error Code 1: Cuda Runtime (an illegal memory access was encountered)
[defaultAllocator.cpp::deallocate::85] Error Code 1: Cuda Runtime (an illegal memory access was encountered)
[defaultAllocator.cpp::deallocate::85] Error Code 1: Cuda Runtime (an illegal memory access was encountered)
[cudaResources.cpp::~ScopedCudaStream::35] Error Code 1: Cuda Runtime (an illegal memory access was encountered)
[scopedCudaResources.cpp::~ScopedCudaEvent::30] Error Code 1: Cuda Runtime (an illegal memory access was encountered)
[scopedCudaResources.cpp::~ScopedCudaEvent::30] Error Code 1: Cuda Runtime (an illegal memory access was encountered)
[scopedCudaResources.cpp::~ScopedCudaEvent::30] Error Code 1: Cuda Runtime (an illegal memory access was encountered)
[scopedCudaResources.cpp::~ScopedCudaEvent::30] Error Code 1: Cuda Runtime (an illegal memory access was encountered)
[scopedCudaResources.cpp::~ScopedCudaEvent::30] Error Code 1: Cuda Runtime (an illegal memory access was encountered)
[scopedCudaResources.cpp::~ScopedCudaEvent::30] Error Code 1: Cuda Runtime (an illegal memory access was encountered)
[scopedCudaResources.cpp::~ScopedCudaEvent::30] Error Code 1: Cuda Runtime (an illegal memory access was encountered)
[scopedCudaResources.cpp::~ScopedCudaEvent::30] Error Code 1: Cuda Runtime (an illegal memory access was encountered)
[scopedCudaResources.cpp::~ScopedCudaEvent::30] Error Code 1: Cuda Runtime (an illegal memory access was encountered)
[scopedCudaResources.cpp::~ScopedCudaEvent::30] Error Code 1: Cuda Runtime (an illegal memory access was encountered)
[scopedCudaResources.cpp::~ScopedCudaEvent::30] Error Code 1: Cuda Runtime (an illegal memory access was encountered)
[scopedCudaResources.cpp::~ScopedCudaEvent::30] Error Code 1: Cuda Runtime (an illegal memory access was encountered)
[scopedCudaResources.cpp::~ScopedCudaEvent::30] Error Code 1: Cuda Runtime (an illegal memory access was encountered)
[scopedCudaResources.cpp::~ScopedCudaEvent::30] Error Code 1: Cuda Runtime (an illegal memory access was encountered)
[scopedCudaResources.cpp::~ScopedCudaEvent::30] Error Code 1: Cuda Runtime (an illegal memory access was encountered)
[scopedCudaResources.cpp::~ScopedCudaEvent::30] Error Code 1: Cuda Runtime (an illegal memory access was encountered)
[scopedCudaResources.cpp::~ScopedCudaEvent::30] Error Code 1: Cuda Runtime (an illegal memory access was encountered)
[scopedCudaResources.cpp::~ScopedCudaEvent::30] Error Code 1: Cuda Runtime (an illegal memory access was encountered)
[scopedCudaResources.cpp::~ScopedCudaEvent::30] Error Code 1: Cuda Runtime (an illegal memory access was encountered)
[scopedCudaResources.cpp::~ScopedCudaEvent::30] Error Code 1: Cuda Runtime (an illegal memory access was encountered)
[scopedCudaResources.cpp::~ScopedCudaEvent::30] Error Code 1: Cuda Runtime (an illegal memory access was encountered)
[scopedCudaResources.cpp::~ScopedCudaEvent::30] Error Code 1: Cuda Runtime (an illegal memory access was encountered)
[scopedCudaResources.cpp::~ScopedCudaEvent::30] Error Code 1: Cuda Runtime (an illegal memory access was encountered)
[scopedCudaResources.cpp::~ScopedCudaEvent::30] Error Code 1: Cuda Runtime (an illegal memory access was encountered)
[scopedCudaResources.cpp::~ScopedCudaEvent::30] Error Code 1: Cuda Runtime (an illegal memory access was encountered)
[scopedCudaResources.cpp::~ScopedCudaEvent::30] Error Code 1: Cuda Runtime (an illegal memory access was encountered)
[scopedCudaResources.cpp::~ScopedCudaEvent::30] Error Code 1: Cuda Runtime (an illegal memory access was encountered)
[scopedCudaResources.cpp::~ScopedCudaEvent::30] Error Code 1: Cuda Runtime (an illegal memory access was encountered)
[scopedCudaResources.cpp::~ScopedCudaEvent::30] Error Code 1: Cuda Runtime (an illegal memory access was encountered)
[scopedCudaResources.cpp::~ScopedCudaEvent::30] Error Code 1: Cuda Runtime (an illegal memory access was encountered)
[scopedCudaResources.cpp::~ScopedCudaEvent::30] Error Code 1: Cuda Runtime (an illegal memory access was encountered)
[scopedCudaResources.cpp::~ScopedCudaEvent::30] Error Code 1: Cuda Runtime (an illegal memory access was encountered)
[scopedCudaResources.cpp::~ScopedCudaEvent::30] Error Code 1: Cuda Runtime (an illegal memory access was encountered)
[scopedCudaResources.cpp::~ScopedCudaEvent::30] Error Code 1: Cuda Runtime (an illegal memory access was encountered)
[scopedCudaResources.cpp::~ScopedCudaEvent::30] Error Code 1: Cuda Runtime (an illegal memory access was encountered)
[scopedCudaResources.cpp::~ScopedCudaEvent::30] Error Code 1: Cuda Runtime (an illegal memory access was encountered)
[scopedCudaResources.cpp::~ScopedCudaEvent::30] Error Code 1: Cuda Runtime (an illegal memory access was encountered)
[scopedCudaResources.cpp::~ScopedCudaEvent::30] Error Code 1: Cuda Runtime (an illegal memory access was encountered)
[scopedCudaResources.cpp::~ScopedCudaEvent::30] Error Code 1: Cuda Runtime (an illegal memory access was encountered)
[scopedCudaResources.cpp::~ScopedCudaEvent::30] Error Code 1: Cuda Runtime (an illegal memory access was encountered)
[scopedCudaResources.cpp::~ScopedCudaEvent::30] Error Code 1: Cuda Runtime (an illegal memory access was encountered)
[scopedCudaResources.cpp::~ScopedCudaEvent::30] Error Code 1: Cuda Runtime (an illegal memory access was encountered)
[scopedCudaResources.cpp::~ScopedCudaEvent::30] Error Code 1: Cuda Runtime (an illegal memory access was encountered)
[scopedCudaResources.cpp::~ScopedCudaEvent::30] Error Code 1: Cuda Runtime (an illegal memory access was encountered)
[scopedCudaResources.cpp::~ScopedCudaEvent::30] Error Code 1: Cuda Runtime (an illegal memory access was encountered)
[scopedCudaResources.cpp::~ScopedCudaEvent::30] Error Code 1: Cuda Runtime (an illegal memory access was encountered)
[defaultAllocator.cpp::deallocate::85] Error Code 1: Cuda Runtime (an illegal memory access was encountered)
[defaultAllocator.cpp::deallocate::85] Error Code 1: Cuda Runtime (an illegal memory access was encountered)
terminate called after throwing an instance of 'std::runtime_error'
  what():  an illegal memory access was encountered
