/usr/local/lib/python3.10/dist-packages/transformers/utils/hub.py:127: FutureWarning: Using `TRANSFORMERS_CACHE` is deprecated and will be removed in v5 of Transformers. Use `HF_HOME` instead.
  warnings.warn(
[17:12:02] loading bert-large-uncased batch=1
/usr/local/lib/python3.10/dist-packages/transformers/tokenization_utils_base.py:1601: FutureWarning: `clean_up_tokenization_spaces` was not set. It will be set to `True` by default. This behavior will be depracted in transformers v4.45, and will be then set to `False` by default. For more details check this issue: https://github.com/huggingface/transformers/issues/31884
  warnings.warn(
[17:12:03] model ready
[17:12:05] loaded 32 real SST-2 sentences
[17:12:06] warmup done, batch=1 continuous loop
[17:12:07] iter=50 elapsed=0.6s fwd_per_s=78.6
[17:12:07] iter=100 elapsed=1.3s fwd_per_s=78.5
[17:12:08] iter=150 elapsed=1.9s fwd_per_s=78.9
[17:12:09] iter=200 elapsed=2.5s fwd_per_s=79.2
[17:12:09] iter=250 elapsed=3.1s fwd_per_s=79.5
[17:12:10] iter=300 elapsed=3.8s fwd_per_s=79.5
[17:12:10] iter=350 elapsed=4.4s fwd_per_s=79.6
[17:12:11] iter=400 elapsed=5.0s fwd_per_s=79.5
[17:12:12] iter=450 elapsed=5.7s fwd_per_s=79.6
[17:12:12] iter=500 elapsed=6.3s fwd_per_s=79.6
[17:12:13] iter=550 elapsed=6.9s fwd_per_s=79.6
[17:12:14] iter=600 elapsed=7.5s fwd_per_s=79.6
