[19:31:05] ===== CHAIN RESUME start (G→H→I+J) =====
[19:31:05] [G] NeuralRx coloc (n=5)
[19:31:05] === G_0a: 3gL1 alone (no coloc, no ext) ===
	/out/G_0a_3g_alone_run1.nsys-rep
	/out/G_0a_3g_alone_run2.nsys-rep
	/out/G_0a_3g_alone_run3.nsys-rep
	/out/G_0a_3g_alone_run4.nsys-rep
	/out/G_0a_3g_alone_run5.nsys-rep
	/out/G_0a_3g_alone_run6.nsys-rep
	/out/G_0a_3g_alone_run7.nsys-rep
	/out/G_0a_3g_alone_run8.nsys-rep
	/out/G_0a_3g_alone_run9.nsys-rep
	/out/G_0a_3g_alone_run10.nsys-rep
[19:32:48] === G_0b: 4gL1 alone ===
	/out/G_0b_4g_alone_run1.nsys-rep
	/out/G_0b_4g_alone_run2.nsys-rep
	/out/G_0b_4g_alone_run3.nsys-rep
	/out/G_0b_4g_alone_run4.nsys-rep
	/out/G_0b_4g_alone_run5.nsys-rep
[19:33:41] === G_0c: 2gL1 alone ===
	/out/G_0c_2g_alone_run1.nsys-rep
	/out/G_0c_2g_alone_run2.nsys-rep
	/out/G_0c_2g_alone_run3.nsys-rep
	/out/G_0c_2g_alone_run4.nsys-rep
	/out/G_0c_2g_alone_run5.nsys-rep
[19:34:40] === G_1a: 3g (L1 + NeuralRx coloc) alone ===
	/out/G_1a_3g_coloc_run1.nsys-rep
	/out/G_1a_3g_coloc_run2.nsys-rep
	/out/G_1a_3g_coloc_run3.nsys-rep
	/out/G_1a_3g_coloc_run4.nsys-rep
	/out/G_1a_3g_coloc_run5.nsys-rep
	/out/G_1a_3g_coloc_run6.nsys-rep
	/out/G_1a_3g_coloc_run7.nsys-rep
	/out/G_1a_3g_coloc_run8.nsys-rep
	/out/G_1a_3g_coloc_run9.nsys-rep
	/out/G_1a_3g_coloc_run10.nsys-rep
[19:40:36] === G_1b: 4g (L1 + NeuralRx coloc) alone ===
	/out/G_1b_4g_coloc_run1.nsys-rep
	/out/G_1b_4g_coloc_run2.nsys-rep
	/out/G_1b_4g_coloc_run3.nsys-rep
	/out/G_1b_4g_coloc_run4.nsys-rep
	/out/G_1b_4g_coloc_run5.nsys-rep
9675f4ed9794
[19:44:57] === G_1c: 2g (L1 + NeuralRx coloc) alone ===
	/out/G_1c_2g_coloc_run1.nsys-rep
	/out/G_1c_2g_coloc_run2.nsys-rep
	/out/G_1c_2g_coloc_run3.nsys-rep
	/out/G_1c_2g_coloc_run4.nsys-rep
	/out/G_1c_2g_coloc_run5.nsys-rep
62c25ac24587
[19:49:24] === G_2_3g_coloc + chanpred(2g) ===
	/out/G_2_3gColoc_chanpred_run1.nsys-rep
	/out/G_2_3gColoc_chanpred_run2.nsys-rep
	/out/G_2_3gColoc_chanpred_run3.nsys-rep
	/out/G_2_3gColoc_chanpred_run4.nsys-rep
	/out/G_2_3gColoc_chanpred_run5.nsys-rep
688d45a5a79e
[19:53:51] === G_2_3g_coloc + resnet(2g) ===
	/out/G_2_3gColoc_resnet_run1.nsys-rep
	/out/G_2_3gColoc_resnet_run2.nsys-rep
	/out/G_2_3gColoc_resnet_run3.nsys-rep
	/out/G_2_3gColoc_resnet_run4.nsys-rep
	/out/G_2_3gColoc_resnet_run5.nsys-rep
702095bab691
[19:58:18] === G_2_3g_coloc + forecaster(2g) ===
	/out/G_2_3gColoc_forecaster_run1.nsys-rep
	/out/G_2_3gColoc_forecaster_run2.nsys-rep
	/out/G_2_3gColoc_forecaster_run3.nsys-rep
	/out/G_2_3gColoc_forecaster_run4.nsys-rep
	/out/G_2_3gColoc_forecaster_run5.nsys-rep
0b163b68ccbb
[20:02:43] === G_2_3g_coloc + qwen_small(2g) ===
	/out/G_2_3gColoc_qwen_small_run1.nsys-rep
	/out/G_2_3gColoc_qwen_small_run2.nsys-rep
	/out/G_2_3gColoc_qwen_small_run3.nsys-rep
	/out/G_2_3gColoc_qwen_small_run4.nsys-rep
	/out/G_2_3gColoc_qwen_small_run5.nsys-rep
5e4194b338ea
[20:07:09] === G_2_3g_coloc + xapp(2g) ===
	/out/G_2_3gColoc_xapp_run1.nsys-rep
	/out/G_2_3gColoc_xapp_run2.nsys-rep
	/out/G_2_3gColoc_xapp_run3.nsys-rep
	/out/G_2_3gColoc_xapp_run4.nsys-rep
	/out/G_2_3gColoc_xapp_run5.nsys-rep
cb9f365ba576
[20:11:34] === G_2_3g_coloc + sat_compute(2g) ===
	/out/G_2_3gColoc_sat_compute_run1.nsys-rep
	/out/G_2_3gColoc_sat_compute_run2.nsys-rep
	/out/G_2_3gColoc_sat_compute_run3.nsys-rep
	/out/G_2_3gColoc_sat_compute_run4.nsys-rep
	/out/G_2_3gColoc_sat_compute_run5.nsys-rep
72b05b78707c
[20:16:00] === G_2_3g_coloc + sat_hbm(2g) ===
	/out/G_2_3gColoc_sat_hbm_run1.nsys-rep
	/out/G_2_3gColoc_sat_hbm_run2.nsys-rep
	/out/G_2_3gColoc_sat_hbm_run3.nsys-rep
	/out/G_2_3gColoc_sat_hbm_run4.nsys-rep
	/out/G_2_3gColoc_sat_hbm_run5.nsys-rep
3b5825088fe5
[20:20:25] === G_3: 3g coloc + chanpred + ResNet (2g+2g het) ===
	/out/G_3_3gColoc_het_chanpred_resnet_run1.nsys-rep
	/out/G_3_3gColoc_het_chanpred_resnet_run2.nsys-rep
	/out/G_3_3gColoc_het_chanpred_resnet_run3.nsys-rep
	/out/G_3_3gColoc_het_chanpred_resnet_run4.nsys-rep
	/out/G_3_3gColoc_het_chanpred_resnet_run5.nsys-rep
88fdfe022914
[20:24:55] === G_4: 3g coloc + 2x chanpred (HOMO) ===
	/out/G_4_3gColoc_homo_2chanpred_run1.nsys-rep
	/out/G_4_3gColoc_homo_2chanpred_run2.nsys-rep
	/out/G_4_3gColoc_homo_2chanpred_run3.nsys-rep
	/out/G_4_3gColoc_homo_2chanpred_run4.nsys-rep
	/out/G_4_3gColoc_homo_2chanpred_run5.nsys-rep
d1cdef3b6e26
[20:29:27] === G_5: 4g coloc + chanpred(2g) ===
	/out/G_5_4gColoc_chanpred_run1.nsys-rep
	/out/G_5_4gColoc_chanpred_run2.nsys-rep
	/out/G_5_4gColoc_chanpred_run3.nsys-rep
	/out/G_5_4gColoc_chanpred_run4.nsys-rep
	/out/G_5_4gColoc_chanpred_run5.nsys-rep
aad4a22b3022
[20:33:59] === G_6: 2g coloc + chanpred(3g) — WORST CASE ===
	/out/G_6_2gColoc_chanpred_3g_run1.nsys-rep
	/out/G_6_2gColoc_chanpred_3g_run2.nsys-rep
	/out/G_6_2gColoc_chanpred_3g_run3.nsys-rep
	/out/G_6_2gColoc_chanpred_3g_run4.nsys-rep
	/out/G_6_2gColoc_chanpred_3g_run5.nsys-rep
47cb491c7b27
[20:38:33] G: coloc matrix DONE
[20:38:33]   ✓ G DONE
[20:38:33] [H] dual-concurrent nsys
[20:38:33] === H_F_1: D2D 1024MB streams=8 (max HBM saturation) ===
Generated:
	/out/H_F1_D2D_1024MB_str8_l1.nsys-rep
[20:39:02] === H_F_2: H2D 256MB streams=4 (PCIe saturation) ===
Generated:
	/out/H_F2_H2D_256MB_str4_l1.nsys-rep
[20:40:16] === H_F_3: GEMM DIM=4096 fp16 (tensor core sat) ===
Generated:
	/out/H_F3_GEMM_4096_l1.nsys-rep
[20:41:27] === H_F_4: chanpred BATCH=1024 (high intensity) ===
Generated:
	/out/H_F4_chanpred_b1024_l1.nsys-rep
[20:43:43] === H_F_5: 4x chanpred stacked (multi chaotic) ===
Generated:
	/out/H_F5_stack4_chanpred_l1.nsys-rep
[20:45:54] === H_G_1: 3g coloc + chanpred(2g) ===
Generated:
	/out/H_G1_3gColoc_chanpred_l1.nsys-rep
8fa7d1a26a6e
[20:50:01] === H_G_2: 2g coloc + chanpred(3g) — WORST ===
Generated:
	/out/H_G2_2gColoc_chanpred_3g_l1.nsys-rep
80b5a44f024c
[20:54:12] === H_F_kitchen: kitchen sink (all stress) ===
Generated:
	/out/H_F_kitchen_l1.nsys-rep
[20:56:36] === H_baseline: 3gL1 alone (for comparison) ===
Generated:
	/out/H_baseline_3g_alone_l1.nsys-rep
[20:56:55] H: dual-concurrent DONE
[20:56:55]   ✓ H DONE
[20:56:55] [I + J parallel: NCU on GPU 2 + MPS on GPU 3]
[20:56:55] Starting MPS server on GPU 3
[20:56:58] === J_0 MPS alone baseline (n=10) ===
[21:34:22]   ✗ J
[21:34:22]   ✓ I DONE
[21:34:22] ===== CHAIN RESUME DONE =====

