[12:59:07] ===== OVERNIGHT v2 START =====
[12:59:07] [F] saturation matrix (n=5, ~1.5h)
[12:59:10] === F_0 alone baseline (n=10) ===
	/out/F_0_alone_run1.nsys-rep
	/out/F_0_alone_run2.nsys-rep
	/out/F_0_alone_run3.nsys-rep
	/out/F_0_alone_run4.nsys-rep
	/out/F_0_alone_run5.nsys-rep
	/out/F_0_alone_run6.nsys-rep
	/out/F_0_alone_run7.nsys-rep
	/out/F_0_alone_run8.nsys-rep
	/out/F_0_alone_run9.nsys-rep
	/out/F_0_alone_run10.nsys-rep
[13:00:50] === F_B_D2D SIZE=16MB STREAMS=1 ===
	/out/F_B_D2D_sz16_str1_run1.nsys-rep
	/out/F_B_D2D_sz16_str1_run2.nsys-rep
	/out/F_B_D2D_sz16_str1_run3.nsys-rep
	/out/F_B_D2D_sz16_str1_run4.nsys-rep
	/out/F_B_D2D_sz16_str1_run5.nsys-rep
b8ab03c4814a
[13:01:47] === F_B_D2D SIZE=16MB STREAMS=4 ===
	/out/F_B_D2D_sz16_str4_run1.nsys-rep
	/out/F_B_D2D_sz16_str4_run2.nsys-rep
	/out/F_B_D2D_sz16_str4_run3.nsys-rep
	/out/F_B_D2D_sz16_str4_run4.nsys-rep
	/out/F_B_D2D_sz16_str4_run5.nsys-rep
a60f4a919c46
[13:02:44] === F_B_D2D SIZE=16MB STREAMS=8 ===
	/out/F_B_D2D_sz16_str8_run1.nsys-rep
	/out/F_B_D2D_sz16_str8_run2.nsys-rep
	/out/F_B_D2D_sz16_str8_run3.nsys-rep
	/out/F_B_D2D_sz16_str8_run4.nsys-rep
	/out/F_B_D2D_sz16_str8_run5.nsys-rep
5017e3eefd07
[13:03:42] === F_B_D2D SIZE=64MB STREAMS=1 ===
	/out/F_B_D2D_sz64_str1_run1.nsys-rep
	/out/F_B_D2D_sz64_str1_run2.nsys-rep
	/out/F_B_D2D_sz64_str1_run3.nsys-rep
	/out/F_B_D2D_sz64_str1_run4.nsys-rep
	/out/F_B_D2D_sz64_str1_run5.nsys-rep
6749b21af66b
[13:04:40] === F_B_D2D SIZE=64MB STREAMS=4 ===
	/out/F_B_D2D_sz64_str4_run1.nsys-rep
	/out/F_B_D2D_sz64_str4_run2.nsys-rep
	/out/F_B_D2D_sz64_str4_run3.nsys-rep
	/out/F_B_D2D_sz64_str4_run4.nsys-rep
	/out/F_B_D2D_sz64_str4_run5.nsys-rep
cbf8e1e11455
[13:05:37] === F_B_D2D SIZE=64MB STREAMS=8 ===
	/out/F_B_D2D_sz64_str8_run1.nsys-rep
	/out/F_B_D2D_sz64_str8_run2.nsys-rep
	/out/F_B_D2D_sz64_str8_run3.nsys-rep
	/out/F_B_D2D_sz64_str8_run4.nsys-rep
	/out/F_B_D2D_sz64_str8_run5.nsys-rep
3b0564b56e24
[13:06:35] === F_B_D2D SIZE=256MB STREAMS=1 ===
	/out/F_B_D2D_sz256_str1_run1.nsys-rep
	/out/F_B_D2D_sz256_str1_run2.nsys-rep
	/out/F_B_D2D_sz256_str1_run3.nsys-rep
	/out/F_B_D2D_sz256_str1_run4.nsys-rep
	/out/F_B_D2D_sz256_str1_run5.nsys-rep
27c9768e0262
[13:07:32] === F_B_D2D SIZE=256MB STREAMS=4 ===
	/out/F_B_D2D_sz256_str4_run1.nsys-rep
	/out/F_B_D2D_sz256_str4_run2.nsys-rep
	/out/F_B_D2D_sz256_str4_run3.nsys-rep
	/out/F_B_D2D_sz256_str4_run4.nsys-rep
	/out/F_B_D2D_sz256_str4_run5.nsys-rep
acda82c83831
[13:08:29] === F_B_D2D SIZE=256MB STREAMS=8 ===
	/out/F_B_D2D_sz256_str8_run1.nsys-rep
	/out/F_B_D2D_sz256_str8_run2.nsys-rep
	/out/F_B_D2D_sz256_str8_run3.nsys-rep
	/out/F_B_D2D_sz256_str8_run4.nsys-rep
	/out/F_B_D2D_sz256_str8_run5.nsys-rep
d22654d5e8d6
[13:09:27] === F_B_D2D SIZE=1024MB STREAMS=1 ===
	/out/F_B_D2D_sz1024_str1_run1.nsys-rep
	/out/F_B_D2D_sz1024_str1_run2.nsys-rep
	/out/F_B_D2D_sz1024_str1_run3.nsys-rep
	/out/F_B_D2D_sz1024_str1_run4.nsys-rep
	/out/F_B_D2D_sz1024_str1_run5.nsys-rep
98908b10d7a3
[13:10:24] === F_B_D2D SIZE=1024MB STREAMS=4 ===
	/out/F_B_D2D_sz1024_str4_run1.nsys-rep
	/out/F_B_D2D_sz1024_str4_run2.nsys-rep
	/out/F_B_D2D_sz1024_str4_run3.nsys-rep
	/out/F_B_D2D_sz1024_str4_run4.nsys-rep
	/out/F_B_D2D_sz1024_str4_run5.nsys-rep
fb1acae7c4a2
[13:11:22] === F_B_D2D SIZE=1024MB STREAMS=8 ===
	/out/F_B_D2D_sz1024_str8_run1.nsys-rep
	/out/F_B_D2D_sz1024_str8_run2.nsys-rep
	/out/F_B_D2D_sz1024_str8_run3.nsys-rep
	/out/F_B_D2D_sz1024_str8_run4.nsys-rep
	/out/F_B_D2D_sz1024_str8_run5.nsys-rep
[13:12:18] === F_C_H2D SIZE=16MB STREAMS=1 ===
	/out/F_C_H2D_sz16_str1_run1.nsys-rep
	/out/F_C_H2D_sz16_str1_run2.nsys-rep
	/out/F_C_H2D_sz16_str1_run3.nsys-rep
	/out/F_C_H2D_sz16_str1_run4.nsys-rep
	/out/F_C_H2D_sz16_str1_run5.nsys-rep
db78abbb1cbb
[13:13:14] === F_C_H2D SIZE=16MB STREAMS=4 ===
	/out/F_C_H2D_sz16_str4_run1.nsys-rep
	/out/F_C_H2D_sz16_str4_run2.nsys-rep
	/out/F_C_H2D_sz16_str4_run3.nsys-rep
	/out/F_C_H2D_sz16_str4_run4.nsys-rep
	/out/F_C_H2D_sz16_str4_run5.nsys-rep
3bc71219749f
[13:14:11] === F_C_H2D SIZE=64MB STREAMS=1 ===
	/out/F_C_H2D_sz64_str1_run1.nsys-rep
	/out/F_C_H2D_sz64_str1_run2.nsys-rep
	/out/F_C_H2D_sz64_str1_run3.nsys-rep
	/out/F_C_H2D_sz64_str1_run4.nsys-rep
	/out/F_C_H2D_sz64_str1_run5.nsys-rep
5b5782c4feaa
[13:15:07] === F_C_H2D SIZE=64MB STREAMS=4 ===
	/out/F_C_H2D_sz64_str4_run1.nsys-rep
	/out/F_C_H2D_sz64_str4_run2.nsys-rep
	/out/F_C_H2D_sz64_str4_run3.nsys-rep
	/out/F_C_H2D_sz64_str4_run4.nsys-rep
	/out/F_C_H2D_sz64_str4_run5.nsys-rep
58ddf352c84c
[13:16:03] === F_C_H2D SIZE=256MB STREAMS=1 ===
	/out/F_C_H2D_sz256_str1_run1.nsys-rep
	/out/F_C_H2D_sz256_str1_run2.nsys-rep
	/out/F_C_H2D_sz256_str1_run3.nsys-rep
	/out/F_C_H2D_sz256_str1_run4.nsys-rep
	/out/F_C_H2D_sz256_str1_run5.nsys-rep
8a7bda282066
[13:17:00] === F_C_H2D SIZE=256MB STREAMS=4 ===
	/out/F_C_H2D_sz256_str4_run1.nsys-rep
	/out/F_C_H2D_sz256_str4_run2.nsys-rep
	/out/F_C_H2D_sz256_str4_run3.nsys-rep
	/out/F_C_H2D_sz256_str4_run4.nsys-rep
	/out/F_C_H2D_sz256_str4_run5.nsys-rep
c0ad24a0e8bc
[13:17:56] === F_D_GEMM DIM=512 fp16 ===
	/out/F_D_GEMM_d512_run1.nsys-rep
	/out/F_D_GEMM_d512_run2.nsys-rep
	/out/F_D_GEMM_d512_run3.nsys-rep
	/out/F_D_GEMM_d512_run4.nsys-rep
	/out/F_D_GEMM_d512_run5.nsys-rep
b5ea1c4ace5e
[13:18:52] === F_D_GEMM DIM=1024 fp16 ===
	/out/F_D_GEMM_d1024_run1.nsys-rep
	/out/F_D_GEMM_d1024_run2.nsys-rep
	/out/F_D_GEMM_d1024_run3.nsys-rep
	/out/F_D_GEMM_d1024_run4.nsys-rep
	/out/F_D_GEMM_d1024_run5.nsys-rep
b149049575fe
[13:19:47] === F_D_GEMM DIM=2048 fp16 ===
	/out/F_D_GEMM_d2048_run1.nsys-rep
	/out/F_D_GEMM_d2048_run2.nsys-rep
	/out/F_D_GEMM_d2048_run3.nsys-rep
	/out/F_D_GEMM_d2048_run4.nsys-rep
	/out/F_D_GEMM_d2048_run5.nsys-rep
21cbe3479ab0
[13:20:43] === F_D_GEMM DIM=4096 fp16 ===
	/out/F_D_GEMM_d4096_run1.nsys-rep
	/out/F_D_GEMM_d4096_run2.nsys-rep
	/out/F_D_GEMM_d4096_run3.nsys-rep
	/out/F_D_GEMM_d4096_run4.nsys-rep
	/out/F_D_GEMM_d4096_run5.nsys-rep
477c77656855
[13:21:38] === F_E_chanpred BATCH=1 ===
	/out/F_E_chanpred_b1_run1.nsys-rep
	/out/F_E_chanpred_b1_run2.nsys-rep
	/out/F_E_chanpred_b1_run3.nsys-rep
	/out/F_E_chanpred_b1_run4.nsys-rep
	/out/F_E_chanpred_b1_run5.nsys-rep
58eb4ccd74cb
[13:22:38] === F_E_chanpred BATCH=16 ===
	/out/F_E_chanpred_b16_run1.nsys-rep
	/out/F_E_chanpred_b16_run2.nsys-rep
	/out/F_E_chanpred_b16_run3.nsys-rep
	/out/F_E_chanpred_b16_run4.nsys-rep
	/out/F_E_chanpred_b16_run5.nsys-rep
10956eaa023b
[13:23:36] === F_E_chanpred BATCH=64 ===
	/out/F_E_chanpred_b64_run1.nsys-rep
	/out/F_E_chanpred_b64_run2.nsys-rep
	/out/F_E_chanpred_b64_run3.nsys-rep
	/out/F_E_chanpred_b64_run4.nsys-rep
	/out/F_E_chanpred_b64_run5.nsys-rep
5a45a4d635fe
[13:24:34] === F_E_chanpred BATCH=256 ===
	/out/F_E_chanpred_b256_run1.nsys-rep
	/out/F_E_chanpred_b256_run2.nsys-rep
	/out/F_E_chanpred_b256_run3.nsys-rep
	/out/F_E_chanpred_b256_run4.nsys-rep
	/out/F_E_chanpred_b256_run5.nsys-rep
21d704c69be2
[13:25:33] === F_E_chanpred BATCH=1024 ===
	/out/F_E_chanpred_b1024_run1.nsys-rep
	/out/F_E_chanpred_b1024_run2.nsys-rep
	/out/F_E_chanpred_b1024_run3.nsys-rep
	/out/F_E_chanpred_b1024_run4.nsys-rep
	/out/F_E_chanpred_b1024_run5.nsys-rep
a03e838cd050
[13:26:32] === F_E_resnet BATCH=16 fp16 ===
	/out/F_E_resnet_b16_run1.nsys-rep
	/out/F_E_resnet_b16_run2.nsys-rep
	/out/F_E_resnet_b16_run3.nsys-rep
	/out/F_E_resnet_b16_run4.nsys-rep
	/out/F_E_resnet_b16_run5.nsys-rep
abd59db2e527
[13:27:31] === F_E_resnet BATCH=64 fp16 ===
	/out/F_E_resnet_b64_run1.nsys-rep
	/out/F_E_resnet_b64_run2.nsys-rep
	/out/F_E_resnet_b64_run3.nsys-rep
	/out/F_E_resnet_b64_run4.nsys-rep
	/out/F_E_resnet_b64_run5.nsys-rep
8e3d459c311f
[13:28:30] === F_E_resnet BATCH=256 fp16 ===
	/out/F_E_resnet_b256_run1.nsys-rep
	/out/F_E_resnet_b256_run2.nsys-rep
	/out/F_E_resnet_b256_run3.nsys-rep
	/out/F_E_resnet_b256_run4.nsys-rep
	/out/F_E_resnet_b256_run5.nsys-rep
6d13986773d7
[13:29:29] === F_E_forecaster DIM=256 ===
	/out/F_E_forecaster_d256_run1.nsys-rep
	/out/F_E_forecaster_d256_run2.nsys-rep
	/out/F_E_forecaster_d256_run3.nsys-rep
	/out/F_E_forecaster_d256_run4.nsys-rep
	/out/F_E_forecaster_d256_run5.nsys-rep
268fae724b68
[13:30:28] === F_E_forecaster DIM=512 ===
	/out/F_E_forecaster_d512_run1.nsys-rep
	/out/F_E_forecaster_d512_run2.nsys-rep
	/out/F_E_forecaster_d512_run3.nsys-rep
	/out/F_E_forecaster_d512_run4.nsys-rep
	/out/F_E_forecaster_d512_run5.nsys-rep
c72646244b27
[13:31:27] === F_E_forecaster DIM=1024 ===
	/out/F_E_forecaster_d1024_run1.nsys-rep
	/out/F_E_forecaster_d1024_run2.nsys-rep
	/out/F_E_forecaster_d1024_run3.nsys-rep
	/out/F_E_forecaster_d1024_run4.nsys-rep
	/out/F_E_forecaster_d1024_run5.nsys-rep
a20328beb5ff
[13:32:26] === F_F_stack 2 x chanpred ===
	/out/F_F_stack_chanpred_x2_run1.nsys-rep
	/out/F_F_stack_chanpred_x2_run2.nsys-rep
	/out/F_F_stack_chanpred_x2_run3.nsys-rep
	/out/F_F_stack_chanpred_x2_run4.nsys-rep
	/out/F_F_stack_chanpred_x2_run5.nsys-rep
61b484f9defb
7be129208ee0
[13:33:27] === F_F_stack 4 x chanpred ===
	/out/F_F_stack_chanpred_x4_run1.nsys-rep
	/out/F_F_stack_chanpred_x4_run2.nsys-rep
	/out/F_F_stack_chanpred_x4_run3.nsys-rep
	/out/F_F_stack_chanpred_x4_run4.nsys-rep
	/out/F_F_stack_chanpred_x4_run5.nsys-rep
ab5b88b1b273
15cfa524b161
8896fa1ec9c0
6a46b65e393a
[13:34:31] === F_F_stack 8 x chanpred ===
	/out/F_F_stack_chanpred_x8_run1.nsys-rep
	/out/F_F_stack_chanpred_x8_run2.nsys-rep
	/out/F_F_stack_chanpred_x8_run3.nsys-rep
	/out/F_F_stack_chanpred_x8_run4.nsys-rep
	/out/F_F_stack_chanpred_x8_run5.nsys-rep
9dea1497413c
963bbe0b9c25
2a43b88afb1e
ab20a072503f
ff10f82375db
3cab9a3444f0
f2260bbd3468
6e2b0941b00f
[13:35:39] === F_F_stack 2 x resnet ===
	/out/F_F_stack_resnet_x2_run1.nsys-rep
	/out/F_F_stack_resnet_x2_run2.nsys-rep
	/out/F_F_stack_resnet_x2_run3.nsys-rep
	/out/F_F_stack_resnet_x2_run4.nsys-rep
	/out/F_F_stack_resnet_x2_run5.nsys-rep
98d4873b4e6f
50cf90ee311a
[13:36:41] === F_F_stack 4 x resnet ===
	/out/F_F_stack_resnet_x4_run1.nsys-rep
	/out/F_F_stack_resnet_x4_run2.nsys-rep
	/out/F_F_stack_resnet_x4_run3.nsys-rep
	/out/F_F_stack_resnet_x4_run4.nsys-rep
	/out/F_F_stack_resnet_x4_run5.nsys-rep
e67730c6eaa7
7daf586e7f04
522bdfa115d9
74535cf829f1
[13:37:45] === F_G_kitchen sink (chanpred + memcpy + GEMM) ===
	/out/F_G_kitchen_all_run1.nsys-rep
	/out/F_G_kitchen_all_run2.nsys-rep
	/out/F_G_kitchen_all_run3.nsys-rep
	/out/F_G_kitchen_all_run4.nsys-rep
	/out/F_G_kitchen_all_run5.nsys-rep
ab3bca0e8795
c8dd3c9c1fbe
16ab60d40651
[13:38:47] F: saturation matrix DONE
