[05:20:47] === chain12 START ===
[05:20:47] ===== MODE=TS =====
[05:20:47]   TARGET_UUID=GPU-b90e7b7d-98a6-26b1-43de-c1c5b3fd4d5a
[05:20:47] --- baseL1_TS_alone ---
[05:21:17] --- baseL1_TS_nrx ---
[05:23:52] --- baseL1_arena_TS_alone ---
[05:24:20] --- baseL1_arena_TS_nrx ---
[05:26:55] --- multiBase_TS_alone ---
[05:27:11] --- multiBase_TS_nrx ---
[05:28:20] --- multiMega_TS_alone ---
[05:28:30] --- multiMega_TS_nrx ---
[05:29:31] --- persistMega_TS_alone ---
[05:29:41] --- persistMega_TS_nrx ---
[05:30:44] ===== MODE=MPS100 =====
[05:30:49]   TARGET_UUID=GPU-b90e7b7d-98a6-26b1-43de-c1c5b3fd4d5a
[05:30:49] --- baseL1_MPS100_alone ---
[05:31:20] --- baseL1_MPS100_nrx ---
[05:32:40] --- baseL1_arena_MPS100_alone ---
[05:33:07] --- baseL1_arena_MPS100_nrx ---
[05:34:25] --- multiBase_MPS100_alone ---
[05:34:40] --- multiBase_MPS100_nrx ---
[05:35:47] --- multiMega_MPS100_alone ---
[05:35:58] --- multiMega_MPS100_nrx ---
[05:36:58] --- persistMega_MPS100_alone ---
[05:37:09] --- persistMega_MPS100_nrx ---
[05:38:13] === chain12 DONE ===
