[06:07:15] === ROUND 3: MIG 4g + MPS fair comparison ===
[06:07:15] Enabling MIG on GPU 0
[06:07:18] Creating 4g.20gb partition (profile 5)
[06:07:20] MIG UUID: MIG-954ae2c3-71ae-56e0-bea4-2e81e4c41c02
[06:07:20] 
[06:07:20] ===== A. MIG 4g without MPS (temporal, 42 SMs) =====
[06:07:20] --- MIG4g_alone_noMPS trial 1 ---
[06:07:32] --- MIG4g_alone_noMPS trial 2 ---
[06:07:42] --- MIG4g_alone_noMPS trial 3 ---
[06:07:52] --- MIG4g_nrx_noMPS trial 1 ---
[06:08:44] --- MIG4g_nrx_noMPS trial 2 ---
[06:09:36] --- MIG4g_nrx_noMPS trial 3 ---
[06:10:28] 
[06:10:28] ===== B. MIG 4g with MPS (spatial, 42 SMs) =====
[06:10:28] Starting MPS server container (target: MIG-954ae2c3-71ae-56e0-bea4-2e81e4c41c02)
[06:10:33] --- MIG4g_alone_MPS trial 1 ---
[06:10:44] --- MIG4g_alone_MPS trial 2 ---
[06:10:53] --- MIG4g_alone_MPS trial 3 ---
[06:11:04] --- MIG4g_nrx_MPS trial 1 (★ key measurement) ---
[06:11:31] --- MIG4g_nrx_MPS trial 2 (★ key measurement) ---
[06:11:57] --- MIG4g_nrx_MPS trial 3 (★ key measurement) ---
[06:12:24] Stopping MPS server
[06:12:27] Destroying MIG instances and disabling MIG mode
[06:12:29] === ROUND 3 DONE ===
[06:12:29] Files in /mydata/results/20260708/round3_mig_mps:
[06:12:29] 
[06:12:29] === AUTO-CONTINUE: kicking off Matrix v2 in background ===
[06:12:32] Matrix v2 PID: 15357
[06:12:32] Log: /mydata/results/matrix_v2_stdout.log
[06:12:32] Output: /mydata/results/20260708/matrix_v2/
