[01:57:17] === START chain9 shim matrix ===
[01:57:17] SHIMS=[baseline cudaFreeAsync cudaMemPool defer arena] MODES=[TS MPS MIG4g] CELLS=[20] TRIALS=3
[01:57:17] ===== MODE=TS =====
[01:57:19]   TARGET_UUID=GPU-b90e7b7d-98a6-26b1-43de-c1c5b3fd4d5a
[01:57:19] --- baseline_TS_c20_alone (3 trials) ---
[01:57:50] --- baseline_TS_c20_nrx (3 trials) ---
[02:00:24] --- cudaFreeAsync_TS_c20_alone (3 trials) ---
[02:00:54] --- cudaFreeAsync_TS_c20_nrx (3 trials) ---
[02:03:29] --- cudaMemPool_TS_c20_alone (3 trials) ---
[02:03:56] --- cudaMemPool_TS_c20_nrx (3 trials) ---
[02:06:31] --- defer_TS_c20_alone (3 trials) ---
[02:06:59] --- defer_TS_c20_nrx (3 trials) ---
[02:09:34] --- arena_TS_c20_alone (3 trials) ---
[02:10:01] --- arena_TS_c20_nrx (3 trials) ---
[02:12:40] ===== MODE=MPS =====
[02:12:48]   TARGET_UUID=GPU-b90e7b7d-98a6-26b1-43de-c1c5b3fd4d5a
[02:12:48] --- baseline_MPS_c20_alone (3 trials) ---
[02:13:18] --- baseline_MPS_c20_nrx (3 trials) ---
[02:14:39] --- cudaFreeAsync_MPS_c20_alone (3 trials) ---
[02:15:02] --- cudaFreeAsync_MPS_c20_nrx (3 trials) ---
[02:16:19] --- cudaMemPool_MPS_c20_alone (3 trials) ---
[02:16:48] --- cudaMemPool_MPS_c20_nrx (3 trials) ---
[02:18:06] --- defer_MPS_c20_alone (3 trials) ---
[02:18:30] --- defer_MPS_c20_nrx (3 trials) ---
[02:19:48] --- arena_MPS_c20_alone (3 trials) ---
[02:20:14] --- arena_MPS_c20_nrx (3 trials) ---
[02:21:37] ===== MODE=MIG4g =====
[02:21:42] ERROR: MIG UUID not created
[02:21:42] skip MIG4g (setup failed)
[02:21:42] === chain9 DONE ===
