
==========
== CUDA ==
==========

CUDA Version 12.9.1

Container image Copyright (c) 2016-2023, NVIDIA CORPORATION & AFFILIATES. All rights reserved.

This container image and its contents are governed by the NVIDIA Deep Learning Container License.
By pulling and using the container, you accept the terms and conditions of this license:
https://developer.nvidia.com/ngc/nvidia-deep-learning-container-license

A copy of this license is made available in this container at /NGC-DL-CONTAINER-LICENSE for your convenience.

WARNING: CPU IP/backtrace sampling not supported, disabling.
Try the 'nsys status --environment' command to learn more.

WARNING: CPU context switch tracing not supported, disabling.
Try the 'nsys status --environment' command to learn more.

[realL1] cells=40 iters=20 prbs=273 mcs=2 tb_size=13576
[realL1] synthetic rx_slot shape=(3276, 14, 4)
[realL1] building RX components...
[realL1] RX components ready
[realL1] warmup...
[realL1] measuring...
[realL1] 3g_c40_l1_resnet_only_L1: mean=80.140ms p95=81.416ms p99=81.652ms miss1ms=20/20
[realL1] saved: ./results/realL1_3g_c40_l1_resnet_only_L1_20260701_045342.json
Collecting data...
Generating '/tmp/nsys-report-05f6.qdstrm'
[1/1] [0%                          ] 3g_c40_l1_resnet_only_L1.nsys-rep[1/1] [0%                          ] 3g_c40_l1_resnet_only_L1.nsys-rep[1/1] [12%                         ] 3g_c40_l1_resnet_only_L1.nsys-rep[1/1] [==20%                       ] 3g_c40_l1_resnet_only_L1.nsys-rep[1/1] [====27%                     ] 3g_c40_l1_resnet_only_L1.nsys-rep[1/1] [======35%                   ] 3g_c40_l1_resnet_only_L1.nsys-rep[1/1] [=========43%                ] 3g_c40_l1_resnet_only_L1.nsys-rep[1/1] [===========51%              ] 3g_c40_l1_resnet_only_L1.nsys-rep[1/1] [=============58%            ] 3g_c40_l1_resnet_only_L1.nsys-rep[1/1] [===============66%          ] 3g_c40_l1_resnet_only_L1.nsys-rep[1/1] [=================74%        ] 3g_c40_l1_resnet_only_L1.nsys-rep[1/1] [==================75%    only_L1.nsys-rep[1/1] [==20%                       ] 3g_c40_l1_resnet_only_L1.nsys-rep[1/1] [====27%                     ] 3g_c40_l1_resnet_only_L1.nsys-rep[1/1] [======35%                   ] 3g_c40_l1_resnet_only_L1.nsys-rep[1