
==========
== CUDA ==
==========
[cudaMemPool_shim] malloc=0 free=0 fallback=0
[cudaMemPool_shim] malloc=0 free=0 fallback=0
[cudaMemPool_shim] malloc=0 free=0 fallback=0
[cudaMemPool_shim] malloc=0 free=0 fallback=0

CUDA Version 12.9.1

Container image Copyright (c) 2016-2023, NVIDIA CORPORATION & AFFILIATES. All rights reserved.

This container image and its contents are governed by the NVIDIA Deep Learning Container License.
By pulling and using the container, you accept the terms and conditions of this license:
https://developer.nvidia.com/ngc/nvidia-deep-learning-container-license

A copy of this license is made available in this container at /NGC-DL-CONTAINER-LICENSE for your convenience.
[cudaMemPool_shim] malloc=0 free=0 fallback=0
[cudaMemPool_shim] malloc=0 free=0 fallback=0
[cudaMemPool_shim] malloc=0 free=0 fallback=0
[cudaMemPool_shim] malloc=0 free=0 fallback=0

WARNING: CPU IP/backtrace sampling not supported, disabling.
Try the 'nsys status --environment' command to learn more.

WARNING: CPU context switch tracing not supported, disabling.
Try the 'nsys status --environment' command to learn more.

[realL1] cells=10 iters=20 prbs=273 mcs=2 tb_size=13576
[realL1] synthetic rx_slot shape=(3276, 14, 4)
[realL1] building RX components...
[cudaMemPool_shim] init: malloc=0x7f0121c59bf0 free=0x7f0121c5a4e0 mallocAsync=0x7f0121c80e40 freeAsync=0x7f0121c81050 pool=0x55d38f209b38 stream=0x55d38f385fa0 thresh=1024MB
[realL1] RX components ready
[realL1] warmup...
[realL1] measuring...
[realL1] A_c10_nrx_pool_L1: mean=173.376ms p95=179.352ms p99=179.500ms miss1ms=20/20
[realL1] saved: ./results/realL1_A_c10_nrx_pool_L1_20260701_104018.json
[cudaMemPool_shim] malloc=1263 free=1263 fallback=0
[cudaMemPool_shim] malloc=0 free=0 fallback=0
[cudaMemPool_shim] malloc=0 free=0 fallback=0
Collecting data...
Generating '/tmp/nsys-report-a1ec.qdstrm'
[1/1] [0%                          ] A_c10_nrx_pool_L1.nsys-rep[1/1] [0%                          ] A_c10_nrx_pool_L1.nsys-rep[1/1] [=16%                        ] A_c10_nrx_pool_L1.nsys-rep[1/1] [========42%                 ] A_c10_nrx_pool_L1.nsys-rep[1/1] [===============67%          ] A_c10_nrx_pool_L1.nsys-rep[1/1] [================71%         ] A_c10_nrx_pool_L1.nsys-rep[1/1] [========================100%] A_c10_nrx_pool_L1.nsys-rep[1/1] [========================100%] A_c10_nrx_pool_L1.nsys-rep
Generated:
	/out/A_c10_nrx_pool_L1.nsys-rep
[cudaMemPool_shim] malloc=0 free=0 fallback=0
[cudaMemPool_shim] malloc=0 free=0 fallback=0
