
==========
== CUDA ==
==========
[cudaMemPool_shim] malloc=0 free=0 fallback=0
[cudaMemPool_shim] malloc=0 free=0 fallback=0
[cudaMemPool_shim] malloc=0 free=0 fallback=0
[cudaMemPool_shim] malloc=0 free=0 fallback=0

CUDA Version 12.9.1

Container image Copyright (c) 2016-2023, NVIDIA CORPORATION & AFFILIATES. All rights reserved.

This container image and its contents are governed by the NVIDIA Deep Learning Container License.
By pulling and using the container, you accept the terms and conditions of this license:
https://developer.nvidia.com/ngc/nvidia-deep-learning-container-license

A copy of this license is made available in this container at /NGC-DL-CONTAINER-LICENSE for your convenience.
[cudaMemPool_shim] malloc=0 free=0 fallback=0
[cudaMemPool_shim] malloc=0 free=0 fallback=0
[cudaMemPool_shim] malloc=0 free=0 fallback=0
[cudaMemPool_shim] malloc=0 free=0 fallback=0

WARNING: CPU IP/backtrace sampling not supported, disabling.
Try the 'nsys status --environment' command to learn more.

WARNING: CPU context switch tracing not supported, disabling.
Try the 'nsys status --environment' command to learn more.

[realL1] cells=4 iters=20 prbs=273 mcs=2 tb_size=13576
[realL1] synthetic rx_slot shape=(3276, 14, 4)
[realL1] building RX components...
[cudaMemPool_shim] init: malloc=0x7fbed2c59bf0 free=0x7fbed2c5a4e0 mallocAsync=0x7fbed2c80e40 freeAsync=0x7fbed2c81050 pool=0x559897877ea8 stream=0x5598979f2f10 thresh=1024MB
[realL1] RX components ready
[realL1] warmup...
[realL1] measuring...
[realL1] A_c4_nrx_pool_L1: mean=71.711ms p95=75.136ms p99=75.248ms miss1ms=20/20
[realL1] saved: ./results/realL1_A_c4_nrx_pool_L1_20260701_103717.json
[cudaMemPool_shim] malloc=543 free=543 fallback=0
[cudaMemPool_shim] malloc=0 free=0 fallback=0
[cudaMemPool_shim] malloc=0 free=0 fallback=0
Collecting data...
Generating '/tmp/nsys-report-e23d.qdstrm'
[1/1] [0%                          ] A_c4_nrx_pool_L1.nsys-rep[1/1] [0%                          ] A_c4_nrx_pool_L1.nsys-rep[1/1] [====28%                     ] A_c4_nrx_pool_L1.nsys-rep[1/1] [===============66%          ] A_c4_nrx_pool_L1.nsys-rep[1/1] [========================100%] A_c4_nrx_pool_L1.nsys-rep[1/1] [========================100%] A_c4_nrx_pool_L1.nsys-rep
Generated:
	/out/A_c4_nrx_pool_L1.nsys-rep
[cudaMemPool_shim] malloc=0 free=0 fallback=0
[cudaMemPool_shim] malloc=0 free=0 fallback=0
