
==========
== CUDA ==
==========
[cudaFreeAsync_shim] intercepted=0 fallback=0
[cudaFreeAsync_shim] intercepted=0 fallback=0
[cudaFreeAsync_shim] intercepted=0 fallback=0
[cudaFreeAsync_shim] intercepted=0 fallback=0

CUDA Version 12.9.1

Container image Copyright (c) 2016-2023, NVIDIA CORPORATION & AFFILIATES. All rights reserved.

This container image and its contents are governed by the NVIDIA Deep Learning Container License.
By pulling and using the container, you accept the terms and conditions of this license:
https://developer.nvidia.com/ngc/nvidia-deep-learning-container-license

A copy of this license is made available in this container at /NGC-DL-CONTAINER-LICENSE for your convenience.
[cudaFreeAsync_shim] intercepted=0 fallback=0
[cudaFreeAsync_shim] intercepted=0 fallback=0
[cudaFreeAsync_shim] intercepted=0 fallback=0
[cudaFreeAsync_shim] intercepted=0 fallback=0

WARNING: CPU IP/backtrace sampling not supported, disabling.
Try the 'nsys status --environment' command to learn more.

WARNING: CPU context switch tracing not supported, disabling.
Try the 'nsys status --environment' command to learn more.

[realL1] cells=40 iters=20 prbs=273 mcs=2 tb_size=13576
[realL1] synthetic rx_slot shape=(3276, 14, 4)
[realL1] building RX components...
[cudaFreeAsync_shim] init: real_cudaFree=0x7f5e6dc5a4e0 real_cudaFreeAsync=0x7f5e6dc81050 stream=(nil)
[realL1] RX components ready
[realL1] warmup...
[realL1] measuring...
[realL1] A_c40_nrx_freeasync_L1: mean=687.772ms p95=696.663ms p99=698.638ms miss1ms=20/20
[realL1] saved: ./results/realL1_A_c40_nrx_freeasync_L1_20260701_104241.json
[cudaFreeAsync_shim] intercepted=4863 fallback=0
[cudaFreeAsync_shim] intercepted=0 fallback=0
[cudaFreeAsync_shim] intercepted=0 fallback=0
Collecting data...
Generating '/tmp/nsys-report-4226.qdstrm'
[1/1] [0%                          ] A_c40_nrx_freeasync_L1.nsys-rep[1/1] [0%                          ] A_c40_nrx_freeasync_L1.nsys-rep[1/1] [0%                          ] A_c40_nrx_freeasync_L1.nsys-rep[1/1] [12%                         ] A_c40_nrx_freeasync_L1.nsys-rep[1/1] [==20%                       ] A_c40_nrx_freeasync_L1.nsys-rep[1/1] [====28%                     ] A_c40_nrx_freeasync_L1.nsys-rep[1/1] [=======36%                  ] A_c40_nrx_freeasync_L1.nsys-rep[1/1] [=========44%                ] A_c40_nrx_freeasync_L1.nsys-rep[1/1] [===========52%              ] A_c40_nrx_freeasync_L1.nsys-rep[1/1] [=============60%            ] A_c40_nrx_freeasync_L1.nsys-rep[1/1] [================68%         ] A_c40_nrx_freeasync_L1.nsys-rep[1/1] [==================76%       ] A_c40_nrx_freeasync_L1.nsys-rep[1/1] [========================100%] A_c40_nrx_freeasync_L1.nsys-rep[1/1] [========================100%] A_c40_nrx_freeasync_L1.nsys-rep
Generated:
	/out/A_c40_nrx_freeasync_L1.nsys-rep
[cudaFreeAsync_shim] intercepted=0 fallback=0
[cudaFreeAsync_shim] intercepted=0 fallback=0
