
==========
== CUDA ==
==========
[cudaMemPool_shim] malloc=0 free=0 fallback=0
[cudaMemPool_shim] malloc=0 free=0 fallback=0
[cudaMemPool_shim] malloc=0 free=0 fallback=0
[cudaMemPool_shim] malloc=0 free=0 fallback=0

CUDA Version 12.9.1

Container image Copyright (c) 2016-2023, NVIDIA CORPORATION & AFFILIATES. All rights reserved.

This container image and its contents are governed by the NVIDIA Deep Learning Container License.
By pulling and using the container, you accept the terms and conditions of this license:
https://developer.nvidia.com/ngc/nvidia-deep-learning-container-license

A copy of this license is made available in this container at /NGC-DL-CONTAINER-LICENSE for your convenience.
[cudaMemPool_shim] malloc=0 free=0 fallback=0
[cudaMemPool_shim] malloc=0 free=0 fallback=0
[cudaMemPool_shim] malloc=0 free=0 fallback=0
[cudaMemPool_shim] malloc=0 free=0 fallback=0

WARNING: CPU IP/backtrace sampling not supported, disabling.
Try the 'nsys status --environment' command to learn more.

WARNING: CPU context switch tracing not supported, disabling.
Try the 'nsys status --environment' command to learn more.

[realL1] cells=40 iters=20 prbs=273 mcs=2 tb_size=13576
[realL1] synthetic rx_slot shape=(3276, 14, 4)
[realL1] building RX components...
[cudaMemPool_shim] init: malloc=0x7f9b98c59bf0 free=0x7f9b98c5a4e0 mallocAsync=0x7f9b98c80e40 freeAsync=0x7f9b98c81050 pool=0x564f07fbb8d8 stream=0x564f08136940 thresh=1024MB
[realL1] RX components ready
[realL1] warmup...
[realL1] measuring...
[realL1] A_c40_nrx_pool_L1: mean=689.985ms p95=698.826ms p99=699.116ms miss1ms=20/20
[realL1] saved: ./results/realL1_A_c40_nrx_pool_L1_20260701_104337.json
[cudaMemPool_shim] malloc=4863 free=4863 fallback=0
[cudaMemPool_shim] malloc=0 free=0 fallback=0
[cudaMemPool_shim] malloc=0 free=0 fallback=0
Collecting data...
Generating '/tmp/nsys-report-d65b.qdstrm'
[1/1] [0%                          ] A_c40_nrx_pool_L1.nsys-rep[1/1] [0%                          ] A_c40_nrx_pool_L1.nsys-rep[1/1] [5%                          ] A_c40_nrx_pool_L1.nsys-rep[1/1] [13%                         ] A_c40_nrx_pool_L1.nsys-rep[1/1] [===22%                      ] A_c40_nrx_pool_L1.nsys-rep[1/1] [=====30%                    ] A_c40_nrx_pool_L1.nsys-rep[1/1] [=======38%                  ] A_c40_nrx_pool_L1.nsys-rep[1/1] [=========46%                ] A_c40_nrx_pool_L1.nsys-rep[1/1] [============54%             ] A_c40_nrx_pool_L1.nsys-rep[1/1] [==============63%           ] A_c40_nrx_pool_L1.nsys-rep[1/1] [================71%         ] A_c40_nrx_pool_L1.nsys-rep[1/1] [==================76%       ] A_c40_nrx_pool_L1.nsys-rep[1/1] [========================100%] A_c40_nrx_pool_L1.nsys-rep[1/1] [========================100%] A_c40_nrx_pool_L1.nsys-rep
Generated:
	/out/A_c40_nrx_pool_L1.nsys-rep
[cudaMemPool_shim] malloc=0 free=0 fallback=0
[cudaMemPool_shim] malloc=0 free=0 fallback=0
