[2026-06-30 21:42:03] ===== CHAIN 7 v2 START — all NSYS series × cell sweep, 36 conditions =====
[2026-06-30 21:42:03] ### Setup 3g+2g layout ###
[2026-06-30 21:42:07]   UUID_3G=  UUID_2G=
[2026-06-30 21:42:07] ########## NSYS series cells=4 ##########
[2026-06-30 21:42:07] ===== X2_c4_nrx_crosspart  (cells=4) =====
[2026-06-30 21:42:08]   AI nrx → 7c812e5a2289
[2026-06-30 21:42:28] ===== X3_c4_nrx_coloc  (cells=4) =====
[2026-06-30 21:42:28]   AI nrx → 1d0313506cee
[2026-06-30 21:42:49] ===== X5_c4_chp_crosspart  (cells=4) =====
[2026-06-30 21:42:49]   AI chp → f86d420c252a
[2026-06-30 21:43:10] ===== X6_c4_chp_coloc  (cells=4) =====
[2026-06-30 21:43:10]   AI chp → 50f104811e1c
[2026-06-30 21:43:30] ===== e9_sync_first_c4  (cells=4 shim=e9_sync.so) =====
[2026-06-30 21:43:31]   AI nrx → aa66885ec2fb
[2026-06-30 21:43:51] ===== e10_callchain_c4  (cells=4 nsys=--sample=cpu --backtrace=fp) =====
[2026-06-30 21:43:51]   AI nrx → 7be700a3975f
[2026-06-30 21:44:12] ===== e2_defer_c4  (cells=4 shim=e2_defer.so) =====
[2026-06-30 21:44:12]   AI nrx → f8908ab81e9a
[2026-06-30 21:44:33] ===== p5_callchain_c4  (cells=4 nsys=--sample=cpu --backtrace=fp --cudabacktrace=all) =====
[2026-06-30 21:44:33]   AI nrx → 3aae69cbe1a4
[2026-06-30 21:44:53] ===== p6_defer_c4  (cells=4 shim=e6_defer.so) =====
[2026-06-30 21:44:54]   AI nrx → 8f82208efe86
[2026-06-30 21:45:14] ########## NSYS series cells=10 ##########
[2026-06-30 21:45:14] ===== X2_c10_nrx_crosspart  (cells=10) =====
[2026-06-30 21:45:14]   AI nrx → 15fb8d03315f
[2026-06-30 21:45:35] ===== X3_c10_nrx_coloc  (cells=10) =====
[2026-06-30 21:45:35]   AI nrx → f655759b1130
[2026-06-30 21:45:56] ===== X5_c10_chp_crosspart  (cells=10) =====
[2026-06-30 21:45:56]   AI chp → f9464365992f
[2026-06-30 21:46:16] ===== X6_c10_chp_coloc  (cells=10) =====
[2026-06-30 21:46:17]   AI chp → 119832ec6809
[2026-06-30 21:46:37] ===== e9_sync_first_c10  (cells=10 shim=e9_sync.so) =====
[2026-06-30 21:46:37]   AI nrx → e1128d608a36
[2026-06-30 21:46:58] ===== e10_callchain_c10  (cells=10 nsys=--sample=cpu --backtrace=fp) =====
[2026-06-30 21:46:58]   AI nrx → d08604f4d7bf
[2026-06-30 21:47:19] ===== e2_defer_c10  (cells=10 shim=e2_defer.so) =====
[2026-06-30 21:47:19]   AI nrx → 65c2e1337529
[2026-06-30 21:47:39] ===== p5_callchain_c10  (cells=10 nsys=--sample=cpu --backtrace=fp --cudabacktrace=all) =====
[2026-06-30 21:47:40]   AI nrx → b069b47d32a4
[2026-06-30 21:48:00] ===== p6_defer_c10  (cells=10 shim=e6_defer.so) =====
[2026-06-30 21:48:00]   AI nrx → 34651e42000c
[2026-06-30 21:48:21] ########## NSYS series cells=40 ##########
[2026-06-30 21:48:21] ===== X2_c40_nrx_crosspart  (cells=40) =====
[2026-06-30 21:48:21]   AI nrx → cb41c71d6761
[2026-06-30 21:48:42] ===== X3_c40_nrx_coloc  (cells=40) =====
[2026-06-30 21:48:42]   AI nrx → d6027b3330c2
[2026-06-30 21:49:02] ===== X5_c40_chp_crosspart  (cells=40) =====
[2026-06-30 21:49:03]   AI chp → 71f42241f0e9
[2026-06-30 21:49:23] ===== X6_c40_chp_coloc  (cells=40) =====
[2026-06-30 21:49:24]   AI chp → 5fb4a38ab80b
[2026-06-30 21:49:44] ===== e9_sync_first_c40  (cells=40 shim=e9_sync.so) =====
[2026-06-30 21:49:44]   AI nrx → e5c3c7c456cd
[2026-06-30 21:50:05] ===== e10_callchain_c40  (cells=40 nsys=--sample=cpu --backtrace=fp) =====
[2026-06-30 21:50:05]   AI nrx → 5c7edd5c42d2
[2026-06-30 21:50:26] ===== e2_defer_c40  (cells=40 shim=e2_defer.so) =====
[2026-06-30 21:50:26]   AI nrx → 8817b54ded0a
[2026-06-30 21:50:46] ===== p5_callchain_c40  (cells=40 nsys=--sample=cpu --backtrace=fp --cudabacktrace=all) =====
[2026-06-30 21:50:47]   AI nrx → 84ce41686e18
[2026-06-30 21:51:07] ===== p6_defer_c40  (cells=40 shim=e6_defer.so) =====
[2026-06-30 21:51:07]   AI nrx → 6324e84c0d86
[2026-06-30 21:51:28] ########## NSYS series cells=60 ##########
[2026-06-30 21:51:28] ===== X2_c60_nrx_crosspart  (cells=60) =====
[2026-06-30 21:51:28]   AI nrx → eddbc4a13322
[2026-06-30 21:51:49] ===== X3_c60_nrx_coloc  (cells=60) =====
[2026-06-30 21:51:49]   AI nrx → 06e2a10b07c3
[2026-06-30 21:52:09] ===== X5_c60_chp_crosspart  (cells=60) =====
[2026-06-30 21:52:10]   AI chp → c4f2620b5126
[2026-06-30 21:52:30] ===== X6_c60_chp_coloc  (cells=60) =====
[2026-06-30 21:52:31]   AI chp → 16205d6bce89
[2026-06-30 21:52:51] ===== e9_sync_first_c60  (cells=60 shim=e9_sync.so) =====
[2026-06-30 21:52:51]   AI nrx → 9e38065e1036
[2026-06-30 21:53:12] ===== e10_callchain_c60  (cells=60 nsys=--sample=cpu --backtrace=fp) =====
[2026-06-30 21:53:12]   AI nrx → a35ef612db10
[2026-06-30 21:53:32] ===== e2_defer_c60  (cells=60 shim=e2_defer.so) =====
[2026-06-30 21:53:33]   AI nrx → 486848ffbf83
[2026-06-30 21:53:53] ===== p5_callchain_c60  (cells=60 nsys=--sample=cpu --backtrace=fp --cudabacktrace=all) =====
[2026-06-30 21:53:54]   AI nrx → f8a3b503102f
[2026-06-30 21:54:14] ===== p6_defer_c60  (cells=60 shim=e6_defer.so) =====
[2026-06-30 21:54:14]   AI nrx → 02a865f7b7fe
[2026-06-30 21:54:35] ===== CHAIN 7 v2 SUMMARY =====
[2026-06-30 21:54:35] Summary: /users/sgkim/cloudlab_aerial/results/20260701/SUMMARY_chain7_v2.md
[2026-06-30 21:54:35] ===== CHAIN 7 v2 DONE =====
