[2026-07-01 00:14:37] ===== CHAIN 7 v2 START — all NSYS series × cell sweep, 36 conditions =====
[2026-07-01 00:14:37] ### Setup 3g+2g layout ###
[2026-07-01 00:14:42]   UUID_3G=MIG-e9ac9f20-a562-5ef3-8e8a-34fd1dc85c4e  UUID_2G=MIG-ab24f84d-a1e2-57ae-a0b9-3ce816c7749c
[2026-07-01 00:14:42] ########## NSYS series cells=4 ##########
[2026-07-01 00:14:42] ===== X2_c4_nrx_crosspart  (cells=4) =====
[2026-07-01 00:14:43]   AI nrx → 17577ac39bf8
  [realL1] saved: ./results/realL1_X2_c4_nrx_crosspart_L1_20260701_051501.json
[2026-07-01 00:15:39] ===== X3_c4_nrx_coloc  (cells=4) =====
[2026-07-01 00:15:39]   AI nrx → 4b235f9c97e2
  [realL1] saved: ./results/realL1_X3_c4_nrx_coloc_L1_20260701_051600.json
[2026-07-01 00:16:36] ===== X5_c4_chp_crosspart  (cells=4) =====
[2026-07-01 00:16:36]   AI chp → f9365df518d1
  [realL1] saved: ./results/realL1_X5_c4_chp_crosspart_L1_20260701_051655.json
[2026-07-01 00:19:00] ===== X6_c4_chp_coloc  (cells=4) =====
[2026-07-01 00:19:01]   AI chp → fd94c5fd95f4
  [realL1] saved: ./results/realL1_X6_c4_chp_coloc_L1_20260701_051920.json
[2026-07-01 00:21:31] ===== e9_sync_first_c4  (cells=4 shim=e9_sync.so) =====
[2026-07-01 00:21:32]   AI nrx → 4d80cc37e921
  [realL1] building RX components...
[2026-07-01 00:22:27] ===== e10_callchain_c4  (cells=4 nsys=--sample=cpu --backtrace=fp) =====
[2026-07-01 00:22:27]   AI nrx → e0154d4d821c
  [realL1] saved: ./results/realL1_e10_callchain_c4_L1_20260701_052249.json
[2026-07-01 00:23:24] ===== e2_defer_c4  (cells=4 shim=e2_defer.so) =====
[2026-07-01 00:23:24]   AI nrx → 1f37f1e12206
  [realL1] saved: ./results/realL1_e2_defer_c4_L1_20260701_052345.json
[2026-07-01 00:24:20] ===== p5_callchain_c4  (cells=4 nsys=--sample=cpu --backtrace=fp --cudabacktrace=all) =====
[2026-07-01 00:24:21]   AI nrx → 3adf5bfa68f1
  [realL1] saved: ./results/realL1_p5_callchain_c4_L1_20260701_052442.json
[2026-07-01 00:25:15] ===== p6_defer_c4  (cells=4 shim=e6_defer.so) =====
[2026-07-01 00:25:16]   AI nrx → bd9ad2411fbc
  [realL1] saved: ./results/realL1_p6_defer_c4_L1_20260701_052537.json
[2026-07-01 00:26:10] ########## NSYS series cells=10 ##########
[2026-07-01 00:26:10] ===== X2_c10_nrx_crosspart  (cells=10) =====
[2026-07-01 00:26:11]   AI nrx → 0c03707e6276
  [realL1] saved: ./results/realL1_X2_c10_nrx_crosspart_L1_20260701_052630.json
[2026-07-01 00:27:07] ===== X3_c10_nrx_coloc  (cells=10) =====
[2026-07-01 00:27:08]   AI nrx → e2fd35de17d9
  [realL1] saved: ./results/realL1_X3_c10_nrx_coloc_L1_20260701_052733.json
[2026-07-01 00:28:02] ===== X5_c10_chp_crosspart  (cells=10) =====
[2026-07-01 00:28:03]   AI chp → f52691e759f8
  [realL1] saved: ./results/realL1_X5_c10_chp_crosspart_L1_20260701_052822.json
[2026-07-01 00:30:27] ===== X6_c10_chp_coloc  (cells=10) =====
[2026-07-01 00:30:28]   AI chp → 3f447df7a4ed
  [realL1] saved: ./results/realL1_X6_c10_chp_coloc_L1_20260701_053049.json
[2026-07-01 00:32:59] ===== e9_sync_first_c10  (cells=10 shim=e9_sync.so) =====
[2026-07-01 00:33:00]   AI nrx → f263066d3ac3
  [realL1] building RX components...
[2026-07-01 00:33:54] ===== e10_callchain_c10  (cells=10 nsys=--sample=cpu --backtrace=fp) =====
[2026-07-01 00:33:55]   AI nrx → 82b6b69b9385
  [realL1] saved: ./results/realL1_e10_callchain_c10_L1_20260701_053420.json
[2026-07-01 00:34:49] ===== e2_defer_c10  (cells=10 shim=e2_defer.so) =====
[2026-07-01 00:34:50]   AI nrx → 2e899a461270
  [realL1] saved: ./results/realL1_e2_defer_c10_L1_20260701_053515.json
[2026-07-01 00:35:46] ===== p5_callchain_c10  (cells=10 nsys=--sample=cpu --backtrace=fp --cudabacktrace=all) =====
[2026-07-01 00:35:47]   AI nrx → 56b460effb16
  [realL1] saved: ./results/realL1_p5_callchain_c10_L1_20260701_053612.json
[2026-07-01 00:36:43] ===== p6_defer_c10  (cells=10 shim=e6_defer.so) =====
[2026-07-01 00:36:44]   AI nrx → db79df7c8015
  [realL1] saved: ./results/realL1_p6_defer_c10_L1_20260701_053709.json
[2026-07-01 00:37:38] ########## NSYS series cells=40 ##########
[2026-07-01 00:37:38] ===== X2_c40_nrx_crosspart  (cells=40) =====
[2026-07-01 00:37:39]   AI nrx → 3137d321744a
  [realL1] saved: ./results/realL1_X2_c40_nrx_crosspart_L1_20260701_053801.json
[2026-07-01 00:38:35] ===== X3_c40_nrx_coloc  (cells=40) =====
[2026-07-01 00:38:35]   AI nrx → 0c659e4701f1
  [realL1] saved: ./results/realL1_X3_c40_nrx_coloc_L1_20260701_053921.json
[2026-07-01 00:39:30] ===== X5_c40_chp_crosspart  (cells=40) =====
[2026-07-01 00:39:31]   AI chp → 53dc039f25f4
  [realL1] saved: ./results/realL1_X5_c40_chp_crosspart_L1_20260701_053952.json
[2026-07-01 00:41:23] ===== X6_c40_chp_coloc  (cells=40) =====
[2026-07-01 00:41:24]   AI chp → ec674a8d577d
  [realL1] saved: ./results/realL1_X6_c40_chp_coloc_L1_20260701_054156.json
[2026-07-01 00:43:51] ===== e9_sync_first_c40  (cells=40 shim=e9_sync.so) =====
[2026-07-01 00:43:51]   AI nrx → 890d09aab425
  [realL1] building RX components...
[2026-07-01 00:44:46] ===== e10_callchain_c40  (cells=40 nsys=--sample=cpu --backtrace=fp) =====
[2026-07-01 00:44:46]   AI nrx → 4ba8158d0f07
  [realL1] saved: ./results/realL1_e10_callchain_c40_L1_20260701_054532.json
[2026-07-01 00:45:42] ===== e2_defer_c40  (cells=40 shim=e2_defer.so) =====
[2026-07-01 00:45:42]   AI nrx → 1cd2cb612e27
  [realL1] saved: ./results/realL1_e2_defer_c40_L1_20260701_054628.json
[2026-07-01 00:46:38] ===== p5_callchain_c40  (cells=40 nsys=--sample=cpu --backtrace=fp --cudabacktrace=all) =====
[2026-07-01 00:46:38]   AI nrx → 9b2fb8a21656
  [realL1] saved: ./results/realL1_p5_callchain_c40_L1_20260701_054724.json
[2026-07-01 00:47:33] ===== p6_defer_c40  (cells=40 shim=e6_defer.so) =====
[2026-07-01 00:47:34]   AI nrx → 8b081bcbc4f4
  [realL1] saved: ./results/realL1_p6_defer_c40_L1_20260701_054820.json
[2026-07-01 00:48:29] ########## NSYS series cells=60 ##########
[2026-07-01 00:48:29] ===== X2_c60_nrx_crosspart  (cells=60) =====
[2026-07-01 00:48:30]   AI nrx → c4cab0feb85e
  [realL1] saved: ./results/realL1_X2_c60_nrx_crosspart_L1_20260701_054853.json
[2026-07-01 00:49:25] ===== X3_c60_nrx_coloc  (cells=60) =====
[2026-07-01 00:49:26]   AI nrx → 8eef8e2c68d7
  [realL1] measuring...
[2026-07-01 00:50:21] ===== X5_c60_chp_crosspart  (cells=60) =====
[2026-07-01 00:50:22]   AI chp → c9a5dede6a21
  [realL1] saved: ./results/realL1_X5_c60_chp_crosspart_L1_20260701_055045.json
[2026-07-01 00:52:48] ===== X6_c60_chp_coloc  (cells=60) =====
[2026-07-01 00:52:49]   AI chp → e32cce3bfb5c
  [realL1] saved: ./results/realL1_X6_c60_chp_coloc_L1_20260701_055327.json
[2026-07-01 00:55:18] ===== e9_sync_first_c60  (cells=60 shim=e9_sync.so) =====
[2026-07-01 00:55:18]   AI nrx → 56c7c6c5b448
  [realL1] building RX components...
[2026-07-01 00:56:13] ===== e10_callchain_c60  (cells=60 nsys=--sample=cpu --backtrace=fp) =====
[2026-07-01 00:56:14]   AI nrx → 4cb8914f246c
  [realL1] measuring...
[2026-07-01 00:57:09] ===== e2_defer_c60  (cells=60 shim=e2_defer.so) =====
[2026-07-01 00:57:09]   AI nrx → 6dd2519403fe
  [realL1] measuring...
[2026-07-01 00:58:05] ===== p5_callchain_c60  (cells=60 nsys=--sample=cpu --backtrace=fp --cudabacktrace=all) =====
[2026-07-01 00:58:05]   AI nrx → 50aed9d16298
  [realL1] measuring...
[2026-07-01 00:59:00] ===== p6_defer_c60  (cells=60 shim=e6_defer.so) =====
[2026-07-01 00:59:01]   AI nrx → 8199a4c04930
  [realL1] measuring...
[2026-07-01 00:59:56] ===== CHAIN 7 v2 SUMMARY =====
[2026-07-01 00:59:57] Summary: /users/sgkim/cloudlab_aerial/results/20260701/SUMMARY_chain7_v2.md
[2026-07-01 00:59:57] ===== CHAIN 7 v2 DONE =====
