
==========
== CUDA ==
==========

CUDA Version 12.9.1

Container image Copyright (c) 2016-2023, NVIDIA CORPORATION & AFFILIATES. All rights reserved.

This container image and its contents are governed by the NVIDIA Deep Learning Container License.
By pulling and using the container, you accept the terms and conditions of this license:
https://developer.nvidia.com/ngc/nvidia-deep-learning-container-license

A copy of this license is made available in this container at /NGC-DL-CONTAINER-LICENSE for your convenience.

WARNING: CPU IP/backtrace sampling not supported, disabling.
Try the 'nsys status --environment' command to learn more.

WARNING: CPU context switch tracing not supported, disabling.
Try the 'nsys status --environment' command to learn more.

WARNING: CUDA backtraces will not be collected because CPU sampling is disabled.
[realL1] cells=40 iters=20 prbs=273 mcs=2 tb_size=13576
[realL1] synthetic rx_slot shape=(3276, 14, 4)
[realL1] building RX components...
[realL1] RX components ready
[realL1] warmup...
[realL1] measuring...
[realL1] p5_callchain_c40_L1: mean=693.761ms p95=700.479ms p99=702.544ms miss1ms=20/20
[realL1] saved: ./results/realL1_p5_callchain_c40_L1_20260701_054724.json
Collecting data...
Generating '/tmp/nsys-report-bd4d.qdstrm'
[1/1] [0%                          ] p5_callchain_c40_L1.nsys-rep[1/1] [0%                          ] p5_callchain_c40_L1.nsys-rep[1/1] [12%                         ] p5_callchain_c40_L1.nsys-rep[1/1] [==20%                       ] p5_callchain_c40_L1.nsys-rep[1/1] [====27%                     ] p5_callchain_c40_L1.nsys-rep[1/1] [======35%                   ] p5_callchain_c40_L1.nsys-rep[1/1] [=========43%                ] p5_callchain_c40_L1.nsys-rep[1/1] [===========51%              ] p5_callchain_c40_L1.nsys-rep[1/1] [=============58%            ] p5_callchain_c40_L1.nsys-rep[1/1] [===============66%          ] p5_callchain_c40_L1.nsys-rep[1/1] [=================74%        ] p5_callchain_c40_L1.nsys-rep[1/1] [==================75%       ] p5_callchain_c40_L1.nsys-rep[1/1] [========================100%] p5_callchain_c40_L1.nsys-rep[1/1] [========================100%] p5_callchain_c40_L1.nsys-rep
Generated:
	/out/p5_callchain_c40_L1.nsys-rep
