
==========
== CUDA ==
==========
[e6_defer] real_cudaFree=(nil)
[e6_defer] real_cudaFree=(nil)
[e6_defer] real_cudaFree=(nil)
[e6_defer] real_cudaFree=(nil)

CUDA Version 12.9.1

Container image Copyright (c) 2016-2023, NVIDIA CORPORATION & AFFILIATES. All rights reserved.

This container image and its contents are governed by the NVIDIA Deep Learning Container License.
By pulling and using the container, you accept the terms and conditions of this license:
https://developer.nvidia.com/ngc/nvidia-deep-learning-container-license

A copy of this license is made available in this container at /NGC-DL-CONTAINER-LICENSE for your convenience.
[e6_defer] real_cudaFree=(nil)
[e6_defer] real_cudaFree=(nil)
[e6_defer] real_cudaFree=(nil)
[e6_defer] real_cudaFree=(nil)

WARNING: CPU IP/backtrace sampling not supported, disabling.
Try the 'nsys status --environment' command to learn more.

WARNING: CPU context switch tracing not supported, disabling.
Try the 'nsys status --environment' command to learn more.

[realL1] cells=10 iters=20 prbs=273 mcs=2 tb_size=13576
[realL1] synthetic rx_slot shape=(3276, 14, 4)
[realL1] building RX components...
[e6_defer] real_cudaFree=(nil)
[e6_defer] real_cudaFree=(nil)
[e6_defer] real_cudaFree=(nil)
[e6_defer] real_cudaFree=(nil)
[e6_defer] real_cudaFree=(nil)
[e6_defer] real_cudaFree=(nil)
[e6_defer] real_cudaFree=(nil)
[realL1] RX components ready
[realL1] warmup...
[e6_defer] real_cudaFree=(nil)
[e6_defer] real_cudaFree=(nil)
[e6_defer] real_cudaFree=(nil)
[e6_defer] real_cudaFree=(nil)
[e6_defer] real_cudaFree=(nil)
[e6_defer] real_cudaFree=(nil)
[e6_defer] real_cudaFree=(nil)
[e6_defer] real_cudaFree=(nil)
[e6_defer] real_cudaFree=(nil)
[e6_defer] real_cudaFree=(nil)
[e6_defer] real_cudaFree=(nil)
[e6_defer] real_cudaFree=(nil)
[e6_defer] real_cudaFree=(nil)
[e6_defer] real_cudaFree=(nil)
[e6_defer] real_cudaFree=(nil)
[e6_defer] real_cudaFree=(nil)
[e6_defer] real_cudaFree=(nil)
[e6_defer] real_cudaFree=(nil)
[e6_defer] real_cudaFree=(nil)
[e6_defer] real_cudaFree=(nil)
[e6_defer] real_cudaFree=(nil)
[e6_defer] real_cudaFree=(nil)
[e6_defer] real_cudaFree=(nil)
[e6_defer] real_cudaFree=(nil)
[e6_defer] real_cudaFree=(nil)
[e6_defer] real_cudaFree=(nil)
[e6_defer] real_cudaFree=(nil)
[e6_defer] real_cudaFree=(nil)
[e6_defer] real_cudaFree=(nil)
[e6_defer] real_cudaFree=(nil)
[e6_defer] real_cudaFree=(nil)
[e6_defer] real_cudaFree=(nil)
[e6_defer] real_cudaFree=(nil)
[e6_defer] real_cudaFree=(nil)
[e6_defer] real_cudaFree=(nil)
[e6_defer] real_cudaFree=(nil)
[e6_defer] real_cudaFree=(nil)
[e6_defer] real_cudaFree=(nil)
[e6_defer] real_cudaFree=(nil)
[e6_defer] real_cudaFree=(nil)
[e6_defer] real_cudaFree=(nil)
[e6_defer] real_cudaFree=(nil)
[e6_defer] real_cudaFree=(nil)
[e6_defer] real_cudaFree=(nil)
[e6_defer] real_cudaFree=(nil)
[e6_defer] real_cudaFree=(nil)
[e6_defer] real_cudaFree=(nil)
[e6_defer] real_cudaFree=(nil)
[e6_defer] real_cudaFree=(nil)
[e6_defer] real_cudaFree=(nil)
[e6_defer] real_cudaFree=(nil)
[e6_defer] real_cudaFree=(nil)
[e6_defer] real_cudaFree=(nil)
[e6_defer] real_cudaFree=(nil)
[e6_defer] real_cudaFree=(nil)
[e6_defer] real_cudaFree=(nil)
[e6_defer] real_cudaFree=(nil)
[e6_defer] real_cudaFree=(nil)
[e6_defer] real_cudaFree=(nil)
[e6_defer] real_cudaFree=(nil)
[e6_defer] real_cudaFree=(nil)
[e6_defer] real_cudaFree=(nil)
[e6_defer] real_cudaFree=(nil)
[e6_defer] real_cudaFree=(nil)
[e6_defer] real_cudaFree=(nil)
[e6_defer] real_cudaFree=(nil)
[e6_defer] real_cudaFree=(nil)
[e6_defer] real_cudaFree=(nil)
[e6_defer] real_cudaFree=(nil)
[e6_defer] real_cudaFree=(nil)
[e6_defer] real_cudaFree=(nil)
[e6_defer] real_cudaFree=(nil)
[e6_defer] real_cudaFree=(nil)
[e6_defer] real_cudaFree=(nil)
[e6_defer] real_cudaFree=(nil)
[e6_defer] real_cudaFree=(nil)
[e6_defer] real_cudaFree=(nil)
[e6_defer] real_cudaFree=(nil)
[e6_defer] real_cudaFree=(nil)
[e6_defer] real_cudaFree=(nil)
[e6_defer] real_cudaFree=(nil)
[e6_defer] real_cudaFree=(nil)
[e6_defer] real_cudaFree=(nil)
[e6_defer] real_cudaFree=(nil)
[e6_defer] real_cudaFree=(nil)
[e6_defer] real_cudaFree=(nil)
[e6_defer] real_cudaFree=(nil)
[e6_defer] real_cudaFree=(nil)
[e6_defer] real_cudaFree=(nil)
[e6_defer] real_cudaFree=(nil)
[e6_defer] real_cudaFree=(nil)
[e6_defer] real_cudaFree=(nil)
[e6_defer] real_cudaFree=(nil)
[e6_defer] real_cudaFree=(nil)
[e6_defer] real_cudaFree=(nil)
[e6_defer] real_cudaFree=(nil)
[e6_defer] real_cudaFree=(nil)
[e6_defer] real_cudaFree=(nil)
[e6_defer] real_cudaFree=(nil)
[e6_defer] real_cudaFree=(nil)
[e6_defer] real_cudaFree=(nil)
[e6_defer] real_cudaFree=(nil)
[e6_defer] real_cudaFree=(nil)
[e6_defer] real_cudaFree=(nil)
[e6_defer] real_cudaFree=(nil)
[e6_defer] real_cudaFree=(nil)
[e6_defer] real_cudaFree=(nil)
[e6_defer] real_cudaFree=(nil)
[e6_defer] real_cudaFree=(nil)
[e6_defer] real_cudaFree=(nil)
[e6_defer] real_cudaFree=(nil)
[e6_defer] real_cudaFree=(nil)
[e6_defer] real_cudaFree=(nil)
[e6_defer] real_cudaFree=(nil)
[e6_defer] real_cudaFree=(nil)
[e6_defer] real_cudaFree=(nil)
[e6_defer] real_cudaFree=(nil)
[e6_defer] real_cudaFree=(nil)
[e6_defer] real_cudaFree=(nil)
[e6_defer] real_cudaFree=(nil)
[e6_defer] real_cudaFree=(nil)
[e6_defer] real_cudaFree=(nil)
[e6_defer] real_cudaFree=(nil)
[e6_defer] real_cudaFree=(nil)
[e6_defer] real_cudaFree=(nil)
[e6_defer] real_cudaFree=(nil)
[e6_defer] real_cudaFree=(nil)
[e6_defer] real_cudaFree=(nil)
[e6_defer] real_cudaFree=(nil)
[e6_defer] real_cudaFree=(nil)
[e6_defer] real_cudaFree=(nil)
[e6_defer] real_cudaFree=(nil)
[e6_defer] real_cudaFree=(nil)
[e6_defer] real_cudaFree=(nil)
[e6_defer] real_cudaFree=(nil)
[e6_defer] real_cudaFree=(nil)
[e6_defer] real_cudaFree=(nil)
[e6_defer] real_cudaFree=(nil)
[e6_defer] real_cudaFree=(nil)
[e6_defer] real_cudaFree=(nil)
[e6_defer] real_cudaFree=(nil)
[e6_defer] real_cudaFree=(nil)
[e6_defer] real_cudaFree=(nil)
[e6_defer] real_cudaFree=(nil)
[e6_defer] real_cudaFree=(nil)
[e6_defer] real_cudaFree=(nil)
[e6_defer] real_cudaFree=(nil)
[e6_defer] real_cudaFree=(nil)
[e6_defer] real_cudaFree=(nil)
[e6_defer] real_cudaFree=(nil)
[e6_defer] real_cudaFree=(nil)
[e6_defer] real_cudaFree=(nil)
[e6_defer] real_cudaFree=(nil)
[e6_defer] real_cudaFree=(nil)
[e6_defer] real_cudaFree=(nil)
[e6_defer] real_cudaFree=(nil)
[e6_defer] real_cudaFree=(nil)
[e6_defer] real_cudaFree=(nil)
[e6_defer] real_cudaFree=(nil)
[e6_defer] real_cudaFree=(nil)
[e6_defer] real_cudaFree=(nil)
[e6_defer] real_cudaFree=(nil)
[e6_defer] real_cudaFree=(nil)
[e6_defer] real_cudaFree=(nil)
[e6_defer] real_cudaFree=(nil)
[e6_defer] real_cudaFree=(nil)
[e6_defer] real_cudaFree=(nil)
[e6_defer] real_cudaFree=(nil)
[e6_defer] real_cudaFree=(nil)
[e6_defer] real_cudaFree=(nil)
[e6_defer] real_cudaFree=(nil)
[e6_defer] real_cudaFree=(nil)
[e6_defer] real_cudaFree=(nil)
[e6_defer] real_cudaFree=(nil)
[e6_defer] real_cudaFree=(nil)
[e6_defer] real_cudaFree=(nil)
[e6_defer] real_cudaFree=(nil)
[e6_defer] real_cudaFree=(nil)
[e6_defer] real_cudaFree=(nil)
[e6_defer] real_cudaFree=(nil)
[e6_defer] real_cudaFree=(nil)
[e6_defer] real_cudaFree=(nil)
[e6_defer] real_cudaFree=(nil)
[e6_defer] real_cudaFree=(nil)
[e6_defer] real_cudaFree=(nil)
[e6_defer] real_cudaFree=(nil)
[e6_defer] real_cudaFree=(nil)
[e6_defer] real_cudaFree=(nil)
[e6_defer] real_cudaFree=(nil)
[e6_defer] real_cudaFree=(nil)
[e6_defer] real_cudaFree=(nil)
[e6_defer] real_cudaFree=(nil)
[e6_defer] real_cudaFree=(nil)
[e6_defer] real_cudaFree=(nil)
[e6_defer] real_cudaFree=(nil)
[e6_defer] real_cudaFree=(nil)
[e6_defer] real_cudaFree=(nil)
[e6_defer] real_cudaFree=(nil)
[e6_defer] real_cudaFree=(nil)
[e6_defer] real_cudaFree=(nil)
[e6_defer] real_cudaFree=(nil)
[e6_defer] real_cudaFree=(nil)
[e6_defer] real_cudaFree=(nil)
[e6_defer] real_cudaFree=(nil)
[e6_defer] real_cudaFree=(nil)
[e6_defer] real_cudaFree=(nil)
[e6_defer] real_cudaFree=(nil)
[e6_defer] real_cudaFree=(nil)
[e6_defer] real_cudaFree=(nil)
[e6_defer] real_cudaFree=(nil)
[e6_defer] real_cudaFree=(nil)
[e6_defer] real_cudaFree=(nil)
[e6_defer] real_cudaFree=(nil)
[e6_defer] real_cudaFree=(nil)
[e6_defer] real_cudaFree=(nil)
[e6_defer] real_cudaFree=(nil)
[e6_defer] real_cudaFree=(nil)
[e6_defer] real_cudaFree=(nil)
[e6_defer] real_cudaFree=(nil)
[e6_defer] real_cudaFree=(nil)
[e6_defer] real_cudaFree=(nil)
[e6_defer] real_cudaFree=(nil)
[e6_defer] real_cudaFree=(nil)
[e6_defer] real_cudaFree=(nil)
[e6_defer] real_cudaFree=(nil)
[e6_defer] real_cudaFree=(nil)
[e6_defer] real_cudaFree=(nil)
[e6_defer] real_cudaFree=(nil)
[e6_defer] real_cudaFree=(nil)
[e6_defer] real_cudaFree=(nil)
[e6_defer] real_cudaFree=(nil)
[e6_defer] real_cudaFree=(nil)
[e6_defer] real_cudaFree=(nil)
[e6_defer] real_cudaFree=(nil)
[e6_defer] real_cudaFree=(nil)
[e6_defer] real_cudaFree=(nil)
[e6_defer] real_cudaFree=(nil)
[e6_defer] real_cudaFree=(nil)
[e6_defer] real_cudaFree=(nil)
[e6_defer] real_cudaFree=(nil)
[e6_defer] real_cudaFree=(nil)
[e6_defer] real_cudaFree=(nil)
[e6_defer] real_cudaFree=(nil)
[e6_defer] real_cudaFree=(nil)
[e6_defer] real_cudaFree=(nil)
[e6_defer] real_cudaFree=(nil)
[e6_defer] real_cudaFree=(nil)
[e6_defer] real_cudaFree=(nil)
[e6_defer] real_cudaFree=(nil)
[e6_defer] real_cudaFree=(nil)
[e6_defer] real_cudaFree=(nil)
[e6_defer] real_cudaFree=(nil)
[e6_defer] real_cudaFree=(nil)
[e6_defer] real_cudaFree=(nil)
[e6_defer] real_cudaFree=(nil)
[e6_defer] real_cudaFree=(nil)
[e6_defer] real_cudaFree=(nil)
[e6_defer] real_cudaFree=(nil)
[e6_defer] real_cudaFree=(nil)
[e6_defer] real_cudaFree=(nil)
[e6_defer] real_cudaFree=(nil)
[e6_defer] real_cudaFree=(nil)
[e6_defer] real_cudaFree=(nil)
[e6_defer] real_cudaFree=(nil)
[e6_defer] real_cudaFree=(nil)
[e6_defer] real_cudaFree=(nil)
[e6_defer] real_cudaFree=(nil)
[e6_defer] real_cudaFree=(nil)
[e6_defer] real_cudaFree=(nil)
[e6_defer] real_cudaFree=(nil)
[e6_defer] real_cudaFree=(nil)
[e6_defer] real_cudaFree=(nil)
[e6_defer] real_cudaFree=(nil)
[e6_defer] real_cudaFree=(nil)
[e6_defer] real_cudaFree=(nil)
[e6_defer] real_cudaFree=(nil)
[e6_defer] real_cudaFree=(nil)
[e6_defer] real_cudaFree=(nil)
[e6_defer] real_cudaFree=(nil)
[e6_defer] real_cudaFree=(nil)
[e6_defer] real_cudaFree=(nil)
[e6_defer] real_cudaFree=(nil)
[e6_defer] real_cudaFree=(nil)
[e6_defer] real_cudaFree=(nil)
[e6_defer] real_cudaFree=(nil)
[e6_defer] real_cudaFree=(nil)
[e6_defer] real_cudaFree=(nil)
[e6_defer] real_cudaFree=(nil)
[e6_defer] real_cudaFree=(nil)
[e6_defer] real_cudaFree=(nil)
[e6_defer] real_cudaFree=(nil)
[e6_defer] real_cudaFree=(nil)
[e6_defer] real_cudaFree=(nil)
[e6_defer] real_cudaFree=(nil)
[e6_defer] real_cudaFree=(nil)
[e6_defer] real_cudaFree=(nil)
[e6_defer] real_cudaFree=(nil)
[e6_defer] real_cudaFree=(nil)
[e6_defer] real_cudaFree=(nil)
[e6_defer] real_cudaFree=(nil)
[e6_defer] real_cudaFree=(nil)
[e6_defer] real_cudaFree=(nil)
[e6_defer] real_cudaFree=(nil)
[e6_defer] real_cudaFree=(nil)
[e6_defer] real_cudaFree=(nil)
[e6_defer] real_cudaFree=(nil)
[e6_defer] real_cudaFree=(nil)
[e6_defer] real_cudaFree=(nil)
[e6_defer] real_cudaFree=(nil)
[e6_defer] real_cudaFree=(nil)
[e6_defer] real_cudaFree=(nil)
[e6_defer] real_cudaFree=(nil)
[e6_defer] real_cudaFree=(nil)
[e6_defer] real_cudaFree=(nil)
[e6_defer] real_cudaFree=(nil)
[e6_defer] real_cudaFree=(nil)
[e6_defer] real_cudaFree=(nil)
[e6_defer] real_cudaFree=(nil)
[e6_defer] real_cudaFree=(nil)
[e6_defer] real_cudaFree=(nil)
[e6_defer] real_cudaFree=(nil)
[e6_defer] real_cudaFree=(nil)
[e6_defer] real_cudaFree=(nil)
[e6_defer] real_cudaFree=(nil)
[e6_defer] real_cudaFree=(nil)
[e6_defer] real_cudaFree=(nil)
[e6_defer] real_cudaFree=(nil)
[e6_defer] real_cudaFree=(nil)
[e6_defer] real_cudaFree=(nil)
[e6_defer] real_cudaFree=(nil)
[e6_defer] real_cudaFree=(nil)
[e6_defer] real_cudaFree=(nil)
[e6_defer] real_cudaFree=(nil)
[e6_defer] real_cudaFree=(nil)
[e6_defer] real_cudaFree=(nil)
[e6_defer] real_cudaFree=(nil)
[e6_defer] real_cudaFree=(nil)
[e6_defer] real_cudaFree=(nil)
[e6_defer] real_cudaFree=(nil)
[e6_defer] real_cudaFree=(nil)
[e6_defer] real_cudaFree=(nil)
[e6_defer] real_cudaFree=(nil)
[e6_defer] real_cudaFree=(nil)
[e6_defer] real_cudaFree=(nil)
[e6_defer] real_cudaFree=(nil)
[e6_defer] real_cudaFree=(nil)
[e6_defer] real_cudaFree=(nil)
[e6_defer] real_cudaFree=(nil)
[e6_defer] real_cudaFree=(nil)
[e6_defer] real_cudaFree=(nil)
[e6_defer] real_cudaFree=(nil)
[e6_defer] real_cudaFree=(nil)
[e6_defer] real_cudaFree=(nil)
[e6_defer] real_cudaFree=(nil)
[e6_defer] real_cudaFree=(nil)
[e6_defer] real_cudaFree=(nil)
[e6_defer] real_cudaFree=(nil)
[e6_defer] real_cudaFree=(nil)
[e6_defer] real_cudaFree=(nil)
[e6_defer] real_cudaFree=(nil)
[e6_defer] real_cudaFree=(nil)
[e6_defer] real_cudaFree=(nil)
[e6_defer] real_cudaFree=(nil)
[e6_defer] real_cudaFree=(nil)
[e6_defer] real_cudaFree=(nil)
[e6_defer] real_cudaFree=(nil)
[e6_defer] real_cudaFree=(nil)
[e6_defer] real_cudaFree=(nil)
[e6_defer] real_cudaFree=(nil)
[e6_defer] real_cudaFree=(nil)
[e6_defer] real_cudaFree=(nil)
[e6_defer] real_cudaFree=(nil)
[e6_defer] real_cudaFree=(nil)
[e6_defer] real_cudaFree=(nil)
[e6_defer] real_cudaFree=(nil)
[e6_defer] real_cudaFree=(nil)
[e6_defer] real_cudaFree=(nil)
[e6_defer] real_cudaFree=(nil)
[e6_defer] real_cudaFree=(nil)
[e6_defer] real_cudaFree=(nil)
[e6_defer] real_cudaFree=(nil)
[e6_defer] real_cudaFree=(nil)
[e6_defer] real_cudaFree=(nil)
[e6_defer] real_cudaFree=(nil)
[e6_defer] real_cudaFree=(nil)
[e6_defer] real_cudaFree=(nil)
[e6_defer] real_cudaFree=(nil)
[e6_defer] real_cudaFree=(nil)
[e6_defer] real_cudaFree=(nil)
[e6_defer] real_cudaFree=(nil)
[e6_defer] real_cudaFree=(nil)
[e6_defer] real_cudaFree=(nil)
[e6_defer] real_cudaFree=(nil)
[e6_defer] real_cudaFree=(nil)
[e6_defer] real_cudaFree=(nil)
[e6_defer] real_cudaFree=(nil)
[e6_defer] real_cudaFree=(nil)
[e6_defer] real_cudaFree=(nil)
[e6_defer] real_cudaFree=(nil)
[e6_defer] real_cudaFree=(nil)
[e6_defer] real_cudaFree=(nil)
[e6_defer] real_cudaFree=(nil)
[e6_defer] real_cudaFree=(nil)
[e6_defer] real_cudaFree=(nil)
[e6_defer] real_cudaFree=(nil)
[e6_defer] real_cudaFree=(nil)
[e6_defer] real_cudaFree=(nil)
[e6_defer] real_cudaFree=(nil)
[e6_defer] real_cudaFree=(nil)
[e6_defer] real_cudaFree=(nil)
[e6_defer] real_cudaFree=(nil)
[e6_defer] real_cudaFree=(nil)
[e6_defer] real_cudaFree=(nil)
[e6_defer] real_cudaFree=(nil)
[e6_defer] real_cudaFree=(nil)
[e6_defer] real_cudaFree=(nil)
[e6_defer] real_cudaFree=(nil)
[e6_defer] real_cudaFree=(nil)
[e6_defer] real_cudaFree=(nil)
[e6_defer] real_cudaFree=(nil)
[e6_defer] real_cudaFree=(nil)
[e6_defer] real_cudaFree=(nil)
[e6_defer] real_cudaFree=(nil)
[e6_defer] real_cudaFree=(nil)
[e6_defer] real_cudaFree=(nil)
[e6_defer] real_cudaFree=(nil)
[e6_defer] real_cudaFree=(nil)
[e6_defer] real_cudaFree=(nil)
[e6_defer] real_cudaFree=(nil)
[e6_defer] real_cudaFree=(nil)
[e6_defer] real_cudaFree=(nil)
[e6_defer] real_cudaFree=(nil)
[e6_defer] real_cudaFree=(nil)
[e6_defer] real_cudaFree=(nil)
[e6_defer] real_cudaFree=(nil)
[e6_defer] real_cudaFree=(nil)
[e6_defer] real_cudaFree=(nil)
[e6_defer] real_cudaFree=(nil)
[e6_defer] real_cudaFree=(nil)
[e6_defer] real_cudaFree=(nil)
[e6_defer] real_cudaFree=(nil)
[e6_defer] real_cudaFree=(nil)
[e6_defer] real_cudaFree=(nil)
[e6_defer] real_cudaFree=(nil)
[e6_defer] real_cudaFree=(nil)
[e6_defer] real_cudaFree=(nil)
[e6_defer] real_cudaFree=(nil)
[e6_defer] real_cudaFree=(nil)
[e6_defer] real_cudaFree=(nil)
[e6_defer] real_cudaFree=(nil)
[e6_defer] real_cudaFree=(nil)
[e6_defer] real_cudaFree=(nil)
[e6_defer] real_cudaFree=(nil)
[e6_defer] real_cudaFree=(nil)
[e6_defer] real_cudaFree=(nil)
[e6_defer] real_cudaFree=(nil)
[e6_defer] real_cudaFree=(nil)
[e6_defer] real_cudaFree=(nil)
[e6_defer] real_cudaFree=(nil)
[e6_defer] real_cudaFree=(nil)
[e6_defer] real_cudaFree=(nil)
[e6_defer] real_cudaFree=(nil)
[e6_defer] real_cudaFree=(nil)
[e6_defer] real_cudaFree=(nil)
[e6_defer] real_cudaFree=(nil)
[e6_defer] real_cudaFree=(nil)
[e6_defer] real_cudaFree=(nil)
[e6_defer] real_cudaFree=(nil)
[e6_defer] real_cudaFree=(nil)
[e6_defer] real_cudaFree=(nil)
[e6_defer] real_cudaFree=(nil)
[e6_defer] real_cudaFree=(nil)
[e6_defer] real_cudaFree=(nil)
[e6_defer] real_cudaFree=(nil)
[e6_defer] real_cudaFree=(nil)
[e6_defer] real_cudaFree=(nil)
[e6_defer] real_cudaFree=(nil)
[e6_defer] real_cudaFree=(nil)
[e6_defer] real_cudaFree=(nil)
[e6_defer] real_cudaFree=(nil)
[e6_defer] real_cudaFree=(nil)
[e6_defer] real_cudaFree=(nil)
[e6_defer] real_cudaFree=(nil)
[e6_defer] real_cudaFree=(nil)
[e6_defer] real_cudaFree=(nil)
[e6_defer] real_cudaFree=(nil)
[e6_defer] real_cudaFree=(nil)
[e6_defer] real_cudaFree=(nil)
[e6_defer] real_cudaFree=(nil)
[e6_defer] real_cudaFree=(nil)
[e6_defer] real_cudaFree=(nil)
[e6_defer] real_cudaFree=(nil)
[e6_defer] real_cudaFree=(nil)
[e6_defer] real_cudaFree=(nil)
[e6_defer] real_cudaFree=(nil)
[e6_defer] real_cudaFree=(nil)
[e6_defer] real_cudaFree=(nil)
[e6_defer] real_cudaFree=(nil)
[e6_defer] real_cudaFree=(nil)
[e6_defer] real_cudaFree=(nil)
[e6_defer] real_cudaFree=(nil)
[e6_defer] real_cudaFree=(nil)
[e6_defer] real_cudaFree=(nil)
[e6_defer] real_cudaFree=(nil)
[e6_defer] real_cudaFree=(nil)
[e6_defer] real_cudaFree=(nil)
[e6_defer] real_cudaFree=(nil)
[e6_defer] real_cudaFree=(nil)
[e6_defer] real_cudaFree=(nil)
[e6_defer] real_cudaFree=(nil)
[e6_defer] real_cudaFree=(nil)
[e6_defer] real_cudaFree=(nil)
[e6_defer] real_cudaFree=(nil)
[e6_defer] real_cudaFree=(nil)
[e6_defer] real_cudaFree=(nil)
[e6_defer] real_cudaFree=(nil)
[e6_defer] real_cudaFree=(nil)
[e6_defer] real_cudaFree=(nil)
[e6_defer] real_cudaFree=(nil)
[e6_defer] real_cudaFree=(nil)
[e6_defer] real_cudaFree=(nil)
[e6_defer] real_cudaFree=(nil)
[e6_defer] real_cudaFree=(nil)
[e6_defer] real_cudaFree=(nil)
[e6_defer] real_cudaFree=(nil)
[e6_defer] real_cudaFree=(nil)
[e6_defer] real_cudaFree=(nil)
[e6_defer] real_cudaFree=(nil)
[e6_defer] real_cudaFree=(nil)
[e6_defer] real_cudaFree=(nil)
[e6_defer] real_cudaFree=(nil)
[e6_defer] real_cudaFree=(nil)
[e6_defer] real_cudaFree=(nil)
[e6_defer] real_cudaFree=(nil)
[e6_defer] real_cudaFree=(nil)
[e6_defer] real_cudaFree=(nil)
[e6_defer] real_cudaFree=(nil)
[e6_defer] real_cudaFree=(nil)
[e6_defer] real_cudaFree=(nil)
[e6_defer] real_cudaFree=(nil)
[e6_defer] real_cudaFree=(nil)
[e6_defer] real_cudaFree=(nil)
[e6_defer] real_cudaFree=(nil)
[e6_defer] real_cudaFree=(nil)
[e6_defer] real_cudaFree=(nil)
[e6_defer] real_cudaFree=(nil)
[e6_defer] real_cudaFree=(nil)
[e6_defer] real_cudaFree=(nil)
[e6_defer] real_cudaFree=(nil)
[e6_defer] real_cudaFree=(nil)
[e6_defer] real_cudaFree=(nil)
[e6_defer] real_cudaFree=(nil)
[e6_defer] real_cudaFree=(nil)
[e6_defer] real_cudaFree=(nil)
[e6_defer] real_cudaFree=(nil)
[e6_defer] real_cudaFree=(nil)
[e6_defer] real_cudaFree=(nil)
[e6_defer] real_cudaFree=(nil)
[e6_defer] real_cudaFree=(nil)
[e6_defer] real_cudaFree=(nil)
[e6_defer] real_cudaFree=(nil)
[e6_defer] real_cudaFree=(nil)
[e6_defer] real_cudaFree=(nil)
[e6_defer] real_cudaFree=(nil)
[e6_defer] real_cudaFree=(nil)
[e6_defer] real_cudaFree=(nil)
[e6_defer] real_cudaFree=(nil)
[e6_defer] real_cudaFree=(nil)
[e6_defer] real_cudaFree=(nil)
[e6_defer] real_cudaFree=(nil)
[e6_defer] real_cudaFree=(nil)
[e6_defer] real_cudaFree=(nil)
[e6_defer] real_cudaFree=(nil)
[e6_defer] real_cudaFree=(nil)
[e6_defer] real_cudaFree=(nil)
[e6_defer] real_cudaFree=(nil)
[e6_defer] real_cudaFree=(nil)
[e6_defer] real_cudaFree=(nil)
[e6_defer] real_cudaFree=(nil)
[e6_defer] real_cudaFree=(nil)
[e6_defer] real_cudaFree=(nil)
[e6_defer] real_cudaFree=(nil)
[e6_defer] real_cudaFree=(nil)
[e6_defer] real_cudaFree=(nil)
[e6_defer] real_cudaFree=(nil)
[e6_defer] real_cudaFree=(nil)
[e6_defer] real_cudaFree=(nil)
[e6_defer] real_cudaFree=(nil)
[e6_defer] real_cudaFree=(nil)
[e6_defer] real_cudaFree=(nil)
[e6_defer] real_cudaFree=(nil)
[e6_defer] real_cudaFree=(nil)
[e6_defer] real_cudaFree=(nil)
[e6_defer] real_cudaFree=(nil)
[e6_defer] real_cudaFree=(nil)
[e6_defer] real_cudaFree=(nil)
[e6_defer] real_cudaFree=(nil)
[realL1] measuring...
[e6_defer] real_cudaFree=(nil)
[e6_defer] real_cudaFree=(nil)
[e6_defer] real_cudaFree=(nil)
[e6_defer] real_cudaFree=(nil)
[e6_defer] real_cudaFree=(nil)
[e6_defer] real_cudaFree=(nil)
[e6_defer] real_cudaFree=(nil)
[e6_defer] real_cudaFree=(nil)
[e6_defer] real_cudaFree=(nil)
[e6_defer] real_cudaFree=(nil)
[e6_defer] real_cudaFree=(nil)
[e6_defer] real_cudaFree=(nil)
[e6_defer] real_cudaFree=(nil)
[e6_defer] real_cudaFree=(nil)
[e6_defer] real_cudaFree=(nil)
[e6_defer] real_cudaFree=(nil)
[e6_defer] real_cudaFree=(nil)
[e6_defer] real_cudaFree=(nil)
[e6_defer] real_cudaFree=(nil)
[e6_defer] real_cudaFree=(nil)
[e6_defer] real_cudaFree=(nil)
[e6_defer] real_cudaFree=(nil)
[e6_defer] real_cudaFree=(nil)
[e6_defer] real_cudaFree=(nil)
[e6_defer] real_cudaFree=(nil)
[e6_defer] real_cudaFree=(nil)
[e6_defer] real_cudaFree=(nil)
[e6_defer] real_cudaFree=(nil)
[e6_defer] real_cudaFree=(nil)
[e6_defer] real_cudaFree=(nil)
[e6_defer] real_cudaFree=(nil)
[e6_defer] real_cudaFree=(nil)
[e6_defer] real_cudaFree=(nil)
[e6_defer] real_cudaFree=(nil)
[e6_defer] real_cudaFree=(nil)
[e6_defer] real_cudaFree=(nil)
[e6_defer] real_cudaFree=(nil)
[e6_defer] real_cudaFree=(nil)
[e6_defer] real_cudaFree=(nil)
[e6_defer] real_cudaFree=(nil)
[e6_defer] real_cudaFree=(nil)
[e6_defer] real_cudaFree=(nil)
[e6_defer] real_cudaFree=(nil)
[e6_defer] real_cudaFree=(nil)
[e6_defer] real_cudaFree=(nil)
[e6_defer] real_cudaFree=(nil)
[e6_defer] real_cudaFree=(nil)
[e6_defer] real_cudaFree=(nil)
[e6_defer] real_cudaFree=(nil)
[e6_defer] real_cudaFree=(nil)
[e6_defer] real_cudaFree=(nil)
[e6_defer] real_cudaFree=(nil)
[e6_defer] real_cudaFree=(nil)
[e6_defer] real_cudaFree=(nil)
[e6_defer] real_cudaFree=(nil)
[e6_defer] real_cudaFree=(nil)
[e6_defer] real_cudaFree=(nil)
[e6_defer] real_cudaFree=(nil)
[e6_defer] real_cudaFree=(nil)
[e6_defer] real_cudaFree=(nil)
[e6_defer] real_cudaFree=(nil)
[e6_defer] real_cudaFree=(nil)
[e6_defer] real_cudaFree=(nil)
[e6_defer] real_cudaFree=(nil)
[e6_defer] real_cudaFree=(nil)
[e6_defer] real_cudaFree=(nil)
[e6_defer] real_cudaFree=(nil)
[e6_defer] real_cudaFree=(nil)
[e6_defer] real_cudaFree=(nil)
[e6_defer] real_cudaFree=(nil)
[e6_defer] real_cudaFree=(nil)
[e6_defer] real_cudaFree=(nil)
[e6_defer] real_cudaFree=(nil)
[e6_defer] real_cudaFree=(nil)
[e6_defer] real_cudaFree=(nil)
[e6_defer] real_cudaFree=(nil)
[e6_defer] real_cudaFree=(nil)
[e6_defer] real_cudaFree=(nil)
[e6_defer] real_cudaFree=(nil)
[e6_defer] real_cudaFree=(nil)
[e6_defer] real_cudaFree=(nil)
[e6_defer] real_cudaFree=(nil)
[e6_defer] real_cudaFree=(nil)
[e6_defer] real_cudaFree=(nil)
[e6_defer] real_cudaFree=(nil)
[e6_defer] real_cudaFree=(nil)
[e6_defer] real_cudaFree=(nil)
[e6_defer] real_cudaFree=(nil)
[e6_defer] real_cudaFree=(nil)
[e6_defer] real_cudaFree=(nil)
[e6_defer] real_cudaFree=(nil)
[e6_defer] real_cudaFree=(nil)
[e6_defer] real_cudaFree=(nil)
[e6_defer] real_cudaFree=(nil)
[e6_defer] real_cudaFree=(nil)
[e6_defer] real_cudaFree=(nil)
[e6_defer] real_cudaFree=(nil)
[e6_defer] real_cudaFree=(nil)
[e6_defer] real_cudaFree=(nil)
[e6_defer] real_cudaFree=(nil)
[e6_defer] real_cudaFree=(nil)
[e6_defer] real_cudaFree=(nil)
[e6_defer] real_cudaFree=(nil)
[e6_defer] real_cudaFree=(nil)
[e6_defer] real_cudaFree=(nil)
[e6_defer] real_cudaFree=(nil)
[e6_defer] real_cudaFree=(nil)
[e6_defer] real_cudaFree=(nil)
[e6_defer] real_cudaFree=(nil)
[e6_defer] real_cudaFree=(nil)
[e6_defer] real_cudaFree=(nil)
[e6_defer] real_cudaFree=(nil)
[e6_defer] real_cudaFree=(nil)
[e6_defer] real_cudaFree=(nil)
[e6_defer] real_cudaFree=(nil)
[e6_defer] real_cudaFree=(nil)
[e6_defer] real_cudaFree=(nil)
[e6_defer] real_cudaFree=(nil)
[e6_defer] real_cudaFree=(nil)
[e6_defer] real_cudaFree=(nil)
[e6_defer] real_cudaFree=(nil)
[e6_defer] real_cudaFree=(nil)
[e6_defer] real_cudaFree=(nil)
[e6_defer] real_cudaFree=(nil)
[e6_defer] real_cudaFree=(nil)
[e6_defer] real_cudaFree=(nil)
[e6_defer] real_cudaFree=(nil)
[e6_defer] real_cudaFree=(nil)
[e6_defer] real_cudaFree=(nil)
[e6_defer] real_cudaFree=(nil)
[e6_defer] real_cudaFree=(nil)
[e6_defer] real_cudaFree=(nil)
[e6_defer] real_cudaFree=(nil)
[e6_defer] real_cudaFree=(nil)
[e6_defer] real_cudaFree=(nil)
[e6_defer] real_cudaFree=(nil)
[e6_defer] real_cudaFree=(nil)
[e6_defer] real_cudaFree=(nil)
[e6_defer] real_cudaFree=(nil)
[e6_defer] real_cudaFree=(nil)
[e6_defer] real_cudaFree=(nil)
[e6_defer] real_cudaFree=(nil)
[e6_defer] real_cudaFree=(nil)
[e6_defer] real_cudaFree=(nil)
[e6_defer] real_cudaFree=(nil)
[e6_defer] real_cudaFree=(nil)
[e6_defer] real_cudaFree=(nil)
[e6_defer] real_cudaFree=(nil)
[e6_defer] real_cudaFree=(nil)
[e6_defer] real_cudaFree=(nil)
[e6_defer] real_cudaFree=(nil)
[e6_defer] real_cudaFree=(nil)
[e6_defer] real_cudaFree=(nil)
[e6_defer] real_cudaFree=(nil)
[e6_defer] real_cudaFree=(nil)
[e6_defer] real_cudaFree=(nil)
[e6_defer] real_cudaFree=(nil)
[e6_defer] real_cudaFree=(nil)
[e6_defer] real_cudaFree=(nil)
[e6_defer] real_cudaFree=(nil)
[e6_defer] real_cudaFree=(nil)
[e6_defer] real_cudaFree=(nil)
[e6_defer] real_cudaFree=(nil)
[e6_defer] real_cudaFree=(nil)
[e6_defer] real_cudaFree=(nil)
[e6_defer] real_cudaFree=(nil)
[e6_defer] real_cudaFree=(nil)
[e6_defer] real_cudaFree=(nil)
[e6_defer] real_cudaFree=(nil)
[e6_defer] real_cudaFree=(nil)
[e6_defer] real_cudaFree=(nil)
[e6_defer] real_cudaFree=(nil)
[e6_defer] real_cudaFree=(nil)
[e6_defer] real_cudaFree=(nil)
[e6_defer] real_cudaFree=(nil)
[e6_defer] real_cudaFree=(nil)
[e6_defer] real_cudaFree=(nil)
[e6_defer] real_cudaFree=(nil)
[e6_defer] real_cudaFree=(nil)
[e6_defer] real_cudaFree=(nil)
[e6_defer] real_cudaFree=(nil)
[e6_defer] real_cudaFree=(nil)
[e6_defer] real_cudaFree=(nil)
[e6_defer] real_cudaFree=(nil)
[e6_defer] real_cudaFree=(nil)
[e6_defer] real_cudaFree=(nil)
[e6_defer] real_cudaFree=(nil)
[e6_defer] real_cudaFree=(nil)
[e6_defer] real_cudaFree=(nil)
[e6_defer] real_cudaFree=(nil)
[e6_defer] real_cudaFree=(nil)
[e6_defer] real_cudaFree=(nil)
[e6_defer] real_cudaFree=(nil)
[e6_defer] real_cudaFree=(nil)
[e6_defer] real_cudaFree=(nil)
[e6_defer] real_cudaFree=(nil)
[e6_defer] real_cudaFree=(nil)
[e6_defer] real_cudaFree=(nil)
[e6_defer] real_cudaFree=(nil)
[e6_defer] real_cudaFree=(nil)
[e6_defer] real_cudaFree=(nil)
[e6_defer] real_cudaFree=(nil)
[e6_defer] real_cudaFree=(nil)
[e6_defer] real_cudaFree=(nil)
[e6_defer] real_cudaFree=(nil)
[e6_defer] real_cudaFree=(nil)
[e6_defer] real_cudaFree=(nil)
[e6_defer] real_cudaFree=(nil)
[e6_defer] real_cudaFree=(nil)
[e6_defer] real_cudaFree=(nil)
[e6_defer] real_cudaFree=(nil)
[e6_defer] real_cudaFree=(nil)
[e6_defer] real_cudaFree=(nil)
[e6_defer] real_cudaFree=(nil)
[e6_defer] real_cudaFree=(nil)
[e6_defer] real_cudaFree=(nil)
[e6_defer] real_cudaFree=(nil)
[e6_defer] real_cudaFree=(nil)
[e6_defer] real_cudaFree=(nil)
[e6_defer] real_cudaFree=(nil)
[e6_defer] real_cudaFree=(nil)
[e6_defer] real_cudaFree=(nil)
[e6_defer] real_cudaFree=(nil)
[e6_defer] real_cudaFree=(nil)
[e6_defer] real_cudaFree=(nil)
[e6_defer] real_cudaFree=(nil)
[e6_defer] real_cudaFree=(nil)
[e6_defer] real_cudaFree=(nil)
[e6_defer] real_cudaFree=(nil)
[e6_defer] real_cudaFree=(nil)
[e6_defer] real_cudaFree=(nil)
[e6_defer] real_cudaFree=(nil)
[e6_defer] real_cudaFree=(nil)
[e6_defer] real_cudaFree=(nil)
[e6_defer] real_cudaFree=(nil)
[e6_defer] real_cudaFree=(nil)
[e6_defer] real_cudaFree=(nil)
[e6_defer] real_cudaFree=(nil)
[e6_defer] real_cudaFree=(nil)
[e6_defer] real_cudaFree=(nil)
[e6_defer] real_cudaFree=(nil)
[e6_defer] real_cudaFree=(nil)
[e6_defer] real_cudaFree=(nil)
[e6_defer] real_cudaFree=(nil)
[e6_defer] real_cudaFree=(nil)
[e6_defer] real_cudaFree=(nil)
[e6_defer] real_cudaFree=(nil)
[e6_defer] real_cudaFree=(nil)
[e6_defer] real_cudaFree=(nil)
[e6_defer] real_cudaFree=(nil)
[e6_defer] real_cudaFree=(nil)
[e6_defer] real_cudaFree=(nil)
[e6_defer] real_cudaFree=(nil)
[e6_defer] real_cudaFree=(nil)
[e6_defer] real_cudaFree=(nil)
[e6_defer] real_cudaFree=(nil)
[e6_defer] real_cudaFree=(nil)
[e6_defer] real_cudaFree=(nil)
[e6_defer] real_cudaFree=(nil)
[e6_defer] real_cudaFree=(nil)
[e6_defer] real_cudaFree=(nil)
[e6_defer] real_cudaFree=(nil)
[e6_defer] real_cudaFree=(nil)
[e6_defer] real_cudaFree=(nil)
[e6_defer] real_cudaFree=(nil)
[e6_defer] real_cudaFree=(nil)
[e6_defer] real_cudaFree=(nil)
[e6_defer] real_cudaFree=(nil)
[e6_defer] real_cudaFree=(nil)
[e6_defer] real_cudaFree=(nil)
[e6_defer] real_cudaFree=(nil)
[e6_defer] real_cudaFree=(nil)
[e6_defer] real_cudaFree=(nil)
[e6_defer] real_cudaFree=(nil)
[e6_defer] real_cudaFree=(nil)
[e6_defer] real_cudaFree=(nil)
[e6_defer] real_cudaFree=(nil)
[e6_defer] real_cudaFree=(nil)
[e6_defer] real_cudaFree=(nil)
[e6_defer] real_cudaFree=(nil)
[e6_defer] real_cudaFree=(nil)
[e6_defer] real_cudaFree=(nil)
[e6_defer] real_cudaFree=(nil)
[e6_defer] real_cudaFree=(nil)
[e6_defer] real_cudaFree=(nil)
[e6_defer] real_cudaFree=(nil)
[e6_defer] real_cudaFree=(nil)
[e6_defer] real_cudaFree=(nil)
[e6_defer] real_cudaFree=(nil)
[e6_defer] real_cudaFree=(nil)
[e6_defer] real_cudaFree=(nil)
[e6_defer] real_cudaFree=(nil)
[e6_defer] real_cudaFree=(nil)
[e6_defer] real_cudaFree=(nil)
[e6_defer] real_cudaFree=(nil)
[e6_defer] real_cudaFree=(nil)
[e6_defer] real_cudaFree=(nil)
[e6_defer] real_cudaFree=(nil)
[e6_defer] real_cudaFree=(nil)
[e6_defer] real_cudaFree=(nil)
[e6_defer] real_cudaFree=(nil)
[e6_defer] real_cudaFree=(nil)
[e6_defer] real_cudaFree=(nil)
[e6_defer] real_cudaFree=(nil)
[e6_defer] real_cudaFree=(nil)
[e6_defer] real_cudaFree=(nil)
[e6_defer] real_cudaFree=(nil)
[e6_defer] real_cudaFree=(nil)
[e6_defer] real_cudaFree=(nil)
[e6_defer] real_cudaFree=(nil)
[e6_defer] real_cudaFree=(nil)
[e6_defer] real_cudaFree=(nil)
[e6_defer] real_cudaFree=(nil)
[e6_defer] real_cudaFree=(nil)
[e6_defer] real_cudaFree=(nil)
[e6_defer] real_cudaFree=(nil)
[e6_defer] real_cudaFree=(nil)
[e6_defer] real_cudaFree=(nil)
[e6_defer] real_cudaFree=(nil)
[e6_defer] real_cudaFree=(nil)
[e6_defer] real_cudaFree=(nil)
[e6_defer] real_cudaFree=(nil)
[e6_defer] real_cudaFree=(nil)
[e6_defer] real_cudaFree=(nil)
[e6_defer] real_cudaFree=(nil)
[e6_defer] real_cudaFree=(nil)
[e6_defer] real_cudaFree=(nil)
[e6_defer] real_cudaFree=(nil)
[e6_defer] real_cudaFree=(nil)
[e6_defer] real_cudaFree=(nil)
[e6_defer] real_cudaFree=(nil)
[e6_defer] real_cudaFree=(nil)
[e6_defer] real_cudaFree=(nil)
[e6_defer] real_cudaFree=(nil)
[e6_defer] real_cudaFree=(nil)
[e6_defer] real_cudaFree=(nil)
[e6_defer] real_cudaFree=(nil)
[e6_defer] real_cudaFree=(nil)
[e6_defer] real_cudaFree=(nil)
[e6_defer] real_cudaFree=(nil)
[e6_defer] real_cudaFree=(nil)
[e6_defer] real_cudaFree=(nil)
[e6_defer] real_cudaFree=(nil)
[e6_defer] real_cudaFree=(nil)
[e6_defer] real_cudaFree=(nil)
[e6_defer] real_cudaFree=(nil)
[e6_defer] real_cudaFree=(nil)
[e6_defer] real_cudaFree=(nil)
[e6_defer] real_cudaFree=(nil)
[e6_defer] real_cudaFree=(nil)
[e6_defer] real_cudaFree=(nil)
[e6_defer] real_cudaFree=(nil)
[e6_defer] real_cudaFree=(nil)
[e6_defer] real_cudaFree=(nil)
[e6_defer] real_cudaFree=(nil)
[e6_defer] real_cudaFree=(nil)
[e6_defer] real_cudaFree=(nil)
[e6_defer] real_cudaFree=(nil)
[e6_defer] real_cudaFree=(nil)
[e6_defer] real_cudaFree=(nil)
[e6_defer] real_cudaFree=(nil)
[e6_defer] real_cudaFree=(nil)
[e6_defer] real_cudaFree=(nil)
[e6_defer] real_cudaFree=(nil)
[e6_defer] real_cudaFree=(nil)
[e6_defer] real_cudaFree=(nil)
[e6_defer] real_cudaFree=(nil)
[e6_defer] real_cudaFree=(nil)
[e6_defer] real_cudaFree=(nil)
[e6_defer] real_cudaFree=(nil)
[e6_defer] real_cudaFree=(nil)
[e6_defer] real_cudaFree=(nil)
[e6_defer] real_cudaFree=(nil)
[e6_defer] real_cudaFree=(nil)
[e6_defer] real_cudaFree=(nil)
[e6_defer] real_cudaFree=(nil)
[e6_defer] real_cudaFree=(nil)
[e6_defer] real_cudaFree=(nil)
[e6_defer] real_cudaFree=(nil)
[e6_defer] real_cudaFree=(nil)
[e6_defer] real_cudaFree=(nil)
[e6_defer] real_cudaFree=(nil)
[e6_defer] real_cudaFree=(nil)
[e6_defer] real_cudaFree=(nil)
[e6_defer] real_cudaFree=(nil)
[e6_defer] real_cudaFree=(nil)
[e6_defer] real_cudaFree=(nil)
[e6_defer] real_cudaFree=(nil)
[e6_defer] real_cudaFree=(nil)
[e6_defer] real_cudaFree=(nil)
[e6_defer] real_cudaFree=(nil)
[e6_defer] real_cudaFree=(nil)
[e6_defer] real_cudaFree=(nil)
[e6_defer] real_cudaFree=(nil)
[e6_defer] real_cudaFree=(nil)
[e6_defer] real_cudaFree=(nil)
[e6_defer] intercepted=1000 queued (avg intercept=0.16us)
[e6_defer] real_cudaFree=(nil)
[e6_defer] real_cudaFree=(nil)
[e6_defer] real_cudaFree=(nil)
[e6_defer] real_cudaFree=(nil)
[e6_defer] real_cudaFree=(nil)
[e6_defer] real_cudaFree=(nil)
[e6_defer] real_cudaFree=(nil)
[e6_defer] real_cudaFree=(nil)
[e6_defer] real_cudaFree=(nil)
[e6_defer] real_cudaFree=(nil)
[e6_defer] real_cudaFree=(nil)
[e6_defer] real_cudaFree=(nil)
[e6_defer] real_cudaFree=(nil)
[e6_defer] real_cudaFree=(nil)
[e6_defer] real_cudaFree=(nil)
[e6_defer] real_cudaFree=(nil)
[e6_defer] real_cudaFree=(nil)
[e6_defer] real_cudaFree=(nil)
[e6_defer] real_cudaFree=(nil)
[e6_defer] real_cudaFree=(nil)
[e6_defer] real_cudaFree=(nil)
[e6_defer] real_cudaFree=(nil)
[e6_defer] real_cudaFree=(nil)
[e6_defer] real_cudaFree=(nil)
[e6_defer] real_cudaFree=(nil)
[e6_defer] real_cudaFree=(nil)
[e6_defer] real_cudaFree=(nil)
[e6_defer] real_cudaFree=(nil)
[e6_defer] real_cudaFree=(nil)
[e6_defer] real_cudaFree=(nil)
[e6_defer] real_cudaFree=(nil)
[e6_defer] real_cudaFree=(nil)
[e6_defer] real_cudaFree=(nil)
[e6_defer] real_cudaFree=(nil)
[e6_defer] real_cudaFree=(nil)
[e6_defer] real_cudaFree=(nil)
[e6_defer] real_cudaFree=(nil)
[e6_defer] real_cudaFree=(nil)
[e6_defer] real_cudaFree=(nil)
[e6_defer] real_cudaFree=(nil)
[e6_defer] real_cudaFree=(nil)
[e6_defer] real_cudaFree=(nil)
[e6_defer] real_cudaFree=(nil)
[e6_defer] real_cudaFree=(nil)
[e6_defer] real_cudaFree=(nil)
[e6_defer] real_cudaFree=(nil)
[e6_defer] real_cudaFree=(nil)
[e6_defer] real_cudaFree=(nil)
[e6_defer] real_cudaFree=(nil)
[e6_defer] real_cudaFree=(nil)
[e6_defer] real_cudaFree=(nil)
[e6_defer] real_cudaFree=(nil)
[e6_defer] real_cudaFree=(nil)
[e6_defer] real_cudaFree=(nil)
[e6_defer] real_cudaFree=(nil)
[e6_defer] real_cudaFree=(nil)
[e6_defer] real_cudaFree=(nil)
[e6_defer] real_cudaFree=(nil)
[e6_defer] real_cudaFree=(nil)
[e6_defer] real_cudaFree=(nil)
[e6_defer] real_cudaFree=(nil)
[e6_defer] real_cudaFree=(nil)
[e6_defer] real_cudaFree=(nil)
[e6_defer] real_cudaFree=(nil)
[e6_defer] real_cudaFree=(nil)
[e6_defer] real_cudaFree=(nil)
[e6_defer] real_cudaFree=(nil)
[e6_defer] real_cudaFree=(nil)
[e6_defer] real_cudaFree=(nil)
[e6_defer] real_cudaFree=(nil)
[e6_defer] real_cudaFree=(nil)
[e6_defer] real_cudaFree=(nil)
[e6_defer] real_cudaFree=(nil)
[e6_defer] real_cudaFree=(nil)
[e6_defer] real_cudaFree=(nil)
[e6_defer] real_cudaFree=(nil)
[e6_defer] real_cudaFree=(nil)
[e6_defer] real_cudaFree=(nil)
[e6_defer] real_cudaFree=(nil)
[e6_defer] real_cudaFree=(nil)
[e6_defer] real_cudaFree=(nil)
[e6_defer] real_cudaFree=(nil)
[e6_defer] real_cudaFree=(nil)
[e6_defer] real_cudaFree=(nil)
[e6_defer] real_cudaFree=(nil)
[e6_defer] real_cudaFree=(nil)
[e6_defer] real_cudaFree=(nil)
[e6_defer] real_cudaFree=(nil)
[e6_defer] real_cudaFree=(nil)
[e6_defer] real_cudaFree=(nil)
[e6_defer] real_cudaFree=(nil)
[e6_defer] real_cudaFree=(nil)
[e6_defer] real_cudaFree=(nil)
[e6_defer] real_cudaFree=(nil)
[e6_defer] real_cudaFree=(nil)
[e6_defer] real_cudaFree=(nil)
[e6_defer] real_cudaFree=(nil)
[e6_defer] real_cudaFree=(nil)
[e6_defer] real_cudaFree=(nil)
[e6_defer] real_cudaFree=(nil)
[e6_defer] real_cudaFree=(nil)
[e6_defer] real_cudaFree=(nil)
[e6_defer] real_cudaFree=(nil)
[e6_defer] real_cudaFree=(nil)
[e6_defer] real_cudaFree=(nil)
[e6_defer] real_cudaFree=(nil)
[e6_defer] real_cudaFree=(nil)
[e6_defer] real_cudaFree=(nil)
[e6_defer] real_cudaFree=(nil)
[e6_defer] real_cudaFree=(nil)
[e6_defer] real_cudaFree=(nil)
[e6_defer] real_cudaFree=(nil)
[e6_defer] real_cudaFree=(nil)
[e6_defer] real_cudaFree=(nil)
[e6_defer] real_cudaFree=(nil)
[e6_defer] real_cudaFree=(nil)
[e6_defer] real_cudaFree=(nil)
[e6_defer] real_cudaFree=(nil)
[e6_defer] real_cudaFree=(nil)
[e6_defer] real_cudaFree=(nil)
[e6_defer] real_cudaFree=(nil)
[e6_defer] real_cudaFree=(nil)
[e6_defer] real_cudaFree=(nil)
[e6_defer] real_cudaFree=(nil)
[e6_defer] real_cudaFree=(nil)
[e6_defer] real_cudaFree=(nil)
[e6_defer] real_cudaFree=(nil)
[e6_defer] real_cudaFree=(nil)
[e6_defer] real_cudaFree=(nil)
[e6_defer] real_cudaFree=(nil)
[e6_defer] real_cudaFree=(nil)
[e6_defer] real_cudaFree=(nil)
[e6_defer] real_cudaFree=(nil)
[e6_defer] real_cudaFree=(nil)
[e6_defer] real_cudaFree=(nil)
[e6_defer] real_cudaFree=(nil)
[e6_defer] real_cudaFree=(nil)
[e6_defer] real_cudaFree=(nil)
[e6_defer] real_cudaFree=(nil)
[e6_defer] real_cudaFree=(nil)
[e6_defer] real_cudaFree=(nil)
[e6_defer] real_cudaFree=(nil)
[e6_defer] real_cudaFree=(nil)
[e6_defer] real_cudaFree=(nil)
[e6_defer] real_cudaFree=(nil)
[e6_defer] real_cudaFree=(nil)
[e6_defer] real_cudaFree=(nil)
[e6_defer] real_cudaFree=(nil)
[e6_defer] real_cudaFree=(nil)
[e6_defer] real_cudaFree=(nil)
[e6_defer] real_cudaFree=(nil)
[e6_defer] real_cudaFree=(nil)
[e6_defer] real_cudaFree=(nil)
[e6_defer] real_cudaFree=(nil)
[e6_defer] real_cudaFree=(nil)
[e6_defer] real_cudaFree=(nil)
[e6_defer] real_cudaFree=(nil)
[e6_defer] real_cudaFree=(nil)
[e6_defer] real_cudaFree=(nil)
[e6_defer] real_cudaFree=(nil)
[e6_defer] real_cudaFree=(nil)
[e6_defer] real_cudaFree=(nil)
[e6_defer] real_cudaFree=(nil)
[e6_defer] real_cudaFree=(nil)
[e6_defer] real_cudaFree=(nil)
[e6_defer] real_cudaFree=(nil)
[e6_defer] real_cudaFree=(nil)
[e6_defer] real_cudaFree=(nil)
[e6_defer] real_cudaFree=(nil)
[e6_defer] real_cudaFree=(nil)
[e6_defer] real_cudaFree=(nil)
[e6_defer] real_cudaFree=(nil)
[e6_defer] real_cudaFree=(nil)
[e6_defer] real_cudaFree=(nil)
[e6_defer] real_cudaFree=(nil)
[e6_defer] real_cudaFree=(nil)
[e6_defer] real_cudaFree=(nil)
[e6_defer] real_cudaFree=(nil)
[e6_defer] real_cudaFree=(nil)
[e6_defer] real_cudaFree=(nil)
[e6_defer] real_cudaFree=(nil)
[e6_defer] real_cudaFree=(nil)
[e6_defer] real_cudaFree=(nil)
[e6_defer] real_cudaFree=(nil)
[e6_defer] real_cudaFree=(nil)
[e6_defer] real_cudaFree=(nil)
[e6_defer] real_cudaFree=(nil)
[e6_defer] real_cudaFree=(nil)
[e6_defer] real_cudaFree=(nil)
[e6_defer] real_cudaFree=(nil)
[e6_defer] real_cudaFree=(nil)
[e6_defer] real_cudaFree=(nil)
[e6_defer] real_cudaFree=(nil)
[e6_defer] real_cudaFree=(nil)
[e6_defer] real_cudaFree=(nil)
[e6_defer] real_cudaFree=(nil)
[e6_defer] real_cudaFree=(nil)
[e6_defer] real_cudaFree=(nil)
[e6_defer] real_cudaFree=(nil)
[e6_defer] real_cudaFree=(nil)
[e6_defer] real_cudaFree=(nil)
[e6_defer] real_cudaFree=(nil)
[e6_defer] real_cudaFree=(nil)
[e6_defer] real_cudaFree=(nil)
[realL1] p6_defer_c10_L1: mean=173.121ms p95=177.937ms p99=178.484ms miss1ms=20/20
[realL1] saved: ./results/realL1_p6_defer_c10_L1_20260701_053709.json
[e6_defer] real_cudaFree=(nil)
[e6_defer] real_cudaFree=(nil)
[e6_defer] real_cudaFree=(nil)
[e6_defer] real_cudaFree=(nil)
[e6_defer] real_cudaFree=(nil)
[e6_defer] real_cudaFree=(nil)
[e6_defer] real_cudaFree=(nil)
[e6_defer] real_cudaFree=(nil)
[e6_defer] real_cudaFree=(nil)
[e6_defer] real_cudaFree=(nil)
[e6_defer] real_cudaFree=(nil)
[e6_defer] real_cudaFree=(nil)
[e6_defer] real_cudaFree=(nil)
[e6_defer] real_cudaFree=(nil)
[e6_defer] real_cudaFree=(nil)
[e6_defer] real_cudaFree=(nil)
[e6_defer] real_cudaFree=(nil)
[e6_defer] real_cudaFree=(nil)
[e6_defer] real_cudaFree=(nil)
[e6_defer] real_cudaFree=(nil)
[e6_defer] real_cudaFree=(nil)
[e6_defer] real_cudaFree=(nil)
[e6_defer] real_cudaFree=(nil)
[e6_defer] real_cudaFree=(nil)
[e6_defer] real_cudaFree=(nil)
[e6_defer] real_cudaFree=(nil)
[e6_defer] real_cudaFree=(nil)
[e6_defer] real_cudaFree=(nil)
[e6_defer] real_cudaFree=(nil)
[e6_defer] real_cudaFree=(nil)
[e6_defer] real_cudaFree=(nil)
[e6_defer] real_cudaFree=(nil)
[e6_defer] real_cudaFree=(nil)
[e6_defer] real_cudaFree=(nil)
[e6_defer] real_cudaFree=(nil)
[e6_defer] real_cudaFree=(nil)
[e6_defer] real_cudaFree=(nil)
[e6_defer] real_cudaFree=(nil)
[e6_defer] real_cudaFree=(nil)
[e6_defer] real_cudaFree=(nil)
[e6_defer] real_cudaFree=(nil)
[e6_defer] real_cudaFree=(nil)
[e6_defer] real_cudaFree=(nil)
[e6_defer] real_cudaFree=(nil)
[e6_defer] real_cudaFree=(nil)
[e6_defer] real_cudaFree=(nil)
[e6_defer] real_cudaFree=(nil)
[e6_defer] real_cudaFree=(nil)
[e6_defer] real_cudaFree=(nil)
[e6_defer] real_cudaFree=(nil)
[e6_defer] real_cudaFree=(nil)
[e6_defer] real_cudaFree=(nil)
[e6_defer] real_cudaFree=(nil)
[e6_defer] real_cudaFree=(nil)
[e6_defer] real_cudaFree=(nil)
[e6_defer] real_cudaFree=(nil)
[e6_defer] real_cudaFree=(nil)
[e6_defer] real_cudaFree=(nil)
[e6_defer] real_cudaFree=(nil)
[e6_defer] real_cudaFree=(nil)
[e6_defer] real_cudaFree=(nil)
[e6_defer] real_cudaFree=(nil)
Collecting data...
Generating '/tmp/nsys-report-2aa6.qdstrm'
[1/1] [0%                          ] p6_defer_c10_L1.nsys-rep[1/1] [0%                          ] p6_defer_c10_L1.nsys-rep[1/1] [=15%                        ] p6_defer_c10_L1.nsys-rep[1/1] [=======39%                  ] p6_defer_c10_L1.nsys-rep[1/1] [==============63%           ] p6_defer_c10_L1.nsys-rep[1/1] [================70%         ] p6_defer_c10_L1.nsys-rep[1/1] [========================100%] p6_defer_c10_L1.nsys-rep[1/1] [========================100%] p6_defer_c10_L1.nsys-rep
Generated:
	/out/p6_defer_c10_L1.nsys-rep
[e6_defer] real_cudaFree=(nil)
[e6_defer] real_cudaFree=(nil)
