
==========
== CUDA ==
==========

CUDA Version 12.9.1

Container image Copyright (c) 2016-2023, NVIDIA CORPORATION & AFFILIATES. All rights reserved.

This container image and its contents are governed by the NVIDIA Deep Learning Container License.
By pulling and using the container, you accept the terms and conditions of this license:
https://developer.nvidia.com/ngc/nvidia-deep-learning-container-license

A copy of this license is made available in this container at /NGC-DL-CONTAINER-LICENSE for your convenience.

WARNING: CPU IP/backtrace sampling not supported, disabling.
Try the 'nsys status --environment' command to learn more.

WARNING: CPU context switch tracing not supported, disabling.
Try the 'nsys status --environment' command to learn more.

[realL1] cells=60 iters=20 prbs=273 mcs=2 tb_size=13576
[realL1] synthetic rx_slot shape=(3276, 14, 4)
[realL1] building RX components...
[realL1] RX components ready
[realL1] warmup...
[realL1] measuring...
[realL1] X6_c60_chp_coloc_L1: mean=488.573ms p95=504.058ms p99=505.697ms miss1ms=20/20
[realL1] saved: ./results/realL1_X6_c60_chp_coloc_L1_20260701_055327.json
Collecting data...
Generating '/tmp/nsys-report-a25f.qdstrm'
[1/1] [0%                          ] X6_c60_chp_coloc_L1.nsys-rep[1/1] [0%                          ] X6_c60_chp_coloc_L1.nsys-rep[1/1] [7%                          ] X6_c60_chp_coloc_L1.nsys-rep[1/1] [13%                         ] X6_c60_chp_coloc_L1.nsys-rep[1/1] [==18%                       ] X6_c60_chp_coloc_L1.nsys-rep[1/1] [===23%                      ] X6_c60_chp_coloc_L1.nsys-rep[1/1] [=====29%                    ] X6_c60_chp_coloc_L1.nsys-rep[1/1] [======34%                   ] X6_c60_chp_coloc_L1.nsys-rep[1/1] [========40%                 ] X6_c60_chp_coloc_L1.nsys-rep[1/1] [=========45%                ] X6_c60_chp_coloc_L1.nsys-rep[1/1] [===========50%              ] X6_c60_chp_coloc_L1.nsys-rep[1/1] [============56%             ] X6_c60_chp_coloc_L1.nsys-rep[1/1] [==============61%           ] X6_c60_chp_coloc_L1.nsys-rep[1/1] [===============67%          ] X6_c60_chp_coloc_L1.nsys-rep[1/1] [=================72%        ] X6_c60_chp_coloc_L1.nsys-rep[1/1] [==================76%       ] X6_c6 [13%                         ] X6_c60_chp_coloc_L1.nsys-rep[1/1] [==18%                       ] X6_c60_chp_coloc_L1.nsys-rep[1/1] [===23%                      ] X6_c60_chp_coloc_L1.nsys-rep[1/1] [==