
==========
== CUDA ==
==========

CUDA Version 12.9.1

Container image Copyright (c) 2016-2023, NVIDIA CORPORATION & AFFILIATES. All rights reserved.

This container image and its contents are governed by the NVIDIA Deep Learning Container License.
By pulling and using the container, you accept the terms and conditions of this license:
https://developer.nvidia.com/ngc/nvidia-deep-learning-container-license

A copy of this license is made available in this container at /NGC-DL-CONTAINER-LICENSE for your convenience.

[prod] endpoint ready session=7eefacac4a4848aaa86d1ec73f59b091 payload=1415232
[prod] seq=1 payload+seq took 736.45 us
[prod] seq=2 payload+seq took 711.76 us
[prod] seq=3 payload+seq took 882.16 us
[prod] seq=4 payload+seq took 881.73 us
[prod] seq=5 payload+seq took 886.88 us
[prod] seq=6 payload+seq took 699.45 us
[prod] seq=7 payload+seq took 695.59 us
[prod] seq=8 payload+seq took 695.03 us
[prod] seq=9 payload+seq took 691.53 us
[prod] seq=10 payload+seq took 681.83 us
[prod] done
GDR_RDMA_TEST_OK role=prod
