
==========
== CUDA ==
==========

CUDA Version 12.9.1

Container image Copyright (c) 2016-2023, NVIDIA CORPORATION & AFFILIATES. All rights reserved.

This container image and its contents are governed by the NVIDIA Deep Learning Container License.
By pulling and using the container, you accept the terms and conditions of this license:
https://developer.nvidia.com/ngc/nvidia-deep-learning-container-license

A copy of this license is made available in this container at /NGC-DL-CONTAINER-LICENSE for your convenience.

[prod] endpoint ready session=f3281ab6407c4647b9f39628aacb9a19 payload=65536
[prod] seq=1 payload+seq took 122.26 us
[prod] seq=2 payload+seq took 91.69 us
[prod] seq=3 payload+seq took 59.56 us
[prod] seq=4 payload+seq took 58.34 us
[prod] seq=5 payload+seq took 56.94 us
[prod] seq=6 payload+seq took 56.27 us
[prod] seq=7 payload+seq took 57.80 us
[prod] seq=8 payload+seq took 57.11 us
[prod] seq=9 payload+seq took 57.59 us
[prod] seq=10 payload+seq took 57.09 us
[prod] done
GDR_RDMA_TEST_OK role=prod
