
==========
== CUDA ==
==========

CUDA Version 12.9.1

Container image Copyright (c) 2016-2023, NVIDIA CORPORATION & AFFILIATES. All rights reserved.

This container image and its contents are governed by the NVIDIA Deep Learning Container License.
By pulling and using the container, you accept the terms and conditions of this license:
https://developer.nvidia.com/ngc/nvidia-deep-learning-container-license

A copy of this license is made available in this container at /NGC-DL-CONTAINER-LICENSE for your convenience.

[cons] endpoint ready session=9c6da76452ba44d28ac842160d9ac658 payload=1257984
[cons] got seq=1 first_word=1 checksum=49453709760 verified=1
[cons] got seq=2 first_word=2 checksum=49453709760 verified=1
[cons] got seq=3 first_word=3 checksum=49453709760 verified=1
[cons] got seq=4 first_word=4 checksum=49453709760 verified=1
[cons] got seq=5 first_word=5 checksum=49453709760 verified=1
[cons] got seq=6 first_word=6 checksum=49453709760 verified=1
[cons] got seq=7 first_word=7 checksum=49453709760 verified=1
[cons] got seq=8 first_word=8 checksum=49453709760 verified=1
[cons] got seq=9 first_word=9 checksum=49453709760 verified=1
[cons] got seq=10 first_word=10 checksum=49453709760 verified=1
[cons] done
GDR_RDMA_TEST_OK role=cons
