
==========
== CUDA ==
==========

CUDA Version 12.9.1

Container image Copyright (c) 2016-2023, NVIDIA CORPORATION & AFFILIATES. All rights reserved.

This container image and its contents are governed by the NVIDIA Deep Learning Container License.
By pulling and using the container, you accept the terms and conditions of this license:
https://developer.nvidia.com/ngc/nvidia-deep-learning-container-license

A copy of this license is made available in this container at /NGC-DL-CONTAINER-LICENSE for your convenience.

GDR_PROBE_CONFIG size=65536 cuda_device=0 cuda_visible_devices=<unset> rdma_dev=mlx5_0 ib_port=1 gid_index=3
MEMLOCK_LIMIT soft=-1 hard=-1
IOMMU_STATE type=DMA-FQ cmdline=BOOT_IMAGE=/boot/vmlinuz-5.15.0-177-generic root=UUID=571337a8-0ea6-44bd-9cfc-6cb9719427c1 ro console=ttyS0,115200 emulabcnet=e4:3d:1a:15:4a:e0
IOMMU_WARNING: RDMA device is in a translated DMA-FQ domain; GPUDirect RDMA normally requires identity/pass-through mapping and MR registration may fail
PEERMEM_COUNTERS_BEFORE={"num_alloc_mrs": "0", "num_dealloc_mrs": "0", "num_dereg_bytes": "0", "num_dereg_pages": "0", "num_free_callbacks": "0", "num_reg_bytes": "0", "num_reg_pages": "0", "version": "580.173.02"}
CUDA_DEVICE_SELECTED name=NVIDIA A100-SXM4-40GB MIG 4g.20gb
CUDA_ALLOCATION ptr=0x7f387b000000 size=65536
CUDA_SYNC_MEMOPS enabled=1
CUDA_GDR_POINTER_CAPABLE=1
RDMA_CONTEXT dev=mlx5_0 gid=0000:0000:0000:0000:0000:ffff:c0a8:6301 port=1 gid_index=3
GPU_MR_REGISTERED addr=0x7f387b000000 length=65536 lkey=0x203dbc rkey=0x203dbc
PEERMEM_COUNTERS_DURING={"num_alloc_mrs": "1", "num_dealloc_mrs": "0", "num_dereg_bytes": "0", "num_dereg_pages": "0", "num_free_callbacks": "0", "num_reg_bytes": "65536", "num_reg_pages": "1", "version": "580.173.02"}
RESOURCE_CLOSED name=mr
PEERMEM_COUNTERS_AFTER={"num_alloc_mrs": "1", "num_dealloc_mrs": "1", "num_dereg_bytes": "65536", "num_dereg_pages": "0", "num_free_callbacks": "0", "num_reg_bytes": "65536", "num_reg_pages": "1", "version": "580.173.02"}
RESOURCE_CLOSED name=pd
RESOURCE_CLOSED name=ctx
CUDA_ALLOCATION_RELEASED after_mr_close=1
GDR_PROBE_OK
