
==========
== CUDA ==
==========

CUDA Version 12.9.1

Container image Copyright (c) 2016-2023, NVIDIA CORPORATION & AFFILIATES. All rights reserved.

This container image and its contents are governed by the NVIDIA Deep Learning Container License.
By pulling and using the container, you accept the terms and conditions of this license:
https://developer.nvidia.com/ngc/nvidia-deep-learning-container-license

A copy of this license is made available in this container at /NGC-DL-CONTAINER-LICENSE for your convenience.

[prod] endpoint ready session=9c6da76452ba44d28ac842160d9ac658 payload=1257984
[prod] seq=1 payload+seq took 662.57 us
[prod] seq=2 payload+seq took 673.34 us
[prod] seq=3 payload+seq took 642.54 us
[prod] seq=4 payload+seq took 640.70 us
[prod] seq=5 payload+seq took 845.48 us
[prod] seq=6 payload+seq took 632.78 us
[prod] seq=7 payload+seq took 639.09 us
[prod] seq=8 payload+seq took 644.44 us
[prod] seq=9 payload+seq took 638.65 us
[prod] seq=10 payload+seq took 630.57 us
[prod] done
GDR_RDMA_TEST_OK role=prod
