[10:37:39] ===== POSTFIX start =====
[10:37:39] >>>>> A1+A3 chanpred rerun <<<<<
[10:37:39] === A1 RERUN: S35 ===
Generated:
	/out/A1_S35_2gL1_chanpred3g_l1.nsys-rep
[10:39:15] === A3 chanpred rerun (already have resnet) ===
[10:40:51] A rerun DONE
[10:40:51]   ✓ A rerun OK
[10:40:51] >>>>> B rerun (longer L1) <<<<<
[10:40:51] === B-B1r_3gL1_chanpred MIG=9,14 ===
[10:40:55]   L1 started
[10:41:25]   >> AI ON
[10:42:06]   >> AI OFF
5fd8eb6d471b
cee18401cbc6
[10:42:37]   >> AI ON 2
62a7c28f6929
[10:43:10]   B1r_3gL1_chanpred DONE
[10:43:10] === B-B2r_2gL1_chanpred_WORST MIG=14,9 ===
[10:43:13]   L1 started
[10:43:43]   >> AI ON
[10:44:24]   >> AI OFF
d8aaaec1db1d
47180ced535e
[10:44:55]   >> AI ON 2
8889bda7be93
[10:45:28]   B2r_2gL1_chanpred_WORST DONE
[10:45:28] === B-B3r_4gL1_resnet_ROBUST MIG=5,14,19 ===
[10:45:32]   L1 started
[10:46:02]   >> AI ON
[10:46:42]   >> AI OFF
efefde227c0f
4dd4b44da359
[10:47:14]   >> AI ON 2
6e059cdc8124
[10:47:46]   B3r_4gL1_resnet_ROBUST DONE
[10:47:46] B rerun DONE
[10:47:46]   ✓ B rerun OK
[10:47:46] ===== POSTFIX DONE =====
