[12:51:33] ===== OVERNIGHT CHAIN start =====
[12:51:33] >>>>> F_saturation starting <<<<<
[12:51:36] === F0: 3gL1 alone n=10 (baseline) ===
	/out/F0_alone_run1.nsys-rep
	/out/F0_alone_run2.nsys-rep
	/out/F0_alone_run3.nsys-rep
	/out/F0_alone_run4.nsys-rep
	/out/F0_alone_run5.nsys-rep
	/out/F0_alone_run6.nsys-rep
	/out/F0_alone_run7.nsys-rep
	/out/F0_alone_run8.nsys-rep
	/out/F0_alone_run9.nsys-rep
	/out/F0_alone_run10.nsys-rep
[12:53:14] === F1: 3gL1 + D2D memcpy 256MB streams=1 ===
	/out/F1_D2D_256MB_str1_run1.nsys-rep
	/out/F1_D2D_256MB_str1_run2.nsys-rep
	/out/F1_D2D_256MB_str1_run3.nsys-rep
	/out/F1_D2D_256MB_str1_run4.nsys-rep
	/out/F1_D2D_256MB_str1_run5.nsys-rep
	/out/F1_D2D_256MB_str1_run6.nsys-rep
	/out/F1_D2D_256MB_str1_run7.nsys-rep
