[03:06:11] === START chain10 ===
[03:06:11] Approach A: baseL1 × TS/MPS × alone/nrx × 3
[03:06:11] --- baseL1_TS_alone ---
[03:06:41] --- baseL1_TS_nrx ---
[03:09:24] --- baseL1_MPS_alone ---
[03:09:54] --- baseL1_MPS_nrx ---
[03:11:17] Approach B: graphL1 × TS/MPS × alone/nrx × 3
[03:11:17] --- graphL1_TS_alone ---
[03:11:47] --- graphL1_TS_nrx ---
[03:14:30] --- graphL1_MPS_alone ---
[03:15:01] --- graphL1_MPS_nrx ---
[03:16:24] Approach C: MPS thread% sweep (30, 50, 70) × alone/nrx × 3
[03:16:29] --- mpsP30_alone ---
[03:17:00] --- mpsP30_nrx ---
[03:18:31] --- mpsP50_alone ---
[03:19:02] --- mpsP50_nrx ---
[03:20:30] --- mpsP70_alone ---
[03:21:00] --- mpsP70_nrx ---
[03:22:24] === chain10 DONE ===
[03:47:56] === chain10 persist ===
[03:47:56] --- persistBase_TS_alone ---
[03:48:08] --- persistBase_TS_nrx ---
[03:49:16] --- persistMega_TS_alone ---
[03:49:26] --- persistMega_TS_nrx ---
[03:50:35] --- persistBase_MPS_alone ---
[03:50:47] --- persistBase_MPS_nrx ---
[03:51:49] --- persistMega_MPS_alone ---
[03:52:00] --- persistMega_MPS_nrx ---
[03:53:03] === chain10 persist DONE ===
