
==========
== CUDA ==
==========

CUDA Version 12.9.1

Container image Copyright (c) 2016-2023, NVIDIA CORPORATION & AFFILIATES. All rights reserved.

This container image and its contents are governed by the NVIDIA Deep Learning Container License.
By pulling and using the container, you accept the terms and conditions of this license:
https://developer.nvidia.com/ngc/nvidia-deep-learning-container-license

A copy of this license is made available in this container at /NGC-DL-CONTAINER-LICENSE for your convenience.

[NRX-SWEEP] replicas=1 initializing
[NRX-SWEEP] replicas=1 throughput=745.103 slots/s
[NRX-SWEEP] replicas=1 rate=500.0 p99=1.393ms backlog=0
[NRX-SWEEP] replicas=1 rate=700.0 p99=1.395ms backlog=0
[NRX-SWEEP] replicas=1 rate=750.0 p99=15.190ms backlog=11
[NRX-SWEEP] replicas=1 rate=1000.0 p99=1009.543ms backlog=761
[NRX-SWEEP] replicas=2 initializing
[NRX-SWEEP] replicas=2 throughput=655.569 slots/s
[NRX-SWEEP] replicas=2 rate=500.0 p99=1.388ms backlog=0
[NRX-SWEEP] replicas=2 rate=700.0 p99=1.398ms backlog=0
[NRX-SWEEP] replicas=2 rate=750.0 p99=1.397ms backlog=1
[NRX-SWEEP] replicas=2 rate=1000.0 p99=1574.070ms backlog=1039
[NRX-SWEEP] replicas=4 initializing
[NRX-SWEEP] replicas=4 throughput=611.459 slots/s
[NRX-SWEEP] replicas=4 rate=500.0 p99=1.386ms backlog=0
[NRX-SWEEP] replicas=4 rate=700.0 p99=1.392ms backlog=0
[NRX-SWEEP] replicas=4 rate=750.0 p99=1.396ms backlog=1
[NRX-SWEEP] replicas=4 rate=1000.0 p99=1887.274ms backlog=1167
[NRX-SWEEP] replicas=8 initializing
[NRX-SWEEP] replicas=8 throughput=604.233 slots/s
[NRX-SWEEP] replicas=8 rate=500.0 p99=1.385ms backlog=0
[NRX-SWEEP] replicas=8 rate=700.0 p99=1.391ms backlog=0
[NRX-SWEEP] replicas=8 rate=750.0 p99=1.396ms backlog=1
[NRX-SWEEP] replicas=8 rate=1000.0 p99=1946.454ms backlog=1188
[NRX-SWEEP] replicas=16 initializing
[NRX-SWEEP] replicas=16 throughput=604.270 slots/s
[NRX-SWEEP] replicas=16 rate=500.0 p99=1.384ms backlog=0
[NRX-SWEEP] replicas=16 rate=700.0 p99=1.389ms backlog=0
[NRX-SWEEP] replicas=16 rate=750.0 p99=1.396ms backlog=1
[NRX-SWEEP] replicas=16 rate=1000.0 p99=1947.405ms backlog=1189
[NRX-SWEEP] OK output=/results/nrx_replica_sweep_4g.json
