
==========
== CUDA ==
==========

CUDA Version 12.9.1

Container image Copyright (c) 2016-2023, NVIDIA CORPORATION & AFFILIATES. All rights reserved.

This container image and its contents are governed by the NVIDIA Deep Learning Container License.
By pulling and using the container, you accept the terms and conditions of this license:
https://developer.nvidia.com/ngc/nvidia-deep-learning-container-license

A copy of this license is made available in this container at /NGC-DL-CONTAINER-LICENSE for your convenience.

[NRX-SWEEP] replicas=1 initializing
[NRX-SWEEP] replicas=1 throughput=1130.516 slots/s
[NRX-SWEEP] replicas=1 rate=750.0 p99=0.927ms backlog=0
[NRX-SWEEP] replicas=1 rate=1000.0 p99=0.922ms backlog=0
[NRX-SWEEP] replicas=1 rate=1100.0 p99=0.924ms backlog=1
[NRX-SWEEP] replicas=1 rate=1250.0 p99=257.699ms backlog=299
[NRX-SWEEP] replicas=1 rate=1500.0 p99=903.063ms backlog=1049
[NRX-SWEEP] replicas=2 initializing
[NRX-SWEEP] replicas=2 throughput=1126.005 slots/s
[NRX-SWEEP] replicas=2 rate=750.0 p99=0.922ms backlog=0
[NRX-SWEEP] replicas=2 rate=1000.0 p99=0.919ms backlog=0
[NRX-SWEEP] replicas=2 rate=1100.0 p99=0.918ms backlog=1
[NRX-SWEEP] replicas=2 rate=1250.0 p99=296.419ms backlog=340
[NRX-SWEEP] replicas=2 rate=1500.0 p99=948.894ms backlog=1090
[NRX-SWEEP] replicas=4 initializing
[NRX-SWEEP] replicas=4 throughput=1093.599 slots/s
[NRX-SWEEP] replicas=4 rate=750.0 p99=0.917ms backlog=0
[NRX-SWEEP] replicas=4 rate=1000.0 p99=0.925ms backlog=0
[NRX-SWEEP] replicas=4 rate=1100.0 p99=0.924ms backlog=1
[NRX-SWEEP] replicas=4 rate=1250.0 p99=423.360ms backlog=469
[NRX-SWEEP] replicas=4 rate=1500.0 p99=1100.885ms backlog=1218
[NRX-SWEEP] replicas=8 initializing
[NRX-SWEEP] replicas=8 throughput=1067.870 slots/s
[NRX-SWEEP] replicas=8 rate=750.0 p99=0.916ms backlog=0
[NRX-SWEEP] replicas=8 rate=1000.0 p99=0.920ms backlog=0
[NRX-SWEEP] replicas=8 rate=1100.0 p99=0.921ms backlog=1
[NRX-SWEEP] replicas=8 rate=1250.0 p99=505.077ms backlog=546
[NRX-SWEEP] replicas=8 rate=1500.0 p99=1202.618ms backlog=1298
[NRX-SWEEP] replicas=16 initializing
[NRX-SWEEP] replicas=16 throughput=1068.481 slots/s
[NRX-SWEEP] replicas=16 rate=750.0 p99=0.913ms backlog=0
[NRX-SWEEP] replicas=16 rate=1000.0 p99=0.919ms backlog=0
[NRX-SWEEP] replicas=16 rate=1100.0 p99=0.920ms backlog=1
[NRX-SWEEP] replicas=16 rate=1250.0 p99=503.978ms backlog=544
[NRX-SWEEP] replicas=16 rate=1500.0 p99=1203.755ms backlog=1299
[NRX-SWEEP] OK output=/results/nrx_replica_sweep_full.json
