[2026-07-24 12:03:11] ==========================================================================
[2026-07-24 12:03:11] Auto pipeline START
[2026-07-24 12:03:11] ==========================================================================
[2026-07-24 12:03:11] chain14 running — waiting for it to finish
[2026-07-24 14:20:16] chain14 finished at 2026-07-24 14:20:16
[2026-07-24 14:20:16] converting chain14 nsys-rep → sqlite
[2026-07-24 14:22:53] chain14 sqlite conversion done
[2026-07-24 14:22:53] starting chain15 batch sweep
[2026-07-24 18:04:34] chain15 finished at 2026-07-24 18:04:34
[2026-07-24 18:04:34] converting chain15 nsys-rep → sqlite
[2026-07-24 18:07:05] chain15 sqlite conversion done
[2026-07-24 18:07:05] ----- validation round 1 -----
[2026-07-24 18:07:08] round 1: 6 failed + 0 missing
[2026-07-24 18:07:08] retry generation is a stub; skipping automated rerun (round 1)
[2026-07-24 18:07:08] generating summary JSONs
[2026-07-24 18:07:39] final inventory:
5.2G	/mydata/results/20260724/chain14
5.0G	/mydata/results/20260724/chain15
  chain14 captures: 339
  chain15 captures: 315
[2026-07-24 18:07:39] ==========================================================================
[2026-07-24 18:07:39] Auto pipeline DONE. To sync to laptop:
[2026-07-24 18:07:39]   rsync -a sgkim@d8545-10s10505.wisc.cloudlab.us:/mydata/results/20260724/ ./results/20260724/
[2026-07-24 18:07:39] ==========================================================================
 UUID_L1=MIG-dae3f173-7b15-594b-bc80-6cef80687a56  UUID_CROSS=MIG-80a4659b-f06f-540b-9f4b-1c91f78aaaf3
[14:23:03] ===== SAME-PARTITION cfg=A (L1 in MIG-dae3f173-7b15-594b-bc80-6cef80687a56) =====
[14:23:03] --- SP-0 baseline cfg=A t=1 ---
3abe2b1f73bcffbbc4b93b1e0c501ab5ddb2f91eeb51e41dcb533533f3421ee4
3abe2b1f73bc
[14:23:38] --- SP-0 baseline cfg=A t=2 ---
5b8c3becbb368b9408ea07140e0eb5fc0d1050fc002055c94f74148b909b6437
5b8c3becbb36
[14:24:13] --- SP-0 baseline cfg=A t=3 ---
085014c24db051c791c4f7f93863edaebb3630522b5ffb6caaf110a09f765cfd
085014c24db0
[14:24:48] --- cfgA_SP_qwen_chat_b1_MPSoff ---
768a9e680fafbf3fd6d72188446e76dee76efe6122cef51a03def1a7cdbca273
e93ca9eda98417a3b88321329a3fc2e6368245941f710b04ea9388820c515926
768a9e680faf
289ae8e221243bd95b8242013e61838e18af0df7a77a4de3fada433e82693c69
4cc8f1221f8652e73aead7b7244d4f5af8924a3a8e0009c3be70d2b6a3e05b84
289ae8e22124
a6f32889fa30d131b7cae0ae2a4de2108b959687d16762645365082cb523bff0
14b92cd0b251c689f48506dc633d337ecb98c36a54531927129a866496ef7f69
a6f32889fa30
[14:27:19] --- cfgA_SP_qwen_chat_b2_MPSoff ---
4e82f48790c98243fabf121fe22e3498a167140423e48ba9e90762b0ab65dda2
c9067c3e801a6d7e9e1805f6e8b336ad115f450d4bfe37650546352470b40c1f
4e82f48790c9
47b0cc63ae84f64f1ca6ac8573696038997bb630b4e59be4d9dc64daa8a02bb8
f6614a03ef5725c1512f3b98ad45ee98533051dca906edc100506d572d70ec30
47b0cc63ae84
ef8a182f01a4e3679f6642ce8472b726bf65f8ea5bfbadbc025be35a2ba20349
7f81df6ca1301a4ad89d9e89ef51da5d08d0e1cede40ea08b3352f8b293b0484
ef8a182f01a4
[14:29:50] --- cfgA_SP_qwen_chat_b4_MPSoff ---
0569ee2ad30700f82af5f076eda10026631861901a3f75461d2e901246597042
d5979a7d99bd46db3512140d94e679193a96077d1a169485adcf550b4b2a74b2
0569ee2ad307
1d4c393c248474be34eb16591448aea31e6c7af99a05b0b05520e3931c307475
dc53a5da6e374151d9aa5a83e695a428733bd52bebcc22a319b16279fbc5b93e
1d4c393c2484
31c2c54ab7e3e61b1835193dec658840d3e21e5454f58eba7cf9b5160b1e7093
9941990e02676392979ecbc84c5266b5988d54102490cf834802a641e6b6de84
31c2c54ab7e3
[14:32:21] --- cfgA_SP_qwen_chat_b8_MPSoff ---
2d086e53462b9ad6ea531efb9fedd6596938ee044bb8d32c7ff3853f2416821b
688452acf09759cf3644f3a12139f419e97db528c47d9ee4013442a787f50153
2d086e53462b
747d9af7056a01f6597381f8ca0f6e7b4ab44641d8491cde89735aacfa45d20d
2117e75dc014220a7ac177d22bf1971b7acd87c07fdbf79bdc2ccfc1e3d84cbb
747d9af7056a
2262d30a69d7c24d03bfd53f11c33026df1460101b858734cae0a611f8e33d93
d48db21ddb3647d491c936fc4a2071da777cf7d7e75721e834771cdca67d3cd0
2262d30a69d7
[14:34:52] --- cfgA_SP_qwen_chat_b16_MPSoff ---
75ab80c0539f404a05b76f3354fe4015b7392b161ebc5dbdc21acde8f1b48e19
d4614689da655158f3e8ceced56a34402905127970a1748dc3c988c448e9b91b
75ab80c0539f
de0fe9a72a8093a2c6c3dad4fc9c3d73977e6a4074e3e6e7348f1c3cc0059ea9
dccd35e7d810898987ca6930398b7776dfe5ed227d79ec329146fc88c01c01c5
de0fe9a72a80
da4ed4cd95e3c8c4963ebc6cbe103755dd6a3ec3771cdbe754dd76473e83dec1
9e8c57e7d9cb71e4d2398193cf9e08d917e8a5dea22109a2cadd4ea49019327d
da4ed4cd95e3
[14:37:23] --- cfgA_SP_qwen_chat_b32_MPSoff ---
72cd9f572160df15b3115f26fe366099a2bedd0217c369d235db79dc0b2b088e
397f906a83578634c08c16fe7c6c455ee71f7482022d36a56107005de7b53616
72cd9f572160
dc5d385b8a12e0bc2176455ed753f02186e4d51a5fb0e149fcc977a6cf04c041
ccdad54a8b200349612cb732afc1dc789fd2d8a910b47701049d3d936503c972
dc5d385b8a12
421e2418f49b07913f47dd06b9384458f6448a249993cfc0f08ebe58481521eb
c6c1358e9e6f87ef4273026bea7f43ba7d65d75dfb0bb74a30d508007762e82a
421e2418f49b
[14:39:54] --- cfgA_SP_bert_b1_MPSoff ---
e77ec8575c574290a736f0f9ebf8f37a8e039441a0a692274d8cdde975bd5447
6e6c3072bc962df906168dc5d1fffedfce5d36f3c4495ec886511193e6e564a9
6e6c3072bc96
e77ec8575c57
8c4ba0ed135068c620025a78716dd8eadaa678f9bf7e3aa2f102d4a3d5c87c48
e5a55650c8213998a7364570b4ea2bcdcd5880f1bb1e8e9b9bae78543dbc3376
e5a55650c821
8c4ba0ed1350
771cba46f8d2807cdbdaea173c35b827810175cc42238a09327e3dac6ec0729d
2a93b619e0318861a80719ceee65f75af5559af65f4a94d679898d925ce05132
2a93b619e031
771cba46f8d2
[14:42:25] --- cfgA_SP_bert_b4_MPSoff ---
6a2997265433eae01cdcaa277a0b49eb63c1d24739c1f39a623c2b8a68fa2532
812c26078f07a45f6882816d4d55c0f73ed131c858a2fdf817818eabbe09da42
812c26078f07
6a2997265433
7cec32348644c4746c8363dc8de72287fcdbe4fd421bcc26d61e44143c5d0c98
89fa62e528caf9f2712028ad813a1e32dc8445c93922664be39d9d3787a01f32
89fa62e528ca
7cec32348644
074a34d30de4b419384d1c689475390fcbb743117541dc9f7e851a9f57fc1331
513ed2dda96f630ba07f90ba4b839200ecb8d66e9a9b2a933a672df226bfd937
513ed2dda96f
074a34d30de4
[14:44:58] --- cfgA_SP_bert_b16_MPSoff ---
158d84d37f2b6a0a854e8315b33fdb0d271fcc06a878d80b44e56e7764d5b767
d9f7e0c57a8df1636044c9c0458f74705c2284299cc0e27c5cd03a7f1ab0bf89
d9f7e0c57a8d
158d84d37f2b
d3246e3f3f8a3cc4f565623565bc56309c75ee0bc6c0b193c5e45ce249a76fc0
fa90133c29e9b4358fc0b3357076a59c264bf83f11d0aa32b689f27293866925
fa90133c29e9
d3246e3f3f8a
7d5c69dc682e75748b05969e70c40189b000bd0351e26a05e05efa01dc9f5634
f8becd056b2f5df923a4af7813553d56eefe8b3f7a014d4b3df2b73e46ec449d
f8becd056b2f
7d5c69dc682e
[14:47:33] --- cfgA_SP_bert_b64_MPSoff ---
dcfb8d1ea19212ad9e42e564fa9361d6c109f86b2cb3e6e7d802add8636384a9
d2fe693059f20072a1f5ef688d06ea02e83d25b2bf8a6618ab55f4fca048e6c5
d2fe693059f2
dcfb8d1ea192
63f5dfac951652f717ee8d15832b7b94792ff4fc8640a1d8045df8a740849103
f21408e580cdf0c5bee238b78d3b1b7b9e141d3fcdb8d5303755fd05c5772143
f21408e580cd
63f5dfac9516
80782a797f97cc18287561b8f0dc3fec82a822b4b73467e9f10ff9acb2daffdb
288069ed4f4b0f47b021350ee17a28b28b01d5ec63afddd36e3cbc6d568810af
288069ed4f4b
80782a797f97
[14:50:03] --- cfgA_SP_whisper_b1_MPSoff ---
3ad44519b866f4b3faa76dc08be6b42f6e75818249ceb81d797af2cd4f9eefdb
5ccb21b84f52993038380d721977e8d17fcd934e4e724c0bffac6e1bfeb8c504
5ccb21b84f52
3ad44519b866
6777f08bf771aab8e05707e587c0951fd1e4b1a463c12e371b99a9551c8f2a4b
7a4cc3968e19994dfc9b6d97e4ef1b75d0351a981849b01b913056b4df54790b
7a4cc3968e19
6777f08bf771
b149534b94bcb6de977f3cfe5ee2c52da37044af254dab4f17e4095b93b764ce
6f596ec14630bdb16ba074c0c89fbac1f6e75bd148418c633fcc92a4fbe6514e
6f596ec14630
b149534b94bc
[14:52:34] --- cfgA_SP_whisper_b2_MPSoff ---
c971fee515aaa5a50374766f95ce058d2a689e93e40e5068253856c44ec4d75f
d89e6147db1ed218bedab5a0f48339f519de1a444c4b6f8e750ccc4ccd955cdb
d89e6147db1e
c971fee515aa
c9a4b88a5668ead0a0b9c09511da8926abd2289ebf790c0674bda1c4dba8fa87
4c590fec330fa0ce14be2c652962324d64e9be95e9a179d1b2b6d1e8beaf6024
4c590fec330f
c9a4b88a5668
4c4774f6050ca382cd5bb6e343b2ddaaffb1bfb6682452adbce1fa7c48f8426e
f35711719a60464fdd54b99bcf7ccb8d035bd48acbff37c6fcacfe8dc08cb1db
f35711719a60
4c4774f6050c
[14:55:05] --- cfgA_SP_whisper_b4_MPSoff ---
3b469b96d9a1266427fefab97248cc51b39a1ddafa76642dab74828cf0a30e14
87bb010d1add69c988a66dd7a19547c6259075bb34a229f0943460090b4ab4ec
87bb010d1add
3b469b96d9a1
23a512e7bc5f30f2dd9a8dd484cf670fe5990a82bd8d1cf3953d3df1711758fc
6b3972907c7cf4d2beaa20668da68495b9ad7e3db9bc7a0c8ea5ce3a10bcb927
6b3972907c7c
23a512e7bc5f
6b0e70ea9eb2607203249272095810bdda276da6ac04ffc36849404d00cf164e
376b68ebe97e87795ef32b750fa0f2ecf9d5995f277266d0d6e3433841824c20
376b68ebe97e
6b0e70ea9eb2
[14:57:38] --- cfgA_SP_whisper_b8_MPSoff ---
b2b136f88faf43d2afe1ee14c792f846ebda6a8132c68511da64e82d79bda61d
9ec3ce4de35758810c80bfa70e191f952e17a0b53d2e4ad671e8b91eee1ab57b
9ec3ce4de357
b2b136f88faf
4ee3163cf0857797729d645ee2af8b9f6794e33f0db01841a8706ea832fcf393
c7fb99c42a75493b84ed169f32d8afc1bc21f0a0a8fe8d7438816f3c0f6a0c31
c7fb99c42a75
4ee3163cf085
657ac1b29a79f49a775a07efcad4ce3119b4527409e326c9403c28e46431c438
bebc5e1e39ad7dc30a415069a5ab4e19ef7b089605a6f2afaf2789722cb0e831
bebc5e1e39ad
657ac1b29a79
[15:00:10] --- cfgA_SP_vl_b1_MPSoff ---
13c748375fec4a99eae40a5b62942eed46a577b568089cfda595a59302f1990c
33e10c050f8493a33a876f22a7a545443cc4185c6904b2c7e101228aff25c833
33e10c050f84
13c748375fec
e73814d64ce1e35afd4218737a8d3abbea015725b794cba30f49804028213b31
0b5c21f2a20676d9f7ec540290567266be5d197b18d07975b5a8b2cd405b6160
0b5c21f2a206
e73814d64ce1
71ae07805b5ca2f4db89c9e686a8511d4d85e9fcfbe3bfcb71ed628dfa638d16
79dfee9f1fe0a3e65750b0330115b874c14a3cf3c11c01ce5ca74d41d17f3d25
79dfee9f1fe0
71ae07805b5c
[15:02:41] --- cfgA_SP_vl_b2_MPSoff ---
a2d83e96ae4a897b4448ddb48ae923bac5c0c1f0e58e1fedfc292e7933316397
9b51955108d50d0511345cc3b8e10e90caa010c6148016cffc82aba51bdcb08d
9b51955108d5
a2d83e96ae4a
bec40c0f8d7389026c437cb7c5040c7bef5c082114273dac602d02025c836088
b48d8dfa139e8cc95120934b994ff66c318a57b89b7096a64cf5da18066a6fc4
b48d8dfa139e
bec40c0f8d73
bbb399607fb2f8313f50ff380bc21b4325de69a437dd2b5f0d75a8a1fc9caf6f
0e44588f89dc185ecb32335a7d112964791b1ec2c759003b81220d37a788cda3
0e44588f89dc
bbb399607fb2
[15:05:12] --- cfgA_SP_vl_b4_MPSoff ---
c76ed973394314e79796c64273d5077b08933d691eb1d2492e99cf6a59b6cff6
55cb8e552e32769c8948c0b35613ed19853a23b8a52cb23d13ae5bea338894a0
55cb8e552e32
c76ed9733943
978f5e503d71a2cf9d9359126d02acabf825e9692d623e5e8f45d8d75ee2936c
0f2dfab0db6df2315047cdf7cd30cd2bcbd8628e1e192e5e26905575fe7dd9fc
0f2dfab0db6d
978f5e503d71
f98b7bcf1b34416518a6563f2558ac166d5546919e3e2b00cc9c05c70e588f41
09d277d69ae02a20dd42a2e17ced4d81b957e3ca090273d184ab64aeabe0ea1a
09d277d69ae0
f98b7bcf1b34
[15:07:50] --- cfgA_SP_qwen_chat_b1_MPSon ---
79a52dc65241f45a534404d41e4a3dcac235b6c03d7482883e5a9478ad47d975
7e6bfebd6a0a1dd179ed296d2a6e75177644c652e588209f48963f357048bab8
1451dfdd2440ebfab5df3d9bbe21b4454438c8e3c25761301648773d2f70c395
9ff8f0d0782048691bb3a5170cc8c2c8092c59e349b1cb1b8d37367b2b114063
ca3465a15f4d2666dce325678ffd435d38c7957f1d7797baa22be55ffb113bef
2d570ee0a7ed3a81b4a6aaca63e6e4c21897391a1d71662e97e3f6c9722d4bcb
[15:10:15] --- cfgA_SP_qwen_chat_b2_MPSon ---
f0d1dde6d53fcaa512f5cede2d311726109f2b1c3776d90e2bf8e6eef7939922
f11d42e5cb41741e19da1dc1a659fdcb917b911e1974399237f02f574b4f5850
3eb67ebe8b6e3b85e0b189342db41c5463d311d031cfcbed5f5f99dc71b2050c
71b5a195d896cb925c536fb3524c22bcde2b92d0376a81b5428bec490876f62f
b32592f66987f1fc6734dd14c3cc4c3d4b26f1ba601b2b7aa14a5477969389cd
e70877054a304f655363d84734e21b0cc346d41b7a72a757a9cbe26d562dd1cf
[15:12:41] --- cfgA_SP_qwen_chat_b4_MPSon ---
18a42d9d5e321958ee06791ec759f4e7334f87d70f9b0045011e9af0b2134eed
807dfc4aac6373a04f26c789e573264a2c90e7d614729f98fa8cc655e0dd082f
a081ad9d65afadf843109d7a5149eb02bfd756932278aae8fef1fcd7ec781f65
5b7f1cbfac01c48e4b34bb63c64b607825f26128a75f7629e8153e28bbb3bd53
e59ec3b63bb8107f6683ad4356bcc01a550bd08a2c29d6c833db2468af5310f0
5be89915e88990f57e273cf9679be898e62b64cf9133375867bcfc44e7844bd9
[15:15:09] --- cfgA_SP_qwen_chat_b8_MPSon ---
d90f14270fc6868837f6913096c7525869309f932e79247eb293adf478a340df
5a0e4878f8ea36a2ae567b1ef580b38795e47a864c6edd12545a47f506776f6a
8ebad15a59a6db755ca294cbf94f77fa231a3dc90d1609d2c10531ee1a3e423a
6934eac4c2c3473960f289472521ce6ebbbbcbb44678ca8fabf3c84b786e68ae
f5142666fcf097af39c54cef84e0319414a04faa7e5d962c6d978b0c69a0b96b
8caeb511afd9b8793908a13cf0044274cbc532c30a9e5c19a927f0c6c4b7aa77
[15:17:35] --- cfgA_SP_qwen_chat_b16_MPSon ---
1cdbc632a4fe52fa209d3e41851273e81fa30b30ca9a67f2f4b5e3c69bbddfff
17a1704e331985d93ae10f92aa944e61dca86ba05a0bfb04582152c5a8a63f9b
2a0ee5d7fc3f109b8339136c79489e0be4bb5bd7d6e3c6c8427020d579d1a66f
28722725226d934179b8fae54ecb1923db34cca22ac0771b3c62e2dc387d48dd
e5511b3399447d94b6cfd9e29e20b109bc976723b2c628a872209b74b7e42a21
604e708dab1b7af18d5dce75b2c352674eb606f2999858e96351e61243e50603
[15:20:01] --- cfgA_SP_qwen_chat_b32_MPSon ---
07fa49f2e4a932da05bc6c5446dd1ecc940f55edf4208e8603e2e38a903c8fec
14d894a91a1e0057c4b812eadb2a88617c5067418cbba301fadbb6c5b14d4e53
b14250ba5950c94de0d288a8196624b897a0cab6dbf9b6e7de9cf71d1ae188a2
e0f75067e75f90c5634019f1e1fbfe7b1f77a4cc52f6deb9587fbc24a9bb1ea3
e5ccbae5d80082406034880e0d725ac609e62d9156c18b74b96dc5a1b22fe69a
0667090b8f3f212b467b6783d1deb8537cd9343e9c7273d466538908f692584e
[15:22:28] --- cfgA_SP_bert_b1_MPSon ---
2f06b1df5d4fca1cacca1e0c422b2481c00f854b2ce53e48aa4f60a438e737d4
f1829efca9b59267bdfa1a3bec264c5b738ca98e5ba1fc772cad7266da1e3145
f1829efca9b5
b4d2f5c1f14b988cb981ca70f062850e8a695f3ec11707e1992a6032a7b5eb73
9ea59276753bbcb28f8f93364aa7277ba0c9e8868640f5a3b9631a1c8f78f223
9ea59276753b
6d4d0453adbd5da1e11ca485d5ff1355647e9d0d088ebd44255e0a3d296ee93e
71d49b1e1fb3e2e4ee3da7150f0c280eb35c57ae81ec31e37404866bc36ba379
71d49b1e1fb3
[15:24:53] --- cfgA_SP_bert_b4_MPSon ---
3133dc93b7080eeb0ad0afc3aaef4dbda380281034bcf8275d45464c555bb3b4
38b5dbbf587c0cf6d866c284a2e05f133e43cfba7d8afd510990b63d79dbe9d6
38b5dbbf587c
2395ddf15e05e684a64766954ba1bcdbc68b481210fb6a81c163ec627c7fb1f0
b22e6f5a4dad72d39e8dc50fcd98a4eeb650c3755bf7eec40c14300b55508d91
b22e6f5a4dad
ca14afcb1dbb494b6baaf9b3e64f4512234ed2c37aecd86929caba1e7d9db778
3792c6cbf25f7bb0b79160569414dadfdbf8a4a49b2ef9a0246fd8e9b6be145c
3792c6cbf25f
[15:27:19] --- cfgA_SP_bert_b16_MPSon ---
ffd5b150f09073a8522bce484d19102e5bf05aec54ab720770e9cbc85303320c
bb0d435923f7fd2169f1ef002481962a358b82e20c58fa94a35ce1f340a2559d
bb0d435923f7
88fc469e9cd96d20d3d0a00a4d542bd855c2e8e4de271f8d54c06bb96dd52739
63b3581eeea716157d67fb223c708d8aeed8ff4c1d9acb8e81ef3e61050c04ec
63b3581eeea7
14310920b6646309aba52a27824a372ec3da6296dfb3b52a3bfc8f3fec51a173
8630d63a0e2a038e95fdc773eca1d6d066a3c449240be7cc8b3a52dbd1fb421a
8630d63a0e2a
[15:29:44] --- cfgA_SP_bert_b64_MPSon ---
28af16b8b209b9a164ff8499dc258563748d030ebe4732a0822b030ee80fe6ce
bf9d1e372220650454a50047c77f3a6c11f4c35ad8f90b852a4db12ac3959b2a
bf9d1e372220
bb57cebebe1a4c7db7861ac900f08de216c95b975d6ef0f17b8435c968a184eb
1bd57acd40fff7639e11c21bb8c8b99eb6fdc51f889c5306ce8ea909c2b947a8
1bd57acd40ff
abd16b923ea4e85dcb93b82327d952a81882c1296eddc85b66f7b45667d2b784
3d362eafba3bd5d464c0faed8c528f046076ccdf260103f1264d25229ac4a949
3d362eafba3b
[15:32:09] --- cfgA_SP_whisper_b1_MPSon ---
ca3124a3a0d7a40ac0182fb2fbd6cadf29a8fcb492f30c026ed17253138e65cc
be82611434ada1ca65672afd9468992241a93da6ed7417c2c7e59219267774d5
be82611434ad
531501e11e2e97d930421905794f496a9a1e86d00305f11f30489afc006914bf
307a956c9fc628d9a074607d011615deb6270c89661d8f61e0ed93f90562e09a
307a956c9fc6
1c3f9b59cf59c62f67ef314d4bfb0e87f96a7047cf9ef112905f784258861be7
7ee83a597a944c89e29c5dc5a238747c554d09f4b9d17740080a38f682379a04
7ee83a597a94
[15:34:34] --- cfgA_SP_whisper_b2_MPSon ---
35a57a6ec784735c0f83b83edafe41adf80f7243ee373528f6efeb1bb7bef9cd
0272ed471ff2a73517c0a4881dd03d4a305e81a9043cc15bd1877226d8e56380
0272ed471ff2
2fb171554b0c8c715b1e6ea68ffb72506c3a871e7b01faa554ac8d45ea63491f
b29615717a7803ab8e2a07a0df01119d91e299c389fea92538597bd287b24f2a
b29615717a78
abf0a0c98e6e07cb7d62f15744917ce658524e1275cf356057c07f9d004946b4
4159e29492cd688dfc424fa594ead1cd4dec4b0724a8267ee5a216661f539997
4159e29492cd
[15:36:59] --- cfgA_SP_whisper_b4_MPSon ---
5681ccc2a42db928d86213d1c1993274d3468e1e5b0ae4fe6b69b63351c9b383
2f9487b3f91b5ba8d90920dca8a49ed2001608bc9f36930717231490aa2639a5
2f9487b3f91b
0974c9b259f621aafef12d19815fb3d1e6d8bd815c41a01ea2f5d64ef6805b4b
cd081b5c253286d12b937b9c50d7d739b701ef66fcad447c18d1c4ceacf7bc7b
cd081b5c2532
d49d1e0eed8c883070cf765367f175be4cdee5f6a8f8a245e71ada5fac6ae8c5
e8f8774fa3c6e04af463caa78c5655c1851e300a4e1d10df1a2956086716de50
e8f8774fa3c6
[15:39:24] --- cfgA_SP_whisper_b8_MPSon ---
6d81e37e10ace0110e7465439a3b589a66792ba3ae15eededa069b8b3debbac5
c7ffd54e2a6442d2fec67b464998d608019fa6924cf63abb1552e9a7518dfba4
c7ffd54e2a64
28ee4321d1cc6dc26289a75638ed3085594644380846db4f00eb681da0a9bc68
afa9bf99522d0062e68cb8cd7785e07df0d26be0b235ca8ed0397d81cadcde58
afa9bf99522d
365bb7aa94b3b369a9231fd4ba68a0266d8a2efe6c893a4fc3a602fc82cd3677
8271f7b1d588caac196163cf69a3217bcb4824e3729dadae2511db11b960e171
8271f7b1d588
[15:41:50] --- cfgA_SP_vl_b1_MPSon ---
22d4f29d0cdf1c841c1ef62ce0fa0ab361f6928dac5520d30f47ca30fba2342a
2bea51074888c72ad01e6135aa1ea6afcd6f7603ba12a0c6faddd7d95f97700e
2bea51074888
10ab1b1dc50fcb3c9e74d304023cfb89972750e8ecfd79ac16157d8aae1a8d6b
adbe0941f0a01c665cd17edb5c6debb0d6b3516dfb9ae10b99f6e2b171756b06
adbe0941f0a0
79196ef54e8c3106b133b015c42d7db3181b28a94da0a8172d8f263b562de19a
c6f07e918f97213abf649f1eb0e8ddc2f9ba704d1efb6a14652085c19d71004c
c6f07e918f97
[15:44:17] --- cfgA_SP_vl_b2_MPSon ---
ef4ee4a1504daaa2a7b6208d19bae083b42bdd3a3f9695540397b0a7033ace89
9c94fbefc20b271223c731aab8c60446a4a657a53ea2770636b0aa99f78d6148
9c94fbefc20b
e36afd6142941e1a03d6ba8887cb763f7d2417dce64057d48d32416f8c4f3fb8
953d8fb38d6cf973e07463a1f7bf7040c031cbaf94841995c6c7b80df92ea188
953d8fb38d6c
02116027544b875e303c3937d3c1d407300632ee30ff52bdf3ab6914fcf00eee
53199132eced0430a1c596b24a82701abf7a7fecc5c569ea22c118dd673592ca
53199132eced
[15:46:42] --- cfgA_SP_vl_b4_MPSon ---
cebb1aca30a75fbc0ecaaa95632111c98a3099cf4ae4467ae960f5352dbbfdfe
7c57826809972eb4884a3daf26da507892e2ab449420e33ca8565bfa6627c9c8
7c5782680997
8de2535e92dc3519b24e7ced6cf2bbc489f5f3d54037b6938615458b8d6d94af
f7fc01b429542f7f8f2f0390ef91f0c9b4eb3a2eac6bd39f981437b8e8261989
f7fc01b42954
aaa4f03925d60851966697bce582a1058f098b3a9e652f39571da31207fb08c1
6bb2d5af8c055e519074d94e6da480afa21b7e66392d77bf5047ca53522c0254
6bb2d5af8c05
mps_srv
[15:49:08] == config B: Full GPU 0 ==
[15:49:41]   UUID_L1=GPU-631b099e-0d93-0e13-1329-3d9aa83d9fd0
[15:49:41] ===== SAME-PARTITION cfg=B (L1 in GPU-631b099e-0d93-0e13-1329-3d9aa83d9fd0) =====
[15:49:41] --- SP-0 baseline cfg=B t=1 ---
[15:49:53] --- SP-0 baseline cfg=B t=2 ---
[15:50:05] --- SP-0 baseline cfg=B t=3 ---
[15:50:17] --- cfgB_SP_qwen_chat_b1_MPSoff ---
f339d4b529ac0e2fcb9fe134325dc3bfc6ad0471ee5b8cb0fc7c7ec273c08ccf
f339d4b529ac
18ea9505813a3963a9065262ddfa7d09a1990a0925631eb44e3d9d69b4ec18ad
18ea9505813a
ee4113550d115c639418a996ca5a86c7a9909f77cdca1517e82a94052bae68a1
ee4113550d11
[15:51:45] --- cfgB_SP_qwen_chat_b2_MPSoff ---
38c6032790fe1cdb399d406631f5226d1416ec93063e9aa842fcf21e64e392c7
38c6032790fe
5d166fc936ad6515cf5b9d15d923a6f5233343789e6eccdc48a5f58c5867d1d7
5d166fc936ad
5e956e1ebecb50c86be92df73274b6dd1ab6c57ec2107466990ed2e8a109e490
5e956e1ebecb
[15:53:14] --- cfgB_SP_qwen_chat_b4_MPSoff ---
ae81c1e20295a131dc37787a0be9b769252129088377200e1e659c4b71177822
ae81c1e20295
75cecf9ce41dd610c1ab3801e56d0cd7e7b5b46ba7d7f8c798f680396fbfdee6
75cecf9ce41d
6dfe818b1d2052b65cc40cb449ff7bfe2a05890446a528dba324fdfc713ea058
6dfe818b1d20
[15:54:42] --- cfgB_SP_qwen_chat_b8_MPSoff ---
6428faa7de700a3068077684314dff06cc64f31e0df578eb2c19008fe1282c5c
6428faa7de70
088ba7cc6ac9634017116e722260150a4561d6800323bd96e6ff25c0d16628c6
088ba7cc6ac9
bc730f2162249c1489c0e7940ef7fbb00290b30fed78edac64763dbe86111cb7
bc730f216224
[15:56:10] --- cfgB_SP_qwen_chat_b16_MPSoff ---
8b79b4e853f83662fdff0502b1331b4c428ea4d17225b8ed3a5b12fd8d36dc53
8b79b4e853f8
df0eb3a60435a743685716f9af426eeb77fbb0f8a22bae9417c4de69296639d0
df0eb3a60435
a3d982eb2c9d37d28aa20a8190859db460daf43726a6163ed1520834dc9ff712
a3d982eb2c9d
[15:57:39] --- cfgB_SP_qwen_chat_b32_MPSoff ---
1dd57efa7519606ba70a445533888bd289b8595cc984e36c13aa1efd7a701636
1dd57efa7519
ca3fcb5747cf11a0cd6049a498bda593e377239fdab94ba6b1fb6d20eefa4b1e
ca3fcb5747cf
83afee6087f42d7a7518a66bf55a93354e275ac5b9597a17cc6bf94c5a617dcc
83afee6087f4
[15:59:08] --- cfgB_SP_bert_b1_MPSoff ---
4dc7203bb22b6369e64d2921ff509e7277aa6d21833e556d3e382bdb84965319
4dc7203bb22b
1906c70c8ba0af4221ca4504adcfd5ddc97924265f307480c33179e9804dc8af
1906c70c8ba0
b3b62530cb22a7efa68b0df043399d455ec5d39e839a67861d343c0f3b605767
b3b62530cb22
[16:00:33] --- cfgB_SP_bert_b4_MPSoff ---
339e13bee041fa87dab92ffd77d431acfbbb7e3fe436897df037fca997958cf3
339e13bee041
e2a1bff8c05a6e2c2e38883ac03b6ed75e63320d222b73a788089625dd7781bb
e2a1bff8c05a
878d11ee566d88361f403dec0fe25db8e1b113c05ef0b0e7b628c73fcb107b53
878d11ee566d
[16:01:57] --- cfgB_SP_bert_b16_MPSoff ---
45a72e2ef7897e0455ff8283e74354851f21c982e27c8913c16726c51632afb8
45a72e2ef789
4bb9c7cd355aee5c486748dc6cae3c60b67feb7ed0bd3d2c51c4ee51f727bbd7
4bb9c7cd355a
879b0f6ccdcd3fef3d409da5445a1e2281f255a8113a5506a87f2f608b0b1e88
879b0f6ccdcd
[16:03:25] --- cfgB_SP_bert_b64_MPSoff ---
510582543a2a099f4c5a0768049e2fed47a459e8e3f35e430a5b315db32e7517
510582543a2a
a5552d7bb8478458147c10afa207f62a23cc01ecdf1ea27bb8621ae3b29ca6d6
a5552d7bb847
25bbdb92fc420b8d62bd36caff89d28e6eb601a4d8c8c8f68f6a0f7e5644df88
25bbdb92fc42
[16:04:50] --- cfgB_SP_whisper_b1_MPSoff ---
48827d21a3e26ab56cc73f9c8b39c1d3d689bdf2f18be80cce5217a0e5c8f77b
48827d21a3e2
6ebaeed58170a141c5e7d7ae407421d8dacb4a28ce7e4871d9665153f161bff4
6ebaeed58170
e30fb317e1053234fe9b8c0177578bfa5ceb0798a979d79f6cfecb3e60eab744
e30fb317e105
[16:06:15] --- cfgB_SP_whisper_b2_MPSoff ---
3277fc3654667b2ff2932afa808b8d9d5fb2087bbfb834e2895e5cec0e3af5c9
3277fc365466
c0b422361b4997b7c8f6de51ad49ad7e012d57f07a470f614f8fd2dd2e8c18c3
c0b422361b49
a6684114818db177e76923cd0e4cd80afb3088b5de2b8f6afd050c099beff309
a6684114818d
[16:07:39] --- cfgB_SP_whisper_b4_MPSoff ---
7d5c219be681e6fe4d9cc168bc98a18116a88391a621fe54aada9eb43be6cfc9
7d5c219be681
510bc0d0e013eaed097540816e77dd9069884b8ccd75b18f3e4a7944700063e0
510bc0d0e013
524950d6ccbddcf5bcfcdd61683f9b13277df042e6216c68d5af8bb5415ed034
524950d6ccbd
[16:09:03] --- cfgB_SP_whisper_b8_MPSoff ---
b2cb017734e2784ddde3deec6676c3a23ed3bffae0be48920ddb797f307037b4
b2cb017734e2
3295cf5543aacf55c82babe581e92c51461c938e2ac60fc8174d42fd8d3ebd76
3295cf5543aa
2bcbca9c7c509259794de96cc582018ad3eade81f4bd0b5d2ce6d42f7db009c8
2bcbca9c7c50
[16:10:27] --- cfgB_SP_vl_b1_MPSoff ---
33e11a39ad55e241f1236600885fe91cbbf4c8332a80b18a84ec6da44c2b36c8
33e11a39ad55
165fba80e2ca18802959ebee12f4487b2bb00d99a6474779f24d39bd2081fabb
165fba80e2ca
a536cc394c133e23e8bd5e72e5ae9cffd8fb60f89a5fec41c9c648a78b6846a7
a536cc394c13
[16:11:52] --- cfgB_SP_vl_b2_MPSoff ---
2460dd9deabbe761fd81d6d5e050ce406b7e05246a6428fb9f78bb9b38939411
2460dd9deabb
312fe861d635195bb17b67533a4b31da203d114ad389d8a6aadbf67920e518b9
312fe861d635
7d84b30ac7dc7beefcd702738df4577486836c7e0d8c1967cbb458a157edb462
7d84b30ac7dc
[16:13:17] --- cfgB_SP_vl_b4_MPSoff ---
6c9a660a0c0d628336a6183dc20114c88f12f76a886ca12c065d6cab4700345a
6c9a660a0c0d
3096a1e93c4e2f70127bd46a3af8bcef8edb6bf52cbcca3f577c68a09bcf8a20
3096a1e93c4e
9e1c78f3feda842e09c180b39d06825faed2400d7a7fb07d9b0564e37224662b
9e1c78f3feda
[16:14:48] --- cfgB_SP_qwen_chat_b1_MPSon ---
309a7cd37c8d0dfee436305d85ac7e584e9ff4e46586c69a21b9f8afff87aac3
309a7cd37c8d
fd76ffb74b75707a09f34444944d2c522a366593f1ce82b736567e9529b30d07
fd76ffb74b75
4d6f75f01ba4d84d0212c10be4a0cbcd4e252bd80096fe11646622ee490b57c7
4d6f75f01ba4
[16:16:16] --- cfgB_SP_qwen_chat_b2_MPSon ---
2b50695a225a3cfb56ff79b050852a54733fcf5a768730d418029249ed11b722
2b50695a225a
30c3487017a6acdad35c033b3eccc3b547f89c64063397067133d3a6e6a40343
30c3487017a6
b4c13153a6586c21d9308d23f15281fac53cd3a66f3c56303e62f45886a381d1
b4c13153a658
[16:17:44] --- cfgB_SP_qwen_chat_b4_MPSon ---
6e0c2dd0519f427b6b352cb9d02c9f01f03b60eb3cad7649b3bb1a1f9c36ff7e
6e0c2dd0519f
86dbe77bf80704e26279e9cfa07b43c658a69f262dafc82027bf876c122a072e
86dbe77bf807
bc07cbb131a6585e186286186a542981d51d68d7f1fee9cb623eff61b6d0d378
bc07cbb131a6
[16:19:12] --- cfgB_SP_qwen_chat_b8_MPSon ---
2529aae7b4800c1576d08bd4c66c5c44375923cf589fb47f08b2a1bb70352cbd
2529aae7b480
e42a43b21cecc154f79d7b03562011b4f73cc4d383211812efae4e3d1814bde2
e42a43b21cec
a392ff7b816dcbe8a0776ed6fcb41549d5bc71f0fdae777a2bbba2744b42ffe5
a392ff7b816d
[16:20:40] --- cfgB_SP_qwen_chat_b16_MPSon ---
74783ce25712f9d4fbdf4826df889d08e49eb3a53810c8b4bc1752824c3cb528
74783ce25712
b3cf321e08c8c6ddfdf3036d9f8fb5d9b78520c53039588cccb7cd05d88c2bcf
b3cf321e08c8
7d2030fa181dffb1ca48fc43323a42a77342da9beb50293d2d4ddbf1b1751d96
7d2030fa181d
[16:22:08] --- cfgB_SP_qwen_chat_b32_MPSon ---
fd19b83424b66ad43c4bb47830684761486402bbee509675237b636a749cb127
fd19b83424b6
5f647dc137c51e2ac273288c30a9b0f7a7bbff4f9c3f6e4679813b734bd243da
5f647dc137c5
8a3e1d2a585a96cbc091082b0b2b926bb0b8c61f6b20dc2ec29ae34b65855377
8a3e1d2a585a
[16:23:36] --- cfgB_SP_bert_b1_MPSon ---
5621e984e1bdb13a8ae60e44e7ad9eba1f95a8dd672616aa25c74a90c691164c
5621e984e1bd
29889667ebb84bb75da5dfb3d9ec3cd6d5ab9a99dfd0f5fcf4158c89c20df8cc
29889667ebb8
b9b8945a938c5d0edfac0698905372fd03d7f755563a971550aaa346e8a17992
b9b8945a938c
[16:24:58] --- cfgB_SP_bert_b4_MPSon ---
0a6d804db10ac46dd3532a8b0a98632f05ac688b0169a342f9635d298355cf46
0a6d804db10a
b616f02f57c49cd27fa104bd38fd321f1f694a36f7b07360a26b31ec014c5b04
b616f02f57c4
09bb8c118d3c36e82f5e5dd1e369de70bd81e5a74f41933a48872c761ec389ea
09bb8c118d3c
[16:26:22] --- cfgB_SP_bert_b16_MPSon ---
40bac728e897e5b751a25b30d95a1b48078bf4dad88ce1c7713229e9ecf783e2
40bac728e897
78fb6b9e53e1cd4944e7e197acf917a759fbfd6032148b0bd4cf2e8c5c5c091d
78fb6b9e53e1
35d9eae7fe991e659bdd8fef900d0dc0e83a6792e6f3ac08ed87f5fcdad8e7d0
35d9eae7fe99
[16:27:45] --- cfgB_SP_bert_b64_MPSon ---
a3ff4ff5905bf909912ab4964b4653ee4f8c88eef85b3fe5d2ab14df7fca1045
a3ff4ff5905b
da852a69100ba304dd3788a122f7095a5e3738a593a863e180a825cb0b09a0e6
da852a69100b
1163ca8e5f22df0c0fa49dcb1bd7126147e060c4aaa8b922c49dc02cc1116f6d
1163ca8e5f22
[16:29:07] --- cfgB_SP_whisper_b1_MPSon ---
ffe14082af0319e46d32e29129095682991948c2a25754396bd9e00d2f965b55
ffe14082af03
8f791699bac54baad679d127a88d5bc9aa019cf89ebb600fb47648531fe66efc
8f791699bac5
7f1bb4908bcf43da8c759ea77e9d17779cf7828ef38ed2aef8d28670ed79ef8a
7f1bb4908bcf
[16:30:29] --- cfgB_SP_whisper_b2_MPSon ---
164b6281095e5bf60ef5387d99f96698434446fba64d3ce604f26f0cfdeaac69
164b6281095e
5f557cdfe6b1a43fd77d7eaed940dfac7ed5893d274814b5923c70096317e534
5f557cdfe6b1
895ce90eac1b86b3cff64bc2552e2ce64382642b487f95cba32f42ff8d0ff240
895ce90eac1b
[16:31:53] --- cfgB_SP_whisper_b4_MPSon ---
507ee7b69e5f27c9316e8b471cf17919f4960e7b34f2e2d179ffcf932c2f4a0e
507ee7b69e5f
bb9ed10925904455a30d3a676508ec1c48942faf6485804c7c51005fc006bb0e
bb9ed1092590
fc7ae2d2f836269e1dafb5aab584c3c49f279d8ff67c0d95ded1268c0f97afc0
fc7ae2d2f836
[16:33:17] --- cfgB_SP_whisper_b8_MPSon ---
4320e92bafe24840633d64adaab3990a0db231e90d32365cbf2e4c3e925f94f7
4320e92bafe2
632783bebd0a0159d3aeae5b8b4625ae60052232e49c14a713a7967b19bcebd6
632783bebd0a
887d486ef3e91347bc7d38bf5af0f58020c2c8f9c8397db840a80567055eb927
887d486ef3e9
[16:34:41] --- cfgB_SP_vl_b1_MPSon ---
32eca172df518474e9fcbc6d3350dfe2b116873c28e5c10e17bfc93ef1e89d1e
32eca172df51
2f5b8c79faaf27f7109053acea8be98a31dbaba1fd871768e3ec79dbe4619e38
2f5b8c79faaf
74a50dc3c2651429e156db44199ee33f7ea37a5cbedcdb7ff35651d49a389107
74a50dc3c265
[16:36:02] --- cfgB_SP_vl_b2_MPSon ---
6c83f910bed01f3740d291d44b55c3015250a9d3492d8be4c5422a885bf7de5d
6c83f910bed0
a0f79383350ff4ed6b696cd717bed2acd45bdcd4e99bbd212ea221267fb12406
a0f79383350f
54cf93aac61051f384e265dff075e9a56cdc23de2ca56bd611936b79474c0e7d
54cf93aac610
[16:37:26] --- cfgB_SP_vl_b4_MPSon ---
e1411f5b82c3444d79c74adf85f9b386ec4db558a351c4094682beeef294428a
e1411f5b82c3
0a2284b532f13d77278b2827f2f53a1fedcfd25a59f73d8a7f9bbcd85d1aeedc
0a2284b532f1
ae32d09dfbb87ce7383b6b43d44eee4db8ee6aebd8b9f3380f3c0c7af210da3a
ae32d09dfbb8
mps_srv
[16:38:50] == config C: 3g.20gb + 2g.10gb + 2g.10gb ==
[16:39:01]   UUID_L1=MIG-e83d1b58-5c9d-5f78-bc4a-38bb1f8c7ef0  UUID_CROSS=MIG-b313c3eb-083e-542f-8224-2c491f6b819c  UUID_ALT=MIG-556cefb8-7bca-53f7-a57b-7a9804b1ee3f
[16:39:01] ===== SAME-PARTITION cfg=C (L1 in MIG-e83d1b58-5c9d-5f78-bc4a-38bb1f8c7ef0) =====
[16:39:01] --- SP-0 baseline cfg=C t=1 ---
3947e4111214669f37510974d38680837a38c9c78273232775cfec885d1f558a
[16:39:34] --- SP-0 baseline cfg=C t=2 ---
9b49d9c374713b998c11f4cdbc70d7a575d3838c8d5bd09926bb460331c1e952
[16:40:07] --- SP-0 baseline cfg=C t=3 ---
7ebdf59936a424675fc3686a931141d2923bb4caf10a2964d02edb25eeb035bf
[16:40:39] --- cfgC_SP_qwen_chat_b1_MPSoff ---
04f7124d84490cf11d668454fe7a9f0d3e5be12f7a4bc35cb3774ccb0b093adf
a8d19b041a862a48f31ec91f2a82b4a93bc16f22b72d680341775ed68de12810
890e74186aacc35ffc06f78bdc27645ff82895c05b1a1fe26a7b15da8478929e
3fafe79fcea9eff261fb075e7ed8f7b42a93c688499ce33db9be9a604c49e62b
8b0b5c343278e88b6a768de70973e9ae1ba34eec904fbf32380b7d21b9d1ddd7
35331287bbebb03aa361848a902bfc5d0c66cba13aadf794e1afd076fa21ef4a
[16:43:06] --- cfgC_SP_qwen_chat_b2_MPSoff ---
04107ad325359bfbae5263c0e61737d16067bc2c37d253b86339fd62f1bd77e7
1a9943e0e235e8cc0857b538b9cb18caeeb2ee6657bdf18d18108afad407414b
d9ce40fda6957e9db2fe2a24e9aef603d6a9fce03f55c50e8dcfbef77ca7b25a
9da8235313a4c9fd00edbe6b1bb39a4a073a9edfa0ba33cac3cc0e49ddc7d000
f3a2e23c6ad52152f9637fed4618a2965767b4a3c985800f413f8f68a7b74455
1ac002a322da2af73cac54f5ce2198d9dcaff3583f6434174f92c876831186b2
[16:45:34] --- cfgC_SP_qwen_chat_b4_MPSoff ---
2d496d2639481efcb39e64aed16256a453bf6da2dd1d048a07b37adffec29cff
f27b1ccac915b6db2845cd85d8546407c9b5d01d4e5b5236140d55ed4d777fd7
9fb907b44495917150a5a70a9bc3583c7864f535e22a6c1171948bf01444b8f3
20b3610262e6cc0199be7b9372bdc9a268ebc8d2b956cbf9509092b4327ade89
c01cf9c2f484e44f0897e33735e40c6c3f2ecaa572c3575b780e45a3a394747b
2893ee32dacf0eb641a14f0cdf57554d0b4589f3547605f3aae62dba5bbdd96d
[16:48:01] --- cfgC_SP_qwen_chat_b8_MPSoff ---
1cf5bd10928c22459681304e3a8251bfd203d4b3910bb0ae02d79bcb05150cc0
0dde1f34671b19186cd976798c5afaaf472e9a4ec845c228f69edf166d24bee8
0989c0ff343725c1b8c94300237d9415341b4b5071cf645ca27822e76278873f
40d587b7e21c69efef28082c54f82997c34befc05842039ca399ad8a26e81205
c36ec9bee0962790f63c66b098259a04c129c04d85a0a63d23ccc0fccd1e1a68
01a07366a6972185287b5fe5b5a3a5587ab7f2f766662f1484557b6f7da3ac33
[16:50:29] --- cfgC_SP_qwen_chat_b16_MPSoff ---
07231e630791c63f895cb720135811e009e8da1138fec6405991d738577961b6
3eba9e5cbad329435ac54f3b9c51958ee2302450a1a990892c45933fb972a7e6
8700991b6ed7874e598980d4fbc220fca3dd9b118aa7ecfefb334ad9aab461e6
1a30aaeddd73be51edac2a77e2300618e0e033e57c05b568f6f9b634ae20b6dc
f08d77c1d606ffecedd1e6ebad300b9c495dc3fd4557628b9d34f8d67c1aa161
a1ada1e93bbae4fcad31cbb3d4c7288305a134b8c91c20bbd28d85ae4e8e65ac
[16:52:56] --- cfgC_SP_qwen_chat_b32_MPSoff ---
57e957a5b195842535ce9c4e7d71689dd57521312cb1187366e627e9824ef292
9e3172552af5aaab0b5edccec2d5ae0e1c214f6e322a80a4cb0a326807ad2439
40a534d7fcc648531ec4242c070e8014fae289d8b3fc8630619379a5efc448df
070bf1943aa9ea978ec9d5b1d58c068c8f8697185ee1bce3d0ca9ca6c10fc63d
727922943eadc2ad2614a915701ec7c8b521283411fdca165dae3850ccf817f0
4a2f2835ff3546abc6663346a04f8c3e9fd62f290f8a6423e15286030ce39c3b
[16:55:23] --- cfgC_SP_bert_b1_MPSoff ---
c6e3030543aa6abe1d23071b4fe36a26664ab1713527fce80de89badbcdeae93
a752f1d582bf6c32992649eae270167d9871fc2a85cf045eafaa94a8e6ea990a
a752f1d582bf
84cf6d323d19730287cc62ece2d48ac1e801769d7fa3fb2d6596bf0991ad9e6a
78254bd0f831a1a5dd7ede408be9bada6aaeef6968029b372652a840d63477f7
78254bd0f831
626286c9d6938e878454d21a2b018af6ee9af7f9c3d90f0df8e17ad6d1c1fcd8
61df3b17264925ea083fd1ab83ce58178c21f0a8e5ff65da76e8c3ef356695b7
61df3b172649
[16:57:52] --- cfgC_SP_bert_b4_MPSoff ---
f1786b1c8c616ecb6f0576505fb30a7ea58f64e70641bd95f05c0147ab99d3de
ace12bd7c354eaf697c1e029a87e4360a0213e4d481a5bc7b7b5759ee6f4427f
ace12bd7c354
1f6c723d6ed12d4e8a825eaee9bcf1bb65eb30efab230d60e61811f6be46328e
62b3f4375c1604e6345ba498ba1a40101613666a2afe15cbacc6d38a4a4a46bf
62b3f4375c16
a676789caf3e3484c729b4c4ac4abd98a37739ccb7dd1aebc3b29b01a0cc1873
e3c7e87b4dc94e298d6f1249c5ca7416a611221871fc7cd1692521b013d97829
e3c7e87b4dc9
[17:00:25] --- cfgC_SP_bert_b16_MPSoff ---
495679e32a3af44425f935233203f5a30fcfacbdcb8a1dc3bc44cccac9406215
bda2ad9ff4d5f061b4b828021570231a481e31d60eaad8012ac27da9bb885176
bda2ad9ff4d5
dbeb86ee86460b0c72c6dc720ddce7300bfee65e931a5956cdfb42203d085a83
06b391dc0555be87df35c894b49ff7a693771efe52a0d29763291001eff89f61
06b391dc0555
9bd14431dfdd8647a8b8aaa040497a116c37df43b54b5d3f5a3f6960e90d22f5
77b0b6c443aaf59a05666a057d980050314dad1919eb6f2063d2663c671ad2b5
77b0b6c443aa
[17:02:53] --- cfgC_SP_bert_b64_MPSoff ---
8a30a132298721d76a137ab6aac7c57c182a7f0203258df52ff136774d9011c6
cc041e0d24119d4093814762e74079f48cd214f698d46e36d785db3a9a2c85db
cc041e0d2411
86df886b8b639cf697e992fc69334250bb5dcd9d93942189dcab8ee888997c23
c0d58287b42c0f30755bfe7654a8ecd91bc064629e0e46ea7ddafb57e39a0560
c0d58287b42c
964750ade57f345ce6b18125aa2e425f6edaf0cf24ac0ca70f1691fd8cbf43d8
64fed8fbaf5418b30417c6e6ddd78c2f973b4713c00ba419299e3cf2a127eb69
64fed8fbaf54
[17:05:24] --- cfgC_SP_whisper_b1_MPSoff ---
f233a3a23cd2c066c933230936b7b23a17761d1b9895048d6947e807a9643d6f
beca50790047ea19763c400e5e52ed77d2f3c0201c9a32a0f0f0c0f40715eba4
beca50790047
50d0ced59bdb500a3b2787b6cd6e5536b227fb9db8ca80ca5849c2a496260c2a
f5c259411dc4a8072751b2f195494a8eef39399035a18a0af2b5aa81709f9938
f5c259411dc4
d77b5d6448c679ae146f99aa569a812f38bf360dffe7f3c820afb66e90dec20f
888c2f2457e1c67d78d46f2d358e81d042caf46ee58cf175a403b3325fbbbddb
888c2f2457e1
[17:07:52] --- cfgC_SP_whisper_b2_MPSoff ---
5f46efd4617638911c7067eb0510a7ece43e678faefc7e471a674bae638fe91b
3667984a2ecff8653e3145b4a6d21b99f6934bcb9cf8f3e29202ebf68feb751f
3667984a2ecf
ccbef6c47e39bb630a7097a20f0a45db0255c3ade9f8e461e545e219e0538b14
2b93b2a32bf20500fbdbd468ca477f6b261a280f7d380c2fcf884b345d87cb2c
2b93b2a32bf2
54ff6c871fac5914a93a9621890137ba87c103ec73014d61339944cc322b1492
69e248140ba273788b63da32c20aee22fed66bbc635c144574a5dfe8f18608ba
69e248140ba2
[17:10:20] --- cfgC_SP_whisper_b4_MPSoff ---
e618c5c2de2ad02b1dcde1ef5fb6209e92d0c8b23d42a36ebc2640837be58e63
29e99eb91cec42e26af6a7c3adee61e62136489cdcdf9e85ea7128a61b419d0f
29e99eb91cec
eee7dd866a0136958a8fb0b961d080afe769a8bfc0ab83afd7493565af8dd553
ffaf37a39b37a31b46f0c4bccb54bcce4138756ae75e3e54191177137a9f2450
ffaf37a39b37
ee12ecba24dac2bc907bc977447d65933e1e8accbbc106f2778355bbee857fda
799efc1f24eae53a580adb2537650c3cd4f7fc13bbc88e57df945ba343197fee
799efc1f24ea
[17:12:47] --- cfgC_SP_whisper_b8_MPSoff ---
0d17992ad807c76e3c572b3d2ec48764996ac783abb24685c9a5581abff60174
57a753cdee9db909fba254bc8ab42de1149fc41f8fb8062cf2f6624b743748b5
57a753cdee9d
b415d4baad2e267f395d12625b0cd160a6ea542955bd9294e0a0b069c9e2c9e5
dcc21c8908d6aeea2ab2ea8fae2e21b0fa21dbfccdcc1a0a824cff84b34f7574
dcc21c8908d6
158248aba4ade09479d2305a9ea058a5ab1e2be458a6c409872e830e293064d8
2b3e11d947cd6c4051b827457eb111053a2f397e24f5cdb1d0f5be6e721d2c16
2b3e11d947cd
[17:15:14] --- cfgC_SP_vl_b1_MPSoff ---
bfad639156cd98c8749495424a0eb4e15f70c789a5fe58196e23ed2b2b00819e
f36a7627314669e41b1c8b9984c6327095a237b66e905648e591ced05a96e337
f36a76273146
bd2560d288aee157d8816d43dcd0235b33cab306d828a435e336aa4d946abdf3
8e34f2d2f0dada2eae59bc53a1715f8465565ef389d9b9387222fe64a55c9243
8e34f2d2f0da
8713144694fe88ff2e3f0f99b8c139682ef84cddb57c5089be0a4e7e4f3f82e2
128e09fb0a93c5dedbcdcd53f3cbca696fe75e8b07f5f6c963a8a92f4528d10b
128e09fb0a93
[17:17:42] --- cfgC_SP_vl_b2_MPSoff ---
6f9588b3575dd4efb6633ae625683e763b27d73b80bff9de2f00b2a9362cec61
31b2385d17f1c8aec7776e436e277c04892ebab469283c1c468aae3cf815f316
31b2385d17f1
7bf58d9504483f302378e653ad2944e81a1669526e5188b84fd7dec1524e0faf
05f4bbabc5b63cc86bb514f91e8ff3f9b3fe478ca3cad662860d35f0b355731f
05f4bbabc5b6
0064d0a2150e1b97e96208d6773ed705b5f60fd1cd698cf61f1db749d2d171ef
bfcb37e18f2807f215848e21a33d18c46b166074ef7950c3ce6c6a3d3ae1d4d2
bfcb37e18f28
[17:20:09] --- cfgC_SP_vl_b4_MPSoff ---
55fb556dfb34e386bc5ff2170dca24b3880af4b1cc13eab2e65959202b939945
2066c656660eaad659c141bdbc86bed36ec0d22075f6721802106310d9064168
2066c656660e
978889106a87b06ebde90f90dfc1dc21c5287a009e955bbea3151d7290cad43d
51a7ace090b6bd718324e96441d1cee02f08a952f01d89eec59cd01929d3db61
51a7ace090b6
47bfa65bf2ba00fce386642b3dfe5b85e248ca73723a1bbc2a2b31356493523c
0e7d54b71cf440dd7434ff72245f6b6414baaf1656f6c7e0b751e994f58f3fd0
0e7d54b71cf4
[17:22:42] --- cfgC_SP_qwen_chat_b1_MPSon ---
b247673c57333016ae123488cb2f7d337f443dc76432ef6572256f94411f3db4
edbf54b63aa042fe51d55e3bb3bf6c745beaa45efe6c3f8fb5fe816995c13a09
9a9952208353ac340a6bfbf6a75a6a5c4d4f429ff9af40f53db439053558274b
5a83b0c1a461030526fd1a86203cf28c19da3f8a949e823719ffb3be13a7f5ce
68ccef569d59c178222449d4539615cebcc13a3e254c67c11aac4bd1175be0a7
7a8e471c7117306b8bcf489df8d45dc5659f5cd5808ed3332542b3ad268aec78
[17:25:08] --- cfgC_SP_qwen_chat_b2_MPSon ---
5a74cfdc80f783dbb645d9994e9215bc4cc3da4f5ff3b8233f105711766dab8b
d2665d7b0d788dcbd2717fd4e1bf5c189b7e5d28e970683a05eb329b25f7d736
af3b6bcd17887f213861dd600114ecbbec31b544b5e4cbf4a2447a13b44a37a6
42939bec060edb620519c46e1108194ea0aa90a604c17f3bfcfaaf3fb15d2a24
bc4a8f5b13013a281bb0d96df0d2cf4b9172efc5eafe31c56dbb9e161fef6ea6
4900c4d96b05b9206a95e6f053d9040f8d4bc324da071c3a4a79d5989a9143f7
[17:27:34] --- cfgC_SP_qwen_chat_b4_MPSon ---
b828e36fcd2bf9c03d082f406b44d49316bdd1c807056eb3d0c0f22197056101
e7a0f8ff6d6b182279a0527763f64952058d355fe2af780a3ef904d76438cac5
f0f74d7fb53e41e5145ae128ae9e760a80a914e2a73336f9cd29a5e3e113ac38
afe1b443928793e68734c7330342bf226a8a8033dbdf5a80f9a5296bf11f948a
3f70836374d15805436bac061a10195bb3c7e0c324bb90b74b2082560cd91750
17dbfe127a511ef9f8d04fa6dcab5d86aab04ac5a5231d04678848aece0e0f6c
[17:30:00] --- cfgC_SP_qwen_chat_b8_MPSon ---
deb8c5f351f089f3f329ec3b88959ae98f3ff493ade8a0027eb436d9694538bf
741b6a73a432d726735619bb485a41cfd368b90e3f6c51c5720d7d707a6393b0
3668a0ab5c7c1db0dbb38eb9ee2225a6bc0a1d8c85563080f47fcb99b8c1086e
ec02e1efcb7f8f62cbff7713dc6d3a17eb619f02c8b23167f274be40d59c6b56
3f53cb67d3d5c1cabc8ed7c49b6ec3d2ed56bce0c34c4e43a04057e7499f8ec9
2034ce82386fa38f88ab870648419a07dbc1a7e6e52be61e6999c80bdb357e47
[17:32:27] --- cfgC_SP_qwen_chat_b16_MPSon ---
87f42af2ef9c88664232c3cd50b276a48daf443d00900249f78e1b493e515b7b
10670e32567612ae244c4d1df5982a8563d794289a638cf049e5ab027e32b2b5
783ba39de547cfb9ac072e0901cd47e7c58412acd9b0a87fcd56fa1b710e6e93
42a39e24d475c9398eb25b1c6d24b40737ae53bf00906c91e8224df03e726a3b
43ba86b0b4d59dd0d9a863df08c06b23eb29dc4db42a9325e421e27f68f5c745
821dad7300ccd8e9a5b63b7d631faf9debf1f1c06f94441110e3cde4df5b49e7
[17:34:53] --- cfgC_SP_qwen_chat_b32_MPSon ---
15f0d53a04017f1098944084c5c82b6889a6d6ef8608593e6b0c66ba448cbc49
c03e1dcca07539728bde0720774bb8ca5a2c06201293dc38b76ed477405639e8
750d0150f74bd93b9a0fe4a968f3b77643dc47f43866086b47a2beb332fe586b
adf7d6d33cabd17d49d36a78f4e0626eea72f81af449ecac74be77f6b565fb25
07cd07650cc15cb0cfeb451df47a7ded0598cc9103ea9b1b203695a765ff49b2
c988a787c71cd14c4f44d0760fe0ecde8e5abc182735e9c9da0568388402843f
[17:37:19] --- cfgC_SP_bert_b1_MPSon ---
1baba7a76ddb8810eb7e28be6d0cb7e9b61ee6a3cf83f4a14e9a96dbef539cde
2bdf6d81f1e40a9ddb450c03c7eb60e1a79b0160e603951ae9525b4d5056b7ad
2bdf6d81f1e4
549a31b393d09dd0dc6251fdceb60cddf058a4bbecb7b4804ad9c204e8bfd4d3
4df46a6d42ef81b573be47576dc504c1d330674033cf3ebb9a422a0b70d17a6b
4df46a6d42ef
e1e0c2a787d99a035c2632fadc6e059eeec8ca24202ba84c2972aae5cd59d0be
6fd72d48e77575f522b910e41c63242b50ac2a2292af4a8927425f853b33724e
6fd72d48e775
[17:39:45] --- cfgC_SP_bert_b4_MPSon ---
0080a5ddd9c2eb38af8f62e3025354fcfe8990e13e00394ae2d9f69188f4fc5f
a6c8bc56ceaef52bd56e16436b407179d83b7efa32c3541e4ccf397ff3aadf19
a6c8bc56ceae
a2b9ed52895c25e079a811b0c38a1839083963a25171fe623a059a50194e17bf
e3ad236605498f8d0759ac9e47ed2a1f4dc6649501dabd3fdb865b3648ac7e8a
e3ad23660549
797a92f86b081d72d56774751b8208f61b4bd373bec4444f2ed9cb7f50c4cd28
b4f8828b698e38781305006cf14cda0a06796a395ca9a770bd62e9b5f6e5e922
b4f8828b698e
[17:42:11] --- cfgC_SP_bert_b16_MPSon ---
2bc1424e4c212a59195b86e193b59a23800fd1c91b1fcb917077da31bc5ecaee
7fee5ef7152e2753a769b8c5cdf59a0634455c7f51b127c6260efc48d63c5f60
7fee5ef7152e
c38cc791f302356ab0190a45187357fed2a98a85c459211d678172837973722b
461f53c5682719c76a607a7718cb6f0472b7852bb9b1e5122c583d98668c8827
461f53c56827
f751bb3d89e6f398ce220c873d5397e238abba2db59257e6048655416b47b895
193a7151bf56e52044c251525f136121fe876592cf3b1ae8caad284fd208a25d
193a7151bf56
[17:44:36] --- cfgC_SP_bert_b64_MPSon ---
e22ced0d35e15f9695966aaecf0aca4538647a27d3827bb0b6d999757b8d6172
5df8c79284cab822d4c74f2eeb27f652beb36c14c0b74498c747ee78b2e452cd
5df8c79284ca
69eccd51dae6b2b27a822497d6f164642f1f46115cf302e8b59a1bdc1a95bd8c
ee602c348bdb450d11041d6d892dd211df9fa1a4419c5d94f978a1bce488bbbd
ee602c348bdb
d33863baae5151e7b0898beba65518d0b80446db13400a789ccd83fd7e17877c
98a1f596ff33f60f6e7eb919580ba593bc6ae0f6837599ec90a296863c08d325
98a1f596ff33
[17:47:01] --- cfgC_SP_whisper_b1_MPSon ---
614ed18a5d305b6af4bfa2ce810fefcf193518258a7452dee163e3b9e5acfb0b
3697d08029ed86e1756a5f7d1bee09ab3f35d2d1b2e1791c95981c113b570005
3697d08029ed
07e468f54214baefb615b6dcea85954682b98822183d84ee1619720eabe38953
c7c7a4bf089261ff7367c53ed0f3c6fe22d1e803570a856a51f5dc11feed5e96
c7c7a4bf0892
c921650363e811a3fde9551017218583b3559746a2ed4d45a5266f2fbb505904
51a69ae43e8daae72676ec003a48b79753285ef844649cc7175d9059ab12525b
51a69ae43e8d
[17:49:25] --- cfgC_SP_whisper_b2_MPSon ---
f387a547ec5901fdecefc7bf17268bf6562fc5739a573da397f99d39c4616123
c2380c447dbcfa7932ce4ab68c5c2a904c81c7e9d294af8baead7a29b2db4330
c2380c447dbc
377ecc032e6710da4e1c0e61d7c4ccff78cd1ace687f1cddefe411b73ed26de7
b11141db82f755fa8dc0f9353adc4885235e5e4eab4cb67d0fe9a8d7f0e92732
b11141db82f7
7382b81ef4ad14d58416b10446dfa89e6ecc2d8f1841747d340f8dde6fd6107e
9f9d3b183c00667ad395a29ba101dde1d1dff3ab1748756aeb88076a18544fcb
9f9d3b183c00
[17:51:51] --- cfgC_SP_whisper_b4_MPSon ---
311edbb4ece289f22d14a50aa8a7773dd42cbaa4e18490345b6bdee12332cc66
6be581e3e808b0b7b8d90ae3b0fcb6e2e080eba973dc52c171f4d8fbcaece661
6be581e3e808
b6b0bfbe88ac4bf10dda080b15cfafd54c7047bcf799b64727edc8fbd29aaa46
df090750433e26030eddba0e4742f3fb18e257ef31adbfe04855d7c708db3d64
df090750433e
7feef1ba96d33176f1c1b0abd88bc52c37bfeeecf71351c29666122751d62f17
8ed3e26d671c23c32dbb09d5c6c9e042ff0abe6580d852f4c48effc6da1ebef2
8ed3e26d671c
[17:54:16] --- cfgC_SP_whisper_b8_MPSon ---
c59750b885bbcabb6ef21965b0b86da88eb2d2990e9930ab360003366b717028
935d188c255205fcebf020d887f21d81c82fc3c9ef76d10edbaf9f835a90d16d
935d188c2552
7edd88b6670c0d5a0142cbb8a45635993c28cd0807ee0538e86518f3040e6230
2eb2fb37febfd03f2300ecde2d9f7004d87f8efc1e5fbd9537f3ea23a6947a39
2eb2fb37febf
27f459abf58639d4b01cc32f516fafc04680efa35e2d4c733d567b8aaa3214a4
f972a317ba1a1bc7d4bb6dbe51fad951844c016d0554bb1a1725746fbf9d80e7
f972a317ba1a
[17:56:42] --- cfgC_SP_vl_b1_MPSon ---
dd3770d13f756d8a014a029b906c59cebf1016def18a07fdd2c546da0583e1ce
9d8ed08d608b7527f30e6982c4526a12a0d44b65f9482056111765a9c507b527
9d8ed08d608b
7c676cd7073050e38fa98e54e3109c20942d0cc4a0d0e63be77285d363f160ba
4656e302d1eb5182452e0e88074d2cc6269e5c354f069bab5f34583afe700e70
4656e302d1eb
243ce2f4fbe2b0dca0516a9f34ad1e1eb12db04115fd94add1ead7c872b323a6
afb305852d57c2b116588dc3770678106c3cc7d645c2944adbd45edc5d4d7f7b
afb305852d57
[17:59:10] --- cfgC_SP_vl_b2_MPSon ---
b78d7907a0f97d3024e110a21ef70ccda988c1fb3b94462c5c13c8b69be8c9d6
f1ce54848499f74e60ed6c8eca4f7e43887a448de93260af1f568a1e64f1447d
f1ce54848499
cde23f227352e18a7747d19d0f79698abb094b8aac0210affc44002a0511c920
5cd0e955a7393fad01d2cbbb970849cacb59f73791881f484b5a5e06383fe708
5cd0e955a739
ae89bfba2be763f844b908964e60c569cc3e30c44e2ac9b22589cdf2e7fd047f
735ce09e0695f8f0873514106db4f52ca5343e84d70a711b5612c991e2d09a29
735ce09e0695
[18:01:35] --- cfgC_SP_vl_b4_MPSon ---
d30b27d8dc9b810b3c37707e25f3f4de07d94d315ef607a1bb30478a4721a230
f0d34a2c2cbfe54c9d7736be952835d074f15378ef7018244c07b5ff7493d976
f0d34a2c2cbf
e24739100382bf3ff14af7e7b878552fc5d40746f47315fc9400f80799f27fba
b8886d32768a7fcf7870fabc1c0c5243c27c3ec818edc2a38c6b56c9d6d99dec
b8886d32768a
893110d77693a126ddd95f80dd332272d1b47b3421864ca3fd1ab218fb8c8c1b
c7d35f15b00f9533e063587276bae27776dbb0f0c83540f3f88b6e0740422d42
c7d35f15b00f
mps_srv
[18:04:34] === chain15 DONE ===
captures: 315
[2026-07-24 18:04:34] chain15 finished at 2026-07-24 18:04:34
[2026-07-24 18:04:34] converting chain15 nsys-rep → sqlite

==========
== CUDA ==
==========

CUDA Version 12.9.1

Container image Copyright (c) 2016-2023, NVIDIA CORPORATION & AFFILIATES. All rights reserved.

This container image and its contents are governed by the NVIDIA Deep Learning Container License.
By pulling and using the container, you accept the terms and conditions of this license:
https://developer.nvidia.com/ngc/nvidia-deep-learning-container-license

A copy of this license is made available in this container at /NGC-DL-CONTAINER-LICENSE for your convenience.

WARNING: The NVIDIA Driver was not detected.  GPU functionality will not be available.
   Use the NVIDIA Container Toolkit to start this container with GPU support; see
   https://docs.nvidia.com/datacenter/cloud-native/ .

[2026-07-24 18:07:05] chain15 sqlite conversion done
[2026-07-24 18:07:05] ----- validation round 1 -----

=== chain14 validation ===
total captures: 303
failed: 6
  FAIL cfgB_SP_hbm_stress_MPSoff_t1: nsys:TINY(163070), json:NO_JSON
  FAIL cfgB_SP_hbm_stress_MPSoff_t2: nsys:TINY(178772), json:NO_JSON
  FAIL cfgB_SP_hbm_stress_MPSoff_t3: nsys:TINY(178399), json:NO_JSON
  FAIL cfgB_SP_hbm_stress_MPSon_t1: nsys:TINY(180208), json:NO_JSON
  FAIL cfgB_SP_hbm_stress_MPSon_t2: nsys:TINY(180581), json:NO_JSON
  FAIL cfgB_SP_hbm_stress_MPSon_t3: nsys:TINY(180158), json:NO_JSON

Wrote /users/sgkim/chain14_fail_r1.txt

=== chain15 validation ===
total captures: 315
failed: 0

Wrote /users/sgkim/chain15_fail_r1.txt
[2026-07-24 18:07:08] round 1: 6 failed + 0 missing
[2026-07-24 18:07:08] retry generation is a stub; skipping automated rerun (round 1)
[2026-07-24 18:07:08] generating summary JSONs
wrote /mydata/results/20260724/chain14_summary.json with 101 labels
wrote /mydata/results/20260724/chain15_summary.json with 105 labels
[2026-07-24 18:07:39] final inventory:
5.2G	/mydata/results/20260724/chain14
5.0G	/mydata/results/20260724/chain15
  chain14 captures: 339
  chain15 captures: 315
[2026-07-24 18:07:39] ==========================================================================
[2026-07-24 18:07:39] Auto pipeline DONE. To sync to laptop:
[2026-07-24 18:07:39]   rsync -a sgkim@d8545-10s10505.wisc.cloudlab.us:/mydata/results/20260724/ ./results/20260724/
[2026-07-24 18:07:39] ==========================================================================
