[00:04:12] === chain17 START configs=A B C parts=A B ===
[00:04:12] == config A: 4g.20gb + 3g.20gb ==
[00:04:25]   UUID_L1=MIG-dae3f173-7b15-594b-bc80-6cef80687a56 UUID_CROSS=MIG-80a4659b-f06f-540b-9f4b-1c91f78aaaf3
[00:04:28] ===== Part A (N-process sweep) cfg=A =====
[00:04:28] --- cfgA_A_nrxN1_MPSoff ---
d5991690e6d0bc8899fa2dde672badb4c5f3ad648090003a68cd72ff238db7b1
3986027a6948
d5991690e6d0
fe9092f82b67cd80ced90ac03e4390ac8ff6ad0bc3181f1a4fcabb06c91f97b8
aff1caa71d9b
fe9092f82b67
e2969063e775dbad1fe35cebc4ef952097d5a9c9b6ba105583c62e0f6d61e444
684fbe448f55
e2969063e775
[00:08:26] --- cfgA_A_nrxN1_MPSon ---
f9e682a03b1d989b42311c925d70ec4c6d83ca43e501e3e1a571a9e534409475
d02f35b21fb9
1608a246fcbff76581e2c8e000d5551e06e1fa702181e31a6bc4fb9515f8191e
b956e2ff7508db489bbd807faa049337d5bd650a24c17c0ef840a9df16cb07af
f1db32e69ec9
mps_srv
[00:10:59] --- cfgA_A_nrxN2_MPSoff ---
3e9d8afd7393c74fe70166366df9c902702b47393ee547563b27c8457bb57896
b889bacde520
34043d45d104
3e9d8afd7393
e90d3e3603e01077bf7208c9eacdfbc1f5393757af6d871e5afc030e15f6a4c1
0b49f3975377
e085da099004
e90d3e3603e0
119443b5f7048c0e1673a35ad3b55b93e256f4c62ee0af51029aa3510e6ad6c3
6707f21cbf39
38fadd31519b
119443b5f704
[00:13:54] --- cfgA_A_nrxN2_MPSon ---
7aa3ab0b435b5376199531eac1ee728ec75786c0d5b3256303cb2c1bcf5b2014
40053ce6eb6b
e2a5e0629e51
c4c0f15baccd39dfbd4b51ccc36ac36b9df077854ba72e887245ad9cbc6eee34
38b4f5551434
55e67403a4d2
8e1b136be6f8639f1653e401224e35fcebe9beb4b39d0f458f169e2c23eef8df
33c7ddbdcdfb
3658c2e7465f
mps_srv
[00:16:33] --- cfgA_A_nrxN3_MPSoff ---
ade77f622bb57b8e38c91368973515cc81820748d6877bdfb9786fcad07cd5e0
4708654ffbe3
c2424bde4a62
2c6df161b80d
ade77f622bb5
884d3db89f7bfbdb76ef8852afbcbe6896a5007fcf8b406b9a3f2003f6e663c3
d4314c9ceecb
a5d83419ec1a
ff4dea23beed
884d3db89f7b
2185e7e3046b8b81e6c4ad03f51478b4d7b1b67b9e9a7d1d97eb01bbec644eea
36721d26a816
a0d06a2cd87b
e4d24dcbe5aa
2185e7e3046b
[00:19:47] --- cfgA_A_nrxN3_MPSon ---
dc711b26b5390931bd993e7381bd0de1f45458991c14f40c15262c94e306044b
75e610443a2c
fe0a862e4839
7966947c8106
f754f8d49b0127e779106f0574865bc12255eead98a32927ca39ef3c88692694
411e27098120
f5c4c6fdabc2
9362b0f5bec7
7d1dacd0d013c6c9e86f895e3f0c0a2cc59636f7706e3567d0ae4f1a075e3476
1b5a81bd7884
023df27cad4f
bcbf56096a33
mps_srv
[00:22:31] --- cfgA_A_nrxN4_MPSoff ---
9556ef8428e5410a87afb0841cc6128c1954f7f5b0f5bafac1e9b80c7a8b5357
c51731d128e8
5c33ab9bb439
bd3b2cb3aa7f
4606a4a62b2a
9556ef8428e5
c50c071d05c05f84f0fb30e3c4d3cb56fba83d622afd5a742855f86cb35c7f36
96674bc0c2d8
047472f6d3d9
25f48cec511b
3fab68f22796
c50c071d05c0
e8aad3e1cc4d403bc66ebaf2984eda4fd6fa705b50e299ce3d0761af66aecf9d
b3fff57dd7a6
9141602d1043
b55ab139aee5
81780d01c7ed
e8aad3e1cc4d
[00:26:08] --- cfgA_A_nrxN4_MPSon ---
4c464e9af29a5b196d7b388cbcd5a68500db73f242e1eedf27d6565b1ef2bc20
6ea4d2f118b9
36af691ccfb2
569ee25459f4
66411205ec16
a06dac5b5969e26b5f81a27d12406a97789ea8737c7d83100f6b8f9f16f61929
e1527fe223d2
2b8a0e4b3d58
8d025bbb2ad9861b2071f8929a34d0d34c4a1996e567b89e42dd942d3d0de003
a3f531ccd17d
ecb500d5cbe2
9ea432b44b1a
49aae5b836bb
mps_srv
[00:28:59] --- cfgA_A_nrxN6_MPSoff ---
1c97c05af2505dd7c60f114815afe79de90b5784c246da142b5c30d92347d05c
058d0d1c30ed
f1f9e29510fd
a4f23b32e4d3
79ce912a5ea8
48fcd7474439
ad616c18c6b1
1c97c05af250
9aeb0665ac192f4b24db1d48fdeee52b2c13981043868839856f5d902c64dd40
05e47010ef0f
ec66f341cd16
96326697f15c
8c7c20060607
1522cb186ef5
806ebdb5f3bb
9aeb0665ac19
1163d240bee4c8da38328cfece64ffc2d535636ff44ab8f054e93c5a0c48d25b
f16337d9f99c
4f6f05d71e9b
03ae1dfc1b78
f7d8b6b6f4dc
859dae519e32
6848f074f868
1163d240bee4
[00:33:13] --- cfgA_A_nrxN6_MPSon ---
a4e36e05a74a62f55f1df17515f23be8b63f3edf7c5ff92e64f7dac9112106df
bfa67e448834
7603efd4e9b4
21ab1a4730ff
b2688f1eb83a
1d23cea174f1
0c964f57628f
9de05f280f81962f5eca859033ec296dc6ea73c97f8cb3320fc85c03558b50e2
35c75d0a6e8e
ec87d3078355
fca4ab4421d5
fd1aa95dcc39
c82370e1af72
788617284f0d
dc18cf420e6654d420427d5dab4b5c1ef640ea2f4ca303c66a8cd116f0b9ac0a
6f58ac63e21d
348f7e715b0d
a9ce0c9c80e7
14125d3b6a3a
209f3f16fbcf
9477994fde62
mps_srv
[00:36:40] --- cfgA_A_nrxN8_MPSoff ---
1c645e754f8ea782bd6173932e9736c49de933c6c56182c15117499cb506357c
f73e56734511
dc9abb5bdb6c
d4f39fc19355
986c98b344ee
a290aa321f18
b0ed5f65c9e6
d17c5107afe8
67ac5396d28a
1c645e754f8e
3445582b7cbf49e8ebf60d7eecbf5531b376e5d0d5da732ea974b3dc250adfe3
8392fe2cdfe9
2254ecb475c7
85e7fa80bd6f
bac1093b7905
2cf6a411f07a
577deff536e0
08c73883b8cf
608473dd27b8
3445582b7cbf
4913e2111612b111703a38bb0c5160c357ff2f4ff051818538c4d25be489e8c2
5938e77da75d
3600b39b0294
2e2f76514e22
5e3607e4a718
0f96eca47d41
37bc4635bc7a
dd3b159c292f
397362e93dfb
4913e2111612
[00:41:04] --- cfgA_A_nrxN8_MPSon ---
25f849b0206026da869a5d174facf64f944ee850cc13eb362cedf86be342c532
ab7bc922b2ab
99a0d32e2e5e
a14f7d4c86bd
3b5991cbe0c5
d9e2e737ee95
54b2777713fe
26135dd77897
ca6af155dc10
bb3ceba79c4cae6f9a1cbeb6a3513f6ab8b4beaa233ed103e99b73b3b68baeb2
1dd1e025a041
c6fb482f9f02
03f949416ab3
75d5a9d3fc91
d9f1a41e1513
7754448d7e48
ab3299368781
6783ef9a75e2
33ff7241283408cfd7d185db3d1bae6cf4f74f9dc4465dfe672a94c431fc8e1c
4894ded91186
fd0983a07daf
553f6b9ab292
1d02c42fbbb8
a80212b4c4ea
b83dedc95141
afb91261d99e
8c03af147553
mps_srv
[00:45:13] ===== Part B (MPS thread% cap) cfg=A =====
[00:45:19] --- cfgA_B_nrx_pct100 ---
fcc39e73436b64c6d3b411b3ab87718e435d6ee1e0218124bea0bd54c64d1324
a8ffdeedf21d
f66efcf6a1f49cd060b4d87758575948d916600115a4e3b9e5cf674c43b1015b
5764e8861ba7
ea3ed0d04f21ff9acc72a1f6bcc49948371a5fa29a357e9e58ac1b0ba8c88333
3bd85a96dada
mps_srv
[00:48:00] --- cfgA_B_nrx_pct70 ---
6911551d62dafb7c240cc366ea22d0dd596bbd6a6b253c23297829880eb3b566
56e4d3ac2a00
5d726c5843cdbb2035ec8157652452eb21244612a33d363a5cad33b28886b347
df75991f7880
c87205c91ce10e0ce48c1b942701db05347e464f47bd587dac0247f34f0fd275
mps_srv
[00:50:42] --- cfgA_B_nrx_pct50 ---
693f925fd89d68258ac1f32083d43b362ae49e304129faa53cca6d7770806d3a
fa0307289444
da6370bbb826f3d55b0357e46fb42dcf75279bd4081b7e08e962aa5b26e0b4d0
8683b9ede4726d8b5132a66d50692ecd4be11c0ea8d3a1d200ac267295747a70
e9cd12f6dcce
mps_srv
[00:53:23] --- cfgA_B_nrx_pct30 ---
00963dc638123806f0f2ad3b614ebf5f5e222f307bff09df238ed30903563187
5a6cdd3e3927
a107a19fb44887ff93b30c948ac5dbdead64af91daad353e9b8b060c5887185a
621a01b94b71
ca8d693613622957a76205bd7338c301327d9c0b6cd8a6e8d022cceb94e02396
2b6105818c52
mps_srv
[00:56:04] --- cfgA_B_chanpred_pct100 ---
0ee92399cdf0d9c48115a1f7f0f39371617fe290bb845b4547c274bce0e56a40
8df1e2e06c99
2162be827271a4c91bf8a8fd17f1ccfa652c2efcac9148a3e68db43101eb52c1
1be5af26b07d
ed8ae2592a5dd6d4cb9412f4f1e48596de3e73d978f45267100d485680be7997
a84459b9b07e
mps_srv
[00:58:41] --- cfgA_B_chanpred_pct70 ---
eb7899507f92795ccade3481c3b0fbfa53e96893d76019a3481c28699973fc99
ce2d6f17080a
9fd906f4e19b1d812be4a114d6a7be2ce5cf0dddb49bb636f78a9f2c4a7ce441
48ebe4af0ff6
a9db15150b3ebb8c8385c5b081eb1126bc23da0d252cfbf626742a47764bcc9c
30bc4a39bb2a
mps_srv
[01:01:21] --- cfgA_B_chanpred_pct50 ---
508e7c03bfaa28a561c1b4c2d67f1bf8ceb7c71d27b3aed6b8dd9e3e6704baa7
2835ccfbc116
e8292ee960eceb2d5c1f1b15dff5ced3e6769c1b14d2772949d139c6492404d1
d06d2147d2a4
d95ae5e9b00023ecb3396836e06ac538116e4ed54f27933c1fd5098ad26b7239
888950f55e36
mps_srv
[01:04:00] --- cfgA_B_chanpred_pct30 ---
f6426587995001359c96bcdce74d5d76266e9517d3eba727d1ea7966e23acbb3
12f59a97686d
05d701913e880e471270ede44af46e2fa8534e44f6806aba4de9e55289cbf69f
76248e016652
73312f252f9da9e8c15e24e3a307b24bdee841964f0a4e1b8d85ca6abc936a92
e2e9db778158
mps_srv
[01:06:38] --- cfgA_B_memcpy_loop_pct100 ---
8197fd9aff4f22205a673d0142be3f5a64ef6fc6e3dab2f55a919e9a4024a43d
98226a77b09c
378a5819dee4b79ee184daa6449d00faf4c17f1b6099393c57608a04d6a50b6b
c21da865a745
af22dcd9bbdf1a17decc6862beaf0cbb261b9d7536157813b01367b127b88812
8112f12f7030
mps_srv
[01:09:18] --- cfgA_B_memcpy_loop_pct70 ---
dee33e0d68266b25b9e4e80abe16cc51c1fbdec38a051b64b0b53dcbb95e30db
97aab9885ddb
aa20e3803a206d465323d50d803b6443154673dc188c1e2b38903700d21816af
4562caf5377d
a286d517ac4ea533575a6d72cc6c10091437ae588f83eb064dbe08c9234a83a0
9c0b0d1f7d1a
mps_srv
[01:11:57] --- cfgA_B_memcpy_loop_pct50 ---
a5402865c746d06f50efe325bbac1881aa5c7284cf96189eea1879475b5b2fc8
12d5c0adfec8
b78c870d79be6c8c4885b0c934fde3fae4126a52c6efde17dd98653cc8465d55
95708a91e24a
070fdc1e150d08cb4c4504190d884c0e65682e01b3e3c01273c73b4586cd44bf
cd4e70d0a551
mps_srv
[01:14:37] --- cfgA_B_memcpy_loop_pct30 ---
e159d5fe825ff1f75c67aba8259a061ae6f1983a5a7c3c214ae7c648acd01154
5ff94bc98516
cd1dc80b84a39350814db138faddd0ed13f1fa5be24c21f68cee5cae4ee342b0
c23a19573352
e9b45828e654f866a77262aa1740717d634d71c210f33244452161710f74670b
0d7e4f560940
mps_srv
[01:17:16] --- cfgA_B_embed_lookup_pct100 ---
26ee68886aa3996021acc975041b4b99ba54deaf3aa873d6aa6737a362d98d02
acc7db222784
1f6182702a64c32eab3a9cb3400444ded116243302fe886ff32cb161c047b590
13b9a20eac1e
1f6182702a64
8dc9217dbd237d4975dfac4e4c2cbbf39faaeee8995e45df7ca9e40c915ad765
89bcfcd0f0b9
mps_srv
[01:19:55] --- cfgA_B_embed_lookup_pct70 ---
1756cb13f6511f6b3065824111df359e3574924e9cdc4cc3a183ec1492ac76eb
a3db5a20bd07
3902519e07af71749d7d016bed1f5485fef3b2f13678e73b9722584ec19fa1e6
bdd06430deb5
299d156f7b62df6b78046ca38912074e9dae0925022bce4a2869091473298b6e
05dd4ea72f3e
mps_srv
[01:22:37] --- cfgA_B_embed_lookup_pct50 ---
cb86574050abc6705c0927a364d183a82c555ee1febb5aebae8bcd0e133be7c4
625243bfc619
44e0cb232a677b9fc76850300885b8b3aff71d1c71115bb322b30ef742be4e3c
158f301230ba
b36e8eb6a91555081a8795775770bf38d53c56cc65dd5b7c0429781b04db926d
aa606c12adde
mps_srv
[01:25:17] --- cfgA_B_embed_lookup_pct30 ---
8ba6cbde680e68afdab2ad86f85d9cdabde19ec6d3cc4bd82bb1f1ee4f429e67
bf1ddf5280c7
d73543448c586391bf0d41231ecfe02ee627e4a5d229aca18c6c8efd731e3f39
0a503ccd566a
95359c8e47ed3661b311a45a9fcfa8688cab60d097247bb759bb9b779847d9f3
23ab4db9a01c
mps_srv
[01:27:56] --- cfgA_B_ranai_mix_pct100 ---
0bb3c01c068186e0be242cc2c0c0e100af7806c17872c1cfd92a1811776de55b
d3af8d428eb7
0c038a5f8e8583244d7c303b049ecfc42d8748517863b3ad7c81984f8e4827c1
a33e6331f4e0
e3cf3a5097214850be1751d06318076de3c374c8bc381f8805161724611f0ffa
684c05448bc3
mps_srv
[01:30:35] --- cfgA_B_ranai_mix_pct70 ---
d344281c81a93c89d6a917019a5a69712b40439d2085b0ef8574c2af55491453
ece1a32713e9
ef385ba0490526d7fe546007b3053994b1b500be1057700a537d32e9311f3876
c1cbcd8143fc
a0d2231c632b5169c4387b7c10c73bbbc68a3067beb15e58fe4ec1ebff36e37d
6514e460ceb9
mps_srv
[01:33:13] --- cfgA_B_ranai_mix_pct50 ---
3d06ad5cb1c233929af846abd994f58f9f1559d7b9528963676b1bce2a93185f
fd9b5759420a
ee6d2c6eaf571390f9caa3d098b6edd727f8559abb9051a9e67a15548045ff7a
30f9e553445c
0f349bb78d71be064ca933805ae72d3257df13511bb37b4bb582e3fadddb5f36
d0664272c2c2
mps_srv
[01:35:50] --- cfgA_B_ranai_mix_pct30 ---
a758c3681b06d0d561e37698f7283947cb5075ed4476002f96b7a1e6a957bd68
dff8d6a382a5
71cc60f39ccb8ae11cdf76eae949290ed2b0c954769cfd987449a07e777268ee
14692ab3ab94
ed9b89c21cae52bdb58410645e97f73410065074a5bd06d26a8d89da590e0f4a
5aa824ba83d5
mps_srv
[01:38:30] --- cfgA_B_ranai_mix_heavy_pct100 ---
72bab1da49ee032e9085a63636b22621ec542f4cfdaa6aad80de3a72298b20a1
e3a9043c0845
df97305b93ab10af49e03e85163f35dbb62f2ec8a79b64ff29cbcd047788e713
f8913505f029
9ab3b95be57f405d3cd1eb3220d3162881d4b13dae41e180d2a3a2cfff5ec3cc
970fd61379fa
mps_srv
[01:41:08] --- cfgA_B_ranai_mix_heavy_pct70 ---
e76751698f4e93473c4e65ff0129bfae6167c393c7fb4270e891c839258ef4b3
087c718db328
db919ae00d500afefa39261c65a654f07787edd54b0f6aa91b76741fb0d4b694
c007261e2ea7
85dfdedcd2cef0e9b08d0d8c66c62428f1b0b4b6de789319edb9135a2289dcda
2345dbaa215d
mps_srv
[01:43:46] --- cfgA_B_ranai_mix_heavy_pct50 ---
abc3ba8e3b940a3e6989115c3c7d16a64b6981e365dd521723893e419216f1fa
d74f54ea53f8
b945e4eac5affaa9d742766ed158fba4eebf2fca6f1e7c785a50f079e76ec00c
22113d9c3669
c07d93098f9e17464309b877d60f478208eefe63a2fca04e774f616758befcc8
037022e5d192
mps_srv
[01:46:25] --- cfgA_B_ranai_mix_heavy_pct30 ---
5f2bbc19a8b8c3f621c2d4f6569ab5d01dd40dcc7856addbef60a3b500775ee7
82bad6da8d09
302563336b37a2d91600726a4750d160f725fd65823b976eb1e6bbe94ee5b254
cb2f15f17376
d40c3e1dca2a216be3a887d70b479d18781b61afb87f4b14455fffab7a78bb68
4228016b9fb8
mps_srv
[01:49:05] --- cfgA_B_nrx_multi4_pct100 ---
4d3786fc7f08910e0e6d75241917231681b12fa79c43e8fd28f244909489b075
10ecb0b2914e
2f88e650772c
57ca0e78438b
2fba7c033d92
7ba1dae7108af0792a29c395e62b3c1e32c32647a77c8d38961ba7a041f38184
faccb129fd33
dfa385385f83
2642eaf0589bcaff4a5ca137d8da83a012760fcaeba1114b7c6af1315bf9593f
e6a634666f5f
8191dc9ebf30
4e7827329efc
f4cf46e3006c
mps_srv
[01:52:02] --- cfgA_B_nrx_multi4_pct70 ---
36dc5261457cbfc5d057db1f3edba02888e6b4a978abc9c6888b461225bafa0c
65d47184de3b
35db68a28a8c
8f70444ed96e
5721b222bf9c
12bf2f21412d5f46c7a3d0f72ad3e465121aeff23f4de4771ae5fc0040326379
203609179f4d
0f10172b6c67
5e46487ce39e853bd4053512ecd0bd5e85df66ce9fe7b11e018227717d93deac
459af1c7377d
392da84d2056
mps_srv
[01:54:55] --- cfgA_B_nrx_multi4_pct50 ---
b4b0db78c4b67daf5c5777f9c43555be759b4223b60adf8d736d6ef089c5985e
5e29fd43b8e6
f9f11e339aac
b26fccacb060
5e91c3af9e68
246f2cf7086278d4f1666c17833f9b3a31cd051144015e3e0a61228ff3cb77e7
9b9197594959
523a7492651d
1d0567f7adf0
87407ad6005e
822516cc977485c80ea0e29baeff310ca951e89134cd8b6f11d05c3c8f520949
4b0debb2abaa
0d7a26993696
c8e815f52483
8a7f66841ba1
mps_srv
[01:57:50] --- cfgA_B_nrx_multi4_pct30 ---
62ba15213e98403c51b737f5f321645d6126ccfefcd664d7cb625fa1da5c609b
0fe9bba242a6
fea05f0b0c11
1c3fe60ebe98
3193cf608292
1dba0de279a32fac5e5e4e6748623f664edc1b70a38ea11f8694ce29e2da5919
419fc15e9208
b757d3ef6fa8
38cd71a18de6
8f03d91a24a2
42f1ac45d9899c4a6142f1ca450d966224583d62ed46237084b408c69a7563c7
1dd931a2d412
3edf1cd1a606
mps_srv
[02:00:38] == config B: Full GPU 0 ==
[02:01:14]   UUID_L1=GPU-631b099e-0d93-0e13-1329-3d9aa83d9fd0
[02:01:17] ===== Part A (N-process sweep) cfg=B =====
[02:01:17] --- cfgB_A_nrxN1_MPSoff ---
77382a836fa5
0160502b57ea
268b2fb36e51
[02:03:57] --- cfgB_A_nrxN1_MPSon ---
07dc7d91984c
b77da0f9835a
mps_srv
[02:05:29] --- cfgB_A_nrxN2_MPSoff ---
21ad3f351483
6afc18659282
f6095cff8b9d
2dbe70efd1fa
23cfa6bd6fbd
8dfa496c3e38
[02:07:13] --- cfgB_A_nrxN2_MPSon ---
7a91033bafb9
a5853f6c185e
448a94214bf2
7868ee947807
83b3c2c0b83a
1a86820441c8
mps_srv
[02:08:48] --- cfgB_A_nrxN3_MPSoff ---
be00f571111d
33c1d0ff0306
d4f09fc83196
a73b7a7c5593
b920314d7d0b
391885993e42
561b5e7f8089
6d1ab0918d1a
c77371914025
[02:10:52] --- cfgB_A_nrxN3_MPSon ---
d46877ff21dd
812b46ea085f
06bf6215ea1f
669e1acd93ef
cf5f5071ad58
eb4985fa455e
6680df2713e6
f3b3c0ed1027
76674c12687d
mps_srv
[02:12:30] --- cfgB_A_nrxN4_MPSoff ---
80bdddae75db
9fe3d814f24f
91b25b7e31fc
c6555eddf8b8
42bb624c20b2
29c3a85ac3cf
f7eb7c740189
d846cb3a9410
1d89c68577a7
99aca6440f04
14792f85ede7
3e5da04fa4e9
[02:14:52] --- cfgB_A_nrxN4_MPSon ---
93f871ceb5cc
d0bf6292132d
6473287fb239
fdd7ceefc44b
d1445d40e501
a683a2fe1c6e
62a983e96fe7
6409838946e5
3f7dcbb26482
6001a91acf20
704dc171d8f8
5b2e1d2913b0
mps_srv
[02:16:34] --- cfgB_A_nrxN6_MPSoff ---
04c0228b3c3a
64d2b76755c3
ddf5f35411af
c66a1046095d
c2555d727c53
eb1ebd179e80
ea0fc75d8861
931ff5baab3b
434d697b3f01
c34d46e39738
2bbb962e1c4c
42d0865e315b
4b45a3441441
9f9d311c843d
8b7bb4c71b8b
8532fa740868
353cd6541f2a
29eda3c943bd
[02:19:35] --- cfgB_A_nrxN6_MPSon ---
4bc014713a99
cac642bc6660
e85cb5ddf43d
d31d4489ed9e
4af6c4239cf3
b09ca686ad48
d8aafa1f4fa3
e1aee683e25d
da1d3cd0d6cd
23babfd471f4
ace1d25b0ff6
5cd2a5f092fb
0ed672cb5f86
27f17c32a6aa
29c47c8e3944
b55e2eb8c48c
9d353f7206f8
750c35e3f664
mps_srv
[02:21:25] --- cfgB_A_nrxN8_MPSoff ---
f43ee5225644
777e6975b859
f485e1718437
76036598dd59
d04f8c0a6fdb
ac9fa72cc6de
089f48d0a16a
4485146473fa
a86cded31e8c
de42ea4b50a1
fdf81f4c5db6
620dd39d776c
383929a59d7d
c85551cb0772
ea4e9cbfd6e9
14aa59aedf16
36fa0ad9510b
14bf0c84ee24
b9c33e9d2343
7aaefc0a7f71
c0fa5f653fcf
f020c51591a3
fce6a7acbb76
fd426389dffe
[02:24:32] --- cfgB_A_nrxN8_MPSon ---
d755cd0e410e
3696b1dfbf8f
7f4b4b7e992e
2036c5f25fa7
c8a000b0b9c8
8765dcd50567
efd5dea99c76
3e2c82904152
085fd0b4f2bc
7465890d50aa
5dab219cb94e
3a6690572073
5cab2c7731b1
db2a367fcc6e
a3e81a08590c
72a4658cd567
ba59ca4c2f58
2ad0b9ffd34c
0d70f8dae538
92280f5d4d72
715841dacff9
adef8f9e0ff7
b3c7dc6c24d8
7748b8356806
mps_srv
[02:26:41] ===== Part B (MPS thread% cap) cfg=B =====
[02:26:46] --- cfgB_B_nrx_pct100 ---
acc834e41fb1
caa1dbda0bac
edea7db04b60
mps_srv
[02:28:24] --- cfgB_B_nrx_pct70 ---
3d350d616547
56790bb92e8f
mps_srv
[02:30:00] --- cfgB_B_nrx_pct50 ---
b699ceeb2426
57979263f33c
69c9da42f218
mps_srv
[02:31:37] --- cfgB_B_nrx_pct30 ---
e74b6b8514ee
24e5ce3260a0
172e48ec4a86
mps_srv
[02:33:15] --- cfgB_B_chanpred_pct100 ---
45dc2c3126f4
ca17215397a8
568f53973642
mps_srv
[02:34:51] --- cfgB_B_chanpred_pct70 ---
e28b71a4d9a5
85acf0f21fa1
1bdc72f1d37c
mps_srv
[02:36:28] --- cfgB_B_chanpred_pct50 ---
c62ec089acf3
6be74c0281e8
7b68abcf688d
mps_srv
[02:38:04] --- cfgB_B_chanpred_pct30 ---
4ee6a34179bb
b8bf478c6155
7ccbc00786d9
mps_srv
[02:39:38] --- cfgB_B_memcpy_loop_pct100 ---
0bc58ce07350
c9d72449ac2f
6f9bde4f2f53
mps_srv
[02:41:15] --- cfgB_B_memcpy_loop_pct70 ---
913818f3a78c
f0b0ead28aaa
c10803157ca8
mps_srv
[02:42:51] --- cfgB_B_memcpy_loop_pct50 ---
3690f25ebf97
f6de609d5f3a
36e806b158dd
mps_srv
[02:44:25] --- cfgB_B_memcpy_loop_pct30 ---
43b9042015fa
bef97d3e03aa
b6008cf90b68
mps_srv
[02:45:59] --- cfgB_B_embed_lookup_pct100 ---
4d60bd3591d5
ad0dac7ffe83
866926cfe217
mps_srv
[02:47:35] --- cfgB_B_embed_lookup_pct70 ---
7f4b706b65c7
cb352a5e1377
395fd8706147
mps_srv
[02:49:11] --- cfgB_B_embed_lookup_pct50 ---
fb433a8e5e1d
fb5b6be2ad41
592a6eab4d25
mps_srv
[02:50:48] --- cfgB_B_embed_lookup_pct30 ---
849c0e0af08b
3110c8a0b462
59575be340ea
mps_srv
[02:52:22] --- cfgB_B_ranai_mix_pct100 ---
d168ca532901
7831d50f519c
506733f2e3da
mps_srv
[02:53:57] --- cfgB_B_ranai_mix_pct70 ---
23b3ee70a5c1
2c6205175497
1c0bbc6d1a06
mps_srv
[02:55:34] --- cfgB_B_ranai_mix_pct50 ---
ad6372450cfb
546a88d58ac2
2b28f44146bd
mps_srv
[02:57:09] --- cfgB_B_ranai_mix_pct30 ---
cae0d3aa0d3a
eaf775960e2a
7f346ad9a961
mps_srv
[02:58:44] --- cfgB_B_ranai_mix_heavy_pct100 ---
fd226eb30b19
4fb7421cc181
40f2b6cd2af4
mps_srv
[03:00:20] --- cfgB_B_ranai_mix_heavy_pct70 ---
cf79465f41dc
a168106b98cf
430cbd0db244
mps_srv
[03:01:55] --- cfgB_B_ranai_mix_heavy_pct50 ---
ad98e7ccfc96
671434234f12
f22999b6b5d4
mps_srv
[03:03:30] --- cfgB_B_ranai_mix_heavy_pct30 ---
cc7b588aef88
64002f1d3a59
9e6fc79b6769
mps_srv
[03:05:04] --- cfgB_B_nrx_multi4_pct100 ---
941eceda15da
c48de0f92ded
88f07a045b27
1512ba57075c
5d336f37a4cd
28b21973d516
9f6e20afec3a
1f0163287ceb
f9c3d187c77c
194f89181a0c
cb8f3e27e254
7d94ac242a70
mps_srv
[03:06:51] --- cfgB_B_nrx_multi4_pct70 ---
1c294d4fe13d
57e55f133b0c
9b31a20daed5
0ea67d6b6486
e6e329c9d50d
af90d04ca54f
9ff6c7cb4599
d18a5a9ef7ea
51fba26a5a70
5558b2e6eb7b
b91be864fdba
97c9132721f4
mps_srv
[03:08:37] --- cfgB_B_nrx_multi4_pct50 ---
6b295d43cba4
685ecc1c75e2
16e0c39a758c
7d135863060d
74ec8236dc2f
2b092a01a8de
14dbb222a2da
877b9cc1fe54
fb349bc509cf
9d3af4123b44
735dcf6d25da
14252c87c2da
mps_srv
[03:10:23] --- cfgB_B_nrx_multi4_pct30 ---
b2c971e8e403
aa118e6e7291
9e0e81c18150
6a7ede2e2957
f332335e3567
1933707b43f7
97427508b734
a9ff70c638a8
690202c1072c
472dcbe2bf0c
ba54f856fb5d
64f64a84706e
mps_srv
[03:12:05] == config C: 3g.20gb + 2g.10gb + 2g.10gb ==
[03:12:20]   UUID_L1=MIG-e83d1b58-5c9d-5f78-bc4a-38bb1f8c7ef0 UUID_CROSS=MIG-b313c3eb-083e-542f-8224-2c491f6b819c
[03:12:20] ===== Part A (N-process sweep) cfg=C =====
[03:12:20] --- cfgC_A_nrxN1_MPSoff ---
75cdd07702924c8d70124277d696cde434265f1124e4014cb09069cfef0cea48
2f7c1ff9cf2b
0ba28cf68f038a2fbdcf1f9dd496edef07de95c37c476b4905f8bd6c1d968a9c
e8b9bbb05ad9
26f7ab187969153eb11b99de4014aed878c8b530f3604e1a0af7cc2125d8ca2d
2432dc370019
[03:16:08] --- cfgC_A_nrxN1_MPSon ---
2691dbb17aa82e043803804275720000c6de75cc86eb9e6e058a57808ed3099a
a09baa6c87fa
afff967b4881571839cb42326cea78c2499062e9496146548e4df5194d947452
4d3e1fe102ce5ad134304432bc2efaa342fd64ec9dc9c683ad3f868b07dd5f5f
60f763b6e43d
mps_srv
[03:18:36] --- cfgC_A_nrxN2_MPSoff ---
ce74ebf93af7c4d41f8e37753f50b04ef396fc904972157057e3acc3124fa7b4
529361aa3965
f5ecf1b183f6
b1edaa2c2329bafbd4cd31b83c64c335469a6f055548f591c2665d9c546cc9da
80cf3cf55d96
81b0efb85c3a
fd4ebcd83b38f42dda43f815246ca6fe772feef60cf43931f6e85d7a86cf09e6
4ee18404105c
e3c7966a3644
[03:22:20] --- cfgC_A_nrxN2_MPSon ---
43d8d8457e009cb2def9e260a18fad9e6ded0ea47f56f6d53ad156d62c6207f1
ecff1f522f60
85544df87cc0
1fe009664f09c323263de7a312dc17f34692afbf438ed21102a3d7d116cce914
4ac90dace22370d46487c63b291e5171133f360c624959e96622dd6a489c714e
e9eb60ae0a0a
907c1e9dcf1c
mps_srv
[03:24:51] --- cfgC_A_nrxN3_MPSoff ---
5861b98f095dc37b7af505ab8ec1300abf0fab3801ae491a4739b7a457153cbc
024c42ae4bc8
855780ee1c69
6d3bb04222af
bdbfe9a74a97a2b4e5c7fd1411198d5852486528e6de01a2b1bd218dc2f655e3
7b17fb05f325
559bdcb44f5e
316932aa70a9
a5d3296128335ce89905d0a9e99d6511f9fda937e8ae105fcc2f453aa8727e92
01e29bd977b3
2d69de4f0f71
3a7f3f5a9072
[03:28:44] --- cfgC_A_nrxN3_MPSon ---
1027482c260149d3c54df69d77d52ac4ba86e76a2f3b3c3152cecb2ce9fb695c
c72b26ff575d
471072aa41fa
be2a3ddace9c
02b9b27093897d475cc4df489d1a57b20d474e68b824e69b143464d27749720b
dde36532a011
5de5fd8a6a6f
8a977d6ade6f
1ec5ce54ba69fc29662b8a079ff70265b99fd178228453a27fb27a9c08fbfcd7
39009feeaf48
33d5dcfd2227
f7f480e81663
mps_srv
[03:31:22] --- cfgC_A_nrxN4_MPSoff ---
834919207a8c8463610f773f7fbeb8497b6b4a1eeda5315f36f762000162d8e4
a03265325a04
13aa8de4241d
6afc97611f84
c8393c9ed31e
c63c866a2e7d38611011ea8a396b300b8293704354d51f27615c2a58565d3438
41e3bf559035
f1b962154d0e
40a0636fff08
68b148e8979d
3ff49055c0894e99dbc85c5109202c9a8aca5937863e62faddb11cad0de0703b
bc12c31b5ca9
35ade2e3e23c
091d0814f6a9
8c9916b9e70b
[03:35:11] --- cfgC_A_nrxN4_MPSon ---
69e87da6ca79cae17b06385b1b744401dd090a897b10e0df76faeb92d5053784
62088db98146
45096f4ae9de
c44a29de9fe8
b21cabd11b46
c99677d9e26d9c88e23ac86edbc05c7551146ceb67ed16005e9a854d54e1f388
ef1d81b98458
febdb2960ed5
f6eac60bdd76c843f1590afe85182c614eb505e5502352116bf6c5c57df147fc
b0c4cd6f5bd4
68efcfd25740
mps_srv
[03:37:56] --- cfgC_A_nrxN6_MPSoff ---
1760bdf0033324e8ccd5372654b0cc86b6f4af128a319ade582bb032eadecdb9
b2670feda9b8
bd434d90aac7
ac2ced1ca24d
a2ca2e149b42
691856a5c55b
c8740f9e0d28
8a4220008efeb40057ba12182a15ed0f3ed8f911e4b4fa4f2927e6366342008d
5c5a289c26a0
49e29c1b2cf8
1deece809450
1bd31bb878f6
f3e416d821c6
1adab64364d1
2c8e75cacc1af2fd64e4a6577d548e45c0308313e2029e5aaca1902bccabb16c
6627b89a22ed
2a9d1054c5ad
22b8bae43e1c
225ede958172
f8de0583ba42
59dc4fd0be60
[03:41:55] --- cfgC_A_nrxN6_MPSon ---
1fcdf9ebe3b883cab438f12e845bff6f8698b12a96286e4ad1d81e69934dc344
51cdc0d7f4f4
486e2a321ae7
75ea25116bd1
394cccb493c9
e32f6ee79f24
cec608d7aef5
3e03bb7744e45563736053ae1977ad8a5fc490da941e3bbfa16fb86628340580
78acb538e2da
b0e6d4e45add
fdc625db2b19
9f04df0b6ef6
9c870ac3743b
4dda6419ed8e
b79deb417eba3b1c0b7d6fd0882cbac7fda100bd7818f0bc1f0c38cf5e164c1a
2887ae70318b
033da05baf30
39942ddd7aff
5ae5f3a362ba
d76c79675ad6
d37e2f5aa621
mps_srv
[03:45:39] --- cfgC_A_nrxN8_MPSoff ---
ea61d7ff14e2e7b29937d9bd25d5a7bea47834a7bce9671a56981a982c8ac64d
45d65bea0eb7
d6970cd32b6b
c14f95b3b7b8
53ea695bcd71
db4b8448465d
084c2f535693
4c724fe7266d
96de1c01342e
c7ee3a1d4c5296a4a3470a20a0c21caf671603b52bf478dc5073faee2af3efec
8d352823b0e2
b406d57cbdcc
1cbbc22261eb
2b07449141d1
cc6a40a38849
3db7717be460
1f0fb52ce9e8
be46b422751d
c377e48b26701400e9efb9ff892a4063dce216f8f5f2d990edb82cb794d39cea
c65e865434a4
44bf6935a778
a716c3e7e942
dc43e5d02a43
c017bba99162
00de6eab9f56
2a7d7cd664a6
a85c02260738
[03:49:42] --- cfgC_A_nrxN8_MPSon ---
08e71e28d832e0fcbe590ed1365b1fd1e78bb65797ce8ba5ae392558352d1164
015fbb01c552
49461d5503a3
014e85db05de
51b2acaf7dd6
010ae9de9878
0346a6b779d3
a0e9e4d52fbb
ce4de21cd64e
6df4da553419b56c926b9815486a27427c22a9914b751b536bf9699cbd2b477a
0fbb561a825b
73fda40b4db8
1825890aef1a
b5a7b906d2af
bbb109bd3847
fb0457c2df78
fdb4a73160af
35af6a9afff9
9863e725b583fe14585224ffa231aa78be32006faacba02710ffe1b429ee7788
9ee3c9966603
df11bd1faa73
66fee10155f1
90f3036a6bba
96473a449878
1bcdfc3fa5d3
a54ed49f7094
mps_srv
[03:53:43] ===== Part B (MPS thread% cap) cfg=C =====
[03:53:48] --- cfgC_B_nrx_pct100 ---
d9c1c3649ab9f0c052fb9b7ca59dc8c46ecb0020cca600b3753da9448323040a
3ab8d544e60c
e4f2ac85ad44b85a4ee61f4eb4942482ba217ff5dba74ee27b75f57c82848e2f
37987455d1778103a79c741a8cb169f3b1c20370555e15c417ed4c87a987296e
dd999200ddb7
mps_srv
[03:56:22] --- cfgC_B_nrx_pct70 ---
e5173c496411a9ca25f93bd17e443d0b5b761f6a60bcb47fa1983d27fc1fb591
048f46c882b4
34c2f087c0967e84a60bb6b71a6c92b4e782dc9e39eec90ce6a4203d73ca186e
0679f70d8a52
c7eb5622a01df5146385c4ebe1cd0f0b755a5fea3aa443f0ccec933827823808
mps_srv
[03:58:54] --- cfgC_B_nrx_pct50 ---
9a6d1a373f0b7db1c91f17ea323354d423ee388dfdbd654fa43f7cf37fe52344
9ceb4998ed3a
4b17db2ac67f5a308db05ed2a5a4654e7550c7046834276eb600ceda7c00498a
213a8f167d2230664b3333cf1d839790b5744919bac00c2bf35275c464ea4aee
29606ac9a08b
mps_srv
[04:01:27] --- cfgC_B_nrx_pct30 ---
4c58a2599ad687a8d3ecf4d20f4b3614bada7219485b4df99a4c55196b84c127
18eeb67a7a30
1cf51e22f544333216b3b162921d40caa7187ff80470a1b950324f17bf346283
f113ad462ad9
3663a99418125a0c05ff6c959bafb3ea6a279a4aba3aec425fb9bdaf9cafc2dd
9a24c7121f2c
mps_srv
[04:04:00] --- cfgC_B_chanpred_pct100 ---
e38c5a5f2b2ee8ea33918c97a7898c8f1f1d4a0526aa6df717cbd624d246821a
211df85c3fa2
2eaf7f779a3d9de783bda6605594665fff1e344564d24df2169e5c8c6f9d8252
9f17b9b78fcf
bdc0c9c5ceae7250d680d61b15aacff999f47be063ce2fde79130bb4b24eb92a
c027c8814c18
mps_srv
[04:06:31] --- cfgC_B_chanpred_pct70 ---
712827f45b45d8cb380e1502fd7b29f4ce4a4c1d310e751793c13bbe23317217
915a3e9ecc9c
b068528e370fe11c3a9796d552a80947ad3f5fd79b3b65975cba4ac42b892682
cb868e5406f2
3767e775b9fd0b23bb0604d9777ac6cad7ef6c05839b402c86f34d5383ffbd53
81470a8979ef
mps_srv
[04:09:05] --- cfgC_B_chanpred_pct50 ---
d5e92caf5a44c4a43a0ef08886fdada973b9da826a86a0be249c665701735c39
9dd70ffb840a
e9613d60ad41474c7102d760b83e6b9bf825eec7cfb3dcc099acd73672e1f457
1c40f6b27155
96ccaf986c7e9ef3bb9bc4809856662c0d3389f13f18086de7ba9b1c9bb847d4
e21abf668242
mps_srv
[04:11:36] --- cfgC_B_chanpred_pct30 ---
a70c1ae19180b83302b425d4ad6aba38c34c17e4ea3066ae6cfd572d6395f004
ce3f9f5a7bb1
602ac57530419e548125146cefaf139117f32905fd1f1f188c8efc1b9a77cd0d
ad61db5b73f1
2f19ee491824d3e02317050deccf52f50dd05a6c2f1ab40ad8d6b102237d139d
01b4f64d0ea2
mps_srv
[04:14:08] --- cfgC_B_memcpy_loop_pct100 ---
7d4bc5e5cb4e0a6e51210f36ec18363536087bcccb57ff195080fd9b1e9be656
de7ed7deb69b
86610d8124ea2ed628c8b7438ee21f46f3d472878d646d6e66426e12be929836
093d0f72c9f8
c28bacc7f4c097a15d8dc530487477143634f6b61cbb168239afda7948804302
24e72f05bbce
mps_srv
[04:16:39] --- cfgC_B_memcpy_loop_pct70 ---
4bf09c5b6c4f19995a5c53f328d75f556db7ffb466adf829adb1cc32f76f9ed0
567a9a448a97
1f872918080d89f017f273b7c2dafd16985ed323275f831d050dcb5d228e054a
80ee5f6ae019
0693065d6bbe4b846cd0830dbfc999ff6fa312048d00d9b3c0636d6de542eb11
b175721b24d3
mps_srv
[04:19:12] --- cfgC_B_memcpy_loop_pct50 ---
d9198259a40cbc4fd0d8f0936231a1d318836750cabc69ace31f3c8fb2cd6e84
c45ca51406d8
118dfa260e509fce185864559c5feee0e1606e13d4f76b4371a9ae4f528d7d60
0592274d7447
97ff2cfba4a774ce189fbf9c15539de6284ea929cd36cf8f98c3d1415c5b8191
f22550ae59fc
mps_srv
[04:21:43] --- cfgC_B_memcpy_loop_pct30 ---
a6946c7cd49bf730750a0f3cb25d6868bb159e8466b39e9e3d601dd67b29f356
c983ce4eeecf
820e329603b6e17cd28c48fd16b766591cb48311a33aaa9b3764f6c24095f20d
4e4421d0267c
156b63824187383e727eb7478d1a89c228c4cf0cd344c9cbf46e5d3189c18dfd
14c5c5d60259
mps_srv
[04:24:13] --- cfgC_B_embed_lookup_pct100 ---
53323b09cf051220ff17bbd826f0237ccd2faf624c56e6852fff40472f931275
7184f554fd9b
4bf6ff4e8cc8117bc2390e0f6d16b62344b5abd7146c812b23dc11baab36c6bb
b5858a1ebb7a
07ddac7c542bf2e3425a8de61110babfdc7699ced90a0dd780f24c7047f22179
506b7414c046
mps_srv
[04:26:45] --- cfgC_B_embed_lookup_pct70 ---
1ff00a08e7be006d361d2afa5265dff92a01b77b41ce60cceaedc90ba77d5864
5a1f2dd4ad16
5a448455ff9d3042d59b1737f3e3017327593408fd743105f3610a6a1aca1a32
24fcd6932824
ee0263dbd7b0763467322852d9c39b799ef72584c99272ebb7fbfdaa59b304c4
2039171d824e
mps_srv
[04:29:16] --- cfgC_B_embed_lookup_pct50 ---
328c05daeed27a14d8fd23530eeb8f88d0414c05b0a5c156d01f481d7b732e32
331dcb24b145
5c0d1b05579036dc10573fd333134f7f3fbeade246b311f962a1939e7d8d4320
9a73ea32fbc4
b2d32cf53f2c3b60b5e8daeaccfaba7bca17e9f25597ec5dff7f3d21e52150ef
b3108822ebdb
mps_srv
[04:31:49] --- cfgC_B_embed_lookup_pct30 ---
524fc08560f650ea28c93ce3b324c383a47750eb11d09dca2707c3afcfa3231b
97a54c931110
a8ea4be386fa54bfd4e3840ae61e7d036f0c819e1e79c29dfcce50f71abf7b9f
9e91c0195f02
28f5b73b38341e40be84ae8f78d930a66a032e0717a29dcf43a0374bd14ace08
0f59b36521ed
mps_srv
[04:34:21] --- cfgC_B_ranai_mix_pct100 ---
bdb65a73bf4de2ba7467d1b2bff11463881658b523cfccaf1b0c9ce4aa9c694c
7c35b31338ff
07c3145b65b93558e4d40f24a461fb0cc1a8adb1557d76f52206155c568351a8
45ec6de20cc4
cccc24fc7d5c86c6d4f9cbb4487279463aadbb573d505b799b3487b967265b03
c9fe291dc67f
mps_srv
[04:36:52] --- cfgC_B_ranai_mix_pct70 ---
fe378f4c892d52d891a435bdc37736ad13d6da8873c5e4ada985c9e7bd04ef56
aaa6649ead67
0f581826768d1e0f3221b836facc3dd340af3a7e20bfc06799840dcc4997ee10
3b9c1fbe7b5c
0fc6b8fc2e98de05261800c45c3da2fdcf4b1aa73f6714dd392afc353f51b3ff
b16e387a9186
mps_srv
[04:39:24] --- cfgC_B_ranai_mix_pct50 ---
ed2dd802a0b88c65fa3d7d234ad76bdbfc0ea2a42ea1d2ad3b1cedd32ccc7a21
64ffed9df867
c72aa8782edc52441ca3e981ab38deae80d701aed0cb67359350f303092438ee
f0a93331321e
ad5e7355553aed8422fe98b8da7610b6f57a7b2d00eb60fd41479a7193c4480f
ee55dc7dcea8
mps_srv
[04:41:56] --- cfgC_B_ranai_mix_pct30 ---
34efa7aebde9d0c32fff342114da4375839f7033a098e04670f603de3c8c1af7
3daed72eebc5
4aee281e77d9a4a36a4a7a69e87a35ef48aefb6ed50021ff64a73d7343c5c0e4
cdec4bcafdef
6789bcceea1c925130ab37816481c594357395cd97c1ff04b4c5d47279429863
08678c6867ad
mps_srv
[04:44:26] --- cfgC_B_ranai_mix_heavy_pct100 ---
32abcc579b700ad8902daf07eafb126320341f7d2e7cfd35fd1dd21dcaba3366
52e1cbb76794
6a9065cd24436c064ca089c5ed0dfee977ef5f3e9f34fd47405b916dfa08460e
da091ccc31ad
7a3dc8f2650cf8e7601c0838b0d6a025135b0d58b695ddfb2765b6f4f46b079b
9e0feb87bc90
mps_srv
[04:46:58] --- cfgC_B_ranai_mix_heavy_pct70 ---
b7e0d1db39b48ab74e465d065e5e555cd3597fe010e94e961c77e1b356c0ed35
865f4991b87f
2b25d22bb73100dbce9e0d309996b68b6f5e924b6a31007bd89acc877911ffbd
6f562a5fc92e
51f607085bc0c8426c6a21034f6f1728202c8fbbc53854a161984f53083016d7
2910209f200e
mps_srv
[04:49:29] --- cfgC_B_ranai_mix_heavy_pct50 ---
b62aef30ec670e0ab00e8eb0e3f8d26077a920dcf41dc235f98c17cfec23308c
ce8a58aff2c0
d7023713a20324d6159f483170c9778728ed541b9ab958c4ad971a200f1b09ca
8abd190cc013
91e149bcff808d1412fab9654aaa926a6b2c88ebbc624a61375f07aec2d37a3b
dfe3d757d7f8
mps_srv
[04:52:00] --- cfgC_B_ranai_mix_heavy_pct30 ---
0423400dc0bce3df3e25c849d70a88d6d5f74a4d319318ba0519366e51ee6a37
1fb7d08385fc
71d5b3dd9adf34e49cbd458fc97f29a2ade40f4f5d13264fbf549a08f7e4c40c
23a381b57d08
ed5031216bf8e8ad912ec5a159a71b520d2129321585951d155d565290dd6e56
df13d040cb39
mps_srv
[04:54:33] --- cfgC_B_nrx_multi4_pct100 ---
4bf3de677f67a481f3832c6dca5a3340b64c2b401c7e40172dd084e92b618240
e63a16a35e6a
b577925493bd
089ce88802ae
caa6a38e9f57
5d9e6af06f7b49a0e1bb106130f53bea4d104014c3c31acd37b3a784c2cff80e
b12802d32988
b39e4773c7a1
7140705e944abe84d7e6b5ab001f0fb5ea3752a4679348ad5b5501cd639105bb
75bc2187d55a
1ab313b0860c
mps_srv
[04:57:23] --- cfgC_B_nrx_multi4_pct70 ---
c08528244398052c99e2e26b131f3e84d6717118f16ef508ea6e5ec7c9c4135a
91005d55bad7
d28c1dae9e7f
86b0b26ff0aa
01211ecaa4a0
35b5696feccecf53e51113268931f94408fa4853d86eece593df1d8156d605ac
1bd07f32fdc0
468058960ee0
a8708e997241f07fa638f00c840075009a3995aa463a444cb935245346fdeb21
25e5454f9c6e
b6f2c193e3d3
mps_srv
[05:00:07] --- cfgC_B_nrx_multi4_pct50 ---
55f8ba901d70c427add4adbda244f02e64caa6a531649376b31620285e8eebeb
8ec5fd00fb6c
fe708bb9fca0
f18e3d42ffff
e0625d23b495
344b441d6d6cd452bb5de3aff9173abd2b1536a19b4822582f149bc2b736cd66
4e2da31debaa
c51bc5e0b2db
9b5f67059626
a2a1eaf39f2a
b3197a68e9ba99376dcc1e5528c8571439f50a12bf25653a0b05e95e0d437678
e5e9385aff00
73f9437860e8
31b072901bc6
09e489c810ca
mps_srv
[05:03:01] --- cfgC_B_nrx_multi4_pct30 ---
a3966395b5873a2b654520ec64427ac7082c896fe06b4e8c45f45dace6bd3c32
765f013d3175
5c089861f4ec
466f61e44cbc
56d75bb1e429
96a9ffc75372f21924aa44297076476f29331ff91ae0b2e90a132844154261c8
20bb4d1a213b
1917402da248
b2abc480346e2e186fd1d1e067ded0abcc8216e25256b21b682a4365bac714ca
67fbae434012
9bd9122ac3f8
87de15705b07
897e7ca5eac9
mps_srv
[05:06:18] === chain17 DONE ===
captures: 360
