[10:57:22] === chain14 START configs=A B C ===
[10:57:22] == config A: 4g.20gb + 3g.20gb ==
7934c901b7fa
[10:57:33]   UUID_L1(4g)=MIG-dae3f173-7b15-594b-bc80-6cef80687a56  UUID_CROSS(3g)=MIG-80a4659b-f06f-540b-9f4b-1c91f78aaaf3
[10:57:33] ===== SAME-PARTITION cfg=A (L1 + co-tenant in MIG-dae3f173-7b15-594b-bc80-6cef80687a56) =====
[10:57:33] --- SP-0 baseline cfg=A t=1 ---
abea08ba42fb325763926b21ffa6b10a36097f7848f67d9384c31fe531a86d2f
abea08ba42fb
[10:58:08] --- SP-0 baseline cfg=A t=2 ---
eb1524415ab32785fdc01ca3fd22974ab158504adec5dc550157da7f8404bef1
eb1524415ab3
[10:58:43] --- SP-0 baseline cfg=A t=3 ---
00e8b68a65d4be6a73fc4277c7c3e751887f93daa2b95bc76f745457d2f3a33a
00e8b68a65d4
[10:59:17] --- cfgA_SP_nrx_MPSoff ---
8b48256b56779b293cf1606c4326d4dee714d4c70f9953d3685712887730f48a
8b48256b5677
b6b40a0fdc28bb75605f7a45524744e159972ad06a238c6646a9989686518fc0
b6b40a0fdc28
3bc6acaafdabd4cf663084959d416d0cd6563241f608908d2c9973a2796b6251
3bc6acaafdab
[11:02:36] --- cfgA_SP_nrx_MPSon ---
14587da421a858bbbad7eb5e701f0392c206866f660ffd457594c59d7ee316c7
eb6c1add19ea
614a7345b7a23ef9ad525e57829f46b4853bed658eabee4b7d7992e85dd8645f
46824db2e69f
3bd5a8f6c2c9c4de36457852789611329447e0409ca4917ecd990ba1cc744ec3
ad8ffff06600
mps_srv
[11:05:02] --- cfgA_SP_chanpred_MPSoff ---
fe46bbc3d53d2d7ff4c17cbdcee91a18d129cfc3b4f0aa53ff3deae7b7cbdbeb
ad5025eb5077
fe46bbc3d53d
90c555501b3ec51d25def5eaae17d54605cf5200a5767a7c34afa309011b1962
1594a32136cf
90c555501b3e
9a3f6127574fd5c58eb1240b39060e230d9c503cf27f175a76cdd278070a6162
a8eac6e8a16d
9a3f6127574f
[11:08:23] --- cfgA_SP_chanpred_MPSon ---
16ce306683dac08859ad5f5051674d1cd12e7a3a1edea25f5808acaf1e41e0c4
93dc799d6552
504a56572d3c6918c77b77e6ad865845a436650d344a5a72fadfd3f7c28cbf4d
f047f300dd70
6ec7f4e0cd28bc903a7ac85fbdb6387bb6495502dc9a0444920dc229498e109c
6b972ad1f4d3
mps_srv
[11:10:48] --- cfgA_SP_qwen_rag_MPSoff ---
9f2f81cf4b85ae92c3993790a4eeadd2c2bb119b8a8e87b68ba3678a9b6fd653
a745f2f2e619f62ad49036b36ce16a61185b075bf6a8e763c7d6d29813e23f7c
9f2f81cf4b85
99f2058894b3d6d0496d7bb6ba96ef6067df241f23f02b479486770d1bd922c3
c268cec3257a51f5e227e426f490c5b3eb004a891cc97af9332a5300c635b684
99f2058894b3
7b66e361d67395be5eb720bbb7f92bfafc81d280f1de15112ebe09220644bd35
47b7f290dc2f0eaef18ba6f5de3cdfa26fa04bc30d3f14de5c2a9961cedfdbc2
7b66e361d673
[11:13:25] --- cfgA_SP_qwen_rag_MPSon ---
7a5828c403bc9fd7012d9a7510d9446b5ae2bda13ce2f4e1cf40b23dd29bc5de
08f2bc56e5ba38e17a444c9efc8fb51b54533d8d59eced4b46bfb6239b41c9d9
f7ecdbe0666d006a324af17447461a8660c34daf55ed0d14af5ea66bba7c592f
d34ff5d36da3dc7fecf1b13bf0a626377c5c89abbcc13876a330c7d81670e747
2c9d60a1b4a5cc727ecb0932fff2955a677882ddfe76bbd322c7f5f3bfcdd56b
0c8d4b78f638bb047219de4bd3188bb0d977def8c2c4ee593c8a08e5c99961be
mps_srv
[11:15:51] --- cfgA_SP_whisper_MPSoff ---
26c227e5c439c274cf80cae093ec4ab0a39d25e26f9c91957b92e104af8580ed
d8ad11181ec0af497f4bff08d0f94abc93341d8746fbab9754e66dc3581bdc0e
d8ad11181ec0
26c227e5c439
af7edd3d0c5527d369cf28d7e4863c55f0f95a3cbf80aa196fbb22f5f0d07af2
08c0c35224f191abd202d5a79703edf3cec39cda518db2b9bda0ab1102a825c9
08c0c35224f1
af7edd3d0c55
fe4537490c46f1be7c78f28cbdc1a3dbd5df9c0f72fe5580d1aa39ab1775ebef
045a6be2443ec563af32c660651cf73297b8590f4228de5914d4fe5701117883
045a6be2443e
fe4537490c46
[11:18:27] --- cfgA_SP_whisper_MPSon ---
fb202b77ed62349a1262f37a4e7d5f761507a57ac3ac1c27e561ac6b88108f16
0c02b018a1a84d809b7b7cd0728b098852bc3f252f1b0ed300a27def9dec91b1
0c02b018a1a8
c57e7115b8f6943d6834fa6e150b7d1fced74f48be87842dabb441a86bda3251
04fdc413632c0febd2ebcfa9ec335c4eb00d80071d4b64b225b211a69cb6bd2c
04fdc413632c
ce087432931bb21cce7d306ccf5c5d4e0cd13c8deeae7550f4420a45d906c838
318a00811078b1e85f56ca9c9cd0e69ece964ad6bf1d8a69b87942b39e63a0cd
318a00811078
mps_srv
[11:20:53] --- cfgA_SP_qwen_vl_MPSoff ---
bd3f9dbf6368243d3e31ecf48d0fdf26afbdf97ca9ac0277a9dcc92fb514b21d
4739afb3a88d4a5d4c881b8d342cb501dacd7455a937d6c99c4145b900c70ae0
4739afb3a88d
bd3f9dbf6368
2a70c608060360687dc0fd9c5f96161dac45cc007b332f6a38f0bf43923bca29
e980e7dc0619417ce67cfd5fc069fdb8cf917641473bef44a1c1b61aa1abe21d
e980e7dc0619
2a70c6080603
77a1e82d9be394aebc051a93ab4dc075af13eeb635853b78e99d452bf11593c1
504843067ac7fdae93b4365388becb54b62a8438ad9fbfb9e82958d1833a7cf0
504843067ac7
77a1e82d9be3
[11:23:29] --- cfgA_SP_qwen_vl_MPSon ---
bb7ff69c6fdfc850a96482dd995a28dc6a61503556ece936007d4b2efff51946
e508a1c1b4b1b0c73359b18232584ea8b3ab77877967cc0eb232af5a9a1d0f12
e508a1c1b4b1
4ae8300db5d5f087565b34b208d31a708383852f2d270847a4df51ed06169eee
c723d8040ccb53147e8b78d31a12e3de95a23a84eeaf463188af3825f9f7effb
c723d8040ccb
9022da5c73bd25cb34e9edf3466cab89aa679a31dc5042662e109c527619ac69
0802183c743b2e3609b3f03acff21535cb400e0f978ff9335e356b8c9dc282ee
0802183c743b
mps_srv
[11:25:55] --- cfgA_SP_hbm_stress_MPSoff ---
2a792893cdc905bb09b831ef56d954c24cfd54ba8613019fc1b53155e81a3357
2a792893cdc9
b30b370e4bd14c59ca25a2c900b77ee8d100ca5b2cc81f97d8c94a415f18f38b
b30b370e4bd1
72884d7b3728bb095566396dc05513f16db39ddf0459d250b4396fc6682c9c61
72884d7b3728
[11:28:32] --- cfgA_SP_hbm_stress_MPSon ---
0f08b46910c212beafefd9d7fe74aa461b3d6e8ed051af2adbfdb7b9644ed4d0
089c6dd96d0527994d8a2616cddd71ca507b282ed24164f0c1f82889fd0a3e61
d501b5c9f562710e52eb88aa4e4aa17a8467b30c87317bad77acf22f1f7ac0d9
mps_srv
[11:30:57] --- cfgA_SP_qwen_chat_b1_MPSoff ---
991cc3219f076731eff27343a61002275d1a191bb1c20f3c0b665402fb62dae1
4f4024f153c04f43e3f4590bd180451986448a93611a1d08d3782bc2d06013e0
991cc3219f07
11781dbd8f6bc1cee27872e1339ca58555ec2ff2d057d1d4a0dfab579255f36e
926c5111f47955033be1e0cbc4c9efb891068fb42a560775d99843d1a340cfc8
11781dbd8f6b
a37ab5385144f921d1cb0f2fa422ae2b3a0dad0ad8f01a3a47d6f9eabc075924
bdcda2e299439ac6f2b6aa56ddaf52007ed042822b46c0c8b06d7e2636ea4195
a37ab5385144
[11:33:34] --- cfgA_SP_qwen_chat_b1_MPSon ---
811903e05411044e5c213050e44490c1339b850b9337c36045d348ac74429d21
877d7cb5735a1a5b8fb59329ced11d78b25a3a00e4eb7dda646f1f2abe0a7b17
9b41e88b1d57fa6e1e527daddce3b4fe437ce83445504024ea88eec96da26e8b
456a27cf48c60195b44c779eb46f86c21692ce03d584e7bb4493ad9178f28c7d
a7d2678078788e6aff61a63dc0241197e912cb743221e61ce4eefe455aa0e1d9
3e0e034da491b7939a36d5e0e2ea9aeabc642f6938183bc45b6f981872d98d8e
mps_srv
[11:36:00] --- cfgA_SP_whisper_stream_b1_MPSoff ---
b3d5480de967c4c8bb717f4914343c0c55efc8f98a75d0c6521fbb7b6fb73858
96335ac8a79697c755b7c2a4d6bc27fc442962c56d0d900e70eb11439df2c4aa
96335ac8a796
b3d5480de967
1e3ab4ddc7f27fc049606ebe7ddb0a18ab7e7b48dd05e91f6bcafc5db45cf6ce
700c73a5c0a1d6765075cfd349703cbd50c401321aa32d64544efcd6e8e1ad1d
700c73a5c0a1
1e3ab4ddc7f2
3125cfc5cd92156cd488dd6e4ffb5439c0a07555ed29e7dc21749ed476e9ddbd
5700693f9d0280c2c05a147e6b6a05ebafb0095df0dc1c425c3ecd30f78f7670
5700693f9d02
3125cfc5cd92
[11:38:36] --- cfgA_SP_whisper_stream_b1_MPSon ---
f48e221b112324bcb94615dc981495c8b07e3ccd14b999c9e0f8153de6f6287b
49e5623fd91e3da7e7f5e5d6aa8d2bbe5da09796bd82ff1e6bc7086d60e705d2
49e5623fd91e
179b343a90f7192ac4d6a6a307f932c7362ededb7822bd6b57bdb2cbebff9b82
b4ed8b13772a674db318f9e895145732d5977ded2303498543977e2e5ab45f6b
b4ed8b13772a
0bf0eee13234f27f8643bfa4280a5bf882215d8263e2ba67785d8601cab1cb55
26bd760b1266d9e1c54fbbe8575c33649e87c558d43fe40b03df1dbb3d155b9c
26bd760b1266
mps_srv
[11:41:03] --- cfgA_SP_bert_b1_MPSoff ---
292b2b83effbc36fb91468c849ed5a84c176f80b49de1ce7dad7f4c0d2325782
4dcbeaff079c4c84a83f77e2d149cc06863c6463387a741a7069ef63cbde0ab6
4dcbeaff079c
292b2b83effb
43b5522455519e45592b0e0212de54e08d7e949ff6481914505e128853327d1c
0d670cad541922e557281a9155a4ca1dff896f4bd77dfa9b896cdff605804bee
0d670cad5419
43b552245551
c90f78309b4546f5272524bcc3d257da5c7bfed1b34ed8225c92af74e97773a1
d4834ca343cc6ad2f0ea95d2794bec567ee5dbf19bbba60ad271b796e27f17e9
d4834ca343cc
c90f78309b45
[11:43:40] --- cfgA_SP_bert_b1_MPSon ---
67c9da93215fff010566ff449c48eec407ef2fd4946eebb913d26caa4a644f3b
46f4715a482e38f4058f80d874bca6b9d4cb90de3527e22320a76bc9c1495548
46f4715a482e
f67c1e6d2fe9c726dbe0ca542e5d2d11447ae272bebe7366f2c05b4364d7e1f9
3506e91135b03c5a29b041d795b9cb0e6b75a9c7246d07b63f051c78ad181687
3506e91135b0
509e97e9daad4d64b3cdaf72bb4c82f8ff216e0e6dc8db41bc79a0e44bfb27ce
434de083c13f4390de980f9648bdb876d3ade99a982d03e456df764d7c4e3ed3
434de083c13f
mps_srv
[11:46:05] --- cfgA_SP_embed_lookup_MPSoff ---
f746454ec6f256385158f4d2b6a0ea1155d7c011ca5c376501c0f418ea3326fe
1432a5e58fbfc57f4eb3fb99e910626198b8ff02dbfb9f6607337e006bfda55c
1432a5e58fbf
f746454ec6f2
9f7f282cbb38962b8e4c1e03a84b78290e8f684d59e7c5fb7172002a4f8e859d
5b5edee98b5cbde7fb4f823004871f65402a2a2863dc0be3be91ff930d8eeb26
5b5edee98b5c
9f7f282cbb38
7e9d761882c9aadb50a3debf59ad114e837fc35ead3ab66d8487097483798266
83cf076d723944a05062e663928caa8124ff0adb09ad0bea434067f038f0178c
83cf076d7239
7e9d761882c9
[11:48:53] --- cfgA_SP_embed_lookup_MPSon ---
86909ceda0f67d94e8215ce444d924f58b3bbb6b4874b82bbf0ca91c3dcd2cef
5ce5d6d3584fd99fd153124ad6589bb79ac0b984ca68e40d285b8bcee0c70aa4
5ce5d6d3584f
3dcb705be0b1ee7ef7dfa539b92656e58819bcbc39ef7969680735b07f1bea16
abe83c37f114588045ce16b075bd81ab0a44e22310fd4fac95ffb1594b7a50a4
abe83c37f114
7cf89dc127ae1a7cbe69ce992e5520bf43e5529c5b4ffd9e88ae56c83a1d6ea4
58637e3fdd2fbfb2adf8e7b72d53b4b85db92eda19deb17539955eded2e663a3
58637e3fdd2f
mps_srv
[11:51:18] --- cfgA_SP_memcpy_loop_MPSoff ---
95d226c3b85a912414fb4acc6193f22393dbd0cbb38fe0e3036c7b99a3cdae08
7b7831f8c24e8c7101406f1f7e35b8a3baf575081dfec08a421ff9425684b3d7
7b7831f8c24e
95d226c3b85a
4005cb6ad3fe8fa9c61797a5832c5bf6d7df0b0784f01b3e368e48fd642725ae
242b34222d611958f3a84b856503eb63ccc8c753f549d6feaa243e5098998549
242b34222d61
4005cb6ad3fe
fbdf01f7f916ced632b3520277162378c3f3ef1e230571693af5cacd30bc2593
dbfbcf82f5214641eec649ec55a9ba5340f8793689359ce5d469cca3e795de8f
dbfbcf82f521
fbdf01f7f916
[11:54:10] --- cfgA_SP_memcpy_loop_MPSon ---
5214f71ba9dbd319265f0a6db706540716eea9fe779d88559d9de87ddb197147
f9005f11c3aebca8bf79cc45b6985d2663d74aa7eb87d8ebb56b4dc1193672b5
f9005f11c3ae
1f1f151733a59f8acc945f61df6867a93332f6e3b9902230cab3889c285f5f05
304ebefd973a9445a1022efd97977ef7d424038588e5f0329c4c83e90cf42b96
304ebefd973a
bf0102294e9feecfe69f0afa92288c35811fff931316ca4b359c064f9a9e465f
e16f494abcff2e7b17caf07c349231ce36ecb3ce967f0f655d2541d92537b536
e16f494abcff
mps_srv
[11:56:36] ===== CROSS-PARTITION cfg=A (L1 alone in MIG-dae3f173-7b15-594b-bc80-6cef80687a56) =====
[11:56:36] --- cfgA_CP_idle ---
[11:57:12] --- cfgA_CP_nrx ---
c044b0c482ff
f36122a87cb2
d37dbf8857c0
[11:58:51] --- cfgA_CP_chanpred ---
5de9d5a79c3c
350c2f1a8d4e
f2299c3e40b8
[12:00:29] --- cfgA_CP_qwen_rag ---
16f0c1def78b3aa1cf547e267464918af1f4925a3cf0d02ee39fd1ca13421801
16f0c1def78b
c7ab3101c127c51e99bc455f6bf906bf977629a6d5c2910a329dadee46507cb1
c7ab3101c127
e49ac7296d8f0fcb05efe5b96c9e0a61646be14cf999c958b28093c755c52a4d
e49ac7296d8f
[12:02:13] --- cfgA_CP_whisper ---
ccfa188e1dcbd6b5d66b97c31a249ca54da8d8cf5a07d8b48592bb5a86a822c3
ccfa188e1dcb
df30b481ac97d6a90db1241bc4a4e1350f97e23008daa91ee8d1b9f16ca156a5
df30b481ac97
bec8121f0cc8e4b3952bcd35f3977c5b29564076f0abe59a1c9163934d442cc5
bec8121f0cc8
[12:03:53] --- cfgA_CP_qwen_vl ---
3305edb8a85622b21cf2a6d984e4fd1f6ffe3432152043079eccafae4f8b9bb3
3305edb8a856
9f43aea1edf2592ac915359ed14f91f559522cc8f4fd1658f5f819466859df06
9f43aea1edf2
1507bd3810cfac33201d7aff7a70a8c626e4bab41ff708148e83f99949bd5ca7
1507bd3810cf
[12:05:34] --- cfgA_CP_hbm_stress ---
[12:07:11] --- cfgA_CP_qwen_chat_b1 ---
210d0393dc902a88713d03b8bd78b8594397f73ad46f093fe7bf26b0a05fea30
210d0393dc90
39cd2110b6a146d3e8f25b2711ad3865ccff40f46a8abd124b1d481f8ccc985b
39cd2110b6a1
2b7501e257d4ee2833f3d68f752956df1cfdc6ded327e5d53b65649fdeb7e0cb
2b7501e257d4
[12:08:56] --- cfgA_CP_whisper_stream_b1 ---
3e8e8087e3324fc99bdb9b6c42086fa5b456f73893c9e8b3d6e55c34285d175e
3e8e8087e332
66d7d7ee02aec90f504b0a6724bda2cf3b183b285083c8d712758e425eb6b14b
66d7d7ee02ae
e4d81aae470e23a1bfb28d596e4457932bfcd905186a22cdaaa48eff13764727
e4d81aae470e
[12:10:37] --- cfgA_CP_bert_b1 ---
f09cf80c0d23b3c76cfd1248fc936f9c105010a4f83349cc861ac8e98f8b3eeb
f09cf80c0d23
4ddea79f24f3f6ef1bcf57a72835336abb1703162996ffbe07622b93f331535f
4ddea79f24f3
1a52e761950bdba7b1a4aa797b0562e074d85bc0b9a35ca54978da64debe6078
1a52e761950b
[12:12:16] --- cfgA_CP_embed_lookup ---
d74fca226ddaebb7b9bcb03e7da1b5d662cbce8a0c290cee2eca43c7150039ff
d74fca226dda
3a81786c1f56394494adbb3ce44aa3d891be7d1c02d34f19f580bfe32a55a63f
3a81786c1f56
4364c9c2042964709d0361e4557a337ec02b431df3d7269fd58ef195d28f7725
4364c9c20429
[12:13:55] --- cfgA_CP_memcpy_loop ---
94a37c94c33de5d282b5ce55042306b56f59ac8e7700bc8ff290ee5216aef929
94a37c94c33d
28d31747b8c0b1f9270fe0ed0868a914f9571bb6bbd87c10566809e7e4378acc
28d31747b8c0
ddfd55ddc8fcce5863ab34ad3946adb6bb3c8e01e10eb1b61660fc7ca8b56e44
ddfd55ddc8fc
[12:15:34] --- cfgA_CP_qwen_llm_cross ---
d02e748d42787c3428a0886b057c902f976660f07ba452e3695611842103a5d5
d02e748d4278
fbce7c0f7fef8f0bc2320363a48f3cac982f8217300e2f5c8d2c4b9211ca23cf
fbce7c0f7fef
8c2088bbe3edaf983ad2ec82fc7ddcacd04ecd0c9e4005b1cc6b350a4d0c4d45
8c2088bbe3ed
[12:17:19] == config B: Full GPU 0 (no MIG) ==
[12:17:52]   UUID_L1(full)=GPU-631b099e-0d93-0e13-1329-3d9aa83d9fd0
[12:17:52] ===== SAME-PARTITION cfg=B (L1 + co-tenant in GPU-631b099e-0d93-0e13-1329-3d9aa83d9fd0) =====
[12:17:52] --- SP-0 baseline cfg=B t=1 ---
[12:18:04] --- SP-0 baseline cfg=B t=2 ---
[12:18:16] --- SP-0 baseline cfg=B t=3 ---
[12:18:29] --- cfgB_SP_nrx_MPSoff ---
[12:20:42] --- cfgB_SP_nrx_MPSon ---
a59193a78afa
94e5962d940f
4915cd3dfb8e
mps_srv
[12:22:07] --- cfgB_SP_chanpred_MPSoff ---
5ed1dc6b5511
91fc723f0791
e6d3a47c00e8
[12:24:03] --- cfgB_SP_chanpred_MPSon ---
4e568a8ee514
a3b97fafbc93
3279b9d6f506
mps_srv
[12:25:26] --- cfgB_SP_qwen_rag_MPSoff ---
4cfd888226c28adc0ec311cb0fd5f731d77fcb469acb75e2604f9f94174bf39b
4cfd888226c2
7a05b74803f4a1727dd6d577ba5978f8bda92e25c547b4180765d81cf883cfaa
7a05b74803f4
d465b513e8340d7d3dce2c75a7b393b4f2c255682d84e87f4d45d3a48f418796
d465b513e834
[12:27:01] --- cfgB_SP_qwen_rag_MPSon ---
89914e131d323ffcea634558905c361a3753779dada933adac98064f5a61d920
89914e131d32
35202c6020a0994e478939c8c7388c92fade0a32afb687f0324077123b972361
35202c6020a0
b1039656b085ff633ae843b487c871518433602d19b4964e30eb3c8ccf05f244
b1039656b085
mps_srv
[12:28:30] --- cfgB_SP_whisper_MPSoff ---
b7cc7d8bc1ca0fec6c4147eb3d8d6b14d8228f1c126260bdbc4036a5c96dd808
b7cc7d8bc1ca
695b5d52bf4dd6cbfd2ec2885c76a6800cb57e37c12069ad5dded7d3eca91da3
695b5d52bf4d
bbf3b7fe6dea60636e20932fa03c56b193b13feb7c4707e5c04948e5289a52c8
bbf3b7fe6dea
[12:30:00] --- cfgB_SP_whisper_MPSon ---
c45294c245287a12e99d9e3a2274a205b1a6407c0fb73b355cd3cbad38fafcf5
c45294c24528
82b957f23473d88c0f45a810305fe2ecb93d73b9b285bdd709e79d0c5b3cf976
82b957f23473
52c7e5d24736084dbf6fd27902a4401b628ddef8b92a2c62eebc74e719d279a2
52c7e5d24736
mps_srv
[12:31:22] --- cfgB_SP_qwen_vl_MPSoff ---
03ad785f5d38e2bd154a1942e9ae8099504554aedcce1dfe3bc449c96c11a8aa
03ad785f5d38
1e99072f9b46106befa5199aadcf634cbbd181b2e828c87d0190d0cbfbc60d54
1e99072f9b46
305d61a82e6e625b3d266811960f4c0e80eecd198295ff08490fcf60eedfcff7
305d61a82e6e
[12:32:51] --- cfgB_SP_qwen_vl_MPSon ---
bb986c2039914b1e2dba68b40623f8383c3b20645541b7fa4250846581ec36d9
bb986c203991
6cc5d3876b3853583f4742eefea5b111d9913ccdd0c8b55b295c3d3b55d5bdc0
6cc5d3876b38
7ad3b24b6d898270940a7bd2acadf673ceae7ad29d9823a0b434d560231b7ca0
7ad3b24b6d89
mps_srv
[12:34:15] --- cfgB_SP_hbm_stress_MPSoff ---
343c01f615c0
b86b86574934
2efeb81876cb
[12:35:28] --- cfgB_SP_hbm_stress_MPSon ---
830f4572a0cc
d4553fd55ede
5b72393319d7
mps_srv
[12:36:37] --- cfgB_SP_qwen_chat_b1_MPSoff ---
9b5bf643c1678307d76d4bc6d8bb5297e8091095a6014a53d8a7b4f93ba29f58
9b5bf643c167
55d6402e44db3c0ed3bf63c0cbf82034153aea6fdaa95d27439804c4a87a0683
55d6402e44db
e0ce8b954f6b29eabf9881ee570489fd5f2e0d6d6326787df4409bb280f526df
e0ce8b954f6b
[12:38:11] --- cfgB_SP_qwen_chat_b1_MPSon ---
82e8f3182b68347a4c12b2c9cfb864451e8f375001848ec16001f4323637599a
82e8f3182b68
142957ac394681ff481f69ecb1921350b192241fd7fbb4c4fb1d39e4d78b5af6
142957ac3946
74e67d174889097fda8db0ce654a75511a3d600838e98f2ccbab648298e55ac0
74e67d174889
mps_srv
[12:39:40] --- cfgB_SP_whisper_stream_b1_MPSoff ---
971e9c1baf1ae5d8a0140b2ac5b242d0bd879079b68222627f9d2b3b1da744fc
971e9c1baf1a
9aa17e5b0d82931d13e7503c6288970b9afdb99db4325adea23dc6e250f3a518
9aa17e5b0d82
7f215b0a7fa788e8e2acd3684b79acd81c70c3e11894533ac654d45bd968390c
7f215b0a7fa7
[12:41:09] --- cfgB_SP_whisper_stream_b1_MPSon ---
af8d191b62494fdfe623550815734f522bb9195f20d5a23c3d418575a0946d8b
af8d191b6249
13eeca7c502b94193c1a093ae77ab0df8036c8b4e8f4fcc964ebdd4c3c1df580
13eeca7c502b
fbba77b4c2b9ca6c052759e18527b7412c6f7982ba20b2e9ed15af20d1d3556d
fbba77b4c2b9
mps_srv
[12:42:33] --- cfgB_SP_bert_b1_MPSoff ---
be4965a9202d256fbb12a0132ff261b6418b45de5fc56d4458d5b738e0ca63b0
be4965a9202d
d5b8594718fe632aae9b7ac0efedaf66ce51bafa9b1c0171abae6312a8ef8eee
d5b8594718fe
89ff1297aa84d991179906573a4e8cb63449b5549b54d691357459c5d8de2728
89ff1297aa84
[12:44:02] --- cfgB_SP_bert_b1_MPSon ---
6b53604a6d0438829ff8adf44ddb17fe04b2c7e7b941ef6ee04f722f457f6180
6b53604a6d04
7d4c815542bc45affe2d9c944f6b72302b77b27b1a0f46ec80c68a3545658cd6
7d4c815542bc
0aa7fa931e2b8671dc05bd5f64a9c7cf4e30e58c7ea048f94b91f781617a1fe1
0aa7fa931e2b
mps_srv
[12:45:26] --- cfgB_SP_embed_lookup_MPSoff ---
cbcddfca1ca6a877f35b60f1df83425ef814a0eb7ede0dc9787ee8f57e0b3fbb
cbcddfca1ca6
ae63b3cb23927e3764547aac45b426367607c3539a43b656b14c07e95170263e
ae63b3cb2392
c572f8e94c3cdb78ffd7fe6a4197f26a0a2d139acf42cad381ace4e5349ef1be
c572f8e94c3c
[12:47:09] --- cfgB_SP_embed_lookup_MPSon ---
034f16f6e06a41bda66e4b590bb7b403cc6f6e95f5fe0bb7f087369d89991731
034f16f6e06a
0dc7874e51dcf4e12c4b765174e6e338ab129e319eeae60179d6474ebfb8af7c
0dc7874e51dc
c2ec3b19d2ccbb7035e06cd2c969fd3b42c6e17d8a467e2dbd51bd9ddeb6135e
c2ec3b19d2cc
mps_srv
[12:48:33] --- cfgB_SP_memcpy_loop_MPSoff ---
34f295e9fdd13d310470ef7309e1ed9dd3b973d46c6aa9b0d63321d91951af3f
34f295e9fdd1
57258f41ce630ec342c6c088baf58b3c0f1b20037121a99c7612e64c561f916b
57258f41ce63
7ce22ce0e8562a9e4acb3fb26cc1ba912ae2d80598d30017d3a25f29a9808233
7ce22ce0e856
[12:50:20] --- cfgB_SP_memcpy_loop_MPSon ---
a5a1258959678ac62e3ad8b4b4bb6392e66b3957761690f5bf42db8432c83f32
a5a125895967
d33adebea7049bceb7b23ce83a938b442a67a62068654ec0aaf1e26b01c74acb
d33adebea704
ce19cdfc5150ad86de85944624bcf1da8f48df3846ac34084c2fe2923ee4b31a
ce19cdfc5150
mps_srv
[12:51:45] no CROSS partition for cfg=B, skip CP
[12:51:45] == config C: 3g.20gb + 2g.10gb + 2g.10gb ==
[12:51:56]   UUID_L1(3g)=MIG-e83d1b58-5c9d-5f78-bc4a-38bb1f8c7ef0
[12:51:56]   UUID_CROSS(2g#1)=MIG-b313c3eb-083e-542f-8224-2c491f6b819c
[12:51:56]   UUID_ALT(2g#2)=MIG-556cefb8-7bca-53f7-a57b-7a9804b1ee3f
[12:51:56] ===== SAME-PARTITION cfg=C (L1 + co-tenant in MIG-e83d1b58-5c9d-5f78-bc4a-38bb1f8c7ef0) =====
[12:51:56] --- SP-0 baseline cfg=C t=1 ---
77b4dec32adab1c3e1bb76c5f63d5a453ef1a8211f3d34f31bea1b4994e60190
[12:52:29] --- SP-0 baseline cfg=C t=2 ---
99a11393f4cef3044c867f1e025d9ef15eeda9fc88f0611d64b9e258e2ddbc16
[12:53:01] --- SP-0 baseline cfg=C t=3 ---
bfdfa48160b908cbeaf34b3009fcf4f385971814ef214963d3e114df551da1d8
[12:53:34] --- cfgC_SP_nrx_MPSoff ---
95b699d350f0c4b65f0558edb2892377f98429bbf615ce0aaf279fd62eeda309
09cd84316acddf3566d8951b226233da0a5cbbb6e2d38d337809aa88697d6010
c8e1c513cdde747f180208c16d950e1a0a8dfd7f2d044f10a88dd1df9a26f1cd
[12:56:45] --- cfgC_SP_nrx_MPSon ---
5e6a8f3e07ebc84b39bd9d3e624a7324bdd6ca5814f606506b93f553a8d6b724
6ab5e5bad062
7e16d2fd63ab450e9317006df3b245cfa7d71ac7bb08a5c00705d6cf095d0e16
6cd28f5596ca
0049e98dec9db71a99f29027772caa07a3eb74da496e646471e06538ce9f44d2
b750ee860580
mps_srv
[12:59:12] --- cfgC_SP_chanpred_MPSoff ---
3a135045c90e0aebbcaac135bc8116215da4327f3c07cc2f5f7c24aef2b6476c
06c5acf86ea8
a16f3510a00ba6071c26a7ac19f4cad2d6dd34d4b3907c4a0f682a27c44bdcd6
96bcbcf46b7c38eea35a345c7f54a918cfddb29b2a0ef4d67d5f7529310bc178
4aba2974c923
[13:02:30] --- cfgC_SP_chanpred_MPSon ---
802c6a0d1ca85bbe7bd5c499aa1ebade347bf7515ee7fba35e543aca1fb012d6
9586779739d2
689355ebaee2c2d171d983388f8e49bee9b024d1cb3402139fe8bbeeacfa96cc
7ba267c4d772
6a0de06455089615497cee4837bbe46e0d7080f5f4a1cd39d84c72d1df4ae7a4
77242c5bee18
mps_srv
[13:04:56] --- cfgC_SP_qwen_rag_MPSoff ---
1b829580ce188fe1001f40a01fefd51b01b5d345db47889599371e1c2000ba3f
0d48a20dff06be63a568bb49781c7feae9c88a69734ca5c5afacb27cff5abb96
51eb529187e9697f811ec97653840ea2910d165d281579be7f8a9101f6b0e5ed
247168696a95dadcf13c30c7bf7d64804878e50a363077f215508279fe7a436c
6b40f88939b01505bfffed98e77c83f33f28650be65324f438a47734c924330c
3bec5f9290cb804f70ce6b7a9727f001cd210b97965cc4859a0d72e68d052de7
[13:07:29] --- cfgC_SP_qwen_rag_MPSon ---
cb47810196774ab3e18f819e54d885bc4920fe9c4c702fc4905cfbbaabbbe71c
9c43a0dc94174ea1290782ae2447391043750f3fc1dd6485c16aecc0a4647008
48fccdb8e466285b43c3fdaf309dc2d034783cccc44648ade22482b1ae42bcc8
2bf1750fac1e3f8fb098e9700348bd1110294bd35f040f3f88c7e44e1b34e601
26b3e3d15d24c0e696c33908d73bce66f7ffbe5232d230d8c02ba0cfb729959a
c45b272a2d72fdf56969fefa1a7d1ef2fe6bf72955836a8958dcea87cdddbe86
mps_srv
[13:09:55] --- cfgC_SP_whisper_MPSoff ---
c28edf9093a06a9a104e750fa84dceeb9fddd2c9f69be4c17da0a5ff0b33bd0a
474e92a206350970a5d1ba9681dd96638bf0c733032f820b7d8313e08b083e6d
474e92a20635
596ee55a4b9abf9a9f1b9c08fcbda133af38e83dd182cf85c9e2c9ea257b5491
6a8f8767988663ae52e101f576a246557d3d60e9f67d421d1b67314526caf998
6a8f87679886
28fad015cc99ec2c75451a8fe0fc6c2cdb999fb4c78cad2ed418f86dc2bbb09e
3cb0323fda48ab3efb5b2e621a10b7a16210526346e1006806bca78afbfcdb05
3cb0323fda48
[13:12:29] --- cfgC_SP_whisper_MPSon ---
fe6b032777cf0b0405eeb78478b56d9fd5213c2b1d44c3f72ee99b7ee57a0208
6ebd679992f8c1dc3031b07b3bd234484f9c39060286885bebdbf326746024ba
6ebd679992f8
8b122598f826f129fac1197aa1425b8c9d73b7bc628fc5edd04156021ca9fd10
65ce5027b69313ddae2a0f1847343fc215888b128a991d732be814a415f0fa07
65ce5027b693
aafe0db60b80b6daee6362a2409afb71df6572a939ca361df115d610db90c2db
b5b658533e8b9e21e55405c942ac5403da93abcece6cc5e82ac6d806e1e3c6e5
b5b658533e8b
mps_srv
[13:14:55] --- cfgC_SP_qwen_vl_MPSoff ---
0aa995946d44ad216750fa41e57a4552fe519c9ee58109bea6e51712a66c7d1c
289f89c5a0b8b3ea956bdbed5f68f571d7834564b4e7716543dfc75a6a533820
289f89c5a0b8
ef3b56f77ef5c1b6f30f86c5d467fb5407382a707348617a7c9c70feef9cd192
893fee591de2546815d91c084c7acdc4cbba37bfe2e259da2929aaa51b89ec12
893fee591de2
14371f112d2dcd0531cc05faa2c868d1d4a43b7bcd04aa9d47cd840c6eafa082
1d4f51b3308fe52fde22184b2d1f9d0bb1cc928afc51e0ef2ffe5292bb682e86
1d4f51b3308f
[13:17:30] --- cfgC_SP_qwen_vl_MPSon ---
b007e8e9ab69e5eacca4ff49752e18f37f13b3ea2d20b7898960fc3c52cbbc9c
d53746088b769aaa227cd7bf1423e9507ac124164d332ab4fb1864cbebff0f65
d53746088b76
58b9a0843cd86a7b5f7b9084404b992c1074b794372d447679f1a4243547ef5e
53bfb30c266ffb3b45bc82d103e627f39977cfe0b19e0702d1cb650f97f990cc
53bfb30c266f
4244782f883a99906efa89e3d0c4a89b671a5fa75a672ab17406e1550eedab23
18421f354a50e94def9330b36b344a4e347360b28b04ea1c095d2c38a4da78e4
18421f354a50
mps_srv
[13:19:57] --- cfgC_SP_hbm_stress_MPSoff ---
66878d2f39641f0bfed6e3831cb0c9d76b514e9aefb73ce4c873b9fef6d36501
b8de55a429eaf223e91c039cd2938ba024603ebee61d9524b31f809920588552
0dbd6ace8630d063f5cff18468eb5c71207c735af82c57d3679394f5c35fa1d5
[13:22:27] --- cfgC_SP_hbm_stress_MPSon ---
87de07fc73e229b47d14c4a3daf2bb213bd4703e3c2f27b7d6ae2cd34abd1a6c
ace0e30e7d4a5af6dd508ad6f69f59896310fa0a5b6b5a708b5a6496a37e6aa7
3736a6ff830c061be8655bba8aed3094d4bb23efc50f4531da6f3dd792ca716d
mps_srv
[13:24:51] --- cfgC_SP_qwen_chat_b1_MPSoff ---
725aa439b7d7578d984c0ec89e0a82c240eefdbb156d34f59844c50b19480cd7
3fd1e41b61c5f3d97c54a25da7b496d1ea96d37a5e7b272692496a720bc8d041
0e48eb09b7442171ff2a515d728d90b84f10f4f713935f95a911c839e7c6b0fc
cdc9f97ff336ad0d171bcb7b4def685e98055123ec101e615b64a8dcf5e6d194
834d5f995c74717488466363a294bb60d770392da77cb444f4c436d61d89856b
07f9c48edc1760c4ac0814e48368f8b185e1922e656816f6f947eb05e854ba48
[13:27:24] --- cfgC_SP_qwen_chat_b1_MPSon ---
7a4b56b77ac18ac4ef9c35fc56a78920f3fbf61a048c71777d7ae4e81c4725f5
404339f5c015e44eb0b7d36164f7a6ba5a9291ea456881ae2831d4480dd869f3
c0781f44c28812fb54668129ca171ccc4610ca0dc4d3e9b32d8994b818c995a6
6fa017ed5e17cf87335ce1a654494b06e102b8dde60b2622962935886cec7cde
14b667aebb2820ee7e4b11e829c1c33f3edf02a482ac932bc833205afd0982fb
445678dba53d43b58922ad2540384d94febf6f0d6f269a26a5c8f244371ec916
mps_srv
[13:29:52] --- cfgC_SP_whisper_stream_b1_MPSoff ---
7023da84b6da46604ed12561d2d02faef2aab6d237dd6db416c9a200a32fa280
d6be72d9e392a3ecf3795a8204d6f24fa6b204d03001522d6ed8e7bd92499451
d6be72d9e392
0acebfdda35dfb3d8051d5a9b8c7c624d152995b6d11f711a58219816d493547
871ad162df1e792310c35671e4febbc9c7aed98847bb1474272aa009394050c2
871ad162df1e
8b41ca6ffe6880de001473901bbd7e6e5a5d65cab18d4f3a6393df21a56ffabe
de2ee8dcd5612c77d9f768ef1c76a81c9a4e0cfbb329e14d0d0012c8e16af03d
de2ee8dcd561
[13:32:26] --- cfgC_SP_whisper_stream_b1_MPSon ---
5a3ff712db2e5e4e416ffd771eb79f546c0af7fae501d756f629ca26b1d388ef
18853310cfb4fc81304c71c7cab56b96672e8d3be76d4ae63568ff9d56bf6988
18853310cfb4
b056f37f78082375fcd0680959b9a479f9b93dac2a3da1b0c774dc4d39087ffb
fc32ca453ece9e1068613a63ae5f2a76bfc4cd6759d4bb6f258e3f2212747b91
fc32ca453ece
da8a2cc8850e8e51589c61dd01ae5a0e539ead6a1c12a7d92f8cfd6a8cb0460f
01bf25d3f286adccaeaf5e2d77593550c809385f7b1bd86c731c87b65d1e237f
01bf25d3f286
mps_srv
[13:34:51] --- cfgC_SP_bert_b1_MPSoff ---
784ad1383f6d095bd71f82af83d8f28837cfd7b24d10a94ce9f6b0ad692c1128
cb8c8aa046f99fa40f94148baee8a0fe3b1912b3c911333428887fed422f78f4
cb8c8aa046f9
6c049b784f4a21ea66e9e7e82f109e5a233e5f79b2d265e523e8d225ac7f8f88
79920948bf23dc3a45c777ca3716084e334e6dcfc4011bdc05d8a8553f4ae35e
79920948bf23
d366b4d3e936328b42c2f67ab73c627250fb30c1b3b655609d8fb511e1a335f9
c311b6ef6d08e972a19891a15e62025c2725a5f03949b20d48182785fa779037
c311b6ef6d08
[13:37:23] --- cfgC_SP_bert_b1_MPSon ---
b8dfb1d4394edc0db73516377ab6ceee121e5fd0faa11bd46c56ee0e2bc51d28
34cf8bf75357de33b51fdccacfa8df2e47ec6595fdb71ee08394fed449438a7f
34cf8bf75357
674670d76edb1fb1eb53d6cb3124dee229a593bfb17928626086e2273c241a5b
5068fc5610c48435feeee5ce30b0dfd0cc95197eb9e351bd0a8ed04d1919a6de
5068fc5610c4
41812ee1be1872ede1b00fc96e9249d4e82cab7007a66a91862e6a47fa2ac6f5
4b5eba2cca2010933688cf917ff64520e57a35047a9765f092180877234501ec
4b5eba2cca20
mps_srv
[13:39:50] --- cfgC_SP_embed_lookup_MPSoff ---
9a6d10a0d4520b329d9c3fe868d6cdaeea776bba46342814a968f1510439dcb1
21bc3ba1b3d355f3f64fd64c47bfe27d6e093558505c77ec3b8eaf504cfc4cbb
21bc3ba1b3d3
63b092e7e499bdc4abc5402f3659cee83da8dcd0ecf2172bbbfc30b74c47d2ae
b7a0ee4874fd3afd1d39c2319b437754e2849e596defbdd9ac44df58747b7b72
b7a0ee4874fd
daea3b7bc1755d6bbbacf1f5733fb22638d9d8d43de8b2654beb7e2b7708b796
85fcda64a52a5d03d19551d23cf599553471328e2ad744c1f464e15a08bfb952
85fcda64a52a
[13:42:34] --- cfgC_SP_embed_lookup_MPSon ---
46208ddbd2c4836a2bea1f75111431bcf267fb71a919c664e099c4ad4e50c811
ef81df8b4c339fecfe766acc0385ddca6faf81d7206e7e9f2525d2baec3a9233
ef81df8b4c33
7590199464c02b216be4d9dce6b867c4d3a465bacf2de82fe2d5897148081255
cd63293b4f96e8c359007fb6455aaae829785d954b45de9c28e7ea5664a1e199
cd63293b4f96
847b1eda2d0fdc8b056104f622ac688b6314b3bd73d854f869d96c9a30f75579
8779b06dfc3c73b104b5ef3f4b469e5d608ec4b33faf94e089a4a8ff589b514f
8779b06dfc3c
mps_srv
[13:45:01] --- cfgC_SP_memcpy_loop_MPSoff ---
f3d030b59b8a76e590fe5ef46914dd7c73b0cb23ff1c9b1c67270f9e378949ad
4145a54cd3a0ded4f6de32a776448b09e3ed800387804ea00e0618efadd32e2f
4145a54cd3a0
1918b59d51dd818fd8f86976e401a9dd56d3344917a65e84517f137dd02e8241
18af4693135e830511a1bedbec69e7b1aa9556bca74e66ad35191ab10d35d852
18af4693135e
230c7a24d9acce228015b12cf13fcb64f9b05e59a04351d9b4bc74ed3de44aa1
ccb9deb88854c79fcf2237be64d88c356949d171f1f37771dc2b57663282d7fb
ccb9deb88854
[13:47:49] --- cfgC_SP_memcpy_loop_MPSon ---
2912f54d92de5afe130b764cfe19f652213c053f0aa3eab4379d40c36810b1bc
5add0eb1015b579cc070c02b4d1e01115c9b33976f0b2606ee5b5100fac1f3da
5add0eb1015b
16a23cee795fd449c34e088dec89906cb9fd06ae8aefb77d0b5a79ccb9a3bd43
e7c264d52f9b46e7dff8af634f6e7b3540162c722d70d53f33dc238e4c93e1db
e7c264d52f9b
473b25b7d89fbffd7583232eb2d426c5a7764b73c89a292e7a49cc9bc09cf462
dbeede1f7782c48c4118a4cd1274154e9b74fa9f83759bdf5e2129c4309b309e
dbeede1f7782
mps_srv
[13:50:15] ===== CROSS-PARTITION cfg=C (L1 alone in MIG-e83d1b58-5c9d-5f78-bc4a-38bb1f8c7ef0) =====
[13:50:15] --- cfgC_CP_idle ---
[13:50:52] --- cfgC_CP_nrx ---
294959cd202e
81d8c884fc44
18a54ac35ebf
[13:52:32] --- cfgC_CP_chanpred ---
9a75cdf6160c
f2572d9d5572
49274fa465fe
[13:54:12] --- cfgC_CP_qwen_rag ---
c8c50ef8b3927512e0ec82e5d07b0b0d1a532c2d6078037fe1c80bf73b68a5f0
6c79791e3409e4e1bc59000cfecae87f825ad59e4138309d1519a4e3575a9783
4c7c25379ea39d2ab387806839670f021f57d8818826a20b91672e10c53a3a2f
[13:55:49] --- cfgC_CP_whisper ---
72dbae2ea37e0e4b78d7ad5ddbe0dd461197c4bbfff18f3f8b7a6f759f5aaea6
72dbae2ea37e
c9b701bb019281f26e570c1fa585593e2d0f17045ce7255b3e84f1cee8ec4570
c9b701bb0192
5dcfda58d9f50cc43b6c703f1d3a1c13c1266465e436acd6e0a0e848d2939109
5dcfda58d9f5
[13:57:29] --- cfgC_CP_qwen_vl ---
a34ed664dba559b62fb1e866d3a8d7b1a01880e908c0af35f5bb3033acf5d1f2
a34ed664dba5
9c6cfbd15e00ad6801d8751fa94603b160236bd34aee49c5a4e2e83a3bdac651
9c6cfbd15e00
dc6ef0372b43e1676198acc42c8328edae334cbb7dcabcbf50571316dc747254
dc6ef0372b43
[13:59:11] --- cfgC_CP_hbm_stress ---
[14:00:48] --- cfgC_CP_qwen_chat_b1 ---
273c37e3135e59e0ed239f7a7057a74893c4c0e5a56e2c0785c6645933e196cc
94891e367ce36ec30d590455cddf96e43a31d356c30e20a607e199312e326de7
20e8071bc3310a11bd8cd501d2f2d8e202172c51c82cad6ae22ddecdf15f5a39
[14:02:25] --- cfgC_CP_whisper_stream_b1 ---
41c0e837d064637d40a775c32b0fea7fa6531117eafafdbbe5a1a3018cc5ffe8
41c0e837d064
58b2a3b02c1f96c1da56232dc45d61163b3651da4c6c0764c24d7e99dc68225f
58b2a3b02c1f
d3f70114f9b75e2ec952a57b78c78612334ecfcaeb98147a90762c5d0250eb7b
d3f70114f9b7
[14:04:05] --- cfgC_CP_bert_b1 ---
abd35a5b10dd911c2ce1f6eac0165249ba096d1f35836e7a7e34c1d151db7b3e
abd35a5b10dd
494e32de2de03af261bc36437364f1d2c8a07da6d98236e2bd9e2bcb2ca752b0
494e32de2de0
14e032f1c0914995c5b094f273218c9680d6d27c03840f855cd4e19627e07104
14e032f1c091
[14:05:45] --- cfgC_CP_embed_lookup ---
54a764b2428d19095a0fd1165ef4f37d02b78e419823d34328ca4efe9936a629
54a764b2428d
5e6a26bcd599f1e3ca1893a76d77306009e30d6daad01f8376855658a67fec8c
5e6a26bcd599
b0df56e420262946dde6966cf9600e7fef2ee37fc2bf77d345d1d46c1a15e5b2
b0df56e42026
[14:07:24] --- cfgC_CP_memcpy_loop ---
c9817f928c36a358ac35f4f002ed5c1588b245801d8bc7b9dacb808f9973bf2e
c9817f928c36
d9c89f63a7c3abddbe69bc9a6d513f506bbd93b3f61111f689420827a66e42cd
d9c89f63a7c3
037fa7aa1be8094b0ba6fefe6a77bc9f9d35b04d38a441b5c74b05128923c921
037fa7aa1be8
[14:09:03] --- cfgC_CP_qwen_llm_cross ---
a7c56d38bbda61d1f64b7158becdeb21e2289e5a380ef89505392680adcf3e88
94255598d1e380c0bde9443e903cd52ef6ec70aed62b589823ccb8f9d5f2ea52
9b1b44ffffd542683bd4f65107d05aa04d26de50e8eaf1a61d1ec99d8f93e55f
[14:10:40] ===== CROSS-PARTITION cfg=C 1g slot variant =====
[14:10:40] --- cfgC_CP1g_idle ---
[14:11:17] --- cfgC_CP1g_nrx ---
7de6c0012ae9
e9aa70a544da
eaa00ac947b8
[14:12:56] --- cfgC_CP1g_chanpred ---
ec060cc4c1ea
74d8391608ac
f091e5f719c7
[14:14:35] --- cfgC_CP1g_whisper ---
ee6af34e1665c7118cedcc4231c3ace2da8ae38c8b24845c860ea60947f10c2a
ee6af34e1665
e35b79e387632a85144c73367ecbddee085ac6b389ffde36243db0489fdf8466
e35b79e38763
f7689889819c907bf44c0eda83cf08920c26b9cff6d46ee5489ed929fc2e4c94
f7689889819c
[14:16:15] --- cfgC_CP1g_qwen_llm_cross ---
5ac3dc0020dab0695e27917951219601081fbe4a6189987ea74cb4e1bf25b197
6605081a49748c47e533cbcd14867af486e08560be11d1d4cceb691b659602e7
47a4a2e9447578de3b3eb80add9b9852cc5019f6b0dd054977c61be9f419f3ac
[14:17:54] --- cfgC_CP1g_hbm_stress ---
[14:20:05] === chain14 DONE ===
captures: 339
