[05:06:18] === chain17_ncu START ===
[05:06:18] == MIG A: 4g+3g ==
[05:06:30]   L1=MIG-dae3f173-7b15-594b-bc80-6cef80687a56 CROSS=MIG-80a4659b-f06f-540b-9f4b-1c91f78aaaf3
[05:06:30] --- cfgA_NCU_idle_MPSoff ---
[05:06:41] --- cfgA_NCU_idle_MPSon ---
mps_srv
[05:06:48] --- cfgA_NCU_nrx_MPSoff ---
59ca661dd395
[05:07:15] --- cfgA_NCU_nrx_MPSon ---
9cad71b0937a
mps_srv
[05:07:37] --- cfgA_NCU_memcpy_loop_MPSoff ---
d101a6d9541d
[05:08:04] --- cfgA_NCU_memcpy_loop_MPSon ---
2b32679421d3
mps_srv
[05:08:26] --- cfgA_NCU_embed_lookup_MPSoff ---
65e5c892bbc0
[05:08:53] --- cfgA_NCU_embed_lookup_MPSon ---
1ba46682a151
mps_srv
[05:09:15] --- cfgA_NCU_ranai_mix_MPSoff ---
7751b2cb5bcc
[05:09:42] --- cfgA_NCU_ranai_mix_MPSon ---
c5b4e05dab1c
mps_srv
[05:10:04] --- cfgA_NCU_nrx_multi4_MPSoff ---
06ae8cb51b74
d9870cb55677
3567a8f81739
923788a6935d
[05:10:33] --- cfgA_NCU_nrx_multi4_MPSon ---
a773499bbf08
653d804e24ef
03d9a0bf140b
b94a7e53f073
mps_srv
[05:11:33] === chain17_ncu DONE ===
ncu csv: 12
