[01:34:01] === chain19 Exp 4 (Bursty AI) START ===
Successfully created GPU instance ID  2 on GPU  0 using profile MIG 4g.20gb (ID  5)
Successfully created compute instance ID  0 on GPU  0 GPU instance ID  2 using profile MIG 4g.20gb (ID  3)
Successfully created GPU instance ID  1 on GPU  0 using profile MIG 3g.20gb (ID  9)
Successfully created compute instance ID  0 on GPU  0 GPU instance ID  1 using profile MIG 3g.20gb (ID  2)
[01:34:43]   UUID_L1=MIG-df36aec3-fd0a-5285-b930-c6567fed1353
[01:34:43] --- e4_steady_N4_t1 ---
[01:35:20] --- e4_steady_N4_t2 ---
[01:35:56] --- e4_steady_N4_t3 ---
[01:36:33] --- e4_burst_kpb100_idle900_N4_t1 ---
[01:37:09] --- e4_burst_kpb100_idle900_N4_t2 ---
[01:37:45] --- e4_burst_kpb100_idle900_N4_t3 ---
[01:38:21] --- e4_burst_kpb100_idle900_N6_t1 ---
[01:38:59] --- e4_burst_kpb100_idle900_N6_t2 ---
[01:39:37] --- e4_burst_kpb100_idle900_N6_t3 ---
[01:40:15] --- e4_burst_kpb100_idle90_N4_t1 ---
[01:40:51] --- e4_burst_kpb100_idle90_N4_t2 ---
[01:41:28] --- e4_burst_kpb100_idle90_N4_t3 ---
[01:42:04] --- e4_burst_kpb100_idle90_N6_t1 ---
[01:42:42] --- e4_burst_kpb100_idle90_N6_t2 ---
[01:43:20] --- e4_burst_kpb100_idle90_N6_t3 ---
[01:43:58] --- e4_burst_kpb500_idle900_N4_t1 ---
[01:44:34] --- e4_burst_kpb500_idle900_N4_t2 ---
[01:45:10] --- e4_burst_kpb500_idle900_N4_t3 ---
[01:45:46] --- e4_burst_kpb500_idle900_N6_t1 ---
[01:46:24] --- e4_burst_kpb500_idle900_N6_t2 ---
[01:47:01] --- e4_burst_kpb500_idle900_N6_t3 ---
[01:47:40] --- e4_burst_kpb500_idle90_N4_t1 ---
[01:48:17] --- e4_burst_kpb500_idle90_N4_t2 ---
[01:48:54] --- e4_burst_kpb500_idle90_N4_t3 ---
[01:49:29] --- e4_burst_kpb500_idle90_N6_t1 ---
[01:50:07] --- e4_burst_kpb500_idle90_N6_t2 ---
[01:50:45] --- e4_burst_kpb500_idle90_N6_t3 ---
[01:51:23] --- e4_burst_kpb1000_idle900_N4_t1 ---
[01:51:59] --- e4_burst_kpb1000_idle900_N4_t2 ---
[01:52:35] --- e4_burst_kpb1000_idle900_N4_t3 ---
[01:53:11] --- e4_burst_kpb1000_idle900_N6_t1 ---
[01:53:49] --- e4_burst_kpb1000_idle900_N6_t2 ---
[01:54:26] --- e4_burst_kpb1000_idle900_N6_t3 ---
[01:55:05] --- e4_burst_kpb1000_idle90_N4_t1 ---
[01:55:41] --- e4_burst_kpb1000_idle90_N4_t2 ---
[01:56:18] --- e4_burst_kpb1000_idle90_N4_t3 ---
[01:56:54] --- e4_burst_kpb1000_idle90_N6_t1 ---
[01:57:32] --- e4_burst_kpb1000_idle90_N6_t2 ---
[01:58:09] --- e4_burst_kpb1000_idle90_N6_t3 ---
[01:58:48] === chain19 Exp 4 DONE ===
