salloc: Pending job allocation 58694130
salloc: job 58694130 queued and waiting for resources
salloc: job 58694130 has been allocated resources
salloc: Granted job allocation 58694130
salloc: Nodes nid001164 are ready for job
CUDA lazy loading is not enabled. Enabling it can significantly reduce device memory usage and speed up TensorRT initialization. See "Lazy Loading" section of CUDA documentation https://docs.nvidia.com/cuda/cuda-c-programming-guide/index.html#lazy-loading
Traceback (most recent call last):
  File "/softwall/probe_aerial_tdl_compatibility.py", line 129, in <module>
    main()
  File "/softwall/probe_aerial_tdl_compatibility.py", line 67, in main
    channel = FadingChan(
  File "/opt/nvidia/cuBB/pyaerial/src/aerial/phy5g/chan_models/fading_chan.py", line 145, in __init__
    self.fast_fading = pycuphy.TdlChan(
TypeError: __init__(): incompatible constructor arguments. The following argument types are supported:
    1. aerial.pycuphy._pycuphy.TdlChan(tdl_cfg: aerial.pycuphy._pycuphy.TdlConfig, tx_signal_in_gpu: int, rand_seed: int, stream_handle: int)
    2. aerial.pycuphy._pycuphy.TdlChan(tdl_cfg: aerial.pycuphy._pycuphy.TdlConfig, tx_signal_in_cpu: numpy.ndarray[numpy.complex64], rand_seed: int, stream_handle: int)

Invoked with: kwargs: tdl_cfg=<aerial.pycuphy._pycuphy.TdlConfig object at 0x7f66ee7dea70>, tx_signal_in_cpu=array([ 0.        +0.j        ,  0.        +0.j        ,
        0.        +0.j        , ...,  0.35351562+0.35351562j,
       -0.35351562-0.35351562j,  0.35351562+0.35351562j],
      shape=(183456,), dtype=complex64), rand_seed=20357001, stream_handle=94081277167200
15:18:55.844603 cuphy.hpp:122    CON[2131709] [CUPHY.MEMFOOT] cuphyMemoryFootprint - GPU allocation: 98.130 MiB for cuPHY PDSCH channel object (0x5590f97b1330).
srun: error: nid001164: task 0: Exited with exit code 1
srun: Terminating StepId=58694130.0
salloc: Relinquishing job allocation 58694130
