salloc: Granted job allocation 58693851
salloc: Waiting for resource configuration
salloc: Nodes nid001169 are ready for job
CUDA lazy loading is not enabled. Enabling it can significantly reduce device memory usage and speed up TensorRT initialization. See "Lazy Loading" section of CUDA documentation https://docs.nvidia.com/cuda/cuda-c-programming-guide/index.html#lazy-loading
[SNR] -8.5dB conv=184/500 nrx=216/500 union=216/500 conv_only=0 nrx_only=32
15:06:41.257625 cuphy.hpp:122    CON[2014366] [CUPHY.MEMFOOT] cuphyMemoryFootprint - GPU allocation: 98.130 MiB for cuPHY PDSCH channel object (0x55712ea823c0).
CUDA lazy loading is not enabled. Enabling it can significantly reduce device memory usage and speed up TensorRT initialization. See "Lazy Loading" section of CUDA documentation https://docs.nvidia.com/cuda/cuda-c-programming-guide/index.html#lazy-loading
[SNR] -8.5dB conv=184/500 nrx=487/500 union=491/500 conv_only=4 nrx_only=307
15:06:54.753990 cuphy.hpp:122    CON[2014605] [CUPHY.MEMFOOT] cuphyMemoryFootprint - GPU allocation: 98.130 MiB for cuPHY PDSCH channel object (0x563d7662bb70).
CUDA lazy loading is not enabled. Enabling it can significantly reduce device memory usage and speed up TensorRT initialization. See "Lazy Loading" section of CUDA documentation https://docs.nvidia.com/cuda/cuda-c-programming-guide/index.html#lazy-loading
[SNR] -8.5dB conv=187/500 nrx=488/500 union=490/500 conv_only=2 nrx_only=303
15:07:06.696160 cuphy.hpp:122    CON[2014854] [CUPHY.MEMFOOT] cuphyMemoryFootprint - GPU allocation: 98.130 MiB for cuPHY PDSCH channel object (0x562b0bfd0f30).
CUDA lazy loading is not enabled. Enabling it can significantly reduce device memory usage and speed up TensorRT initialization. See "Lazy Loading" section of CUDA documentation https://docs.nvidia.com/cuda/cuda-c-programming-guide/index.html#lazy-loading
[SNR] -8.5dB conv=186/500 nrx=213/500 union=214/500 conv_only=1 nrx_only=28
15:07:19.016807 cuphy.hpp:122    CON[2015089] [CUPHY.MEMFOOT] cuphyMemoryFootprint - GPU allocation: 98.130 MiB for cuPHY PDSCH channel object (0x55cecd315d00).
{
  "schema": "softwall-channel-feature-gate-v1",
  "feature": "channel_estimate_power",
  "train_seed": 20356001,
  "test_seed": 20356002,
  "snr_db": -8.5,
  "trials_per_arm": 500,
  "train_auc_conventional_correct": 0.9987444964226747,
  "test_auc_conventional_correct": 0.9992295048284364,
  "post_fading_auc_train": 0.5137589433131535,
  "post_fading_auc_test": 0.5002648169346159,
  "threshold_selected_on_train": 2.0381035804748535,
  "train_gate": {
    "skipped_nrx": 182,
    "skipped_fraction": 0.364,
    "neural_only_lost": 2,
    "radio_loss_fraction": 0.004
  },
  "test_gate": {
    "skipped_nrx": 182,
    "skipped_fraction": 0.364,
    "neural_only_lost": 2,
    "radio_loss_fraction": 0.004
  },
  "test_neural_only_correct": 28,
  "max_feature_gpu_ms": 303.9315490722656,
  "diagnostic_gates": {
    "train_loss_at_most_two": true,
    "heldout_skip_at_least_ten_percent": true,
    "heldout_radio_loss_at_most_one_percent": true,
    "heldout_has_neural_only_cases": false,
    "feature_gpu_max_under_five_ms": false
  },
  "evidence_scope": "offline paired-branch calibration only; no online admission, AI throughput, PHY expiry or WCET claim",
  "diagnostic_pass": false
}
salloc: Relinquishing job allocation 58693851
