salloc: Granted job allocation 58690809
salloc: Waiting for resource configuration
salloc: Nodes nid001160 are ready for job
CUDA lazy loading is not enabled. Enabling it can significantly reduce device memory usage and speed up TensorRT initialization. See "Lazy Loading" section of CUDA documentation https://docs.nvidia.com/cuda/cuda-c-programming-guide/index.html#lazy-loading
[S2] policy=conventional_only n=200 p99=5.643ms max=7.803ms miss=0 correct=200 nrx=0 conv=200 bg=0 duplicate=0
12:53:29.729381 cuphy.hpp:122    CON[1751054] [CUPHY.MEMFOOT] cuphyMemoryFootprint - GPU allocation: 98.130 MiB for cuPHY PDSCH channel object (0x55619d024270).
confirm52 operational requalification passed
[AI-WORKER] rpc ready /pscratch/sd/s/sgkim/kcj/airan_cloudlab/mps/58690809/c52_1751006_1_mps_idle.sock
CUDA lazy loading is not enabled. Enabling it can significantly reduce device memory usage and speed up TensorRT initialization. See "Lazy Loading" section of CUDA documentation https://docs.nvidia.com/cuda/cuda-c-programming-guide/index.html#lazy-loading
[OVERRUN] n=1000 injected=0 timeout=0 miss=0 injected_miss=0 p99=15.909ms injected_max=n/a
12:54:16.337194 cuphy.hpp:122    CON[1751678] [CUPHY.MEMFOOT] cuphyMemoryFootprint - GPU allocation: 98.130 MiB for cuPHY PDSCH channel object (0x55c9558d4be0).
confirm52 done round=1 condition=mps_idle
[AI-WORKER] rpc ready /pscratch/sd/s/sgkim/kcj/airan_cloudlab/mps/58690809/c52_1751006_1_mps_ack_only.sock
CUDA lazy loading is not enabled. Enabling it can significantly reduce device memory usage and speed up TensorRT initialization. See "Lazy Loading" section of CUDA documentation https://docs.nvidia.com/cuda/cuda-c-programming-guide/index.html#lazy-loading
[OVERRUN] n=1000 injected=0 timeout=0 miss=0 injected_miss=0 p99=14.629ms injected_max=n/a
12:55:49.681084 cuphy.hpp:122    CON[1752543] [CUPHY.MEMFOOT] cuphyMemoryFootprint - GPU allocation: 98.130 MiB for cuPHY PDSCH channel object (0x55f6115f1de0).
confirm52 done round=1 condition=mps_ack_only
[AI-WORKER] rpc ready /pscratch/sd/s/sgkim/kcj/airan_cloudlab/mps/58690809/c52_1751006_1_mps_retired.sock
CUDA lazy loading is not enabled. Enabling it can significantly reduce device memory usage and speed up TensorRT initialization. See "Lazy Loading" section of CUDA documentation https://docs.nvidia.com/cuda/cuda-c-programming-guide/index.html#lazy-loading
[OVERRUN] n=1000 injected=0 timeout=0 miss=0 injected_miss=0 p99=15.177ms injected_max=n/a
12:57:21.871868 cuphy.hpp:122    CON[1753324] [CUPHY.MEMFOOT] cuphyMemoryFootprint - GPU allocation: 98.130 MiB for cuPHY PDSCH channel object (0x5612ab3a3c60).
confirm52 done round=1 condition=mps_retired
[AI-WORKER] rpc ready /pscratch/sd/s/sgkim/kcj/airan_cloudlab/mps/58690809/c52_1751006_2_mps_retired.sock
CUDA lazy loading is not enabled. Enabling it can significantly reduce device memory usage and speed up TensorRT initialization. See "Lazy Loading" section of CUDA documentation https://docs.nvidia.com/cuda/cuda-c-programming-guide/index.html#lazy-loading
[OVERRUN] n=1000 injected=0 timeout=0 miss=0 injected_miss=0 p99=15.460ms injected_max=n/a
12:58:55.819901 cuphy.hpp:122    CON[1755501] [CUPHY.MEMFOOT] cuphyMemoryFootprint - GPU allocation: 98.130 MiB for cuPHY PDSCH channel object (0x56058be42510).
confirm52 done round=2 condition=mps_retired
[AI-WORKER] rpc ready /pscratch/sd/s/sgkim/kcj/airan_cloudlab/mps/58690809/c52_1751006_2_mps_ack_only.sock
CUDA lazy loading is not enabled. Enabling it can significantly reduce device memory usage and speed up TensorRT initialization. See "Lazy Loading" section of CUDA documentation https://docs.nvidia.com/cuda/cuda-c-programming-guide/index.html#lazy-loading
[OVERRUN] n=1000 injected=0 timeout=0 miss=0 injected_miss=0 p99=14.654ms injected_max=n/a
13:00:30.011471 cuphy.hpp:122    CON[1756381] [CUPHY.MEMFOOT] cuphyMemoryFootprint - GPU allocation: 98.130 MiB for cuPHY PDSCH channel object (0x5564e7490c80).
confirm52 done round=2 condition=mps_ack_only
[AI-WORKER] rpc ready /pscratch/sd/s/sgkim/kcj/airan_cloudlab/mps/58690809/c52_1751006_2_mps_idle.sock
CUDA lazy loading is not enabled. Enabling it can significantly reduce device memory usage and speed up TensorRT initialization. See "Lazy Loading" section of CUDA documentation https://docs.nvidia.com/cuda/cuda-c-programming-guide/index.html#lazy-loading
[OVERRUN] n=1000 injected=0 timeout=0 miss=0 injected_miss=0 p99=18.625ms injected_max=n/a
13:02:02.657681 cuphy.hpp:122    CON[1757158] [CUPHY.MEMFOOT] cuphyMemoryFootprint - GPU allocation: 98.130 MiB for cuPHY PDSCH channel object (0x55a63e0e6a60).
confirm52 done round=2 condition=mps_idle
[AI-WORKER] rpc ready /pscratch/sd/s/sgkim/kcj/airan_cloudlab/mps/58690809/c52_1751006_3_mps_idle.sock
CUDA lazy loading is not enabled. Enabling it can significantly reduce device memory usage and speed up TensorRT initialization. See "Lazy Loading" section of CUDA documentation https://docs.nvidia.com/cuda/cuda-c-programming-guide/index.html#lazy-loading
[OVERRUN] n=1000 injected=0 timeout=0 miss=0 injected_miss=0 p99=17.382ms injected_max=n/a
13:03:36.380186 cuphy.hpp:122    CON[1758011] [CUPHY.MEMFOOT] cuphyMemoryFootprint - GPU allocation: 98.130 MiB for cuPHY PDSCH channel object (0x555740b0ec10).
confirm52 done round=3 condition=mps_idle
[AI-WORKER] rpc ready /pscratch/sd/s/sgkim/kcj/airan_cloudlab/mps/58690809/c52_1751006_3_mps_ack_only.sock
CUDA lazy loading is not enabled. Enabling it can significantly reduce device memory usage and speed up TensorRT initialization. See "Lazy Loading" section of CUDA documentation https://docs.nvidia.com/cuda/cuda-c-programming-guide/index.html#lazy-loading
[OVERRUN] n=1000 injected=0 timeout=0 miss=1 injected_miss=0 p99=15.070ms injected_max=n/a
13:05:10.248459 cuphy.hpp:122    CON[1758879] [CUPHY.MEMFOOT] cuphyMemoryFootprint - GPU allocation: 98.130 MiB for cuPHY PDSCH channel object (0x55c20a766c90).
confirm52 done round=3 condition=mps_ack_only
[AI-WORKER] rpc ready /pscratch/sd/s/sgkim/kcj/airan_cloudlab/mps/58690809/c52_1751006_3_mps_retired.sock
CUDA lazy loading is not enabled. Enabling it can significantly reduce device memory usage and speed up TensorRT initialization. See "Lazy Loading" section of CUDA documentation https://docs.nvidia.com/cuda/cuda-c-programming-guide/index.html#lazy-loading
[OVERRUN] n=1000 injected=0 timeout=0 miss=0 injected_miss=0 p99=14.424ms injected_max=n/a
13:06:42.355225 cuphy.hpp:122    CON[1759652] [CUPHY.MEMFOOT] cuphyMemoryFootprint - GPU allocation: 98.130 MiB for cuPHY PDSCH channel object (0x557567db1e90).
confirm52 done round=3 condition=mps_retired
[AI-WORKER] rpc ready /pscratch/sd/s/sgkim/kcj/airan_cloudlab/mps/58690809/c52_1751006_4_mps_retired.sock
CUDA lazy loading is not enabled. Enabling it can significantly reduce device memory usage and speed up TensorRT initialization. See "Lazy Loading" section of CUDA documentation https://docs.nvidia.com/cuda/cuda-c-programming-guide/index.html#lazy-loading
[OVERRUN] n=1000 injected=0 timeout=0 miss=0 injected_miss=0 p99=15.977ms injected_max=n/a
13:08:16.506557 cuphy.hpp:122    CON[1760503] [CUPHY.MEMFOOT] cuphyMemoryFootprint - GPU allocation: 98.130 MiB for cuPHY PDSCH channel object (0x5599366fec50).
confirm52 done round=4 condition=mps_retired
[AI-WORKER] rpc ready /pscratch/sd/s/sgkim/kcj/airan_cloudlab/mps/58690809/c52_1751006_4_mps_ack_only.sock
CUDA lazy loading is not enabled. Enabling it can significantly reduce device memory usage and speed up TensorRT initialization. See "Lazy Loading" section of CUDA documentation https://docs.nvidia.com/cuda/cuda-c-programming-guide/index.html#lazy-loading
[OVERRUN] n=1000 injected=0 timeout=0 miss=1 injected_miss=0 p99=16.908ms injected_max=n/a
13:09:50.544685 cuphy.hpp:122    CON[1762697] [CUPHY.MEMFOOT] cuphyMemoryFootprint - GPU allocation: 98.130 MiB for cuPHY PDSCH channel object (0x555595fa6c80).
confirm52 done round=4 condition=mps_ack_only
[AI-WORKER] rpc ready /pscratch/sd/s/sgkim/kcj/airan_cloudlab/mps/58690809/c52_1751006_4_mps_idle.sock
CUDA lazy loading is not enabled. Enabling it can significantly reduce device memory usage and speed up TensorRT initialization. See "Lazy Loading" section of CUDA documentation https://docs.nvidia.com/cuda/cuda-c-programming-guide/index.html#lazy-loading
[OVERRUN] n=1000 injected=0 timeout=0 miss=0 injected_miss=0 p99=15.488ms injected_max=n/a
13:11:22.411532 cuphy.hpp:122    CON[1763481] [CUPHY.MEMFOOT] cuphyMemoryFootprint - GPU allocation: 98.130 MiB for cuPHY PDSCH channel object (0x562914ec3de0).
confirm52 done round=4 condition=mps_idle
[AI-WORKER] rpc ready /pscratch/sd/s/sgkim/kcj/airan_cloudlab/mps/58690809/c52_1751006_5_mps_idle.sock
CUDA lazy loading is not enabled. Enabling it can significantly reduce device memory usage and speed up TensorRT initialization. See "Lazy Loading" section of CUDA documentation https://docs.nvidia.com/cuda/cuda-c-programming-guide/index.html#lazy-loading
[OVERRUN] n=1000 injected=0 timeout=0 miss=0 injected_miss=0 p99=14.839ms injected_max=n/a
13:12:55.931281 cuphy.hpp:122    CON[1764325] [CUPHY.MEMFOOT] cuphyMemoryFootprint - GPU allocation: 98.130 MiB for cuPHY PDSCH channel object (0x55cc26716c20).
confirm52 done round=5 condition=mps_idle
[AI-WORKER] rpc ready /pscratch/sd/s/sgkim/kcj/airan_cloudlab/mps/58690809/c52_1751006_5_mps_ack_only.sock
CUDA lazy loading is not enabled. Enabling it can significantly reduce device memory usage and speed up TensorRT initialization. See "Lazy Loading" section of CUDA documentation https://docs.nvidia.com/cuda/cuda-c-programming-guide/index.html#lazy-loading
[OVERRUN] n=1000 injected=0 timeout=0 miss=1 injected_miss=0 p99=16.139ms injected_max=n/a
13:14:29.488341 cuphy.hpp:122    CON[1765187] [CUPHY.MEMFOOT] cuphyMemoryFootprint - GPU allocation: 98.130 MiB for cuPHY PDSCH channel object (0x55bd7ecfac80).
confirm52 done round=5 condition=mps_ack_only
[AI-WORKER] rpc ready /pscratch/sd/s/sgkim/kcj/airan_cloudlab/mps/58690809/c52_1751006_5_mps_retired.sock
CUDA lazy loading is not enabled. Enabling it can significantly reduce device memory usage and speed up TensorRT initialization. See "Lazy Loading" section of CUDA documentation https://docs.nvidia.com/cuda/cuda-c-programming-guide/index.html#lazy-loading
[OVERRUN] n=1000 injected=0 timeout=0 miss=0 injected_miss=0 p99=15.583ms injected_max=n/a
13:16:01.451524 cuphy.hpp:122    CON[1765958] [CUPHY.MEMFOOT] cuphyMemoryFootprint - GPU allocation: 98.130 MiB for cuPHY PDSCH channel object (0x559ffbe02d50).
confirm52 done round=5 condition=mps_retired
[AI-WORKER] rpc ready /pscratch/sd/s/sgkim/kcj/airan_cloudlab/mps/58690809/c52_1751006_6_mps_retired.sock
CUDA lazy loading is not enabled. Enabling it can significantly reduce device memory usage and speed up TensorRT initialization. See "Lazy Loading" section of CUDA documentation https://docs.nvidia.com/cuda/cuda-c-programming-guide/index.html#lazy-loading
[OVERRUN] n=1000 injected=0 timeout=0 miss=0 injected_miss=0 p99=16.013ms injected_max=n/a
13:17:35.450436 cuphy.hpp:122    CON[1766803] [CUPHY.MEMFOOT] cuphyMemoryFootprint - GPU allocation: 98.130 MiB for cuPHY PDSCH channel object (0x55731b7d61b0).
confirm52 done round=6 condition=mps_retired
[AI-WORKER] rpc ready /pscratch/sd/s/sgkim/kcj/airan_cloudlab/mps/58690809/c52_1751006_6_mps_ack_only.sock
CUDA lazy loading is not enabled. Enabling it can significantly reduce device memory usage and speed up TensorRT initialization. See "Lazy Loading" section of CUDA documentation https://docs.nvidia.com/cuda/cuda-c-programming-guide/index.html#lazy-loading
[OVERRUN] n=1000 injected=0 timeout=0 miss=1 injected_miss=0 p99=15.149ms injected_max=n/a
13:19:09.192453 cuphy.hpp:122    CON[1769215] [CUPHY.MEMFOOT] cuphyMemoryFootprint - GPU allocation: 98.130 MiB for cuPHY PDSCH channel object (0x5578928c4dc0).
confirm52 done round=6 condition=mps_ack_only
[AI-WORKER] rpc ready /pscratch/sd/s/sgkim/kcj/airan_cloudlab/mps/58690809/c52_1751006_6_mps_idle.sock
CUDA lazy loading is not enabled. Enabling it can significantly reduce device memory usage and speed up TensorRT initialization. See "Lazy Loading" section of CUDA documentation https://docs.nvidia.com/cuda/cuda-c-programming-guide/index.html#lazy-loading
[OVERRUN] n=1000 injected=0 timeout=0 miss=0 injected_miss=0 p99=14.101ms injected_max=n/a
13:20:41.413710 cuphy.hpp:122    CON[1769990] [CUPHY.MEMFOOT] cuphyMemoryFootprint - GPU allocation: 98.130 MiB for cuPHY PDSCH channel object (0x55d0b80831d0).
confirm52 done round=6 condition=mps_idle
[AI-WORKER] rpc ready /pscratch/sd/s/sgkim/kcj/airan_cloudlab/mps/58690809/c52_1751006_7_mps_idle.sock
CUDA lazy loading is not enabled. Enabling it can significantly reduce device memory usage and speed up TensorRT initialization. See "Lazy Loading" section of CUDA documentation https://docs.nvidia.com/cuda/cuda-c-programming-guide/index.html#lazy-loading
[OVERRUN] n=1000 injected=0 timeout=0 miss=0 injected_miss=0 p99=15.457ms injected_max=n/a
13:22:15.263867 cuphy.hpp:122    CON[1771158] [CUPHY.MEMFOOT] cuphyMemoryFootprint - GPU allocation: 98.130 MiB for cuPHY PDSCH channel object (0x55997f1fcb80).
confirm52 done round=7 condition=mps_idle
[AI-WORKER] rpc ready /pscratch/sd/s/sgkim/kcj/airan_cloudlab/mps/58690809/c52_1751006_7_mps_ack_only.sock
CUDA lazy loading is not enabled. Enabling it can significantly reduce device memory usage and speed up TensorRT initialization. See "Lazy Loading" section of CUDA documentation https://docs.nvidia.com/cuda/cuda-c-programming-guide/index.html#lazy-loading
[OVERRUN] n=1000 injected=0 timeout=0 miss=0 injected_miss=0 p99=14.060ms injected_max=n/a
13:23:48.825493 cuphy.hpp:122    CON[1772027] [CUPHY.MEMFOOT] cuphyMemoryFootprint - GPU allocation: 98.130 MiB for cuPHY PDSCH channel object (0x563cd296ab30).
confirm52 done round=7 condition=mps_ack_only
[AI-WORKER] rpc ready /pscratch/sd/s/sgkim/kcj/airan_cloudlab/mps/58690809/c52_1751006_7_mps_retired.sock
CUDA lazy loading is not enabled. Enabling it can significantly reduce device memory usage and speed up TensorRT initialization. See "Lazy Loading" section of CUDA documentation https://docs.nvidia.com/cuda/cuda-c-programming-guide/index.html#lazy-loading
[OVERRUN] n=1000 injected=0 timeout=0 miss=1 injected_miss=0 p99=16.098ms injected_max=n/a
13:25:21.065882 cuphy.hpp:122    CON[1772799] [CUPHY.MEMFOOT] cuphyMemoryFootprint - GPU allocation: 98.130 MiB for cuPHY PDSCH channel object (0x55ad994accc0).
confirm52 done round=7 condition=mps_retired
[AI-WORKER] rpc ready /pscratch/sd/s/sgkim/kcj/airan_cloudlab/mps/58690809/c52_1751006_8_mps_retired.sock
CUDA lazy loading is not enabled. Enabling it can significantly reduce device memory usage and speed up TensorRT initialization. See "Lazy Loading" section of CUDA documentation https://docs.nvidia.com/cuda/cuda-c-programming-guide/index.html#lazy-loading
[OVERRUN] n=1000 injected=0 timeout=0 miss=1 injected_miss=0 p99=15.413ms injected_max=n/a
13:26:55.179055 cuphy.hpp:122    CON[1773650] [CUPHY.MEMFOOT] cuphyMemoryFootprint - GPU allocation: 98.130 MiB for cuPHY PDSCH channel object (0x55dfea628d50).
confirm52 done round=8 condition=mps_retired
[AI-WORKER] rpc ready /pscratch/sd/s/sgkim/kcj/airan_cloudlab/mps/58690809/c52_1751006_8_mps_ack_only.sock
CUDA lazy loading is not enabled. Enabling it can significantly reduce device memory usage and speed up TensorRT initialization. See "Lazy Loading" section of CUDA documentation https://docs.nvidia.com/cuda/cuda-c-programming-guide/index.html#lazy-loading
[OVERRUN] n=1000 injected=0 timeout=0 miss=2 injected_miss=0 p99=17.851ms injected_max=n/a
13:28:29.000029 cuphy.hpp:122    CON[1774493] [CUPHY.MEMFOOT] cuphyMemoryFootprint - GPU allocation: 98.130 MiB for cuPHY PDSCH channel object (0x55d58315a410).
confirm52 done round=8 condition=mps_ack_only
[AI-WORKER] rpc ready /pscratch/sd/s/sgkim/kcj/airan_cloudlab/mps/58690809/c52_1751006_8_mps_idle.sock
CUDA lazy loading is not enabled. Enabling it can significantly reduce device memory usage and speed up TensorRT initialization. See "Lazy Loading" section of CUDA documentation https://docs.nvidia.com/cuda/cuda-c-programming-guide/index.html#lazy-loading
[OVERRUN] n=1000 injected=0 timeout=0 miss=0 injected_miss=0 p99=15.302ms injected_max=n/a
13:30:01.747736 cuphy.hpp:122    CON[1776624] [CUPHY.MEMFOOT] cuphyMemoryFootprint - GPU allocation: 98.130 MiB for cuPHY PDSCH channel object (0x562b6d1c8500).
confirm52 done round=8 condition=mps_idle
[AI-WORKER] rpc ready /pscratch/sd/s/sgkim/kcj/airan_cloudlab/mps/58690809/c52_1751006_9_mps_idle.sock
CUDA lazy loading is not enabled. Enabling it can significantly reduce device memory usage and speed up TensorRT initialization. See "Lazy Loading" section of CUDA documentation https://docs.nvidia.com/cuda/cuda-c-programming-guide/index.html#lazy-loading
[OVERRUN] n=1000 injected=0 timeout=0 miss=0 injected_miss=0 p99=16.417ms injected_max=n/a
13:31:35.515150 cuphy.hpp:122    CON[1777478] [CUPHY.MEMFOOT] cuphyMemoryFootprint - GPU allocation: 98.130 MiB for cuPHY PDSCH channel object (0x56058f688e70).
confirm52 done round=9 condition=mps_idle
[AI-WORKER] rpc ready /pscratch/sd/s/sgkim/kcj/airan_cloudlab/mps/58690809/c52_1751006_9_mps_ack_only.sock
CUDA lazy loading is not enabled. Enabling it can significantly reduce device memory usage and speed up TensorRT initialization. See "Lazy Loading" section of CUDA documentation https://docs.nvidia.com/cuda/cuda-c-programming-guide/index.html#lazy-loading
[OVERRUN] n=1000 injected=0 timeout=0 miss=0 injected_miss=0 p99=13.436ms injected_max=n/a
13:33:09.616952 cuphy.hpp:122    CON[1778325] [CUPHY.MEMFOOT] cuphyMemoryFootprint - GPU allocation: 98.130 MiB for cuPHY PDSCH channel object (0x5590d01eeb30).
confirm52 done round=9 condition=mps_ack_only
[AI-WORKER] rpc ready /pscratch/sd/s/sgkim/kcj/airan_cloudlab/mps/58690809/c52_1751006_9_mps_retired.sock
CUDA lazy loading is not enabled. Enabling it can significantly reduce device memory usage and speed up TensorRT initialization. See "Lazy Loading" section of CUDA documentation https://docs.nvidia.com/cuda/cuda-c-programming-guide/index.html#lazy-loading
[OVERRUN] n=1000 injected=0 timeout=0 miss=0 injected_miss=0 p99=16.329ms injected_max=n/a
13:34:41.944617 cuphy.hpp:122    CON[1779120] [CUPHY.MEMFOOT] cuphyMemoryFootprint - GPU allocation: 98.130 MiB for cuPHY PDSCH channel object (0x55fa30ab3de0).
confirm52 done round=9 condition=mps_retired
[AI-WORKER] rpc ready /pscratch/sd/s/sgkim/kcj/airan_cloudlab/mps/58690809/c52_1751006_10_mps_retired.sock
CUDA lazy loading is not enabled. Enabling it can significantly reduce device memory usage and speed up TensorRT initialization. See "Lazy Loading" section of CUDA documentation https://docs.nvidia.com/cuda/cuda-c-programming-guide/index.html#lazy-loading
[2026-09-21T13:36:43.809] error: *** STEP 58690809.0 ON nid001160 CANCELLED AT 2026-09-21T13:36:43 DUE to SIGNAL Terminated ***
salloc: Job allocation 58690809 has been revoked.
srun: Job step aborted: Waiting up to 32 seconds for job step to finish.
MPS quit command did not return within 5 seconds
srun: error: nid001160: task 0: Killed
srun: Terminating StepId=58690809.0
