{
  "uniform_equal": {
    "feasible_cases": 41,
    "cases_with_multiple_feasible_nrx_subsets": 32,
    "cases_with_distinct_ai_values": 31,
    "max_expected_ai_range": 0.6631329284089995
  },
  "uniform_varied": {
    "feasible_cases": 41,
    "cases_with_multiple_feasible_nrx_subsets": 32,
    "cases_with_distinct_ai_values": 31,
    "max_expected_ai_range": 0.6631329284090004
  },
  "mixed_equal": {
    "feasible_cases": 41,
    "cases_with_multiple_feasible_nrx_subsets": 32,
    "cases_with_distinct_ai_values": 31,
    "max_expected_ai_range": 0.6631329284089995
  },
  "mixed_varied": {
    "feasible_cases": 41,
    "cases_with_multiple_feasible_nrx_subsets": 32,
    "cases_with_distinct_ai_values": 31,
    "max_expected_ai_range": 0.6631329284090004
  }
}
