{
  "uniform_equal": {
    "feasible": 41,
    "joint_differs_from_minimal": 27,
    "joint_ai_above_minimal": 27,
    "joint_ai_above_minimal_without_lower_radio": 24,
    "mean_joint_minus_minimal_ai": 0.18132579434198154,
    "mean_joint_minus_minimal_radio": 0.01435705368289638,
    "joint_ai_above_max_radio": 12,
    "joint_ai_above_max_radio_within_0p01_radio": 0
  },
  "uniform_varied": {
    "feasible": 41,
    "joint_differs_from_minimal": 27,
    "joint_ai_above_minimal": 27,
    "joint_ai_above_minimal_without_lower_radio": 24,
    "mean_joint_minus_minimal_ai": 0.18132579434198162,
    "mean_joint_minus_minimal_radio": 0.01435705368289638,
    "joint_ai_above_max_radio": 12,
    "joint_ai_above_max_radio_within_0p01_radio": 0
  },
  "mixed_equal": {
    "feasible": 41,
    "joint_differs_from_minimal": 27,
    "joint_ai_above_minimal": 27,
    "joint_ai_above_minimal_without_lower_radio": 24,
    "mean_joint_minus_minimal_ai": 0.18132579434198154,
    "mean_joint_minus_minimal_radio": 0.01435705368289638,
    "joint_ai_above_max_radio": 12,
    "joint_ai_above_max_radio_within_0p01_radio": 0
  },
  "mixed_varied": {
    "feasible": 41,
    "joint_differs_from_minimal": 27,
    "joint_ai_above_minimal": 27,
    "joint_ai_above_minimal_without_lower_radio": 24,
    "mean_joint_minus_minimal_ai": 0.18132579434198162,
    "mean_joint_minus_minimal_radio": 0.01435705368289638,
    "joint_ai_above_max_radio": 12,
    "joint_ai_above_max_radio_within_0p01_radio": 0
  }
}
