salloc: Granted job allocation 58688654
salloc: Waiting for resource configuration
salloc: Nodes nid001016 are ready for job
CUDA lazy loading is not enabled. Enabling it can significantly reduce device memory usage and speed up TensorRT initialization. See "Lazy Loading" section of CUDA documentation https://docs.nvidia.com/cuda/cuda-c-programming-guide/index.html#lazy-loading
[S2] policy=conventional_only n=200 p99=4.396ms max=4.533ms miss=0 correct=200 nrx=0 conv=200 bg=0 duplicate=0
09:46:19.983774 cuphy.hpp:122    CON[2249622] [CUPHY.MEMFOOT] cuphyMemoryFootprint - GPU allocation: 98.130 MiB for cuPHY PDSCH channel object (0x56007b28b900).
confirm46 operational requalification passed
[CPU-SHAM] rpc ready /pscratch/sd/s/sgkim/kcj/airan_cloudlab/mps/58688654/c46_2249575_1_cpu_sham.sock
CUDA lazy loading is not enabled. Enabling it can significantly reduce device memory usage and speed up TensorRT initialization. See "Lazy Loading" section of CUDA documentation https://docs.nvidia.com/cuda/cuda-c-programming-guide/index.html#lazy-loading
[OVERRUN] n=1000 injected=0 timeout=0 miss=0 injected_miss=0 p99=16.721ms injected_max=n/a
09:47:02.219351 cuphy.hpp:122    CON[2250055] [CUPHY.MEMFOOT] cuphyMemoryFootprint - GPU allocation: 98.130 MiB for cuPHY PDSCH channel object (0x55708f016d90).
[AI-WORKER] rpc ready /pscratch/sd/s/sgkim/kcj/airan_cloudlab/mps/58688654/c46_2249575_1_mps_sham.sock
CUDA lazy loading is not enabled. Enabling it can significantly reduce device memory usage and speed up TensorRT initialization. See "Lazy Loading" section of CUDA documentation https://docs.nvidia.com/cuda/cuda-c-programming-guide/index.html#lazy-loading
[OVERRUN] n=1000 injected=0 timeout=0 miss=2 injected_miss=0 p99=17.650ms injected_max=n/a
09:48:35.330537 cuphy.hpp:122    CON[2250682] [CUPHY.MEMFOOT] cuphyMemoryFootprint - GPU allocation: 98.130 MiB for cuPHY PDSCH channel object (0x5578fdc56e30).
[AI-WORKER] rpc ready /pscratch/sd/s/sgkim/kcj/airan_cloudlab/mps/58688654/c46_2249575_2_mps_sham.sock
CUDA lazy loading is not enabled. Enabling it can significantly reduce device memory usage and speed up TensorRT initialization. See "Lazy Loading" section of CUDA documentation https://docs.nvidia.com/cuda/cuda-c-programming-guide/index.html#lazy-loading
[OVERRUN] n=1000 injected=0 timeout=0 miss=2 injected_miss=0 p99=18.247ms injected_max=n/a
09:50:07.258193 cuphy.hpp:122    CON[2251292] [CUPHY.MEMFOOT] cuphyMemoryFootprint - GPU allocation: 98.130 MiB for cuPHY PDSCH channel object (0x55c50e4adc00).
[CPU-SHAM] rpc ready /pscratch/sd/s/sgkim/kcj/airan_cloudlab/mps/58688654/c46_2249575_2_cpu_sham.sock
CUDA lazy loading is not enabled. Enabling it can significantly reduce device memory usage and speed up TensorRT initialization. See "Lazy Loading" section of CUDA documentation https://docs.nvidia.com/cuda/cuda-c-programming-guide/index.html#lazy-loading
[OVERRUN] n=1000 injected=0 timeout=0 miss=0 injected_miss=0 p99=15.728ms injected_max=n/a
09:51:35.897999 cuphy.hpp:122    CON[2251718] [CUPHY.MEMFOOT] cuphyMemoryFootprint - GPU allocation: 98.130 MiB for cuPHY PDSCH channel object (0x55f4f58882f0).
[CPU-SHAM] rpc ready /pscratch/sd/s/sgkim/kcj/airan_cloudlab/mps/58688654/c46_2249575_3_cpu_sham.sock
CUDA lazy loading is not enabled. Enabling it can significantly reduce device memory usage and speed up TensorRT initialization. See "Lazy Loading" section of CUDA documentation https://docs.nvidia.com/cuda/cuda-c-programming-guide/index.html#lazy-loading
[OVERRUN] n=1000 injected=0 timeout=0 miss=0 injected_miss=0 p99=15.623ms injected_max=n/a
09:53:05.479592 cuphy.hpp:122    CON[2252163] [CUPHY.MEMFOOT] cuphyMemoryFootprint - GPU allocation: 98.130 MiB for cuPHY PDSCH channel object (0x5557b6f72200).
[AI-WORKER] rpc ready /pscratch/sd/s/sgkim/kcj/airan_cloudlab/mps/58688654/c46_2249575_3_mps_sham.sock
CUDA lazy loading is not enabled. Enabling it can significantly reduce device memory usage and speed up TensorRT initialization. See "Lazy Loading" section of CUDA documentation https://docs.nvidia.com/cuda/cuda-c-programming-guide/index.html#lazy-loading
[OVERRUN] n=1000 injected=0 timeout=0 miss=2 injected_miss=0 p99=15.941ms injected_max=n/a
09:54:38.608034 cuphy.hpp:122    CON[2252775] [CUPHY.MEMFOOT] cuphyMemoryFootprint - GPU allocation: 98.130 MiB for cuPHY PDSCH channel object (0x563fd407c2c0).
[AI-WORKER] rpc ready /pscratch/sd/s/sgkim/kcj/airan_cloudlab/mps/58688654/c46_2249575_4_mps_sham.sock
CUDA lazy loading is not enabled. Enabling it can significantly reduce device memory usage and speed up TensorRT initialization. See "Lazy Loading" section of CUDA documentation https://docs.nvidia.com/cuda/cuda-c-programming-guide/index.html#lazy-loading
[OVERRUN] n=1000 injected=0 timeout=0 miss=1 injected_miss=0 p99=17.307ms injected_max=n/a
09:56:10.584318 cuphy.hpp:122    CON[2254713] [CUPHY.MEMFOOT] cuphyMemoryFootprint - GPU allocation: 98.130 MiB for cuPHY PDSCH channel object (0x55f145eb6130).
[CPU-SHAM] rpc ready /pscratch/sd/s/sgkim/kcj/airan_cloudlab/mps/58688654/c46_2249575_4_cpu_sham.sock
CUDA lazy loading is not enabled. Enabling it can significantly reduce device memory usage and speed up TensorRT initialization. See "Lazy Loading" section of CUDA documentation https://docs.nvidia.com/cuda/cuda-c-programming-guide/index.html#lazy-loading
[OVERRUN] n=1000 injected=0 timeout=0 miss=0 injected_miss=0 p99=16.077ms injected_max=n/a
09:57:39.142720 cuphy.hpp:122    CON[2255139] [CUPHY.MEMFOOT] cuphyMemoryFootprint - GPU allocation: 98.130 MiB for cuPHY PDSCH channel object (0x564edfda9320).
[CPU-SHAM] rpc ready /pscratch/sd/s/sgkim/kcj/airan_cloudlab/mps/58688654/c46_2249575_5_cpu_sham.sock
CUDA lazy loading is not enabled. Enabling it can significantly reduce device memory usage and speed up TensorRT initialization. See "Lazy Loading" section of CUDA documentation https://docs.nvidia.com/cuda/cuda-c-programming-guide/index.html#lazy-loading
[OVERRUN] n=1000 injected=0 timeout=0 miss=0 injected_miss=0 p99=14.836ms injected_max=n/a
09:59:08.583764 cuphy.hpp:122    CON[2255584] [CUPHY.MEMFOOT] cuphyMemoryFootprint - GPU allocation: 98.130 MiB for cuPHY PDSCH channel object (0x564900d9b5c0).
[AI-WORKER] rpc ready /pscratch/sd/s/sgkim/kcj/airan_cloudlab/mps/58688654/c46_2249575_5_mps_sham.sock
CUDA lazy loading is not enabled. Enabling it can significantly reduce device memory usage and speed up TensorRT initialization. See "Lazy Loading" section of CUDA documentation https://docs.nvidia.com/cuda/cuda-c-programming-guide/index.html#lazy-loading
[OVERRUN] n=1000 injected=0 timeout=0 miss=2 injected_miss=0 p99=16.903ms injected_max=n/a
10:00:41.672825 cuphy.hpp:122    CON[2256200] [CUPHY.MEMFOOT] cuphyMemoryFootprint - GPU allocation: 98.130 MiB for cuPHY PDSCH channel object (0x55b4aaf45940).
[AI-WORKER] rpc ready /pscratch/sd/s/sgkim/kcj/airan_cloudlab/mps/58688654/c46_2249575_6_mps_sham.sock
CUDA lazy loading is not enabled. Enabling it can significantly reduce device memory usage and speed up TensorRT initialization. See "Lazy Loading" section of CUDA documentation https://docs.nvidia.com/cuda/cuda-c-programming-guide/index.html#lazy-loading
[OVERRUN] n=1000 injected=0 timeout=0 miss=1 injected_miss=0 p99=14.997ms injected_max=n/a
10:02:13.779131 cuphy.hpp:122    CON[2257138] [CUPHY.MEMFOOT] cuphyMemoryFootprint - GPU allocation: 98.130 MiB for cuPHY PDSCH channel object (0x564c9bd873a0).
[CPU-SHAM] rpc ready /pscratch/sd/s/sgkim/kcj/airan_cloudlab/mps/58688654/c46_2249575_6_cpu_sham.sock
CUDA lazy loading is not enabled. Enabling it can significantly reduce device memory usage and speed up TensorRT initialization. See "Lazy Loading" section of CUDA documentation https://docs.nvidia.com/cuda/cuda-c-programming-guide/index.html#lazy-loading
[OVERRUN] n=1000 injected=0 timeout=0 miss=0 injected_miss=0 p99=16.051ms injected_max=n/a
10:03:42.310686 cuphy.hpp:122    CON[2257585] [CUPHY.MEMFOOT] cuphyMemoryFootprint - GPU allocation: 98.130 MiB for cuPHY PDSCH channel object (0x5640bdbce200).
[CPU-SHAM] rpc ready /pscratch/sd/s/sgkim/kcj/airan_cloudlab/mps/58688654/c46_2249575_7_cpu_sham.sock
CUDA lazy loading is not enabled. Enabling it can significantly reduce device memory usage and speed up TensorRT initialization. See "Lazy Loading" section of CUDA documentation https://docs.nvidia.com/cuda/cuda-c-programming-guide/index.html#lazy-loading
[OVERRUN] n=1000 injected=0 timeout=0 miss=0 injected_miss=0 p99=13.454ms injected_max=n/a
10:05:12.159048 cuphy.hpp:122    CON[2258011] [CUPHY.MEMFOOT] cuphyMemoryFootprint - GPU allocation: 98.130 MiB for cuPHY PDSCH channel object (0x5599d7b51250).
[AI-WORKER] rpc ready /pscratch/sd/s/sgkim/kcj/airan_cloudlab/mps/58688654/c46_2249575_7_mps_sham.sock
CUDA lazy loading is not enabled. Enabling it can significantly reduce device memory usage and speed up TensorRT initialization. See "Lazy Loading" section of CUDA documentation https://docs.nvidia.com/cuda/cuda-c-programming-guide/index.html#lazy-loading
[OVERRUN] n=1000 injected=0 timeout=0 miss=0 injected_miss=0 p99=16.665ms injected_max=n/a
10:06:46.616194 cuphy.hpp:122    CON[2259978] [CUPHY.MEMFOOT] cuphyMemoryFootprint - GPU allocation: 98.130 MiB for cuPHY PDSCH channel object (0x55c386a793a0).
[AI-WORKER] rpc ready /pscratch/sd/s/sgkim/kcj/airan_cloudlab/mps/58688654/c46_2249575_8_mps_sham.sock
CUDA lazy loading is not enabled. Enabling it can significantly reduce device memory usage and speed up TensorRT initialization. See "Lazy Loading" section of CUDA documentation https://docs.nvidia.com/cuda/cuda-c-programming-guide/index.html#lazy-loading
[OVERRUN] n=1000 injected=0 timeout=0 miss=0 injected_miss=0 p99=15.374ms injected_max=n/a
10:08:19.002645 cuphy.hpp:122    CON[2260607] [CUPHY.MEMFOOT] cuphyMemoryFootprint - GPU allocation: 98.130 MiB for cuPHY PDSCH channel object (0x5646e48e83d0).
[CPU-SHAM] rpc ready /pscratch/sd/s/sgkim/kcj/airan_cloudlab/mps/58688654/c46_2249575_8_cpu_sham.sock
CUDA lazy loading is not enabled. Enabling it can significantly reduce device memory usage and speed up TensorRT initialization. See "Lazy Loading" section of CUDA documentation https://docs.nvidia.com/cuda/cuda-c-programming-guide/index.html#lazy-loading
[OVERRUN] n=1000 injected=0 timeout=0 miss=0 injected_miss=0 p99=16.635ms injected_max=n/a
10:09:47.440963 cuphy.hpp:122    CON[2261033] [CUPHY.MEMFOOT] cuphyMemoryFootprint - GPU allocation: 98.130 MiB for cuPHY PDSCH channel object (0x5579ea6dd3a0).
[CPU-SHAM] rpc ready /pscratch/sd/s/sgkim/kcj/airan_cloudlab/mps/58688654/c46_2249575_9_cpu_sham.sock
CUDA lazy loading is not enabled. Enabling it can significantly reduce device memory usage and speed up TensorRT initialization. See "Lazy Loading" section of CUDA documentation https://docs.nvidia.com/cuda/cuda-c-programming-guide/index.html#lazy-loading
[OVERRUN] n=1000 injected=0 timeout=0 miss=0 injected_miss=0 p99=14.972ms injected_max=n/a
10:11:16.971604 cuphy.hpp:122    CON[2261459] [CUPHY.MEMFOOT] cuphyMemoryFootprint - GPU allocation: 98.130 MiB for cuPHY PDSCH channel object (0x56520583f1c0).
[AI-WORKER] rpc ready /pscratch/sd/s/sgkim/kcj/airan_cloudlab/mps/58688654/c46_2249575_9_mps_sham.sock
CUDA lazy loading is not enabled. Enabling it can significantly reduce device memory usage and speed up TensorRT initialization. See "Lazy Loading" section of CUDA documentation https://docs.nvidia.com/cuda/cuda-c-programming-guide/index.html#lazy-loading
[OVERRUN] n=1000 injected=0 timeout=0 miss=1 injected_miss=0 p99=18.178ms injected_max=n/a
10:12:50.325038 cuphy.hpp:122    CON[2262124] [CUPHY.MEMFOOT] cuphyMemoryFootprint - GPU allocation: 98.130 MiB for cuPHY PDSCH channel object (0x561f1f626200).
[AI-WORKER] rpc ready /pscratch/sd/s/sgkim/kcj/airan_cloudlab/mps/58688654/c46_2249575_10_mps_sham.sock
CUDA lazy loading is not enabled. Enabling it can significantly reduce device memory usage and speed up TensorRT initialization. See "Lazy Loading" section of CUDA documentation https://docs.nvidia.com/cuda/cuda-c-programming-guide/index.html#lazy-loading
[OVERRUN] n=1000 injected=0 timeout=0 miss=1 injected_miss=0 p99=16.120ms injected_max=n/a
10:14:22.217727 cuphy.hpp:122    CON[2262918] [CUPHY.MEMFOOT] cuphyMemoryFootprint - GPU allocation: 98.130 MiB for cuPHY PDSCH channel object (0x563313ff1b20).
[CPU-SHAM] rpc ready /pscratch/sd/s/sgkim/kcj/airan_cloudlab/mps/58688654/c46_2249575_10_cpu_sham.sock
CUDA lazy loading is not enabled. Enabling it can significantly reduce device memory usage and speed up TensorRT initialization. See "Lazy Loading" section of CUDA documentation https://docs.nvidia.com/cuda/cuda-c-programming-guide/index.html#lazy-loading
[OVERRUN] n=1000 injected=0 timeout=0 miss=0 injected_miss=0 p99=17.463ms injected_max=n/a
10:15:50.709754 cuphy.hpp:122    CON[2264676] [CUPHY.MEMFOOT] cuphyMemoryFootprint - GPU allocation: 98.130 MiB for cuPHY PDSCH channel object (0x55cf38e074c0).
# Confirm46 CPU-sham versus MPS-client retirement control

| round | seed | order | CPU-sham misses | MPS-sham misses | CPU indices | MPS indices |
|---:|---:|---|---:|---:|---|---|
| 1 | 20320001 | cpu_sham → mps_sham | 0 | 2 | [] | [7, 8] |
| 2 | 20320002 | mps_sham → cpu_sham | 0 | 2 | [] | [7, 852] |
| 3 | 20320003 | cpu_sham → mps_sham | 0 | 2 | [] | [7, 8] |
| 4 | 20320004 | mps_sham → cpu_sham | 0 | 1 | [] | [9] |
| 5 | 20320005 | cpu_sham → mps_sham | 0 | 2 | [] | [7, 8] |
| 6 | 20320006 | mps_sham → cpu_sham | 0 | 1 | [] | [7] |
| 7 | 20320007 | cpu_sham → mps_sham | 0 | 0 | [] | [] |
| 8 | 20320008 | mps_sham → cpu_sham | 0 | 0 | [] | [] |
| 9 | 20320009 | cpu_sham → mps_sham | 0 | 1 | [] | [7] |
| 10 | 20320010 | mps_sham → cpu_sham | 0 | 1 | [] | [7] |

Paired discordant misses: MPS-only 12, CPU-only 0. Round-level sign test: MPS excess 8, CPU excess 0, one-sided exact p = 0.00390625.
All frozen gates pass: True.
confirm46 retirement CPU control completed
salloc: Relinquishing job allocation 58688654
