{
  "uniform_equal": {
    "total": 60,
    "feasible": 41,
    "out_of_support": 0,
    "positive_ai_gap": 0,
    "different_nrx_subset": 0,
    "mean_exact_ai": 6.835768752033071,
    "mean_greedy_ai": 6.835768752033071,
    "max_ai_gap": 0.0
  },
  "uniform_varied": {
    "total": 60,
    "feasible": 41,
    "out_of_support": 0,
    "positive_ai_gap": 0,
    "different_nrx_subset": 0,
    "mean_exact_ai": 13.585768752033072,
    "mean_greedy_ai": 13.585768752033072,
    "max_ai_gap": 0.0
  },
  "mixed_equal": {
    "total": 60,
    "feasible": 41,
    "out_of_support": 0,
    "positive_ai_gap": 0,
    "different_nrx_subset": 0,
    "mean_exact_ai": 6.835768752033071,
    "mean_greedy_ai": 6.835768752033071,
    "max_ai_gap": 0.0
  },
  "mixed_varied": {
    "total": 60,
    "feasible": 41,
    "out_of_support": 0,
    "positive_ai_gap": 0,
    "different_nrx_subset": 0,
    "mean_exact_ai": 13.585768752033072,
    "mean_greedy_ai": 13.585768752033072,
    "max_ai_gap": 0.0
  }
}
