salloc: Granted job allocation 58684071
salloc: Waiting for resource configuration
salloc: Nodes nid001084 are ready for job
CUDA lazy loading is not enabled. Enabling it can significantly reduce device memory usage and speed up TensorRT initialization. See "Lazy Loading" section of CUDA documentation https://docs.nvidia.com/cuda/cuda-c-programming-guide/index.html#lazy-loading
[S2] policy=conventional_only n=200 p99=4.637ms max=5.729ms miss=0 correct=200 nrx=0 conv=200 bg=0 duplicate=0
08:05:35.086749 cuphy.hpp:122    CON[120473] [CUPHY.MEMFOOT] cuphyMemoryFootprint - GPU allocation: 98.130 MiB for cuPHY PDSCH channel object (0x55f16a9367e0).
confirm39 fresh-epoch requalification passed
[AI-WORKER] rpc ready /pscratch/sd/s/sgkim/kcj/airan_cloudlab/mps/58684071/ov_120738_1_100.sock
CUDA lazy loading is not enabled. Enabling it can significantly reduce device memory usage and speed up TensorRT initialization. See "Lazy Loading" section of CUDA documentation https://docs.nvidia.com/cuda/cuda-c-programming-guide/index.html#lazy-loading
[OVERRUN] n=1000 injected=0 timeout=0 miss=1 injected_miss=0 p99=15.948ms injected_max=n/a
08:06:20.116456 cuphy.hpp:122    CON[121101] [CUPHY.MEMFOOT] cuphyMemoryFootprint - GPU allocation: 98.130 MiB for cuPHY PDSCH channel object (0x56129b1f1df0).
[AI-WORKER] rpc ready /pscratch/sd/s/sgkim/kcj/airan_cloudlab/mps/58684071/ov_120738_1_20.sock
CUDA lazy loading is not enabled. Enabling it can significantly reduce device memory usage and speed up TensorRT initialization. See "Lazy Loading" section of CUDA documentation https://docs.nvidia.com/cuda/cuda-c-programming-guide/index.html#lazy-loading
[OVERRUN] n=1000 injected=0 timeout=0 miss=1 injected_miss=0 p99=16.510ms injected_max=n/a
08:07:32.190290 cuphy.hpp:122    CON[121925] [CUPHY.MEMFOOT] cuphyMemoryFootprint - GPU allocation: 98.130 MiB for cuPHY PDSCH channel object (0x55d0cb39dc20).
[AI-WORKER] rpc ready /pscratch/sd/s/sgkim/kcj/airan_cloudlab/mps/58684071/ov_120738_2_100.sock
CUDA lazy loading is not enabled. Enabling it can significantly reduce device memory usage and speed up TensorRT initialization. See "Lazy Loading" section of CUDA documentation https://docs.nvidia.com/cuda/cuda-c-programming-guide/index.html#lazy-loading
[OVERRUN] n=1000 injected=0 timeout=0 miss=0 injected_miss=0 p99=17.334ms injected_max=n/a
08:08:43.568920 cuphy.hpp:122    CON[122516] [CUPHY.MEMFOOT] cuphyMemoryFootprint - GPU allocation: 98.130 MiB for cuPHY PDSCH channel object (0x55daaf3a3b70).
[AI-WORKER] rpc ready /pscratch/sd/s/sgkim/kcj/airan_cloudlab/mps/58684071/ov_120738_2_20.sock
CUDA lazy loading is not enabled. Enabling it can significantly reduce device memory usage and speed up TensorRT initialization. See "Lazy Loading" section of CUDA documentation https://docs.nvidia.com/cuda/cuda-c-programming-guide/index.html#lazy-loading
[OVERRUN] n=1000 injected=0 timeout=0 miss=1 injected_miss=0 p99=15.362ms injected_max=n/a
08:09:55.586292 cuphy.hpp:122    CON[123123] [CUPHY.MEMFOOT] cuphyMemoryFootprint - GPU allocation: 98.130 MiB for cuPHY PDSCH channel object (0x55d2bc8c8c00).
[AI-WORKER] rpc ready /pscratch/sd/s/sgkim/kcj/airan_cloudlab/mps/58684071/ov_120738_3_100.sock
CUDA lazy loading is not enabled. Enabling it can significantly reduce device memory usage and speed up TensorRT initialization. See "Lazy Loading" section of CUDA documentation https://docs.nvidia.com/cuda/cuda-c-programming-guide/index.html#lazy-loading
[OVERRUN] n=1000 injected=0 timeout=0 miss=0 injected_miss=0 p99=15.289ms injected_max=n/a
08:11:06.573985 cuphy.hpp:122    CON[123734] [CUPHY.MEMFOOT] cuphyMemoryFootprint - GPU allocation: 98.130 MiB for cuPHY PDSCH channel object (0x55b3642c1090).
[AI-WORKER] rpc ready /pscratch/sd/s/sgkim/kcj/airan_cloudlab/mps/58684071/ov_120738_3_20.sock
CUDA lazy loading is not enabled. Enabling it can significantly reduce device memory usage and speed up TensorRT initialization. See "Lazy Loading" section of CUDA documentation https://docs.nvidia.com/cuda/cuda-c-programming-guide/index.html#lazy-loading
[OVERRUN] n=1000 injected=0 timeout=0 miss=1 injected_miss=0 p99=17.516ms injected_max=n/a
08:12:18.477426 cuphy.hpp:122    CON[124340] [CUPHY.MEMFOOT] cuphyMemoryFootprint - GPU allocation: 98.130 MiB for cuPHY PDSCH channel object (0x558079c0fc20).
[AI-WORKER] rpc ready /pscratch/sd/s/sgkim/kcj/airan_cloudlab/mps/58684071/ov_120738_4_100.sock
CUDA lazy loading is not enabled. Enabling it can significantly reduce device memory usage and speed up TensorRT initialization. See "Lazy Loading" section of CUDA documentation https://docs.nvidia.com/cuda/cuda-c-programming-guide/index.html#lazy-loading
[OVERRUN] n=1000 injected=0 timeout=0 miss=2 injected_miss=0 p99=16.454ms injected_max=n/a
08:13:29.599043 cuphy.hpp:122    CON[126262] [CUPHY.MEMFOOT] cuphyMemoryFootprint - GPU allocation: 98.130 MiB for cuPHY PDSCH channel object (0x555c3a478a70).
[AI-WORKER] rpc ready /pscratch/sd/s/sgkim/kcj/airan_cloudlab/mps/58684071/ov_120738_4_20.sock
CUDA lazy loading is not enabled. Enabling it can significantly reduce device memory usage and speed up TensorRT initialization. See "Lazy Loading" section of CUDA documentation https://docs.nvidia.com/cuda/cuda-c-programming-guide/index.html#lazy-loading
[OVERRUN] n=1000 injected=0 timeout=0 miss=1 injected_miss=0 p99=18.115ms injected_max=n/a
08:14:41.589570 cuphy.hpp:122    CON[126866] [CUPHY.MEMFOOT] cuphyMemoryFootprint - GPU allocation: 98.130 MiB for cuPHY PDSCH channel object (0x562d849382c0).
[AI-WORKER] rpc ready /pscratch/sd/s/sgkim/kcj/airan_cloudlab/mps/58684071/ov_120738_5_100.sock
CUDA lazy loading is not enabled. Enabling it can significantly reduce device memory usage and speed up TensorRT initialization. See "Lazy Loading" section of CUDA documentation https://docs.nvidia.com/cuda/cuda-c-programming-guide/index.html#lazy-loading
[OVERRUN] n=1000 injected=0 timeout=0 miss=1 injected_miss=0 p99=17.279ms injected_max=n/a
08:15:52.922097 cuphy.hpp:122    CON[127478] [CUPHY.MEMFOOT] cuphyMemoryFootprint - GPU allocation: 98.130 MiB for cuPHY PDSCH channel object (0x564c80cffe70).
[AI-WORKER] rpc ready /pscratch/sd/s/sgkim/kcj/airan_cloudlab/mps/58684071/ov_120738_5_20.sock
CUDA lazy loading is not enabled. Enabling it can significantly reduce device memory usage and speed up TensorRT initialization. See "Lazy Loading" section of CUDA documentation https://docs.nvidia.com/cuda/cuda-c-programming-guide/index.html#lazy-loading
[OVERRUN] n=1000 injected=0 timeout=0 miss=0 injected_miss=0 p99=15.523ms injected_max=n/a
08:17:05.000836 cuphy.hpp:122    CON[128083] [CUPHY.MEMFOOT] cuphyMemoryFootprint - GPU allocation: 98.130 MiB for cuPHY PDSCH channel object (0x560d3cd11de0).
physical overrun campaign completed: confirm39_clean_sham_retirement
# SoftWall physical optional-client overrun

| cap | runs | releases | physically overlapped releases | misses | misses after retirement | worst response (ms) | mean active p99 (ms) | worst active max (ms) | optional GPU mean (ms) | optional worst max (ms) | visible SMs | cap gate |
|---:|---:|---:|---:|---:|---:|---:|---:|---:|---:|---:|---:|---:|
| 20 | 5 | 5000 | 0 | 4 | 4 | 87.490 | n/a | n/a | n/a | n/a | 20 | False |
| 100 | 5 | 5000 | 0 | 4 | 4 | 97.232 | n/a | n/a | n/a | n/a | 108 | False |

All frozen gates pass: False.

## Retirement diagnostics

- cap20: 4 misses after retirement; release offsets [8, 8, 8, 8].
- cap100: 4 misses after retirement; release offsets [8, 8, 8, 9].

A post-retirement miss is not counted as physical worker overlap. The timing association does not by itself prove a teardown cause; compare against a worker-free control and inspect GPU-event time.
[AI-WORKER] rpc ready /pscratch/sd/s/sgkim/kcj/airan_cloudlab/mps/58684071/mq_128522_1_100.sock
CUDA lazy loading is not enabled. Enabling it can significantly reduce device memory usage and speed up TensorRT initialization. See "Lazy Loading" section of CUDA documentation https://docs.nvidia.com/cuda/cuda-c-programming-guide/index.html#lazy-loading
[OVERRUN] n=100 injected=1 timeout=1 miss=0 injected_miss=0 p99=10.994ms injected_max=10.090ms
08:18:58.293951 cuphy.hpp:122    CON[128897] [CUPHY.MEMFOOT] cuphyMemoryFootprint - GPU allocation: 98.130 MiB for cuPHY PDSCH channel object (0x5613ae4c74e0).
CUDA lazy loading is not enabled. Enabling it can significantly reduce device memory usage and speed up TensorRT initialization. See "Lazy Loading" section of CUDA documentation https://docs.nvidia.com/cuda/cuda-c-programming-guide/index.html#lazy-loading
[S2] policy=conventional_only n=1000 p99=4.246ms max=7.019ms miss=0 correct=1000 nrx=0 conv=1000 bg=0 duplicate=0
08:19:32.366225 cuphy.hpp:122    CON[129132] [CUPHY.MEMFOOT] cuphyMemoryFootprint - GPU allocation: 98.130 MiB for cuPHY PDSCH channel object (0x55cfe9ac9be0).
[AI-WORKER] rpc ready /pscratch/sd/s/sgkim/kcj/airan_cloudlab/mps/58684071/mq_128522_1_20.sock
CUDA lazy loading is not enabled. Enabling it can significantly reduce device memory usage and speed up TensorRT initialization. See "Lazy Loading" section of CUDA documentation https://docs.nvidia.com/cuda/cuda-c-programming-guide/index.html#lazy-loading
[OVERRUN] n=100 injected=1 timeout=1 miss=0 injected_miss=0 p99=14.988ms injected_max=10.277ms
08:20:45.644530 cuphy.hpp:122    CON[129761] [CUPHY.MEMFOOT] cuphyMemoryFootprint - GPU allocation: 98.130 MiB for cuPHY PDSCH channel object (0x561f339514e0).
CUDA lazy loading is not enabled. Enabling it can significantly reduce device memory usage and speed up TensorRT initialization. See "Lazy Loading" section of CUDA documentation https://docs.nvidia.com/cuda/cuda-c-programming-guide/index.html#lazy-loading
[S2] policy=conventional_only n=1000 p99=4.598ms max=6.620ms miss=0 correct=1000 nrx=0 conv=1000 bg=0 duplicate=0
08:21:19.504742 cuphy.hpp:122    CON[129995] [CUPHY.MEMFOOT] cuphyMemoryFootprint - GPU allocation: 98.130 MiB for cuPHY PDSCH channel object (0x55ef36721d40).
[AI-WORKER] rpc ready /pscratch/sd/s/sgkim/kcj/airan_cloudlab/mps/58684071/mq_128522_2_100.sock
CUDA lazy loading is not enabled. Enabling it can significantly reduce device memory usage and speed up TensorRT initialization. See "Lazy Loading" section of CUDA documentation https://docs.nvidia.com/cuda/cuda-c-programming-guide/index.html#lazy-loading
[OVERRUN] n=100 injected=1 timeout=1 miss=0 injected_miss=0 p99=14.428ms injected_max=10.463ms
08:22:31.887890 cuphy.hpp:122    CON[130586] [CUPHY.MEMFOOT] cuphyMemoryFootprint - GPU allocation: 98.130 MiB for cuPHY PDSCH channel object (0x55a2273ee630).
CUDA lazy loading is not enabled. Enabling it can significantly reduce device memory usage and speed up TensorRT initialization. See "Lazy Loading" section of CUDA documentation https://docs.nvidia.com/cuda/cuda-c-programming-guide/index.html#lazy-loading
[S2] policy=conventional_only n=1000 p99=4.514ms max=7.820ms miss=0 correct=1000 nrx=0 conv=1000 bg=0 duplicate=0
08:23:05.714040 cuphy.hpp:122    CON[132154] [CUPHY.MEMFOOT] cuphyMemoryFootprint - GPU allocation: 98.130 MiB for cuPHY PDSCH channel object (0x55b609e64b70).
[AI-WORKER] rpc ready /pscratch/sd/s/sgkim/kcj/airan_cloudlab/mps/58684071/mq_128522_2_20.sock
CUDA lazy loading is not enabled. Enabling it can significantly reduce device memory usage and speed up TensorRT initialization. See "Lazy Loading" section of CUDA documentation https://docs.nvidia.com/cuda/cuda-c-programming-guide/index.html#lazy-loading
[OVERRUN] n=100 injected=1 timeout=1 miss=0 injected_miss=0 p99=12.405ms injected_max=9.475ms
08:24:18.800030 cuphy.hpp:122    CON[132760] [CUPHY.MEMFOOT] cuphyMemoryFootprint - GPU allocation: 98.130 MiB for cuPHY PDSCH channel object (0x5652cd7f15f0).
CUDA lazy loading is not enabled. Enabling it can significantly reduce device memory usage and speed up TensorRT initialization. See "Lazy Loading" section of CUDA documentation https://docs.nvidia.com/cuda/cuda-c-programming-guide/index.html#lazy-loading
[S2] policy=conventional_only n=1000 p99=4.364ms max=7.479ms miss=0 correct=1000 nrx=0 conv=1000 bg=0 duplicate=0
08:24:52.707117 cuphy.hpp:122    CON[132995] [CUPHY.MEMFOOT] cuphyMemoryFootprint - GPU allocation: 98.130 MiB for cuPHY PDSCH channel object (0x55b0b561cce0).
[AI-WORKER] rpc ready /pscratch/sd/s/sgkim/kcj/airan_cloudlab/mps/58684071/mq_128522_3_100.sock
CUDA lazy loading is not enabled. Enabling it can significantly reduce device memory usage and speed up TensorRT initialization. See "Lazy Loading" section of CUDA documentation https://docs.nvidia.com/cuda/cuda-c-programming-guide/index.html#lazy-loading
[OVERRUN] n=100 injected=1 timeout=1 miss=0 injected_miss=0 p99=11.053ms injected_max=9.970ms
08:26:05.074148 cuphy.hpp:122    CON[133602] [CUPHY.MEMFOOT] cuphyMemoryFootprint - GPU allocation: 98.130 MiB for cuPHY PDSCH channel object (0x5625ff82b640).
CUDA lazy loading is not enabled. Enabling it can significantly reduce device memory usage and speed up TensorRT initialization. See "Lazy Loading" section of CUDA documentation https://docs.nvidia.com/cuda/cuda-c-programming-guide/index.html#lazy-loading
[S2] policy=conventional_only n=1000 p99=4.393ms max=6.862ms miss=0 correct=1000 nrx=0 conv=1000 bg=0 duplicate=0
08:26:38.857799 cuphy.hpp:122    CON[133838] [CUPHY.MEMFOOT] cuphyMemoryFootprint - GPU allocation: 98.130 MiB for cuPHY PDSCH channel object (0x563aeeec2c90).
[AI-WORKER] rpc ready /pscratch/sd/s/sgkim/kcj/airan_cloudlab/mps/58684071/mq_128522_3_20.sock
CUDA lazy loading is not enabled. Enabling it can significantly reduce device memory usage and speed up TensorRT initialization. See "Lazy Loading" section of CUDA documentation https://docs.nvidia.com/cuda/cuda-c-programming-guide/index.html#lazy-loading
[OVERRUN] n=100 injected=1 timeout=1 miss=0 injected_miss=0 p99=11.003ms injected_max=9.699ms
08:27:52.204765 cuphy.hpp:122    CON[134446] [CUPHY.MEMFOOT] cuphyMemoryFootprint - GPU allocation: 98.130 MiB for cuPHY PDSCH channel object (0x564ad2309710).
CUDA lazy loading is not enabled. Enabling it can significantly reduce device memory usage and speed up TensorRT initialization. See "Lazy Loading" section of CUDA documentation https://docs.nvidia.com/cuda/cuda-c-programming-guide/index.html#lazy-loading
[S2] policy=conventional_only n=1000 p99=4.303ms max=6.781ms miss=0 correct=1000 nrx=0 conv=1000 bg=0 duplicate=0
08:28:26.047845 cuphy.hpp:122    CON[134682] [CUPHY.MEMFOOT] cuphyMemoryFootprint - GPU allocation: 98.130 MiB for cuPHY PDSCH channel object (0x5578d64bebd0).
maintenance requalification campaign completed: confirm39_clean_maintenance_requalification
# SoftWall maintenance-window requalification

| cap | runs | fault-phase releases | fault-phase misses | post-maintenance releases | post-maintenance misses | post worst response (ms) | post worst GPU (ms) |
|---:|---:|---:|---:|---:|---:|---:|---:|
| 20 | 3 | 300 | 0 | 3000 | 0 | 7.479 | 7.345 |
| 100 | 3 | 300 | 0 | 3000 | 0 | 7.820 | 7.687 |

All frozen gates pass: True.
# Confirm39 clean lifecycle audit

- Job/node: 58684071 / nid001084
- Sham: 10000 releases, 8 misses
- Post-maintenance: 6000 releases, 0 misses
- Minimum observed pre/post quiet interval: 28.623 s
- Complete, same-node, serial frozen gates pass: False

## Failed checks

- sham_r1_cap100_radio
- sham_r1_cap20_radio
- sham_r2_cap20_radio
- sham_r3_cap20_radio
- sham_r4_cap100_radio
- sham_r4_cap20_radio
- sham_r5_cap100_radio
[SAME-REQUEST-NRX] ready tag=cold_58684071_1_135264
[SAME-REQUEST-NRX] stopped units=521
[SAME-REQUEST] correct=494/500 miss=0 nrx=492 fallback=8 bg=0 p99=5.456ms
08:29:58.708192 cuphy.hpp:122    CON[135309] [CUPHY.MEMFOOT] cuphyMemoryFootprint - GPU allocation: 98.130 MiB for cuPHY PDSCH channel object (0x55f7c2a92d40).
[SAME-REQUEST-NRX] ready tag=cold_58684071_2_135264
[SAME-REQUEST-NRX] stopped units=521
[SAME-REQUEST] correct=493/500 miss=0 nrx=492 fallback=8 bg=0 p99=5.285ms
08:31:11.782284 cuphy.hpp:122    CON[136101] [CUPHY.MEMFOOT] cuphyMemoryFootprint - GPU allocation: 98.130 MiB for cuPHY PDSCH channel object (0x55cee71d98e0).
[SAME-REQUEST-NRX] ready tag=cold_58684071_3_135264
[SAME-REQUEST-NRX] stopped units=521
[SAME-REQUEST] correct=494/500 miss=0 nrx=492 fallback=8 bg=0 p99=5.247ms
08:32:25.053789 cuphy.hpp:122    CON[136572] [CUPHY.MEMFOOT] cuphyMemoryFootprint - GPU allocation: 98.130 MiB for cuPHY PDSCH channel object (0x55e14b27ee50).
[SAME-REQUEST-NRX] ready tag=cold_58684071_4_135264
[SAME-REQUEST-NRX] stopped units=521
[SAME-REQUEST] correct=493/500 miss=0 nrx=492 fallback=8 bg=0 p99=5.514ms
08:33:38.296429 cuphy.hpp:122    CON[137042] [CUPHY.MEMFOOT] cuphyMemoryFootprint - GPU allocation: 98.130 MiB for cuPHY PDSCH channel object (0x5575d9f23c80).
# Conventional recovery cold-start ABBA ablation

| round | warm-up | first fallback release | first conventional GPU ms | later median ms | deadline misses |
|---:|---|---:|---:|---:|---:|
| 1 | off | 103 | 22.756 | 2.280 | 0 |
| 2 | on | 103 | 2.277 | 2.268 | 0 |
| 3 | on | 103 | 2.286 | 2.296 | 0 |
| 4 | off | 103 | 35.303 | 2.321 | 0 |

All frozen gates pass: True.
confirm40 cold-start ablation completed
{'schema': 'softwall-followon-run-status-v1', 'job': '58684071', 'confirm39_runner_exit': 1, 'confirm40_runner_exit': 0, 'confirm39_audit': 'confirm39_clean_lifecycle_audit.json', 'confirm40_audit': 'confirm40_cold_start_ablation.json'}
srun: error: nid001084: task 0: Exited with exit code 1
srun: Terminating StepId=58684071.0
salloc: Relinquishing job allocation 58684071
