salloc: Granted job allocation 58689254
salloc: Waiting for resource configuration
salloc: Nodes nid001169 are ready for job
CUDA lazy loading is not enabled. Enabling it can significantly reduce device memory usage and speed up TensorRT initialization. See "Lazy Loading" section of CUDA documentation https://docs.nvidia.com/cuda/cuda-c-programming-guide/index.html#lazy-loading
[S2] policy=conventional_only n=200 p99=7.522ms max=12.543ms miss=0 correct=81 nrx=0 conv=200 bg=0 duplicate=0
10:51:54.640079 cuphy.hpp:122    CON[1968486] [CUPHY.MEMFOOT] cuphyMemoryFootprint - GPU allocation: 98.130 MiB for cuPHY PDSCH channel object (0x55eb419aa610).
confirm50 operational requalification passed
[AI-WORKER] rpc ready /pscratch/sd/s/sgkim/kcj/airan_cloudlab/run_state/softwall_same_gpu/job58689254/bg_sr_58689254_1968731.sock
[SAME-REQUEST-NRX] ready tag=sr_58689254_1968731
[SAME-REQUEST-NRX] stopped units=10020
[SAME-REQUEST] correct=9795/10000 miss=0 nrx=9747 fallback=252 bg=127026 p99=55.742ms
10:52:45.769485 cuphy.hpp:122    CON[1969318] [CUPHY.MEMFOOT] cuphyMemoryFootprint - GPU allocation: 98.130 MiB for cuPHY PDSCH channel object (0x5569a34c2800).
same-request IPC campaign completed: confirm50_r1_off
[AI-WORKER] rpc ready /pscratch/sd/s/sgkim/kcj/airan_cloudlab/run_state/softwall_same_gpu/job58689254/bg_sr_58689254_1972698.sock
[SAME-REQUEST-NRX] ready tag=sr_58689254_1972698
[SAME-REQUEST-NRX] stopped units=10021
[SAME-REQUEST] correct=9793/10000 miss=0 nrx=9748 fallback=252 bg=127621 p99=55.822ms
11:08:18.137587 cuphy.hpp:122    CON[1973284] [CUPHY.MEMFOOT] cuphyMemoryFootprint - GPU allocation: 98.130 MiB for cuPHY PDSCH channel object (0x564a82c46870).
same-request IPC campaign completed: confirm50_r2_on
[AI-WORKER] rpc ready /pscratch/sd/s/sgkim/kcj/airan_cloudlab/run_state/softwall_same_gpu/job58689254/bg_sr_58689254_1974998.sock
[SAME-REQUEST-NRX] ready tag=sr_58689254_1974998
[SAME-REQUEST-NRX] stopped units=10021
[SAME-REQUEST] correct=9801/10000 miss=0 nrx=9751 fallback=249 bg=127581 p99=55.841ms
11:23:50.453499 cuphy.hpp:122    CON[1975581] [CUPHY.MEMFOOT] cuphyMemoryFootprint - GPU allocation: 98.130 MiB for cuPHY PDSCH channel object (0x55a5e0ed8850).
same-request IPC campaign completed: confirm50_r3_on
[AI-WORKER] rpc ready /pscratch/sd/s/sgkim/kcj/airan_cloudlab/run_state/softwall_same_gpu/job58689254/bg_sr_58689254_1979182.sock
[SAME-REQUEST-NRX] ready tag=sr_58689254_1979182
[SAME-REQUEST-NRX] stopped units=10021
[SAME-REQUEST] correct=9802/10000 miss=0 nrx=9751 fallback=249 bg=126902 p99=55.749ms
11:39:22.767482 cuphy.hpp:122    CON[1979768] [CUPHY.MEMFOOT] cuphyMemoryFootprint - GPU allocation: 98.130 MiB for cuPHY PDSCH channel object (0x558e08663a20).
same-request IPC campaign completed: confirm50_r4_off
# Confirm50 requalified 50 ms recovery-gap ABBA ablation

| round | pair | gap | correct | RAN misses | NRx bound violations | AI units | gap AI | admission rejects |
|---:|---:|---|---:|---:|---:|---:|---:|---:|
| 1 | 1 | off | 9795 | 0 | 0 | 127026 | 0 | 1 |
| 2 | 1 | on | 9793 | 0 | 0 | 127621 | 752 | 0 |
| 3 | 2 | on | 9801 | 0 | 0 | 127581 | 746 | 0 |
| 4 | 2 | off | 9802 | 0 | 0 | 126902 | 0 | 0 |

Pair 1: ON−OFF AI +595 (+0.468%; gap 752, outside-gap change -157), admission rejection change -1, radio paired 95% CI [-0.0820, +0.0420] pp.
Pair 2: ON−OFF AI +679 (+0.535%; gap 746, outside-gap change -67), admission rejection change +0, radio paired 95% CI [-0.0538, +0.0338] pp.

All frozen gates pass: True.
confirm50 requalified recovery-gap ABBA completed
salloc: Relinquishing job allocation 58689254
