{
  "d155_equal": {
    "total": 160,
    "feasible": 124,
    "out_of_support": 0,
    "positive_ai_gap": 0,
    "different_nrx_subset": 0,
    "mean_exact_ai": 3.8306451612903225,
    "mean_greedy_ai": 3.8306451612903225,
    "max_ai_gap": 0.0
  },
  "d155_varied": {
    "total": 160,
    "feasible": 124,
    "out_of_support": 0,
    "positive_ai_gap": 0,
    "different_nrx_subset": 0,
    "mean_exact_ai": 7.733870967741935,
    "mean_greedy_ai": 7.733870967741935,
    "max_ai_gap": 0.0
  },
  "d115_equal": {
    "total": 160,
    "feasible": 124,
    "out_of_support": 0,
    "positive_ai_gap": 0,
    "different_nrx_subset": 0,
    "mean_exact_ai": 3.8306451612903225,
    "mean_greedy_ai": 3.8306451612903225,
    "max_ai_gap": 0.0
  },
  "d115_varied": {
    "total": 160,
    "feasible": 124,
    "out_of_support": 0,
    "positive_ai_gap": 0,
    "different_nrx_subset": 0,
    "mean_exact_ai": 7.733870967741935,
    "mean_greedy_ai": 7.733870967741935,
    "max_ai_gap": 0.0
  }
}
