{
  "arms": [
    {
      "name": "a",
      "raw_sha256": "8adec16005c6a6ee1128bfccd440b3fb05e328446f4c82904a0f85d146d4f6da",
      "ai_units": 130676,
      "ai_host_max_ms": 6.724037,
      "ai_host_above_8ms": 0,
      "all_fail_releases": 457,
      "all_fail_with_at_least_seven_ai_by_d153": 457,
      "all_fail_min_ai_by_d153": 36,
      "all_fail_median_ai_by_d153": 39,
      "all_fail_max_ai_by_d153": 39
    },
    {
      "name": "b",
      "raw_sha256": "8f9cd72fb1ed4abfab68a7b7eb7efeb9b8763a039401928a3be56cf7a184c1f1",
      "ai_units": 130355,
      "ai_host_max_ms": 6.887243,
      "ai_host_above_8ms": 0,
      "all_fail_releases": 473,
      "all_fail_with_at_least_seven_ai_by_d153": 473,
      "all_fail_min_ai_by_d153": 36,
      "all_fail_median_ai_by_d153": 39,
      "all_fail_max_ai_by_d153": 39
    }
  ],
  "arithmetic_if_ai8_qualifies_ms": 136
}
