{
  "feasible_cases": 70,
  "actual_ai_totals": {
    "joint": 478,
    "staged": 465,
    "max_radio": 476
  },
  "paired": {
    "actual_ai_joint_minus_staged": {
      "mean": 0.18571428571428572,
      "bootstrap_95pct": [
        0.1,
        0.2857142857142857
      ],
      "sum": 13,
      "positive_cases": 13,
      "negative_cases": 0
    },
    "actual_correct_joint_minus_staged": {
      "mean": 0.014285714285714285,
      "bootstrap_95pct": [
        0.0,
        0.04285714285714286
      ],
      "sum": 1,
      "positive_cases": 1,
      "negative_cases": 0
    },
    "actual_correct_joint_minus_max_radio": {
      "mean": -0.04285714285714286,
      "bootstrap_95pct": [
        -0.1,
        0.0
      ],
      "sum": -3,
      "positive_cases": 0,
      "negative_cases": 3
    },
    "expected_ai_joint_minus_staged": {
      "mean": 0.20977901931485218,
      "bootstrap_95pct": [
        0.16519711738960133,
        0.25509681473154083
      ],
      "sum": 14.684531352039654,
      "positive_cases": 50,
      "negative_cases": 0
    },
    "expected_radio_joint_minus_staged": {
      "mean": 0.01606919921526663,
      "bootstrap_95pct": [
        0.006911004102015338,
        0.026074549670055288
      ],
      "sum": 1.124843945068665,
      "positive_cases": 43,
      "negative_cases": 7
    },
    "expected_radio_joint_minus_max_radio": {
      "mean": -0.03160335295166756,
      "bootstrap_95pct": [
        -0.04374888532191903,
        -0.020403067594078828
      ],
      "sum": -2.2122347066167287,
      "positive_cases": 0,
      "negative_cases": 24
    }
  }
}
