[04:10:22] === CHAIN 11 START ===
[04:10:22] =========== MODE=TS ===========
[04:10:24]   TARGET_UUID=GPU-b90e7b7d-98a6-26b1-43de-c1c5b3fd4d5a  AI_UUID=GPU-b90e7b7d-98a6-26b1-43de-c1c5b3fd4d5a
[04:10:24] --- baseL1_TS_alone (3) ---
[04:10:55] --- baseL1_TS_nrx (3) ---
[04:13:30] --- persistBase_TS_alone (3) ---
[04:13:42] --- persistBase_TS_nrx (3) ---
[04:14:50] --- persistMega_TS_alone (3) ---
[04:15:00] --- persistMega_TS_nrx (3) ---
[04:16:04] =========== MODE=MPS100 ===========
[04:16:12]   TARGET_UUID=GPU-b90e7b7d-98a6-26b1-43de-c1c5b3fd4d5a  AI_UUID=GPU-b90e7b7d-98a6-26b1-43de-c1c5b3fd4d5a
[04:16:12] --- baseL1_MPS100_alone (3) ---
[04:16:42] --- baseL1_MPS100_nrx (3) ---
[04:18:03] --- persistBase_MPS100_alone (3) ---
[04:18:15] --- persistBase_MPS100_nrx (3) ---
[04:19:17] --- persistMega_MPS100_alone (3) ---
[04:19:28] --- persistMega_MPS100_nrx (3) ---
[04:20:33] =========== MODE=MPS30 ===========
[04:20:41]   TARGET_UUID=GPU-b90e7b7d-98a6-26b1-43de-c1c5b3fd4d5a  AI_UUID=GPU-b90e7b7d-98a6-26b1-43de-c1c5b3fd4d5a
[04:20:41] --- baseL1_MPS30_alone (3) ---
[04:21:12] --- baseL1_MPS30_nrx (3) ---
[04:22:35] --- persistBase_MPS30_alone (3) ---
[04:22:46] --- persistBase_MPS30_nrx (3) ---
[04:23:49] --- persistMega_MPS30_alone (3) ---
[04:24:00] --- persistMega_MPS30_nrx (3) ---
[04:25:05] =========== MODE=MIGsamepart ===========
[04:25:12] ERROR MIG samepart UUID
[04:25:12] MIGsamepart setup failed, skipping
[04:25:12] =========== MODE=MIGcrosspart ===========
[04:25:18] ERROR MIG crosspart needs 2 UUIDs
[04:25:18] MIGcrosspart setup failed, skipping
[04:25:18] === CHAIN 11 DONE ===
