[00:19:47] GPU UUID: GPU-e2ec2194-60f2-f197-1708-9ea8d2e1167c
[00:19:47] === START mps_ts_v2 ===
[00:19:47] GPU=0 CELLS=20 ITERS=100 N_TRIALS=3
[00:19:47] MIG mode: Disabled
[00:19:47] === TIME-SLICING mode ===
[00:19:47] === TS_alone (mps=no_mps coloc=no) ===
[00:19:47] --- trial 1/3 ---
[00:19:57] --- trial 2/3 ---
[00:20:08] --- trial 3/3 ---
[00:20:18] === TS_coloc (mps=no_mps coloc=yes) ===
[00:20:18] --- trial 1/3 ---
[00:21:10] --- trial 2/3 ---
[00:22:02] --- trial 3/3 ---
[00:22:53] === MPS mode ===
[00:22:53] starting MPS on GPU 0
[00:22:56] === MPS_alone (mps=mps coloc=no) ===
[00:22:56] --- trial 1/3 ---
[00:22:59] --- trial 2/3 ---
[00:23:02] --- trial 3/3 ---
[00:23:05] === MPS_coloc (mps=mps coloc=yes) ===
[00:23:05] --- trial 1/3 ---
[00:23:24] --- trial 2/3 ---
[00:23:43] --- trial 3/3 ---
[00:24:03] stopping MPS
[00:24:05] === DONE. Results in /mydata/results/20260708/mps_ts_v2 ===
