results dir: /users/sgkim/cloudlab_aerial/results/20260523/20260523_225958
============================================================
config: split-60-40   AI: xapp_anomaly   cells: 20   22:59:58
============================================================
  L1 device: MIG-c712fb3d-0c71-5d6c-b61d-5bf14501bcbd
  AI devices: MIG-b020b97c-a42d-5c4e-9eb7-7385882d2a27 MIG-df36aec3-fd0a-5285-b930-c6567fed1353 MIG-45f2ff08-fc4b-580e-9425-2c03b4c9d9b6 MIG-a81f0386-8a7e-5efb-9480-815f1c53b7a9 MIG-8ef3accb-0a35-5fbe-a431-e14f6772bbae MIG-2dadf547-50f5-5709-8e8d-c7af6c6a6fb1
  AI[0] xapp_anomaly on MIG-b020b97c-a42d-5c4e-9eb7-7385882d2a27 -> 33c5aaf3bf184d7d849d30584c5deb44346a3767e895b7fa9f98aecae4ec7cc9
  AI[1] xapp_anomaly on MIG-df36aec3-fd0a-5285-b930-c6567fed1353 -> f6beacfac042da912ffbd21b13bc8b9d7b89fbabc7135bdfc7f07eef67bb5433
  AI[2] xapp_anomaly on MIG-45f2ff08-fc4b-580e-9425-2c03b4c9d9b6 -> 41c2b836ed6a540e0cb408b46cf1571c0efe502526476e0ee3ba28251a544775
  AI[3] xapp_anomaly on MIG-a81f0386-8a7e-5efb-9480-815f1c53b7a9 -> acb5993347ae89d074cc60b7408ea46d01884dea45b9b9bd916403a4af225db2
  AI[4] xapp_anomaly on MIG-8ef3accb-0a35-5fbe-a431-e14f6772bbae -> c42bfef761a5a04963f6217dde2afae87bcecb20610d7ef5fbf92b49ec29d427
  AI[5] xapp_anomaly on MIG-2dadf547-50f5-5709-8e8d-c7af6c6a6fb1 -> 4823c0b2218f9ac576b299744dc45d4d9bd6b555e3041164305db8a9bd4b1225
  running L1 -> /users/sgkim/cloudlab_aerial/results/20260523/20260523_225958/split-60-40/l1.log
  ✓ split-60-40 OK

sweep complete: /users/sgkim/cloudlab_aerial/results/20260523/20260523_225958
total 28
drwxr-xr-x   4 sgkim airanslicing-PG0  4096 May 23 22:59 .
drwxr-xr-x 331 sgkim airanslicing-PG0 16384 May 23 23:00 ..
drwxr-xr-x   3 sgkim airanslicing-PG0  4096 May 23 23:00 3way-asym
drwxr-xr-x   3 sgkim airanslicing-PG0  4096 May 23 23:00 split-60-40
