results dir: /users/sgkim/cloudlab_aerial/results/20260523/20260523_225924
============================================================
config: split-60-40   AI: xapp_anomaly   cells: 20   22:59:24
============================================================
  L1 device: MIG-c712fb3d-0c71-5d6c-b61d-5bf14501bcbd
  AI devices: MIG-b020b97c-a42d-5c4e-9eb7-7385882d2a27 MIG-df36aec3-fd0a-5285-b930-c6567fed1353 MIG-45f2ff08-fc4b-580e-9425-2c03b4c9d9b6 MIG-a81f0386-8a7e-5efb-9480-815f1c53b7a9 MIG-8ef3accb-0a35-5fbe-a431-e14f6772bbae MIG-2dadf547-50f5-5709-8e8d-c7af6c6a6fb1
  AI[0] xapp_anomaly on MIG-b020b97c-a42d-5c4e-9eb7-7385882d2a27 -> 0dbc1e9f9e89623b5ade24543becb6f43d596e3981da8dad305421cf6a52d899
  AI[1] xapp_anomaly on MIG-df36aec3-fd0a-5285-b930-c6567fed1353 -> e13716372f1c93469fe25feca1f1c58046764a0bd8220409f81a2271bd009b88
  AI[2] xapp_anomaly on MIG-45f2ff08-fc4b-580e-9425-2c03b4c9d9b6 -> 45fc388768f2f61a1a1c59975c687f7467e41ba8a4ca2bee5e277c12ceb4f100
  AI[3] xapp_anomaly on MIG-a81f0386-8a7e-5efb-9480-815f1c53b7a9 -> db10fa39a9cecf1e578064a15976365feac43bfcc14ab40d9ed37cd9adc95c87
  AI[4] xapp_anomaly on MIG-8ef3accb-0a35-5fbe-a431-e14f6772bbae -> cf86337d3c28a1a374e01c37474bf916f30163d060906be26f233c82c5975cc0
  AI[5] xapp_anomaly on MIG-2dadf547-50f5-5709-8e8d-c7af6c6a6fb1 -> 151cd0b33e12c807dbf3fc5a072b2095922d6547e4a7f2b122f0b29d6681095b
  running L1 -> /users/sgkim/cloudlab_aerial/results/20260523/20260523_225924/split-60-40/l1.log
  ✓ split-60-40 OK

sweep complete: /users/sgkim/cloudlab_aerial/results/20260523/20260523_225924
total 28
drwxr-xr-x   4 sgkim airanslicing-PG0  4096 May 23 22:59 .
drwxr-xr-x 329 sgkim airanslicing-PG0 16384 May 23 22:59 ..
drwxr-xr-x   3 sgkim airanslicing-PG0  4096 May 23 22:59 3way-asym
drwxr-xr-x   3 sgkim airanslicing-PG0  4096 May 23 22:59 split-60-40
