
==========
== CUDA ==
==========

CUDA Version 12.9.1

Container image Copyright (c) 2016-2023, NVIDIA CORPORATION & AFFILIATES. All rights reserved.

This container image and its contents are governed by the NVIDIA Deep Learning Container License.
By pulling and using the container, you accept the terms and conditions of this license:
https://developer.nvidia.com/ngc/nvidia-deep-learning-container-license

A copy of this license is made available in this container at /NGC-DL-CONTAINER-LICENSE for your convenience.

&&&& RUNNING TensorRT.trtexec [TensorRT v101200] [b36] # trtexec --onnx=/opt/nvidia/cuBB/pyaerial/models/neural_rx.onnx --saveEngine=/results/engines/neural_rx_fp16_2g.trt --skipInference --fp16 --memPoolSize=workspace:4096 --inputIOFormats=fp32:chw,fp32:chw,fp32:chw,fp32:chw,fp32:chw,int32:chw,int32:chw --outputIOFormats=fp32:chw,fp32:chw --shapes=rx_slot_real:1x3276x12x4,rx_slot_imag:1x3276x12x4,h_hat_real:1x4914x1x4,h_hat_imag:1x4914x1x4
[08/12/2026-17:53:47] [I] === Model Options ===
[08/12/2026-17:53:47] [I] Format: ONNX
[08/12/2026-17:53:47] [I] Model: /opt/nvidia/cuBB/pyaerial/models/neural_rx.onnx
[08/12/2026-17:53:47] [I] Output:
[08/12/2026-17:53:47] [I] === Build Options ===
[08/12/2026-17:53:47] [I] Memory Pools: workspace: 4096 MiB, dlaSRAM: default, dlaLocalDRAM: default, dlaGlobalDRAM: default, tacticSharedMem: default
[08/12/2026-17:53:47] [I] avgTiming: 8
[08/12/2026-17:53:47] [I] Precision: FP32+FP16
[08/12/2026-17:53:47] [I] LayerPrecisions: 
[08/12/2026-17:53:47] [I] Layer Device Types: 
[08/12/2026-17:53:47] [I] Calibration: 
[08/12/2026-17:53:47] [I] Refit: Disabled
[08/12/2026-17:53:47] [I] Strip weights: Disabled
[08/12/2026-17:53:47] [I] Version Compatible: Disabled
[08/12/2026-17:53:47] [I] ONNX Plugin InstanceNorm: Disabled
[08/12/2026-17:53:47] [I] ONNX kENABLE_UINT8_AND_ASYMMETRIC_QUANTIZATION_DLA flag: Disabled
[08/12/2026-17:53:47] [I] TensorRT runtime: full
[08/12/2026-17:53:47] [I] Lean DLL Path: 
[08/12/2026-17:53:47] [I] Tempfile Controls: { in_memory: allow, temporary: allow }
[08/12/2026-17:53:47] [I] Exclude Lean Runtime: Disabled
[08/12/2026-17:53:47] [I] Sparsity: Disabled
[08/12/2026-17:53:47] [I] Safe mode: Disabled
[08/12/2026-17:53:47] [I] Build DLA standalone loadable: Disabled
[08/12/2026-17:53:47] [I] Allow GPU fallback for DLA: Disabled
[08/12/2026-17:53:47] [I] DirectIO mode: Disabled
[08/12/2026-17:53:47] [I] Restricted mode: Disabled
[08/12/2026-17:53:47] [I] Skip inference: Enabled
[08/12/2026-17:53:47] [I] Save engine: /results/engines/neural_rx_fp16_2g.trt
[08/12/2026-17:53:47] [I] Load engine: 
[08/12/2026-17:53:47] [I] Profiling verbosity: 0
[08/12/2026-17:53:47] [I] Tactic sources: Using default tactic sources
[08/12/2026-17:53:47] [I] timingCacheMode: local
[08/12/2026-17:53:47] [I] timingCacheFile: 
[08/12/2026-17:53:47] [I] Enable Compilation Cache: Enabled
[08/12/2026-17:53:47] [I] Enable Monitor Memory: Disabled
[08/12/2026-17:53:47] [I] errorOnTimingCacheMiss: Disabled
[08/12/2026-17:53:47] [I] Preview Features: Use default preview flags.
[08/12/2026-17:53:47] [I] MaxAuxStreams: -1
[08/12/2026-17:53:47] [I] BuilderOptimizationLevel: -1
[08/12/2026-17:53:47] [I] MaxTactics: -1
[08/12/2026-17:53:47] [I] Calibration Profile Index: 0
[08/12/2026-17:53:47] [I] Weight Streaming: Disabled
[08/12/2026-17:53:47] [I] Runtime Platform: Same As Build
[08/12/2026-17:53:47] [I] Debug Tensors: 
[08/12/2026-17:53:47] [I] Distributive Independence: Disabled
[08/12/2026-17:53:47] [I] Mark Unfused Tensors As Debug Tensors: Disabled
[08/12/2026-17:53:47] [I] Input(s): fp32:chw
[08/12/2026-17:53:47] [I] Input(s): fp32:chw
[08/12/2026-17:53:47] [I] Input(s): fp32:chw
[08/12/2026-17:53:47] [I] Input(s): fp32:chw
[08/12/2026-17:53:47] [I] Input(s): fp32:chw
[08/12/2026-17:53:47] [I] Input(s): int32:chw
[08/12/2026-17:53:47] [I] Input(s): int32:chw
[08/12/2026-17:53:47] [I] Output(s): fp32:chw
[08/12/2026-17:53:47] [I] Output(s): fp32:chw
[08/12/2026-17:53:47] [I] Input build shape (profile 0): rx_slot_real=1x3276x12x4+1x3276x12x4+1x3276x12x4
[08/12/2026-17:53:47] [I] Input build shape (profile 0): rx_slot_imag=1x3276x12x4+1x3276x12x4+1x3276x12x4
[08/12/2026-17:53:47] [I] Input build shape (profile 0): h_hat_real=1x4914x1x4+1x4914x1x4+1x4914x1x4
[08/12/2026-17:53:47] [I] Input build shape (profile 0): h_hat_imag=1x4914x1x4+1x4914x1x4+1x4914x1x4
[08/12/2026-17:53:47] [I] Input calibration shapes: model
[08/12/2026-17:53:47] [I] === System Options ===
[08/12/2026-17:53:47] [I] Device: 0
[08/12/2026-17:53:47] [I] DLACore: 
[08/12/2026-17:53:47] [I] Plugins:
[08/12/2026-17:53:47] [I] setPluginsToSerialize:
[08/12/2026-17:53:47] [I] dynamicPlugins:
[08/12/2026-17:53:47] [I] ignoreParsedPluginLibs: 0
[08/12/2026-17:53:47] [I] 
[08/12/2026-17:53:47] [I] === Inference Options ===
[08/12/2026-17:53:47] [I] Batch: Explicit
[08/12/2026-17:53:47] [I] Input inference shape : h_hat_imag=1x4914x1x4
[08/12/2026-17:53:47] [I] Input inference shape : h_hat_real=1x4914x1x4
[08/12/2026-17:53:47] [I] Input inference shape : rx_slot_imag=1x3276x12x4
[08/12/2026-17:53:47] [I] Input inference shape : rx_slot_real=1x3276x12x4
[08/12/2026-17:53:47] [I] Iterations: 10
[08/12/2026-17:53:47] [I] Duration: 3s (+ 200ms warm up)
[08/12/2026-17:53:47] [I] Sleep time: 0ms
[08/12/2026-17:53:47] [I] Idle time: 0ms
[08/12/2026-17:53:47] [I] Inference Streams: 1
[08/12/2026-17:53:47] [I] ExposeDMA: Disabled
[08/12/2026-17:53:47] [I] Data transfers: Enabled
[08/12/2026-17:53:47] [I] Spin-wait: Disabled
[08/12/2026-17:53:47] [I] Multithreading: Disabled
[08/12/2026-17:53:47] [I] CUDA Graph: Disabled
[08/12/2026-17:53:47] [I] Separate profiling: Disabled
[08/12/2026-17:53:47] [I] Time Deserialize: Disabled
[08/12/2026-17:53:47] [I] Time Refit: Disabled
[08/12/2026-17:53:47] [I] NVTX verbosity: 0
[08/12/2026-17:53:47] [I] Persistent Cache Ratio: 0
[08/12/2026-17:53:47] [I] Optimization Profile Index: 0
[08/12/2026-17:53:47] [I] Weight Streaming Budget: 100.000000%
[08/12/2026-17:53:47] [I] Inputs:
[08/12/2026-17:53:47] [I] Debug Tensor Save Destinations:
[08/12/2026-17:53:47] [I] Dump All Debug Tensor in Formats: 
[08/12/2026-17:53:47] [I] === Reporting Options ===
[08/12/2026-17:53:47] [I] Verbose: Disabled
[08/12/2026-17:53:47] [I] Averages: 10 inferences
[08/12/2026-17:53:47] [I] Percentiles: 90,95,99
[08/12/2026-17:53:47] [I] Dump refittable layers:Disabled
[08/12/2026-17:53:47] [I] Dump output: Disabled
[08/12/2026-17:53:47] [I] Profile: Disabled
[08/12/2026-17:53:47] [I] Export timing to JSON file: 
[08/12/2026-17:53:47] [I] Export output to JSON file: 
[08/12/2026-17:53:47] [I] Export profile to JSON file: 
[08/12/2026-17:53:47] [I] 
[08/12/2026-17:53:47] [I] === Device Information ===
[08/12/2026-17:53:47] [I] Available Devices: 
[08/12/2026-17:53:47] [I]   Device 0: "NVIDIA A100-SXM4-40GB MIG 2g.10gb" UUID: GPU-631b099e-0d93-0e13-1329-3d9aa83d9fd0
[08/12/2026-17:53:47] [I] Selected Device: NVIDIA A100-SXM4-40GB MIG 2g.10gb
[08/12/2026-17:53:47] [I] Selected Device ID: 0
[08/12/2026-17:53:47] [I] Selected Device UUID: GPU-631b099e-0d93-0e13-1329-3d9aa83d9fd0
[08/12/2026-17:53:47] [I] Compute Capability: 8.0
[08/12/2026-17:53:47] [I] SMs: 28
[08/12/2026-17:53:47] [I] Device Global Memory: 9984 MiB
[08/12/2026-17:53:47] [I] Shared Memory per SM: 164 KiB
[08/12/2026-17:53:47] [I] Memory Bus Width: 1280 bits (ECC enabled)
[08/12/2026-17:53:47] [I] Application Compute Clock Rate: 1.41 GHz
[08/12/2026-17:53:47] [I] Application Memory Clock Rate: 1.215 GHz
[08/12/2026-17:53:47] [I] 
[08/12/2026-17:53:47] [I] Note: The application clock rates do not reflect the actual clock rates that the GPU is currently running at.
[08/12/2026-17:53:47] [I] 
[08/12/2026-17:53:47] [I] TensorRT version: 10.12.0
[08/12/2026-17:53:47] [I] Loading standard plugins
[08/12/2026-17:53:48] [I] [TRT] [MemUsageChange] Init CUDA: CPU +561, GPU +0, now: CPU 602, GPU 266 (MiB)
[08/12/2026-17:53:50] [I] [TRT] [MemUsageChange] Init builder kernel library: CPU +1495, GPU +6, now: CPU 2298, GPU 272 (MiB)
[08/12/2026-17:53:50] [W] [TRT] CUDA lazy loading is not enabled. Enabling it can significantly reduce device memory usage and speed up TensorRT initialization. See "Lazy Loading" section of CUDA documentation https://docs.nvidia.com/cuda/cuda-c-programming-guide/index.html#lazy-loading
[08/12/2026-17:53:50] [I] Start parsing network model.
[08/12/2026-17:53:50] [I] [TRT] ----------------------------------------------------------------
[08/12/2026-17:53:50] [I] [TRT] Input filename:   /opt/nvidia/cuBB/pyaerial/models/neural_rx.onnx
[08/12/2026-17:53:50] [I] [TRT] ONNX IR version:  0.0.8
[08/12/2026-17:53:50] [I] [TRT] Opset version:    15
[08/12/2026-17:53:50] [I] [TRT] Producer name:    tf2onnx
[08/12/2026-17:53:50] [I] [TRT] Producer version: 1.15.1 37820d
[08/12/2026-17:53:50] [I] [TRT] Domain:           
[08/12/2026-17:53:50] [I] [TRT] Model version:    0
[08/12/2026-17:53:50] [I] [TRT] Doc string:       
[08/12/2026-17:53:50] [I] [TRT] ----------------------------------------------------------------
[08/12/2026-17:53:50] [I] Finished parsing network model. Parse time: 0.0133466
[08/12/2026-17:53:50] [I] Set shape of input tensor rx_slot_real for optimization profile 0 to: MIN=1x3276x12x4 OPT=1x3276x12x4 MAX=1x3276x12x4
[08/12/2026-17:53:50] [I] Set shape of input tensor rx_slot_imag for optimization profile 0 to: MIN=1x3276x12x4 OPT=1x3276x12x4 MAX=1x3276x12x4
[08/12/2026-17:53:50] [I] Set shape of input tensor h_hat_real for optimization profile 0 to: MIN=1x4914x1x4 OPT=1x4914x1x4 MAX=1x4914x1x4
[08/12/2026-17:53:50] [I] Set shape of input tensor h_hat_imag for optimization profile 0 to: MIN=1x4914x1x4 OPT=1x4914x1x4 MAX=1x4914x1x4
[08/12/2026-17:53:50] [I] [TRT] Local timing cache in use. Profiling results in this builder pass will not be stored.
[08/12/2026-17:53:50] [I] [TRT] Compiler backend is used during engine build.
[08/12/2026-17:54:13] [I] [TRT] Detected 7 inputs and 2 output network tensors.
[08/12/2026-17:54:15] [I] [TRT] Total Host Persistent Memory: 85280 bytes
[08/12/2026-17:54:15] [I] [TRT] Total Device Persistent Memory: 1024 bytes
[08/12/2026-17:54:15] [I] [TRT] Max Scratch Memory: 45287424 bytes
[08/12/2026-17:54:15] [I] [TRT] [BlockAssignment] Started assigning block shifts. This will take 43 steps to complete.
[08/12/2026-17:54:15] [I] [TRT] [BlockAssignment] Algorithm ShiftNTopDown took 0.809476ms to assign 8 blocks to 43 nodes requiring 71235072 bytes.
[08/12/2026-17:54:15] [I] [TRT] Total Activation Memory: 71235072 bytes
[08/12/2026-17:54:15] [I] [TRT] Total Weights Memory: 304640 bytes
[08/12/2026-17:54:15] [I] [TRT] Compiler backend is used during engine execution.
[08/12/2026-17:54:15] [I] [TRT] Engine generation completed in 24.9115 seconds.
[08/12/2026-17:54:15] [I] [TRT] [MemUsageStats] Peak memory usage of TRT CPU/GPU memory allocators: CPU 0 MiB, GPU 108 MiB
[08/12/2026-17:54:15] [I] Engine built in 24.9307 sec.
[08/12/2026-17:54:15] [I] Created engine with size: 1.9456 MiB
[08/12/2026-17:54:15] [I] [TRT] Loaded engine size: 1 MiB
[08/12/2026-17:54:15] [I] Engine deserialized in 0.0017681 sec.
[08/12/2026-17:54:15] [I] Skipped inference phase since --skipInference is added.
&&&& PASSED TensorRT.trtexec [TensorRT v101200] [b36] # trtexec --onnx=/opt/nvidia/cuBB/pyaerial/models/neural_rx.onnx --saveEngine=/results/engines/neural_rx_fp16_2g.trt --skipInference --fp16 --memPoolSize=workspace:4096 --inputIOFormats=fp32:chw,fp32:chw,fp32:chw,fp32:chw,fp32:chw,int32:chw,int32:chw --outputIOFormats=fp32:chw,fp32:chw --shapes=rx_slot_real:1x3276x12x4,rx_slot_imag:1x3276x12x4,h_hat_real:1x4914x1x4,h_hat_imag:1x4914x1x4
